[INFO] Scanning for projects...
[INFO] 
[INFO] ------------------< com.app:quantity-measurement-app >------------------
[INFO] Building quantity-measurement-app 1.0.0
[INFO]   from pom.xml
[INFO] --------------------------------[ jar ]---------------------------------
[INFO] 
[INFO] --- resources:3.3.1:resources (default-resources) @ quantity-measurement-app ---
[INFO] Copying 2 resources from src\main\resources to target\classes
[INFO] Copying 0 resource from src\main\resources to target\classes
[INFO] 
[INFO] --- compiler:3.13.0:compile (default-compile) @ quantity-measurement-app ---
[INFO] Nothing to compile - all classes are up to date.
[INFO] 
[INFO] --- resources:3.3.1:testResources (default-testResources) @ quantity-measurement-app ---
[INFO] Copying 0 resource from src\test\resources to target\test-classes
[INFO] 
[INFO] --- compiler:3.13.0:testCompile (default-testCompile) @ quantity-measurement-app ---
[INFO] Nothing to compile - all classes are up to date.
[INFO] 
[INFO] --- surefire:3.1.2:test (default-test) @ quantity-measurement-app ---
[INFO] Using auto detected provider org.apache.maven.surefire.junitplatform.JUnitPlatformProvider
[INFO] 
[INFO] -------------------------------------------------------
[INFO]  T E S T S
[INFO] -------------------------------------------------------
[INFO] Running com.app.quantitymeasurement.QuantityMeasurementAppApplicationTests
15:19:38.769 [main] INFO org.springframework.test.context.support.AnnotationConfigContextLoaderUtils -- Could not detect default configuration classes for test class [com.app.quantitymeasurement.QuantityMeasurementAppApplicationTests]: QuantityMeasurementAppApplicationTests does not declare any static, non-private, non-final, nested classes annotated with @Configuration.
15:19:39.239 [main] INFO org.springframework.boot.test.context.SpringBootTestContextBootstrapper -- Found @SpringBootConfiguration com.app.quantitymeasurement.QuantityMeasurementAppApplication for test class com.app.quantitymeasurement.QuantityMeasurementAppApplicationTests

  .   ____          _            __ _ _
 /\\ / ___'_ __ _ _(_)_ __  __ _ \ \ \ \
( ( )\___ | '_ | '_| | '_ \/ _` | \ \ \ \
 \\/  ___)| |_)| | | | | || (_| |  ) ) ) )
  '  |____| .__|_| |_|_| |_\__, | / / / /
 =========|_|==============|___/=/_/_/_/

 :: Spring Boot ::                (v3.4.1)

2026-03-31T15:19:40.052+05:30  INFO 2120 --- [quantity-measurement-app] [           main] q.QuantityMeasurementAppApplicationTests : Starting QuantityMeasurementAppApplicationTests using Java 21.0.10 with PID 2120 (started by Abhinav in E:\QuantityMeasurementApp)
2026-03-31T15:19:40.054+05:30 DEBUG 2120 --- [quantity-measurement-app] [           main] q.QuantityMeasurementAppApplicationTests : Running with Spring Boot v3.4.1, Spring v6.2.1
2026-03-31T15:19:40.055+05:30  INFO 2120 --- [quantity-measurement-app] [           main] q.QuantityMeasurementAppApplicationTests : No active profile set, falling back to 1 default profile: "default"
2026-03-31T15:19:43.619+05:30  INFO 2120 --- [quantity-measurement-app] [           main] .s.d.r.c.RepositoryConfigurationDelegate : Bootstrapping Spring Data JPA repositories in DEFAULT mode.
2026-03-31T15:19:43.743+05:30  INFO 2120 --- [quantity-measurement-app] [           main] .s.d.r.c.RepositoryConfigurationDelegate : Finished Spring Data repository scanning in 98 ms. Found 2 JPA repository interfaces.
2026-03-31T15:19:49.313+05:30  INFO 2120 --- [quantity-measurement-app] [           main] o.s.b.w.embedded.tomcat.TomcatWebServer  : Tomcat initialized with port 0 (http)
2026-03-31T15:19:49.337+05:30  INFO 2120 --- [quantity-measurement-app] [           main] o.apache.catalina.core.StandardService   : Starting service [Tomcat]
2026-03-31T15:19:49.338+05:30  INFO 2120 --- [quantity-measurement-app] [           main] o.apache.catalina.core.StandardEngine    : Starting Servlet engine: [Apache Tomcat/10.1.34]
2026-03-31T15:19:49.449+05:30  INFO 2120 --- [quantity-measurement-app] [           main] o.a.c.c.C.[Tomcat].[localhost].[/]       : Initializing Spring embedded WebApplicationContext
2026-03-31T15:19:49.451+05:30  INFO 2120 --- [quantity-measurement-app] [           main] w.s.c.ServletWebServerApplicationContext : Root WebApplicationContext: initialization completed in 9358 ms
2026-03-31T15:19:51.106+05:30  INFO 2120 --- [quantity-measurement-app] [           main] o.hibernate.jpa.internal.util.LogHelper  : HHH000204: Processing PersistenceUnitInfo [name: default]
2026-03-31T15:19:51.323+05:30  INFO 2120 --- [quantity-measurement-app] [           main] org.hibernate.Version                    : HHH000412: Hibernate ORM core version 6.6.4.Final
2026-03-31T15:19:51.525+05:30  INFO 2120 --- [quantity-measurement-app] [           main] o.h.c.internal.RegionFactoryInitiator    : HHH000026: Second-level cache disabled
2026-03-31T15:19:52.390+05:30  INFO 2120 --- [quantity-measurement-app] [           main] o.s.o.j.p.SpringPersistenceUnitInfo      : No LoadTimeWeaver setup: ignoring JPA class transformer
2026-03-31T15:19:52.579+05:30  INFO 2120 --- [quantity-measurement-app] [           main] com.zaxxer.hikari.HikariDataSource       : HikariPool-1 - Starting...
2026-03-31T15:19:53.354+05:30  INFO 2120 --- [quantity-measurement-app] [           main] com.zaxxer.hikari.pool.HikariPool        : HikariPool-1 - Added connection conn0: url=jdbc:h2:mem:quantitymeasurementdb user=SA
2026-03-31T15:19:53.357+05:30  INFO 2120 --- [quantity-measurement-app] [           main] com.zaxxer.hikari.HikariDataSource       : HikariPool-1 - Start completed.
2026-03-31T15:19:53.393+05:30  WARN 2120 --- [quantity-measurement-app] [           main] org.hibernate.orm.deprecation            : HHH90000025: H2Dialect does not need to be specified explicitly using 'hibernate.dialect' (remove the property setting and it will be selected by default)
2026-03-31T15:19:53.424+05:30  INFO 2120 --- [quantity-measurement-app] [           main] org.hibernate.orm.connections.pooling    : HHH10001005: Database info:
	Database JDBC URL [Connecting through datasource 'HikariDataSource (HikariPool-1)']
	Database driver: undefined/unknown
	Database version: 2.3.232
	Autocommit mode: undefined/unknown
	Isolation level: undefined/unknown
	Minimum pool size: undefined/unknown
	Maximum pool size: undefined/unknown
2026-03-31T15:19:56.220+05:30  INFO 2120 --- [quantity-measurement-app] [           main] o.h.e.t.j.p.i.JtaPlatformInitiator       : HHH000489: No JTA platform available (set 'hibernate.transaction.jta.platform' to enable JTA platform integration)
2026-03-31T15:19:56.309+05:30 DEBUG 2120 --- [quantity-measurement-app] [           main] org.hibernate.SQL                        : create table quantity_measurements (id bigint generated by default as identity, created_at timestamp(6), error_message varchar(500), is_error boolean, operation varchar(50), result_measurement_type varchar(50), result_string varchar(255), result_unit varchar(50), result_value float(53), that_measurement_type varchar(50), that_unit varchar(50), that_value float(53), this_measurement_type varchar(50), this_unit varchar(50), this_value float(53), updated_at timestamp(6), primary key (id))
Hibernate: create table quantity_measurements (id bigint generated by default as identity, created_at timestamp(6), error_message varchar(500), is_error boolean, operation varchar(50), result_measurement_type varchar(50), result_string varchar(255), result_unit varchar(50), result_value float(53), that_measurement_type varchar(50), that_unit varchar(50), that_value float(53), this_measurement_type varchar(50), this_unit varchar(50), this_value float(53), updated_at timestamp(6), primary key (id))
2026-03-31T15:19:56.327+05:30 DEBUG 2120 --- [quantity-measurement-app] [           main] org.hibernate.SQL                        : create table user_roles (user_id bigint not null, roles enum ('ROLE_ADMIN','ROLE_USER'))
Hibernate: create table user_roles (user_id bigint not null, roles enum ('ROLE_ADMIN','ROLE_USER'))
2026-03-31T15:19:56.329+05:30 DEBUG 2120 --- [quantity-measurement-app] [           main] org.hibernate.SQL                        : create table users (id bigint generated by default as identity, email varchar(255) not null, password varchar(255), provider enum ('github','google','local') not null, provider_id varchar(255), username varchar(255) not null, primary key (id))
Hibernate: create table users (id bigint generated by default as identity, email varchar(255) not null, password varchar(255), provider enum ('github','google','local') not null, provider_id varchar(255), username varchar(255) not null, primary key (id))
2026-03-31T15:19:56.330+05:30 DEBUG 2120 --- [quantity-measurement-app] [           main] org.hibernate.SQL                        : create index idx_operation on quantity_measurements (operation)
Hibernate: create index idx_operation on quantity_measurements (operation)
2026-03-31T15:19:56.335+05:30 DEBUG 2120 --- [quantity-measurement-app] [           main] org.hibernate.SQL                        : create index idx_this_measurement_type on quantity_measurements (this_measurement_type)
Hibernate: create index idx_this_measurement_type on quantity_measurements (this_measurement_type)
2026-03-31T15:19:56.336+05:30 DEBUG 2120 --- [quantity-measurement-app] [           main] org.hibernate.SQL                        : create index idx_is_error on quantity_measurements (is_error)
Hibernate: create index idx_is_error on quantity_measurements (is_error)
2026-03-31T15:19:56.338+05:30 DEBUG 2120 --- [quantity-measurement-app] [           main] org.hibernate.SQL                        : alter table if exists users drop constraint if exists UKr43af9ap4edm43mmtq01oddj6
Hibernate: alter table if exists users drop constraint if exists UKr43af9ap4edm43mmtq01oddj6
2026-03-31T15:19:56.339+05:30 DEBUG 2120 --- [quantity-measurement-app] [           main] org.hibernate.SQL                        : alter table if exists users add constraint UKr43af9ap4edm43mmtq01oddj6 unique (username)
Hibernate: alter table if exists users add constraint UKr43af9ap4edm43mmtq01oddj6 unique (username)
2026-03-31T15:19:56.342+05:30 DEBUG 2120 --- [quantity-measurement-app] [           main] org.hibernate.SQL                        : alter table if exists users drop constraint if exists UK6dotkott2kjsp8vw4d0m25fb7
Hibernate: alter table if exists users drop constraint if exists UK6dotkott2kjsp8vw4d0m25fb7
2026-03-31T15:19:56.343+05:30 DEBUG 2120 --- [quantity-measurement-app] [           main] org.hibernate.SQL                        : alter table if exists users add constraint UK6dotkott2kjsp8vw4d0m25fb7 unique (email)
Hibernate: alter table if exists users add constraint UK6dotkott2kjsp8vw4d0m25fb7 unique (email)
2026-03-31T15:19:56.344+05:30 DEBUG 2120 --- [quantity-measurement-app] [           main] org.hibernate.SQL                        : alter table if exists user_roles add constraint FKhfh9dx7w3ubf1co1vdev94g3f foreign key (user_id) references users
Hibernate: alter table if exists user_roles add constraint FKhfh9dx7w3ubf1co1vdev94g3f foreign key (user_id) references users
2026-03-31T15:19:56.367+05:30  INFO 2120 --- [quantity-measurement-app] [           main] j.LocalContainerEntityManagerFactoryBean : Initialized JPA EntityManagerFactory for persistence unit 'default'
2026-03-31T15:19:59.806+05:30 DEBUG 2120 --- [quantity-measurement-app] [           main] o.s.w.f.ServerHttpObservationFilter      : Filter 'webMvcObservationFilter' configured for use
2026-03-31T15:19:59.806+05:30 DEBUG 2120 --- [quantity-measurement-app] [           main] c.a.q.security.AuthTokenFilter           : Filter 'authenticationJwtTokenFilter' configured for use
2026-03-31T15:20:00.747+05:30  INFO 2120 --- [quantity-measurement-app] [           main] eAuthenticationProviderManagerConfigurer : Global AuthenticationManager configured with AuthenticationProvider bean with name authenticationProvider
2026-03-31T15:20:00.752+05:30  WARN 2120 --- [quantity-measurement-app] [           main] r$InitializeUserDetailsManagerConfigurer : Global AuthenticationManager configured with an AuthenticationProvider bean. UserDetailsService beans will not be used by Spring Security for automatically configuring username/password login. Consider removing the AuthenticationProvider bean. Alternatively, consider using the UserDetailsService in a manually instantiated DaoAuthenticationProvider. If the current configuration is intentional, to turn off this warning, increase the logging level of 'org.springframework.security.config.annotation.authentication.configuration.InitializeUserDetailsBeanManagerConfigurer' to ERROR
2026-03-31T15:20:00.926+05:30  INFO 2120 --- [quantity-measurement-app] [           main] o.s.d.j.r.query.QueryEnhancerFactory     : Hibernate is in classpath; If applicable, HQL parser will be used.
2026-03-31T15:20:02.978+05:30  WARN 2120 --- [quantity-measurement-app] [           main] JpaBaseConfiguration$JpaWebConfiguration : spring.jpa.open-in-view is enabled by default. Therefore, database queries may be performed during view rendering. Explicitly configure spring.jpa.open-in-view to disable this warning
2026-03-31T15:20:03.428+05:30 DEBUG 2120 --- [quantity-measurement-app] [           main] s.w.s.m.m.a.RequestMappingHandlerMapping : 18 mappings in 'requestMappingHandlerMapping'
2026-03-31T15:20:03.949+05:30 DEBUG 2120 --- [quantity-measurement-app] [           main] o.s.w.s.handler.SimpleUrlHandlerMapping  : Patterns [/webjars/**, /**, /swagger-ui*/*swagger-initializer.js, /swagger-ui*/**] in 'resourceHandlerMapping'
2026-03-31T15:20:04.321+05:30  INFO 2120 --- [quantity-measurement-app] [           main] o.s.b.a.e.web.EndpointLinksResolver      : Exposing 3 endpoints beneath base path '/actuator'
2026-03-31T15:20:04.439+05:30  WARN 2120 --- [quantity-measurement-app] [           main] ConfigServletWebServerApplicationContext : Exception encountered during context initialization - cancelling refresh attempt: org.springframework.beans.factory.UnsatisfiedDependencyException: Error creating bean with name 'org.springframework.security.config.annotation.web.configuration.WebSecurityConfiguration': Unsatisfied dependency expressed through method 'setFilterChains' parameter 0: Error creating bean with name 'securityFilterChain' defined in class path resource [com/app/quantitymeasurement/config/SecurityConfig.class]: Failed to instantiate [org.springframework.security.web.SecurityFilterChain]: Factory method 'securityFilterChain' threw exception with message: No qualifying bean of type 'org.springframework.security.oauth2.client.registration.ClientRegistrationRepository' available
2026-03-31T15:20:04.441+05:30  INFO 2120 --- [quantity-measurement-app] [           main] j.LocalContainerEntityManagerFactoryBean : Closing JPA EntityManagerFactory for persistence unit 'default'
2026-03-31T15:20:04.448+05:30  INFO 2120 --- [quantity-measurement-app] [           main] com.zaxxer.hikari.HikariDataSource       : HikariPool-1 - Shutdown initiated...
2026-03-31T15:20:04.454+05:30  INFO 2120 --- [quantity-measurement-app] [           main] com.zaxxer.hikari.HikariDataSource       : HikariPool-1 - Shutdown completed.
2026-03-31T15:20:04.458+05:30  INFO 2120 --- [quantity-measurement-app] [           main] o.apache.catalina.core.StandardService   : Stopping service [Tomcat]
mvn : 
At line:1 char:1
+ mvn test > 
test_output.log 2>&1
+ ~~~~~~~~~~~~~~~~~~~~~~
~~~~~~~~~
    + CategoryInfo      
        : NotSpecified: 
(:St    ring) [], 
RemoteExcept    ion
    + 
FullyQualifiedErrorI    
d : NativeCommandError
 


========================
====
CONDITIONS EVALUATION 
REPORT
========================
====


Positive matches:
-----------------

   AopAutoConfiguration 
matched:
      - 
@ConditionalOnProperty 
(spring.aop.auto=true) 
matched 
(OnPropertyCondition)

   AopAutoConfiguration.
AspectJAutoProxyingConfi
guration matched:
      - 
@ConditionalOnClass 
found required class 'or
g.aspectj.weaver.Advice'
 (OnClassCondition)

   AopAutoConfiguration.
AspectJAutoProxyingConfi
guration.CglibAutoProxyC
onfiguration matched:
      - 
@ConditionalOnProperty (
spring.aop.proxy-target-
class=true) matched 
(OnPropertyCondition)

   ApplicationAvailabili
tyAutoConfiguration#appl
icationAvailability 
matched:
      - @ConditionalOnMi
ssingBean (types: org.sp
ringframework.boot.avail
ability.ApplicationAvail
ability; 
SearchStrategy: all) 
did not find any beans 
(OnBeanCondition)

   CacheMeterBinderProvi
dersConfiguration 
matched:
      - 
@ConditionalOnClass 
found required class 'io
.micrometer.core.instrum
ent.binder.MeterBinder' 
(OnClassCondition)

   CompositeMeterRegistr
yAutoConfiguration 
matched:
      - 
@ConditionalOnClass 
found required class 'io
.micrometer.core.instrum
ent.composite.CompositeM
eterRegistry' 
(OnClassCondition)

   DataSourceAutoConfigu
ration matched:
      - 
@ConditionalOnClass 
found required classes 
'javax.sql.DataSource', 
'org.springframework.jdb
c.datasource.embedded.Em
beddedDatabaseType' 
(OnClassCondition)
      - @ConditionalOnMi
ssingBean (types: io.r2d
bc.spi.ConnectionFactory
; SearchStrategy: all) 
did not find any beans 
(OnBeanCondition)

   DataSourceAutoConfigu
ration.PooledDataSourceC
onfiguration matched:
      - 
AnyNestedCondition 1 
matched 1 did not; 
NestedCondition on DataS
ourceAutoConfiguration.P
ooledDataSourceCondition
.PooledDataSourceAvailab
le PooledDataSource 
found supported 
DataSource; 
NestedCondition on DataS
ourceAutoConfiguration.P
ooledDataSourceCondition
.ExplicitType 
@ConditionalOnProperty (
spring.datasource.type) 
did not find property 
'type' (DataSourceAutoCo
nfiguration.PooledDataSo
urceCondition)
      - @ConditionalOnMi
ssingBean (types: javax.
sql.DataSource,javax.sql
.XADataSource; 
SearchStrategy: all) 
did not find any beans 
(OnBeanCondition)

   DataSourceAutoConfigu
ration.PooledDataSourceC
onfiguration#jdbcConnect
ionDetails matched:
      - @ConditionalOnMi
ssingBean (types: org.sp
ringframework.boot.autoc
onfigure.jdbc.JdbcConnec
tionDetails; 
SearchStrategy: all) 
did not find any beans 
(OnBeanCondition)

   DataSourceConfigurati
on.Hikari matched:
      - 
@ConditionalOnClass 
found required class 'co
m.zaxxer.hikari.HikariDa
taSource' 
(OnClassCondition)
      - 
@ConditionalOnProperty (
spring.datasource.type=c
om.zaxxer.hikari.HikariD
ataSource) matched 
(OnPropertyCondition)
      - @ConditionalOnMi
ssingBean (types: 
javax.sql.DataSource; 
SearchStrategy: all) 
did not find any beans 
(OnBeanCondition)

   DataSourceHealthContr
ibutorAutoConfiguration 
matched:
      - 
@ConditionalOnClass 
found required classes '
org.springframework.jdbc
.core.JdbcTemplate', 'or
g.springframework.jdbc.d
atasource.lookup.Abstrac
tRoutingDataSource' 
(OnClassCondition)
      - @ConditionalOnEn
abledHealthIndicator man
agement.health.defaults.
enabled is considered 
true (OnEnabledHealthInd
icatorCondition)
      - 
@ConditionalOnBean 
(types: 
javax.sql.DataSource; 
SearchStrategy: all) 
found bean 'dataSource' 
(OnBeanCondition)

   DataSourceHealthContr
ibutorAutoConfiguration#
dbHealthContributor 
matched:
      - @ConditionalOnMi
ssingBean (names: dbHeal
thIndicator,dbHealthCont
ributor; 
SearchStrategy: all) 
did not find any beans 
(OnBeanCondition)

   DataSourceInitializat
ionConfiguration 
matched:
      - 
@ConditionalOnClass 
found required class 'or
g.springframework.jdbc.d
atasource.init.DatabaseP
opulator' 
(OnClassCondition)
      - @ConditionalOnSi
ngleCandidate (types: 
javax.sql.DataSource; 
SearchStrategy: all) 
found a single bean 
'dataSource'; @Condition
alOnMissingBean (types: 
org.springframework.boot
.autoconfigure.sql.init.
SqlDataSourceScriptDatab
aseInitializer,org.sprin
gframework.boot.autoconf
igure.sql.init.SqlR2dbcS
criptDatabaseInitializer
; SearchStrategy: all) 
did not find any beans 
(OnBeanCondition)

   DataSourcePoolMetadat
aProvidersConfiguration.
HikariPoolDataSourceMeta
dataProviderConfiguratio
n matched:
      - 
@ConditionalOnClass 
found required class 'co
m.zaxxer.hikari.HikariDa
taSource' 
(OnClassCondition)

   DataSourcePoolMetrics
AutoConfiguration 
matched:
      - 
@ConditionalOnClass 
found required classes 
'javax.sql.DataSource', 
'io.micrometer.core.inst
rument.MeterRegistry' 
(OnClassCondition)
      - 
@ConditionalOnBean 
(types: javax.sql.DataSo
urce,io.micrometer.core.
instrument.MeterRegistry
; SearchStrategy: all) 
found beans 
'simpleMeterRegistry', 
'dataSource' 
(OnBeanCondition)

   DataSourcePoolMetrics
AutoConfiguration.DataSo
urcePoolMetadataMetricsC
onfiguration matched:
      - 
@ConditionalOnBean 
(types: org.springframew
ork.boot.jdbc.metadata.D
ataSourcePoolMetadataPro
vider; SearchStrategy: 
all) found bean 'hikariP
oolDataSourceMetadataPro
vider' (OnBeanCondition)

   DataSourcePoolMetrics
AutoConfiguration.Hikari
DataSourceMetricsConfigu
ration matched:
      - 
@ConditionalOnClass 
found required class 'co
m.zaxxer.hikari.HikariDa
taSource' 
(OnClassCondition)

   DataSourceTransaction
ManagerAutoConfiguration
 matched:
      - 
@ConditionalOnClass 
found required classes 
'javax.sql.DataSource', 
'org.springframework.jdb
c.core.JdbcTemplate', 'o
rg.springframework.trans
action.TransactionManage
r' (OnClassCondition)

   DataSourceTransaction
ManagerAutoConfiguration
.JdbcTransactionManagerC
onfiguration matched:
      - @ConditionalOnSi
ngleCandidate (types: 
javax.sql.DataSource; 
SearchStrategy: all) 
found a single bean 
'dataSource' 
(OnBeanCondition)

   DiskSpaceHealthContri
butorAutoConfiguration 
matched:
      - @ConditionalOnEn
abledHealthIndicator man
agement.health.defaults.
enabled is considered 
true (OnEnabledHealthInd
icatorCondition)

   DiskSpaceHealthContri
butorAutoConfiguration#d
iskSpaceHealthIndicator 
matched:
      - @ConditionalOnMi
ssingBean (names: diskSp
aceHealthIndicator; 
SearchStrategy: all) 
did not find any beans 
(OnBeanCondition)

   DispatcherServletAuto
Configuration matched:
      - 
@ConditionalOnClass 
found required class 'or
g.springframework.web.se
rvlet.DispatcherServlet'
 (OnClassCondition)
      - found 'session' 
scope (OnWebApplicationC
ondition)

   DispatcherServletAuto
Configuration.Dispatcher
ServletConfiguration 
matched:
      - 
@ConditionalOnClass 
found required class 'ja
karta.servlet.ServletReg
istration' 
(OnClassCondition)
      - Default 
DispatcherServlet did 
not find dispatcher 
servlet beans (Dispatche
rServletAutoConfiguratio
n.DefaultDispatcherServl
etCondition)

   DispatcherServletAuto
Configuration.Dispatcher
ServletRegistrationConfi
guration matched:
      - 
@ConditionalOnClass 
found required class 'ja
karta.servlet.ServletReg
istration' 
(OnClassCondition)
      - 
DispatcherServlet 
Registration did not 
find servlet 
registration bean (Dispa
tcherServletAutoConfigur
ation.DispatcherServletR
egistrationCondition)

   DispatcherServletAuto
Configuration.Dispatcher
ServletRegistrationConfi
guration#dispatcherServl
etRegistration matched:
      - 
@ConditionalOnBean 
(names: 
dispatcherServlet 
types: org.springframewo
rk.web.servlet.Dispatche
rServlet; 
SearchStrategy: all) 
found bean 
'dispatcherServlet' 
(OnBeanCondition)

   EmbeddedWebServerFact
oryCustomizerAutoConfigu
ration matched:
      - @ConditionalOnWe
bApplication (required) 
found 'session' scope (O
nWebApplicationCondition
)
      - @ConditionalOnWa
rDeployment the 
application is not 
deployed as a WAR file. 
(OnWarDeploymentConditio
n)

   EmbeddedWebServerFact
oryCustomizerAutoConfigu
ration.TomcatWebServerFa
ctoryCustomizerConfigura
tion matched:
      - 
@ConditionalOnClass 
found required classes '
org.apache.catalina.star
tup.Tomcat', 'org.apache
.coyote.UpgradeProtocol'
 (OnClassCondition)

   EndpointAutoConfigura
tion#endpointCachingOper
ationInvokerAdvisor 
matched:
      - @ConditionalOnMi
ssingBean (types: org.sp
ringframework.boot.actua
te.endpoint.invoker.cach
e.CachingOperationInvoke
rAdvisor; 
SearchStrategy: all) 
did not find any beans 
(OnBeanCondition)

   EndpointAutoConfigura
tion#endpointOperationPa
rameterMapper matched:
      - @ConditionalOnMi
ssingBean (types: org.sp
ringframework.boot.actua
te.endpoint.invoke.Param
eterValueMapper; 
SearchStrategy: all) 
did not find any beans 
(OnBeanCondition)

   EndpointAutoConfigura
tion#propertiesEndpointA
ccessResolver matched:
      - @ConditionalOnMi
ssingBean (types: org.sp
ringframework.boot.actua
te.endpoint.EndpointAcce
ssResolver; 
SearchStrategy: all) 
did not find any beans 
(OnBeanCondition)

   ErrorMvcAutoConfigura
tion matched:
      - 
@ConditionalOnClass 
found required classes '
jakarta.servlet.Servlet'
, 'org.springframework.w
eb.servlet.DispatcherSer
vlet' (OnClassCondition)
      - found 'session' 
scope (OnWebApplicationC
ondition)

   ErrorMvcAutoConfigura
tion#basicErrorControlle
r matched:
      - @ConditionalOnMi
ssingBean (types: org.sp
ringframework.boot.web.s
ervlet.error.ErrorContro
ller; SearchStrategy: 
current) did not find 
any beans 
(OnBeanCondition)

   ErrorMvcAutoConfigura
tion#errorAttributes 
matched:
      - @ConditionalOnMi
ssingBean (types: org.sp
ringframework.boot.web.s
ervlet.error.ErrorAttrib
utes; SearchStrategy: 
current) did not find 
any beans 
(OnBeanCondition)

   ErrorMvcAutoConfigura
tion.DefaultErrorViewRes
olverConfiguration#conve
ntionErrorViewResolver 
matched:
      - 
@ConditionalOnBean 
(types: org.springframew
ork.web.servlet.Dispatch
erServlet; 
SearchStrategy: all) 
found bean 
'dispatcherServlet'; @Co
nditionalOnMissingBean 
(types: org.springframew
ork.boot.autoconfigure.w
eb.servlet.error.ErrorVi
ewResolver; 
SearchStrategy: all) 
did not find any beans 
(OnBeanCondition)

   ErrorMvcAutoConfigura
tion.WhitelabelErrorView
Configuration matched:
      - 
@ConditionalOnProperty (
server.error.whitelabel.
enabled) matched 
(OnPropertyCondition)
      - ErrorTemplate 
Missing did not find 
error template view (Err
orMvcAutoConfiguration.E
rrorTemplateMissingCondi
tion)

   ErrorMvcAutoConfigura
tion.WhitelabelErrorView
Configuration#beanNameVi
ewResolver matched:
      - @ConditionalOnMi
ssingBean (types: org.sp
ringframework.web.servle
t.view.BeanNameViewResol
ver; SearchStrategy: 
all) did not find any 
beans (OnBeanCondition)

   ErrorMvcAutoConfigura
tion.WhitelabelErrorView
Configuration#defaultErr
orView matched:
      - @ConditionalOnMi
ssingBean (names: 
error; SearchStrategy: 
all) did not find any 
beans (OnBeanCondition)

   GenericCacheConfigura
tion matched:
      - Cache org.spring
framework.boot.autoconfi
gure.cache.GenericCacheC
onfiguration automatic 
cache type 
(CacheCondition)

   H2ConsoleAutoConfigur
ation matched:
      - 
@ConditionalOnClass 
found required class 'or
g.h2.server.web.JakartaW
ebServlet' 
(OnClassCondition)
      - found 'session' 
scope (OnWebApplicationC
ondition)
      - 
@ConditionalOnProperty (
spring.h2.console.enable
d=true) matched 
(OnPropertyCondition)

   HealthContributorAuto
Configuration#pingHealth
Contributor matched:
      - @ConditionalOnEn
abledHealthIndicator man
agement.health.defaults.
enabled is considered 
true (OnEnabledHealthInd
icatorCondition)

   HealthEndpointAutoCon
figuration matched:
      - @ConditionalOnAv
ailableEndpoint marked 
as exposed by a 'managem
ent.endpoints.web.exposu
re' property (OnAvailabl
eEndpointCondition)

   HealthEndpointConfigu
ration#healthContributor
Registry matched:
      - @ConditionalOnMi
ssingBean (types: org.sp
ringframework.boot.actua
te.health.HealthContribu
torRegistry; 
SearchStrategy: all) 
did not find any beans 
(OnBeanCondition)

   HealthEndpointConfigu
ration#healthEndpoint 
matched:
      - @ConditionalOnMi
ssingBean (types: org.sp
ringframework.boot.actua
te.health.HealthEndpoint
; SearchStrategy: all) 
did not find any beans 
(OnBeanCondition)

   HealthEndpointConfigu
ration#healthEndpointGro
upMembershipValidator 
matched:
      - 
@ConditionalOnProperty (
management.endpoint.heal
th.validate-group-member
ship=true) matched 
(OnPropertyCondition)

   HealthEndpointConfigu
ration#healthEndpointGro
ups matched:
      - @ConditionalOnMi
ssingBean (types: org.sp
ringframework.boot.actua
te.health.HealthEndpoint
Groups; SearchStrategy: 
all) did not find any 
beans (OnBeanCondition)

   HealthEndpointConfigu
ration#healthHttpCodeSta
tusMapper matched:
      - @ConditionalOnMi
ssingBean (types: org.sp
ringframework.boot.actua
te.health.HttpCodeStatus
Mapper; SearchStrategy: 
all) did not find any 
beans (OnBeanCondition)

   HealthEndpointConfigu
ration#healthStatusAggre
gator matched:
      - @ConditionalOnMi
ssingBean (types: org.sp
ringframework.boot.actua
te.health.StatusAggregat
or; SearchStrategy: 
all) did not find any 
beans (OnBeanCondition)

   HealthEndpointWebExte
nsionConfiguration 
matched:
      - found 'session' 
scope (OnWebApplicationC
ondition)
      - @ConditionalOnAv
ailableEndpoint marked 
as exposed by a 'managem
ent.endpoints.web.exposu
re' property (OnAvailabl
eEndpointCondition)
      - 
@ConditionalOnBean 
(types: org.springframew
ork.boot.actuate.health.
HealthEndpoint; 
SearchStrategy: all) 
found bean 
'healthEndpoint' 
(OnBeanCondition)

   HealthEndpointWebExte
nsionConfiguration#healt
hEndpointWebExtension 
matched:
      - @ConditionalOnMi
ssingBean (types: org.sp
ringframework.boot.actua
te.health.HealthEndpoint
WebExtension; 
SearchStrategy: all) 
did not find any beans 
(OnBeanCondition)

   HealthEndpointWebExte
nsionConfiguration.MvcAd
ditionalHealthEndpointPa
thsConfiguration 
matched:
      - 
@ConditionalOnBean 
(types: org.springframew
ork.web.servlet.Dispatch
erServlet; 
SearchStrategy: all) 
found bean 
'dispatcherServlet' 
(OnBeanCondition)

   HibernateJpaAutoConfi
guration matched:
      - 
@ConditionalOnClass 
found required classes '
org.springframework.orm.
jpa.LocalContainerEntity
ManagerFactoryBean', 'ja
karta.persistence.Entity
Manager', 'org.hibernate
.engine.spi.SessionImple
mentor' 
(OnClassCondition)

   HibernateJpaConfigura
tion matched:
      - @ConditionalOnSi
ngleCandidate (types: 
javax.sql.DataSource; 
SearchStrategy: all) 
found a single bean 
'dataSource' 
(OnBeanCondition)

   HttpClientAutoConfigu
ration matched:
      - 
@ConditionalOnClass 
found required class 'or
g.springframework.http.c
lient.ClientHttpRequestF
actory' 
(OnClassCondition)
      - 
NoneNestedConditions 0 
matched 1 did not; 
NestedCondition on NotRe
activeWebApplicationCond
ition.ReactiveWebApplica
tion did not find 
reactive web 
application classes (Not
ReactiveWebApplicationCo
ndition)

   HttpClientAutoConfigu
ration#clientHttpRequest
FactoryBuilder matched:
      - @ConditionalOnMi
ssingBean (types: org.sp
ringframework.boot.http.
client.ClientHttpRequest
FactoryBuilder; 
SearchStrategy: all) 
did not find any beans 
(OnBeanCondition)

   HttpClientAutoConfigu
ration#clientHttpRequest
FactorySettings matched:
      - @ConditionalOnMi
ssingBean (types: org.sp
ringframework.boot.http.
client.ClientHttpRequest
FactorySettings; 
SearchStrategy: all) 
did not find any beans 
(OnBeanCondition)

   HttpClientObservation
sAutoConfiguration 
matched:
      - 
@ConditionalOnClass 
found required class 'io
.micrometer.observation.
Observation' 
(OnClassCondition)
      - 
@ConditionalOnBean 
(types: io.micrometer.ob
servation.ObservationReg
istry; SearchStrategy: 
all) found bean 
'observationRegistry' 
(OnBeanCondition)

   HttpClientObservation
sAutoConfiguration.Meter
FilterConfiguration 
matched:
      - 
@ConditionalOnClass 
found required class 'io
.micrometer.core.instrum
ent.MeterRegistry' 
(OnClassCondition)
      - 
@ConditionalOnBean 
(types: io.micrometer.co
re.instrument.MeterRegis
try; SearchStrategy: 
all) found bean 
'simpleMeterRegistry' 
(OnBeanCondition)

   HttpEncodingAutoConfi
guration matched:
      - 
@ConditionalOnClass 
found required class 'or
g.springframework.web.fi
lter.CharacterEncodingFi
lter' (OnClassCondition)
      - found 'session' 
scope (OnWebApplicationC
ondition)
      - 
@ConditionalOnProperty (
server.servlet.encoding.
enabled) matched 
(OnPropertyCondition)

   HttpEncodingAutoConfi
guration#characterEncodi
ngFilter matched:
      - @ConditionalOnMi
ssingBean (types: org.sp
ringframework.web.filter
.CharacterEncodingFilter
; SearchStrategy: all) 
did not find any beans 
(OnBeanCondition)

   HttpMessageConverters
AutoConfiguration 
matched:
      - 
@ConditionalOnClass 
found required class 'or
g.springframework.http.c
onverter.HttpMessageConv
erter' 
(OnClassCondition)
      - 
NoneNestedConditions 0 
matched 1 did not; 
NestedCondition on HttpM
essageConvertersAutoConf
iguration.NotReactiveWeb
ApplicationCondition.Rea
ctiveWebApplication did 
not find reactive web 
application classes (Htt
pMessageConvertersAutoCo
nfiguration.NotReactiveW
ebApplicationCondition)

   HttpMessageConverters
AutoConfiguration#messag
eConverters matched:
      - @ConditionalOnMi
ssingBean (types: org.sp
ringframework.boot.autoc
onfigure.http.HttpMessag
eConverters; 
SearchStrategy: all) 
did not find any beans 
(OnBeanCondition)

   HttpMessageConverters
AutoConfiguration.String
HttpMessageConverterConf
iguration matched:
      - 
@ConditionalOnClass 
found required class 'or
g.springframework.http.c
onverter.StringHttpMessa
geConverter' 
(OnClassCondition)

   HttpMessageConverters
AutoConfiguration.String
HttpMessageConverterConf
iguration#stringHttpMess
ageConverter matched:
      - @ConditionalOnMi
ssingBean (types: org.sp
ringframework.http.conve
rter.StringHttpMessageCo
nverter; 
SearchStrategy: all) 
did not find any beans 
(OnBeanCondition)

   InfoEndpointAutoConfi
guration matched:
      - @ConditionalOnAv
ailableEndpoint marked 
as exposed by a 'managem
ent.endpoints.web.exposu
re' property (OnAvailabl
eEndpointCondition)

   InfoEndpointAutoConfi
guration#infoEndpoint 
matched:
      - @ConditionalOnMi
ssingBean (types: org.sp
ringframework.boot.actua
te.info.InfoEndpoint; 
SearchStrategy: all) 
did not find any beans 
(OnBeanCondition)

   JacksonAutoConfigurat
ion matched:
      - 
@ConditionalOnClass 
found required class 'co
m.fasterxml.jackson.data
bind.ObjectMapper' 
(OnClassCondition)

   JacksonAutoConfigurat
ion.Jackson2ObjectMapper
BuilderCustomizerConfigu
ration matched:
      - 
@ConditionalOnClass 
found required class 'or
g.springframework.http.c
onverter.json.Jackson2Ob
jectMapperBuilder' 
(OnClassCondition)

   JacksonAutoConfigurat
ion.JacksonObjectMapperB
uilderConfiguration 
matched:
      - 
@ConditionalOnClass 
found required class 'or
g.springframework.http.c
onverter.json.Jackson2Ob
jectMapperBuilder' 
(OnClassCondition)

   JacksonAutoConfigurat
ion.JacksonObjectMapperB
uilderConfiguration#jack
sonObjectMapperBuilder 
matched:
      - @ConditionalOnMi
ssingBean (types: org.sp
ringframework.http.conve
rter.json.Jackson2Object
MapperBuilder; 
SearchStrategy: all) 
did not find any beans 
(OnBeanCondition)

   JacksonAutoConfigurat
ion.JacksonObjectMapperC
onfiguration matched:
      - 
@ConditionalOnClass 
found required class 'or
g.springframework.http.c
onverter.json.Jackson2Ob
jectMapperBuilder' 
(OnClassCondition)

   JacksonAutoConfigurat
ion.JacksonObjectMapperC
onfiguration#jacksonObje
ctMapper matched:
      - @ConditionalOnMi
ssingBean (types: com.fa
sterxml.jackson.databind
.ObjectMapper; 
SearchStrategy: all) 
did not find any beans 
(OnBeanCondition)

   JacksonAutoConfigurat
ion.ParameterNamesModule
Configuration matched:
      - 
@ConditionalOnClass 
found required class 'co
m.fasterxml.jackson.modu
le.paramnames.ParameterN
amesModule' 
(OnClassCondition)

   JacksonAutoConfigurat
ion.ParameterNamesModule
Configuration#parameterN
amesModule matched:
      - @ConditionalOnMi
ssingBean (types: com.fa
sterxml.jackson.module.p
aramnames.ParameterNames
Module; SearchStrategy: 
all) did not find any 
beans (OnBeanCondition)

   JacksonEndpointAutoCo
nfiguration#endpointObje
ctMapper matched:
      - 
@ConditionalOnClass 
found required classes '
com.fasterxml.jackson.da
tabind.ObjectMapper', 'o
rg.springframework.http.
converter.json.Jackson2O
bjectMapperBuilder' 
(OnClassCondition)
      - 
@ConditionalOnProperty (
management.endpoints.jac
kson.isolated-object-map
per) matched 
(OnPropertyCondition)

   JacksonHttpMessageCon
vertersConfiguration.Map
pingJackson2HttpMessageC
onverterConfiguration 
matched:
      - 
@ConditionalOnClass 
found required class 'co
m.fasterxml.jackson.data
bind.ObjectMapper' 
(OnClassCondition)
      - 
@ConditionalOnProperty (
spring.mvc.converters.pr
eferred-json-mapper=jack
son) matched 
(OnPropertyCondition)
      - 
@ConditionalOnBean 
(types: com.fasterxml.ja
ckson.databind.ObjectMap
per; SearchStrategy: 
all) found bean 
'jacksonObjectMapper' 
(OnBeanCondition)

   JacksonHttpMessageCon
vertersConfiguration.Map
pingJackson2HttpMessageC
onverterConfiguration#ma
ppingJackson2HttpMessage
Converter matched:
      - @ConditionalOnMi
ssingBean (types: org.sp
ringframework.http.conve
rter.json.MappingJackson
2HttpMessageConverter 
ignored: org.springframe
work.hateoas.server.mvc.
TypeConstrainedMappingJa
ckson2HttpMessageConvert
er,org.springframework.d
ata.rest.webmvc.alps.Alp
sJsonHttpMessageConverte
r; SearchStrategy: all) 
did not find any beans 
(OnBeanCondition)

   JdbcClientAutoConfigu
ration matched:
      - @ConditionalOnSi
ngleCandidate (types: or
g.springframework.jdbc.c
ore.namedparam.NamedPara
meterJdbcTemplate; 
SearchStrategy: all) 
found a single bean 'nam
edParameterJdbcTemplate'
; @ConditionalOnMissingB
ean (types: org.springfr
amework.jdbc.core.simple
.JdbcClient; 
SearchStrategy: all) 
did not find any beans 
(OnBeanCondition)

   JdbcTemplateAutoConfi
guration matched:
      - 
@ConditionalOnClass 
found required classes 
'javax.sql.DataSource', 
'org.springframework.jdb
c.core.JdbcTemplate' 
(OnClassCondition)
      - @ConditionalOnSi
ngleCandidate (types: 
javax.sql.DataSource; 
SearchStrategy: all) 
found a single bean 
'dataSource' 
(OnBeanCondition)

   JdbcTemplateConfigura
tion matched:
      - @ConditionalOnMi
ssingBean (types: org.sp
ringframework.jdbc.core.
JdbcOperations; 
SearchStrategy: all) 
did not find any beans 
(OnBeanCondition)

   JpaBaseConfiguration#
entityManagerFactory 
matched:
      - @ConditionalOnMi
ssingBean (types: org.sp
ringframework.orm.jpa.Lo
calContainerEntityManage
rFactoryBean,jakarta.per
sistence.EntityManagerFa
ctory; SearchStrategy: 
all) did not find any 
beans (OnBeanCondition)

   JpaBaseConfiguration#
entityManagerFactoryBuil
der matched:
      - @ConditionalOnMi
ssingBean (types: org.sp
ringframework.boot.orm.j
pa.EntityManagerFactoryB
uilder; SearchStrategy: 
all) did not find any 
beans (OnBeanCondition)

   JpaBaseConfiguration#
jpaVendorAdapter 
matched:
      - @ConditionalOnMi
ssingBean (types: org.sp
ringframework.orm.jpa.Jp
aVendorAdapter; 
SearchStrategy: all) 
did not find any beans 
(OnBeanCondition)

   JpaBaseConfiguration#
transactionManager 
matched:
      - @ConditionalOnMi
ssingBean (types: org.sp
ringframework.transactio
n.TransactionManager; 
SearchStrategy: all) 
did not find any beans 
(OnBeanCondition)

   JpaBaseConfiguration.
JpaWebConfiguration 
matched:
      - 
@ConditionalOnClass 
found required class 'or
g.springframework.web.se
rvlet.config.annotation.
WebMvcConfigurer' 
(OnClassCondition)
      - found 'session' 
scope (OnWebApplicationC
ondition)
      - 
@ConditionalOnProperty (
spring.jpa.open-in-view=
true) matched 
(OnPropertyCondition)
      - @ConditionalOnMi
ssingBean (types: org.sp
ringframework.orm.jpa.su
pport.OpenEntityManagerI
nViewInterceptor,org.spr
ingframework.orm.jpa.sup
port.OpenEntityManagerIn
ViewFilter; 
SearchStrategy: all) 
did not find any beans 
(OnBeanCondition)

   JpaBaseConfiguration.
PersistenceManagedTypesC
onfiguration matched:
      - @ConditionalOnMi
ssingBean (types: org.sp
ringframework.orm.jpa.Lo
calContainerEntityManage
rFactoryBean,jakarta.per
sistence.EntityManagerFa
ctory; SearchStrategy: 
all) did not find any 
beans (OnBeanCondition)

   JpaBaseConfiguration.
PersistenceManagedTypesC
onfiguration#persistence
ManagedTypes matched:
      - @ConditionalOnMi
ssingBean (types: org.sp
ringframework.orm.jpa.pe
rsistenceunit.Persistenc
eManagedTypes; 
SearchStrategy: all) 
did not find any beans 
(OnBeanCondition)

   JpaRepositoriesAutoCo
nfiguration matched:
      - 
@ConditionalOnClass 
found required class 'or
g.springframework.data.j
pa.repository.JpaReposit
ory' (OnClassCondition)
      - 
@ConditionalOnProperty (
spring.data.jpa.reposito
ries.enabled=true) 
matched 
(OnPropertyCondition)
      - 
@ConditionalOnBean 
(types: 
javax.sql.DataSource; 
SearchStrategy: all) 
found bean 
'dataSource'; @Condition
alOnMissingBean (types: 
org.springframework.data
.jpa.repository.support.
JpaRepositoryFactoryBean
,org.springframework.dat
a.jpa.repository.config.
JpaRepositoryConfigExten
sion; SearchStrategy: 
all) did not find any 
beans (OnBeanCondition)

   JtaAutoConfiguration 
matched:
      - 
@ConditionalOnClass 
found required class 'ja
karta.transaction.Transa
ction' 
(OnClassCondition)
      - 
@ConditionalOnProperty 
(spring.jta.enabled) 
matched 
(OnPropertyCondition)

   JvmMetricsAutoConfigu
ration matched:
      - 
@ConditionalOnClass 
found required class 'io
.micrometer.core.instrum
ent.MeterRegistry' 
(OnClassCondition)
      - 
@ConditionalOnBean 
(types: io.micrometer.co
re.instrument.MeterRegis
try; SearchStrategy: 
all) found bean 
'simpleMeterRegistry' 
(OnBeanCondition)

   JvmMetricsAutoConfigu
ration#classLoaderMetric
s matched:
      - @ConditionalOnMi
ssingBean (types: io.mic
rometer.core.instrument.
binder.jvm.ClassLoaderMe
trics; SearchStrategy: 
all) did not find any 
beans (OnBeanCondition)

   JvmMetricsAutoConfigu
ration#jvmCompilationMet
rics matched:
      - @ConditionalOnMi
ssingBean (types: io.mic
rometer.core.instrument.
binder.jvm.JvmCompilatio
nMetrics; 
SearchStrategy: all) 
did not find any beans 
(OnBeanCondition)

   JvmMetricsAutoConfigu
ration#jvmGcMetrics 
matched:
      - @ConditionalOnMi
ssingBean (types: io.mic
rometer.core.instrument.
binder.jvm.JvmGcMetrics;
 SearchStrategy: all) 
did not find any beans 
(OnBeanCondition)

   JvmMetricsAutoConfigu
ration#jvmHeapPressureMe
trics matched:
      - @ConditionalOnMi
ssingBean (types: io.mic
rometer.core.instrument.
binder.jvm.JvmHeapPressu
reMetrics; 
SearchStrategy: all) 
did not find any beans 
(OnBeanCondition)

   JvmMetricsAutoConfigu
ration#jvmInfoMetrics 
matched:
      - @ConditionalOnMi
ssingBean (types: io.mic
rometer.core.instrument.
binder.jvm.JvmInfoMetric
s; SearchStrategy: all) 
did not find any beans 
(OnBeanCondition)

   JvmMetricsAutoConfigu
ration#jvmMemoryMetrics 
matched:
      - @ConditionalOnMi
ssingBean (types: io.mic
rometer.core.instrument.
binder.jvm.JvmMemoryMetr
ics; SearchStrategy: 
all) did not find any 
beans (OnBeanCondition)

   JvmMetricsAutoConfigu
ration#jvmThreadMetrics 
matched:
      - @ConditionalOnMi
ssingBean (types: io.mic
rometer.core.instrument.
binder.jvm.JvmThreadMetr
ics; SearchStrategy: 
all) did not find any 
beans (OnBeanCondition)

   LifecycleAutoConfigur
ation#defaultLifecyclePr
ocessor matched:
      - @ConditionalOnMi
ssingBean (names: 
lifecycleProcessor; 
SearchStrategy: 
current) did not find 
any beans 
(OnBeanCondition)

   LogbackMetricsAutoCon
figuration matched:
      - 
@ConditionalOnClass 
found required classes '
io.micrometer.core.instr
ument.MeterRegistry', 'c
h.qos.logback.classic.Lo
ggerContext', 'org.slf4j
.LoggerFactory' 
(OnClassCondition)
      - 
LogbackLoggingCondition 
ILoggerFactory is a 
Logback LoggerContext (L
ogbackMetricsAutoConfigu
ration.LogbackLoggingCon
dition)
      - 
@ConditionalOnBean 
(types: io.micrometer.co
re.instrument.MeterRegis
try; SearchStrategy: 
all) found bean 
'simpleMeterRegistry' 
(OnBeanCondition)

   LogbackMetricsAutoCon
figuration#logbackMetric
s matched:
      - @ConditionalOnMi
ssingBean (types: io.mic
rometer.core.instrument.
binder.logging.LogbackMe
trics; SearchStrategy: 
all) did not find any 
beans (OnBeanCondition)

   ManagementContextAuto
Configuration.SameManage
mentContextConfiguration
 matched:
      - Management Port 
actual port type (SAME) 
matched required type (O
nManagementPortCondition
)

   MetricsAutoConfigurat
ion matched:
      - 
@ConditionalOnClass 
found required class 'io
.micrometer.core.annotat
ion.Timed' 
(OnClassCondition)

   MetricsAutoConfigurat
ion#micrometerClock 
matched:
      - @ConditionalOnMi
ssingBean (types: io.mic
rometer.core.instrument.
Clock; SearchStrategy: 
all) did not find any 
beans (OnBeanCondition)

   MetricsEndpointAutoCo
nfiguration matched:
      - 
@ConditionalOnClass 
found required class 'io
.micrometer.core.annotat
ion.Timed' 
(OnClassCondition)
      - @ConditionalOnAv
ailableEndpoint marked 
as exposed by a 'managem
ent.endpoints.web.exposu
re' property (OnAvailabl
eEndpointCondition)

   MetricsEndpointAutoCo
nfiguration#metricsEndpo
int matched:
      - 
@ConditionalOnBean 
(types: io.micrometer.co
re.instrument.MeterRegis
try; SearchStrategy: 
all) found bean 
'simpleMeterRegistry'; @
ConditionalOnMissingBean
 (types: org.springframe
work.boot.actuate.metric
s.MetricsEndpoint; 
SearchStrategy: all) 
did not find any beans 
(OnBeanCondition)

   MultipartAutoConfigur
ation matched:
      - 
@ConditionalOnClass 
found required classes '
jakarta.servlet.Servlet'
, 'org.springframework.w
eb.multipart.support.Sta
ndardServletMultipartRes
olver', 'jakarta.servlet
.MultipartConfigElement'
 (OnClassCondition)
      - found 'session' 
scope (OnWebApplicationC
ondition)
      - 
@ConditionalOnProperty (
spring.servlet.multipart
.enabled) matched 
(OnPropertyCondition)

   MultipartAutoConfigur
ation#multipartConfigEle
ment matched:
      - @ConditionalOnMi
ssingBean (types: jakart
a.servlet.MultipartConfi
gElement; 
SearchStrategy: all) 
did not find any beans 
(OnBeanCondition)

   MultipartAutoConfigur
ation#multipartResolver 
matched:
      - @ConditionalOnMi
ssingBean (types: org.sp
ringframework.web.multip
art.MultipartResolver; 
SearchStrategy: all) 
did not find any beans 
(OnBeanCondition)

   NamedParameterJdbcTem
plateConfiguration 
matched:
      - @ConditionalOnSi
ngleCandidate (types: or
g.springframework.jdbc.c
ore.JdbcTemplate; 
SearchStrategy: all) 
found a single bean 
'jdbcTemplate'; @Conditi
onalOnMissingBean 
(types: org.springframew
ork.jdbc.core.namedparam
.NamedParameterJdbcOpera
tions; SearchStrategy: 
all) did not find any 
beans (OnBeanCondition)

   
NoOpCacheConfiguration 
matched:
      - Cache org.spring
framework.boot.autoconfi
gure.cache.NoOpCacheConf
iguration automatic 
cache type 
(CacheCondition)

   OAuth2ClientAutoConfi
guration matched:
      - 
@ConditionalOnClass 
found required classes '
org.springframework.secu
rity.config.annotation.w
eb.configuration.EnableW
ebSecurity', 'org.spring
framework.security.oauth
2.client.registration.Cl
ientRegistration' 
(OnClassCondition)
      - found 'session' 
scope (OnWebApplicationC
ondition)

   ObservationAutoConfig
uration matched:
      - 
@ConditionalOnClass 
found required class 'io
.micrometer.observation.
ObservationRegistry' 
(OnClassCondition)

   ObservationAutoConfig
uration#observationRegis
try matched:
      - @ConditionalOnMi
ssingBean (types: io.mic
rometer.observation.Obse
rvationRegistry; 
SearchStrategy: all) 
did not find any beans 
(OnBeanCondition)

   ObservationAutoConfig
uration.MeterObservation
HandlerConfiguration 
matched:
      - 
@ConditionalOnBean 
(types: io.micrometer.co
re.instrument.MeterRegis
try; SearchStrategy: 
all) found bean 
'simpleMeterRegistry'; @
ConditionalOnMissingBean
 (types: io.micrometer.c
ore.instrument.observati
on.MeterObservationHandl
er; SearchStrategy: 
all) did not find any 
beans (OnBeanCondition)

   ObservationAutoConfig
uration.MeterObservation
HandlerConfiguration.Onl
yMetricsMeterObservation
HandlerConfiguration 
matched:
      - @ConditionalOnMi
ssingBean (types: io.mic
rometer.tracing.Tracer; 
SearchStrategy: all) 
did not find any beans 
(OnBeanCondition)

   ObservationAutoConfig
uration.ObservedAspectCo
nfiguration matched:
      - 
@ConditionalOnClass 
found required class 'or
g.aspectj.weaver.Advice'
 (OnClassCondition)

   ObservationAutoConfig
uration.ObservedAspectCo
nfiguration#observedAspe
ct matched:
      - @ConditionalOnMi
ssingBean (types: io.mic
rometer.observation.aop.
ObservedAspect; 
SearchStrategy: all) 
did not find any beans 
(OnBeanCondition)

   ObservationAutoConfig
uration.OnlyMetricsConfi
guration matched:
      - 
@ConditionalOnClass 
found required class 'io
.micrometer.core.instrum
ent.MeterRegistry'; @Con
ditionalOnMissingClass 
did not find unwanted 
class 'io.micrometer.tra
cing.Tracer' 
(OnClassCondition)

   PersistenceExceptionT
ranslationAutoConfigurat
ion matched:
      - 
@ConditionalOnClass 
found required class 'or
g.springframework.dao.an
notation.PersistenceExce
ptionTranslationPostProc
essor' 
(OnClassCondition)

   PersistenceExceptionT
ranslationAutoConfigurat
ion#persistenceException
TranslationPostProcessor
 matched:
      - 
@ConditionalOnProperty (
spring.dao.exceptiontran
slation.enabled) 
matched 
(OnPropertyCondition)
      - @ConditionalOnMi
ssingBean (types: org.sp
ringframework.dao.annota
tion.PersistenceExceptio
nTranslationPostProcesso
r; SearchStrategy: all) 
did not find any beans 
(OnBeanCondition)

   PropertyPlaceholderAu
toConfiguration#property
SourcesPlaceholderConfig
urer matched:
      - @ConditionalOnMi
ssingBean (types: org.sp
ringframework.context.su
pport.PropertySourcesPla
ceholderConfigurer; 
SearchStrategy: 
current) did not find 
any beans 
(OnBeanCondition)

   RepositoryMetricsAuto
Configuration matched:
      - 
@ConditionalOnClass 
found required class 'or
g.springframework.data.r
epository.Repository' 
(OnClassCondition)
      - 
@ConditionalOnBean 
(types: io.micrometer.co
re.instrument.MeterRegis
try; SearchStrategy: 
all) found bean 
'simpleMeterRegistry' 
(OnBeanCondition)

   RepositoryMetricsAuto
Configuration#metricsRep
ositoryMethodInvocationL
istener matched:
      - @ConditionalOnMi
ssingBean (types: org.sp
ringframework.boot.actua
te.metrics.data.MetricsR
epositoryMethodInvocatio
nListener; 
SearchStrategy: all) 
did not find any beans 
(OnBeanCondition)

   RepositoryMetricsAuto
Configuration#repository
TagsProvider matched:
      - @ConditionalOnMi
ssingBean (types: org.sp
ringframework.boot.actua
te.metrics.data.Reposito
ryTagsProvider; 
SearchStrategy: all) 
did not find any beans 
(OnBeanCondition)

   RestClientAutoConfigu
ration matched:
      - 
@ConditionalOnClass 
found required class 'or
g.springframework.web.cl
ient.RestClient' 
(OnClassCondition)
      - 
NoneNestedConditions 0 
matched 1 did not; 
NestedCondition on NotRe
activeWebApplicationCond
ition.ReactiveWebApplica
tion did not find 
reactive web 
application classes (Not
ReactiveWebApplicationCo
ndition)

   RestClientAutoConfigu
ration#httpMessageConver
tersRestClientCustomizer
 matched:
      - @ConditionalOnMi
ssingBean (types: org.sp
ringframework.boot.autoc
onfigure.web.client.Http
MessageConvertersRestCli
entCustomizer; 
SearchStrategy: all) 
did not find any beans 
(OnBeanCondition)

   RestClientAutoConfigu
ration#restClientBuilder
 matched:
      - @ConditionalOnMi
ssingBean (types: org.sp
ringframework.web.client
.RestClient$Builder; 
SearchStrategy: all) 
did not find any beans 
(OnBeanCondition)

   RestClientAutoConfigu
ration#restClientBuilder
Configurer matched:
      - @ConditionalOnMi
ssingBean (types: org.sp
ringframework.boot.autoc
onfigure.web.client.Rest
ClientBuilderConfigurer;
 SearchStrategy: all) 
did not find any beans 
(OnBeanCondition)

   RestClientAutoConfigu
ration#restClientSsl 
matched:
      - 
@ConditionalOnBean 
(types: org.springframew
ork.boot.ssl.SslBundles;
 SearchStrategy: all) 
found bean 
'sslBundleRegistry'; @Co
nditionalOnMissingBean 
(types: org.springframew
ork.boot.autoconfigure.w
eb.client.RestClientSsl;
 SearchStrategy: all) 
did not find any beans 
(OnBeanCondition)

   RestClientObservation
Configuration matched:
      - 
@ConditionalOnClass 
found required class 'or
g.springframework.web.cl
ient.RestClient' 
(OnClassCondition)
      - 
@ConditionalOnBean 
(types: org.springframew
ork.web.client.RestClien
t$Builder; 
SearchStrategy: all) 
found bean 
'restClientBuilder' 
(OnBeanCondition)

   RestTemplateAutoConfi
guration matched:
      - 
@ConditionalOnClass 
found required class 'or
g.springframework.web.cl
ient.RestTemplate' 
(OnClassCondition)
      - 
NoneNestedConditions 0 
matched 1 did not; 
NestedCondition on NotRe
activeWebApplicationCond
ition.ReactiveWebApplica
tion did not find 
reactive web 
application classes (Not
ReactiveWebApplicationCo
ndition)

   RestTemplateAutoConfi
guration#restTemplateBui
lder matched:
      - @ConditionalOnMi
ssingBean (types: org.sp
ringframework.boot.web.c
lient.RestTemplateBuilde
r; SearchStrategy: all) 
did not find any beans 
(OnBeanCondition)

   RestTemplateObservati
onConfiguration matched:
      - 
@ConditionalOnClass 
found required class 'or
g.springframework.web.cl
ient.RestTemplate' 
(OnClassCondition)
      - 
@ConditionalOnBean 
(types: org.springframew
ork.boot.web.client.Rest
TemplateBuilder; 
SearchStrategy: all) 
found bean 
'restTemplateBuilder' 
(OnBeanCondition)

   ScheduledTasksObserva
bilityAutoConfiguration 
matched:
      - 
@ConditionalOnClass 
found required class 'or
g.springframework.schedu
ling.concurrent.ThreadPo
olTaskScheduler' 
(OnClassCondition)
      - 
@ConditionalOnBean 
(types: io.micrometer.ob
servation.ObservationReg
istry; SearchStrategy: 
all) found bean 
'observationRegistry' 
(OnBeanCondition)

   SecurityAutoConfigura
tion matched:
      - 
@ConditionalOnClass 
found required class 'or
g.springframework.securi
ty.authentication.Defaul
tAuthenticationEventPubl
isher' 
(OnClassCondition)

   SecurityAutoConfigura
tion#authenticationEvent
Publisher matched:
      - @ConditionalOnMi
ssingBean (types: org.sp
ringframework.security.a
uthentication.Authentica
tionEventPublisher; 
SearchStrategy: all) 
did not find any beans 
(OnBeanCondition)

   SecurityFilterAutoCon
figuration matched:
      - 
@ConditionalOnClass 
found required classes '
org.springframework.secu
rity.web.context.Abstrac
tSecurityWebApplicationI
nitializer', 'org.spring
framework.security.confi
g.http.SessionCreationPo
licy' (OnClassCondition)
      - found 'session' 
scope (OnWebApplicationC
ondition)

   SecurityFilterAutoCon
figuration#securityFilte
rChainRegistration 
matched:
      - 
@ConditionalOnBean 
(names: springSecurityFi
lterChain; 
SearchStrategy: all) 
found bean 'springSecuri
tyFilterChain' 
(OnBeanCondition)

   SecurityRequestMatche
rsManagementContextConfi
guration matched:
      - 
@ConditionalOnClass 
found required class 'or
g.springframework.securi
ty.web.util.matcher.Requ
estMatcher' 
(OnClassCondition)
      - found 'session' 
scope (OnWebApplicationC
ondition)

   SecurityRequestMatche
rsManagementContextConfi
guration.MvcRequestMatch
erConfiguration matched:
      - 
@ConditionalOnClass 
found required class 'or
g.springframework.web.se
rvlet.DispatcherServlet'
 (OnClassCondition)
      - 
@ConditionalOnBean 
(types: org.springframew
ork.boot.autoconfigure.w
eb.servlet.DispatcherSer
vletPath; 
SearchStrategy: all) 
found bean 'dispatcherSe
rvletRegistration' 
(OnBeanCondition)

   SecurityRequestMatche
rsManagementContextConfi
guration.MvcRequestMatch
erConfiguration#requestM
atcherProvider matched:
      - 
@ConditionalOnClass 
found required class 'or
g.springframework.web.se
rvlet.DispatcherServlet'
 (OnClassCondition)
      - @ConditionalOnMi
ssingBean (types: org.sp
ringframework.boot.autoc
onfigure.security.servle
t.RequestMatcherProvider
; SearchStrategy: all) 
did not find any beans 
(OnBeanCondition)

   ServletEndpointManage
mentContextConfiguration
 matched:
      - found 'session' 
scope (OnWebApplicationC
ondition)

   ServletEndpointManage
mentContextConfiguration
.WebMvcServletEndpointMa
nagementContextConfigura
tion matched:
      - 
@ConditionalOnClass 
found required class 'or
g.springframework.web.se
rvlet.DispatcherServlet'
 (OnClassCondition)

   ServletManagementCont
extAutoConfiguration 
matched:
      - 
@ConditionalOnClass 
found required class 'ja
karta.servlet.Servlet' 
(OnClassCondition)
      - found 'session' 
scope (OnWebApplicationC
ondition)

   ServletWebServerFacto
ryAutoConfiguration 
matched:
      - 
@ConditionalOnClass 
found required class 'ja
karta.servlet.ServletReq
uest' (OnClassCondition)
      - found 'session' 
scope (OnWebApplicationC
ondition)

   ServletWebServerFacto
ryAutoConfiguration#tomc
atServletWebServerFactor
yCustomizer matched:
      - 
@ConditionalOnClass 
found required class 'or
g.apache.catalina.startu
p.Tomcat' 
(OnClassCondition)

   ServletWebServerFacto
ryConfiguration.Embedded
Tomcat matched:
      - 
@ConditionalOnClass 
found required classes '
jakarta.servlet.Servlet'
, 'org.apache.catalina.s
tartup.Tomcat', 'org.apa
che.coyote.UpgradeProtoc
ol' (OnClassCondition)
      - @ConditionalOnMi
ssingBean (types: org.sp
ringframework.boot.web.s
ervlet.server.ServletWeb
ServerFactory; 
SearchStrategy: 
current) did not find 
any beans 
(OnBeanCondition)

   SimpleCacheConfigurat
ion matched:
      - Cache org.spring
framework.boot.autoconfi
gure.cache.SimpleCacheCo
nfiguration automatic 
cache type 
(CacheCondition)

   SimpleMetricsExportAu
toConfiguration matched:
      - @ConditionalOnEn
abledMetricsExport manag
ement.simple.metrics.exp
ort.enabled is true (OnM
etricsExportEnabledCondi
tion)
      - 
@ConditionalOnBean 
(types: io.micrometer.co
re.instrument.Clock; 
SearchStrategy: all) 
found bean 
'micrometerClock'; @Cond
itionalOnMissingBean 
(types: io.micrometer.co
re.instrument.MeterRegis
try; SearchStrategy: 
all) did not find any 
beans (OnBeanCondition)

   SimpleMetricsExportAu
toConfiguration#simpleCo
nfig matched:
      - @ConditionalOnMi
ssingBean (types: io.mic
rometer.core.instrument.
simple.SimpleConfig; 
SearchStrategy: all) 
did not find any beans 
(OnBeanCondition)

   SpringBootWebSecurity
Configuration matched:
      - found 'session' 
scope (OnWebApplicationC
ondition)

   SpringDataWebAutoConf
iguration matched:
      - 
@ConditionalOnClass 
found required classes '
org.springframework.data
.web.PageableHandlerMeth
odArgumentResolver', 'or
g.springframework.web.se
rvlet.config.annotation.
WebMvcConfigurer' 
(OnClassCondition)
      - found 'session' 
scope (OnWebApplicationC
ondition)
      - @ConditionalOnMi
ssingBean (types: org.sp
ringframework.data.web.P
ageableHandlerMethodArgu
mentResolver; 
SearchStrategy: all) 
did not find any beans 
(OnBeanCondition)

   SpringDataWebAutoConf
iguration#pageableCustom
izer matched:
      - @ConditionalOnMi
ssingBean (types: org.sp
ringframework.data.web.c
onfig.PageableHandlerMet
hodArgumentResolverCusto
mizer; SearchStrategy: 
all) did not find any 
beans (OnBeanCondition)

   SpringDataWebAutoConf
iguration#sortCustomizer
 matched:
      - @ConditionalOnMi
ssingBean (types: org.sp
ringframework.data.web.c
onfig.SortHandlerMethodA
rgumentResolverCustomize
r; SearchStrategy: all) 
did not find any beans 
(OnBeanCondition)

   SpringDataWebAutoConf
iguration#springDataWebS
ettings matched:
      - @ConditionalOnMi
ssingBean (types: org.sp
ringframework.data.web.c
onfig.SpringDataWebSetti
ngs; SearchStrategy: 
all) did not find any 
beans (OnBeanCondition)

   SpringDocConfigProper
ties matched:
      - 
@ConditionalOnProperty (
springdoc.api-docs.enabl
ed) matched 
(OnPropertyCondition)
      - 
@ConditionalOnBean 
(types: org.springdoc.co
re.configuration.SpringD
ocConfiguration; 
SearchStrategy: all) 
found bean 'org.springdo
c.core.configuration.Spr
ingDocConfiguration' 
(OnBeanCondition)

   
SpringDocConfiguration 
matched:
      - @ConditionalOnWe
bApplication (required) 
found 'session' scope (O
nWebApplicationCondition
)
      - 
@ConditionalOnProperty (
springdoc.api-docs.enabl
ed) matched 
(OnPropertyCondition)

   SpringDocConfiguratio
n#fileSupportConverter 
matched:
      - @ConditionalOnMi
ssingBean (types: org.sp
ringdoc.core.converters.
FileSupportConverter; 
SearchStrategy: all) 
did not find any beans 
(OnBeanCondition)

   SpringDocConfiguratio
n#globalOpenApiCustomize
r matched:
      - @ConditionalOnMi
ssingBean (types: org.sp
ringdoc.core.customizers
.GlobalOpenApiCustomizer
; SearchStrategy: all) 
did not find any beans 
(OnBeanCondition)

   SpringDocConfiguratio
n#openAPIBuilder 
matched:
      - @ConditionalOnMi
ssingBean (types: org.sp
ringdoc.core.service.Ope
nAPIService; 
SearchStrategy: all) 
did not find any beans 
(OnBeanCondition)

   SpringDocConfiguratio
n#operationBuilder 
matched:
      - @ConditionalOnMi
ssingBean (types: org.sp
ringdoc.core.service.Ope
rationService; 
SearchStrategy: all) 
did not find any beans 
(OnBeanCondition)

   SpringDocConfiguratio
n#parameterBuilder 
matched:
      - @ConditionalOnMi
ssingBean (types: org.sp
ringdoc.core.service.Gen
ericParameterService; 
SearchStrategy: all) 
did not find any beans 
(OnBeanCondition)

   SpringDocConfiguratio
n#parameterObjectNamingS
trategyCustomizer 
matched:
      - @ConditionalOnMi
ssingBean (types: org.sp
ringdoc.core.customizers
.ParameterObjectNamingSt
rategyCustomizer; 
SearchStrategy: all) 
did not find any beans 
(OnBeanCondition)

   SpringDocConfiguratio
n#polymorphicModelConver
ter matched:
      - 
@ConditionalOnProperty (
springdoc.model-converte
rs.polymorphic-converter
.enabled) matched 
(OnPropertyCondition)
      - @ConditionalOnMi
ssingBean (types: org.sp
ringdoc.core.converters.
PolymorphicModelConverte
r; SearchStrategy: all) 
did not find any beans 
(OnBeanCondition)

   SpringDocConfiguratio
n#requestBodyBuilder 
matched:
      - @ConditionalOnMi
ssingBean (types: org.sp
ringdoc.core.service.Req
uestBodyService; 
SearchStrategy: all) 
did not find any beans 
(OnBeanCondition)

   SpringDocConfiguratio
n#responseSupportConvert
er matched:
      - @ConditionalOnMi
ssingBean (types: org.sp
ringdoc.core.converters.
ResponseSupportConverter
; SearchStrategy: all) 
did not find any beans 
(OnBeanCondition)

   SpringDocConfiguratio
n#schemaPropertyDeprecat
ingConverter matched:
      - 
@ConditionalOnProperty (
springdoc.model-converte
rs.deprecating-converter
.enabled) matched 
(OnPropertyCondition)
      - @ConditionalOnMi
ssingBean (types: org.sp
ringdoc.core.converters.
SchemaPropertyDeprecatin
gConverter; 
SearchStrategy: all) 
did not find any beans 
(OnBeanCondition)

   SpringDocConfiguratio
n#securityParser 
matched:
      - @ConditionalOnMi
ssingBean (types: org.sp
ringdoc.core.service.Sec
urityService; 
SearchStrategy: all) 
did not find any beans 
(OnBeanCondition)

   SpringDocConfiguratio
n#springDocCustomizers 
matched:
      - @ConditionalOnMi
ssingBean (types: org.sp
ringdoc.core.customizers
.SpringDocCustomizers; 
SearchStrategy: all) 
did not find any beans 
(OnBeanCondition)

   SpringDocConfiguratio
n#springDocProviders 
matched:
      - @ConditionalOnMi
ssingBean (types: org.sp
ringdoc.core.providers.S
pringDocProviders; 
SearchStrategy: all) 
did not find any beans 
(OnBeanCondition)

   SpringDocConfiguratio
n#springdocObjectMapperP
rovider matched:
      - @ConditionalOnMi
ssingBean (types: org.sp
ringdoc.core.providers.O
bjectMapperProvider; 
SearchStrategy: all) 
did not find any beans 
(OnBeanCondition)

   SpringDocConfiguratio
n.QuerydslProvider 
matched:
      - 
@ConditionalOnClass 
found required class 'or
g.springframework.data.q
uerydsl.binding.Querydsl
BindingsFactory' 
(OnClassCondition)

   SpringDocConfiguratio
n.QuerydslProvider#query
DslQuerydslPredicateOper
ationCustomizer matched:
      - @ConditionalOnMi
ssingBean (types: org.sp
ringdoc.core.customizers
.QuerydslPredicateOperat
ionCustomizer; 
SearchStrategy: all) 
did not find any beans 
(OnBeanCondition)

   SpringDocConfiguratio
n.SpringDocSpringDataWeb
PropertiesProvider 
matched:
      - 
@ConditionalOnClass 
found required class 'or
g.springframework.boot.a
utoconfigure.data.web.Sp
ringDataWebProperties' 
(OnClassCondition)

   SpringDocConfiguratio
n.SpringDocSpringDataWeb
PropertiesProvider#sprin
gDataWebPropertiesProvid
er matched:
      - @ConditionalOnMi
ssingBean (types: org.sp
ringdoc.core.providers.S
pringDataWebPropertiesPr
ovider; SearchStrategy: 
all) did not find any 
beans (OnBeanCondition)

   SpringDocConfiguratio
n.WebConversionServiceCo
nfiguration matched:
      - 
@ConditionalOnClass 
found required class 'or
g.springframework.boot.a
utoconfigure.web.format.
WebConversionService' 
(OnClassCondition)

   SpringDocPageableConf
iguration matched:
      - 
@ConditionalOnClass 
found required class 'or
g.springframework.data.d
omain.Pageable' 
(OnClassCondition)
      - @ConditionalOnWe
bApplication (required) 
found 'session' scope (O
nWebApplicationCondition
)
      - 
@ConditionalOnProperty (
springdoc.api-docs.enabl
ed) matched 
(OnPropertyCondition)
      - 
@ConditionalOnBean 
(types: org.springdoc.co
re.configuration.SpringD
ocConfiguration; 
SearchStrategy: all) 
found bean 'org.springdo
c.core.configuration.Spr
ingDocConfiguration' 
(OnBeanCondition)

   SpringDocPageableConf
iguration#dataRestDelega
tingMethodParameterCusto
mizer matched:
      - @ConditionalOnMi
ssingBean (types: org.sp
ringdoc.core.customizers
.DataRestDelegatingMetho
dParameterCustomizer; 
SearchStrategy: all) 
did not find any beans 
(OnBeanCondition)

   SpringDocPageableConf
iguration#pageOpenAPICon
verter matched:
      - 
@ConditionalOnClass 
found required classes '
org.springframework.data
.web.PagedModel', 'org.s
pringframework.data.web.
config.SpringDataWebSett
ings' (OnClassCondition)
      - @ConditionalOnMi
ssingBean (types: org.sp
ringdoc.core.converters.
PageOpenAPIConverter; 
SearchStrategy: all) 
did not find any beans 
(OnBeanCondition)

   SpringDocPageableConf
iguration#pageableOpenAP
IConverter matched:
      - 
@ConditionalOnProperty (
springdoc.model-converte
rs.pageable-converter.en
abled) matched 
(OnPropertyCondition)
      - @ConditionalOnMi
ssingBean (types: org.sp
ringdoc.core.converters.
PageableOpenAPIConverter
; SearchStrategy: all) 
did not find any beans 
(OnBeanCondition)

   SpringDocSecurityConf
iguration matched:
      - 
@ConditionalOnClass 
found required class 'or
g.springframework.securi
ty.web.SecurityFilterCha
in' (OnClassCondition)
      - @ConditionalOnWe
bApplication (required) 
found 'session' scope (O
nWebApplicationCondition
)
      - @ConditionalOnEx
pression (#{${springdoc.
api-docs.enabled:true} 
and ${springdoc.enable-s
pring-security:true}}) 
resulted in true 
(OnExpressionCondition)
      - 
@ConditionalOnBean 
(types: org.springdoc.co
re.configuration.SpringD
ocConfiguration; 
SearchStrategy: all) 
found bean 'org.springdo
c.core.configuration.Spr
ingDocConfiguration' 
(OnBeanCondition)

   SpringDocSecurityConf
iguration.SpringDocSecur
ityOAuth2ClientConfigura
tion matched:
      - 
@ConditionalOnClass 
found required class 'or
g.springframework.securi
ty.oauth2.client.annotat
ion.RegisteredOAuth2Auth
orizedClient' 
(OnClassCondition)

   SpringDocSecurityConf
iguration.SpringSecurity
LoginEndpointConfigurati
on matched:
      - 
@ConditionalOnClass 
found required class 'ja
karta.servlet.Filter' 
(OnClassCondition)

   SpringDocSortConfigur
ation matched:
      - 
@ConditionalOnClass 
found required class 'or
g.springframework.data.d
omain.Sort' 
(OnClassCondition)
      - @ConditionalOnWe
bApplication (required) 
found 'session' scope (O
nWebApplicationCondition
)
      - 
@ConditionalOnProperty (
springdoc.api-docs.enabl
ed) matched 
(OnPropertyCondition)
      - 
@ConditionalOnBean 
(types: org.springdoc.co
re.configuration.SpringD
ocConfiguration; 
SearchStrategy: all) 
found bean 'org.springdo
c.core.configuration.Spr
ingDocConfiguration' 
(OnBeanCondition)

   SpringDocSortConfigur
ation#sortOpenAPIConvert
er matched:
      - 
@ConditionalOnProperty (
springdoc.sort-converter
.enabled) matched 
(OnPropertyCondition)
      - @ConditionalOnMi
ssingBean (types: org.sp
ringdoc.core.converters.
SortOpenAPIConverter; 
SearchStrategy: all) 
did not find any beans 
(OnBeanCondition)

   SpringDocUIConfigurat
ion matched:
      - @ConditionalOnWe
bApplication (required) 
found 'session' scope (O
nWebApplicationCondition
)
      - 
@ConditionalOnBean 
(types: org.springdoc.co
re.configuration.SpringD
ocConfiguration; 
SearchStrategy: all) 
found bean 'org.springdo
c.core.configuration.Spr
ingDocConfiguration' 
(OnBeanCondition)

   SpringDocWebMvcConfig
uration matched:
      - found 'session' 
scope (OnWebApplicationC
ondition)
      - 
@ConditionalOnProperty (
springdoc.api-docs.enabl
ed) matched 
(OnPropertyCondition)
      - 
@ConditionalOnBean 
(types: org.springdoc.co
re.configuration.SpringD
ocConfiguration; 
SearchStrategy: all) 
found bean 'org.springdo
c.core.configuration.Spr
ingDocConfiguration' 
(OnBeanCondition)

   SpringDocWebMvcConfig
uration#openApiResource 
matched:
      - @ConditionalOnEx
pression (#{(${springdoc
.use-management-port:fal
se} == false ) and ${spr
ingdoc.enable-default-ap
i-docs:true}}) resulted 
in true 
(OnExpressionCondition)
      - @ConditionalOnMi
ssingBean (types: org.sp
ringdoc.webmvc.api.OpenA
piWebMvcResource; 
SearchStrategy: all) 
did not find any beans 
(OnBeanCondition)

   SpringDocWebMvcConfig
uration#requestBuilder 
matched:
      - @ConditionalOnMi
ssingBean (types: org.sp
ringdoc.webmvc.core.serv
ice.RequestService; 
SearchStrategy: all) 
did not find any beans 
(OnBeanCondition)

   SpringDocWebMvcConfig
uration#responseBuilder 
matched:
      - @ConditionalOnMi
ssingBean (types: org.sp
ringdoc.core.service.Gen
ericResponseService; 
SearchStrategy: all) 
did not find any beans 
(OnBeanCondition)

   SpringDocWebMvcConfig
uration#springWebProvide
r matched:
      - @ConditionalOnMi
ssingBean (types: org.sp
ringdoc.core.providers.S
pringWebProvider; 
SearchStrategy: all) 
did not find any beans 
(OnBeanCondition)

   SpringDocWebMvcConfig
uration.SpringDocWebMvcA
ctuatorConfiguration 
matched:
      - 
@ConditionalOnClass 
found required class 'or
g.springframework.boot.a
ctuate.endpoint.web.serv
let.WebMvcEndpointHandle
rMapping' 
(OnClassCondition)

   SpringDocWebMvcConfig
uration.SpringDocWebMvcR
outerConfiguration 
matched:
      - 
@ConditionalOnClass 
found required class 'or
g.springframework.web.se
rvlet.function.RouterFun
ction' 
(OnClassCondition)

   SpringDocWebMvcConfig
uration.SpringDocWebMvcR
outerConfiguration#route
rFunctionProvider 
matched:
      - @ConditionalOnMi
ssingBean (types: org.sp
ringdoc.webmvc.core.prov
iders.RouterFunctionWebM
vcProvider; 
SearchStrategy: all) 
did not find any beans 
(OnBeanCondition)

   SqlInitializationAuto
Configuration matched:
      - 
@ConditionalOnProperty (
spring.sql.init.enabled)
 matched 
(OnPropertyCondition)
      - 
NoneNestedConditions 0 
matched 1 did not; 
NestedCondition on SqlIn
itializationAutoConfigur
ation.SqlInitializationM
odeCondition.ModeIsNever
 @ConditionalOnProperty 
(spring.sql.init.mode=ne
ver) did not find 
property 'mode' (SqlInit
ializationAutoConfigurat
ion.SqlInitializationMod
eCondition)

   SslAutoConfiguration#
sslBundleRegistry 
matched:
      - @ConditionalOnMi
ssingBean (types: org.sp
ringframework.boot.ssl.S
slBundleRegistry,org.spr
ingframework.boot.ssl.Ss
lBundles; 
SearchStrategy: all) 
did not find any beans 
(OnBeanCondition)

   SslHealthContributorA
utoConfiguration 
matched:
      - @ConditionalOnEn
abledHealthIndicator man
agement.health.defaults.
enabled is considered 
true (OnEnabledHealthInd
icatorCondition)

   SslHealthContributorA
utoConfiguration#sslHeal
thIndicator matched:
      - @ConditionalOnMi
ssingBean (names: 
sslHealthIndicator; 
SearchStrategy: all) 
did not find any beans 
(OnBeanCondition)

   SslHealthContributorA
utoConfiguration#sslInfo
 matched:
      - @ConditionalOnMi
ssingBean (types: org.sp
ringframework.boot.info.
SslInfo; 
SearchStrategy: all) 
did not find any beans 
(OnBeanCondition)

   StartupTimeMetricsLis
tenerAutoConfiguration 
matched:
      - 
@ConditionalOnClass 
found required class 'io
.micrometer.core.instrum
ent.MeterRegistry' 
(OnClassCondition)
      - 
@ConditionalOnBean 
(types: io.micrometer.co
re.instrument.MeterRegis
try; SearchStrategy: 
all) found bean 
'simpleMeterRegistry' 
(OnBeanCondition)

   StartupTimeMetricsLis
tenerAutoConfiguration#s
tartupTimeMetrics 
matched:
      - @ConditionalOnMi
ssingBean (types: org.sp
ringframework.boot.actua
te.metrics.startup.Start
upTimeMetricsListener; 
SearchStrategy: all) 
did not find any beans 
(OnBeanCondition)

   SwaggerConfig 
matched:
      - found 'session' 
scope (OnWebApplicationC
ondition)
      - 
@ConditionalOnProperty (
springdoc.swagger-ui.ena
bled) matched 
(OnPropertyCondition)
      - 
@ConditionalOnBean 
(types: org.springdoc.co
re.configuration.SpringD
ocConfiguration; 
SearchStrategy: all) 
found bean 'org.springdo
c.core.configuration.Spr
ingDocConfiguration' 
(OnBeanCondition)

   SwaggerConfig#indexPa
geTransformer matched:
      - @ConditionalOnMi
ssingBean (types: org.sp
ringdoc.webmvc.ui.Swagge
rIndexTransformer; 
SearchStrategy: all) 
did not find any beans 
(OnBeanCondition)

   SwaggerConfig#swagger
ConfigResource matched:
      - 
@ConditionalOnProperty (
springdoc.use-management
-port=false) matched 
(OnPropertyCondition)
      - @ConditionalOnMi
ssingBean (types: org.sp
ringdoc.webmvc.ui.Swagge
rConfigResource; 
SearchStrategy: all) 
did not find any beans 
(OnBeanCondition)

   SwaggerConfig#swagger
ResourceResolver 
matched:
      - @ConditionalOnMi
ssingBean (types: org.sp
ringdoc.webmvc.ui.Swagge
rResourceResolver; 
SearchStrategy: all) 
did not find any beans 
(OnBeanCondition)

   SwaggerConfig#swagger
WebMvcConfigurer 
matched:
      - @ConditionalOnMi
ssingBean (types: org.sp
ringdoc.webmvc.ui.Swagge
rWebMvcConfigurer; 
SearchStrategy: all) 
did not find any beans 
(OnBeanCondition)

   SwaggerConfig#swagger
Welcome matched:
      - 
@ConditionalOnProperty (
springdoc.use-management
-port=false) matched 
(OnPropertyCondition)
      - @ConditionalOnMi
ssingBean (types: org.sp
ringdoc.webmvc.ui.Swagge
rWelcomeWebMvc; 
SearchStrategy: all) 
did not find any beans 
(OnBeanCondition)

   SwaggerUiConfigProper
ties matched:
      - 
@ConditionalOnProperty (
springdoc.swagger-ui.ena
bled) matched 
(OnPropertyCondition)
      - 
@ConditionalOnBean 
(types: org.springdoc.co
re.configuration.SpringD
ocConfiguration; 
SearchStrategy: all) 
found bean 'org.springdo
c.core.configuration.Spr
ingDocConfiguration' 
(OnBeanCondition)

   SwaggerUiOAuthPropert
ies matched:
      - 
@ConditionalOnProperty (
springdoc.swagger-ui.ena
bled) matched 
(OnPropertyCondition)
      - 
@ConditionalOnBean 
(types: org.springdoc.co
re.configuration.SpringD
ocConfiguration; 
SearchStrategy: all) 
found bean 'org.springdo
c.core.configuration.Spr
ingDocConfiguration' 
(OnBeanCondition)

   SystemMetricsAutoConf
iguration matched:
      - 
@ConditionalOnClass 
found required class 'io
.micrometer.core.instrum
ent.MeterRegistry' 
(OnClassCondition)
      - 
@ConditionalOnBean 
(types: io.micrometer.co
re.instrument.MeterRegis
try; SearchStrategy: 
all) found bean 
'simpleMeterRegistry' 
(OnBeanCondition)

   SystemMetricsAutoConf
iguration#diskSpaceMetri
cs matched:
      - @ConditionalOnMi
ssingBean (types: org.sp
ringframework.boot.actua
te.metrics.system.DiskSp
aceMetricsBinder; 
SearchStrategy: all) 
did not find any beans 
(OnBeanCondition)

   SystemMetricsAutoConf
iguration#fileDescriptor
Metrics matched:
      - @ConditionalOnMi
ssingBean (types: io.mic
rometer.core.instrument.
binder.system.FileDescri
ptorMetrics; 
SearchStrategy: all) 
did not find any beans 
(OnBeanCondition)

   SystemMetricsAutoConf
iguration#processorMetri
cs matched:
      - @ConditionalOnMi
ssingBean (types: io.mic
rometer.core.instrument.
binder.system.ProcessorM
etrics; SearchStrategy: 
all) did not find any 
beans (OnBeanCondition)

   SystemMetricsAutoConf
iguration#uptimeMetrics 
matched:
      - @ConditionalOnMi
ssingBean (types: io.mic
rometer.core.instrument.
binder.system.UptimeMetr
ics; SearchStrategy: 
all) did not find any 
beans (OnBeanCondition)

   TaskExecutionAutoConf
iguration matched:
      - 
@ConditionalOnClass 
found required class 'or
g.springframework.schedu
ling.concurrent.ThreadPo
olTaskExecutor' 
(OnClassCondition)

   TaskExecutorConfigura
tions.SimpleAsyncTaskExe
cutorBuilderConfiguratio
n#simpleAsyncTaskExecuto
rBuilder matched:
      - @ConditionalOnMi
ssingBean (types: org.sp
ringframework.boot.task.
SimpleAsyncTaskExecutorB
uilder; SearchStrategy: 
all) did not find any 
beans (OnBeanCondition)
      - 
@ConditionalOnThreading 
found PLATFORM 
(OnThreadingCondition)

   TaskExecutorConfigura
tions.TaskExecutorConfig
uration matched:
      - @ConditionalOnMi
ssingBean (types: java.u
til.concurrent.Executor;
 SearchStrategy: all) 
did not find any beans 
(OnBeanCondition)

   TaskExecutorConfigura
tions.TaskExecutorConfig
uration#applicationTaskE
xecutor matched:
      - 
@ConditionalOnThreading 
found PLATFORM 
(OnThreadingCondition)

   TaskExecutorConfigura
tions.ThreadPoolTaskExec
utorBuilderConfiguration
#threadPoolTaskExecutorB
uilder matched:
      - @ConditionalOnMi
ssingBean (types: org.sp
ringframework.boot.task.
ThreadPoolTaskExecutorBu
ilder; SearchStrategy: 
all) did not find any 
beans (OnBeanCondition)

   TaskExecutorMetricsAu
toConfiguration matched:
      - 
@ConditionalOnClass 
found required class 'io
.micrometer.core.instrum
ent.binder.jvm.ExecutorS
erviceMetrics' 
(OnClassCondition)
      - 
@ConditionalOnBean 
(types: java.util.concur
rent.Executor,io.microme
ter.core.instrument.Mete
rRegistry; 
SearchStrategy: all) 
found beans 'application
TaskExecutor', 
'simpleMeterRegistry' 
(OnBeanCondition)

   TaskSchedulingAutoCon
figuration matched:
      - 
@ConditionalOnClass 
found required class 'or
g.springframework.schedu
ling.concurrent.ThreadPo
olTaskScheduler' 
(OnClassCondition)

   TaskSchedulingConfigu
rations.SimpleAsyncTaskS
chedulerBuilderConfigura
tion#simpleAsyncTaskSche
dulerBuilder matched:
      - @ConditionalOnMi
ssingBean (types: org.sp
ringframework.boot.task.
SimpleAsyncTaskScheduler
Builder; 
SearchStrategy: all) 
did not find any beans 
(OnBeanCondition)
      - 
@ConditionalOnThreading 
found PLATFORM 
(OnThreadingCondition)

   TaskSchedulingConfigu
rations.ThreadPoolTaskSc
hedulerBuilderConfigurat
ion#threadPoolTaskSchedu
lerBuilder matched:
      - @ConditionalOnMi
ssingBean (types: org.sp
ringframework.boot.task.
ThreadPoolTaskSchedulerB
uilder; SearchStrategy: 
all) did not find any 
beans (OnBeanCondition)

   TomcatMetricsAutoConf
iguration matched:
      - 
@ConditionalOnClass 
found required classes '
io.micrometer.core.instr
ument.binder.tomcat.Tomc
atMetrics', 'org.apache.
catalina.Manager' 
(OnClassCondition)
      - @ConditionalOnWe
bApplication (required) 
found 'session' scope (O
nWebApplicationCondition
)

   TomcatMetricsAutoConf
iguration#tomcatMetricsB
inder matched:
      - 
@ConditionalOnBean 
(types: io.micrometer.co
re.instrument.MeterRegis
try; SearchStrategy: 
all) found bean 
'simpleMeterRegistry'; @
ConditionalOnMissingBean
 (types: io.micrometer.c
ore.instrument.binder.to
mcat.TomcatMetrics,org.s
pringframework.boot.actu
ate.metrics.web.tomcat.T
omcatMetricsBinder; 
SearchStrategy: all) 
did not find any beans 
(OnBeanCondition)

   TransactionAutoConfig
uration matched:
      - 
@ConditionalOnClass 
found required class 'or
g.springframework.transa
ction.PlatformTransactio
nManager' 
(OnClassCondition)

   TransactionAutoConfig
uration.EnableTransactio
nManagementConfiguration
 matched:
      - 
@ConditionalOnBean 
(types: org.springframew
ork.transaction.Transact
ionManager; 
SearchStrategy: all) 
found bean 
'transactionManager'; @C
onditionalOnMissingBean 
(types: org.springframew
ork.transaction.annotati
on.AbstractTransactionMa
nagementConfiguration; 
SearchStrategy: all) 
did not find any beans 
(OnBeanCondition)

   TransactionAutoConfig
uration.EnableTransactio
nManagementConfiguration
.CglibAutoProxyConfigura
tion matched:
      - 
@ConditionalOnProperty (
spring.aop.proxy-target-
class=true) matched 
(OnPropertyCondition)

   TransactionAutoConfig
uration.TransactionTempl
ateConfiguration 
matched:
      - @ConditionalOnSi
ngleCandidate (types: or
g.springframework.transa
ction.PlatformTransactio
nManager; 
SearchStrategy: all) 
found a single bean 
'transactionManager' 
(OnBeanCondition)

   TransactionAutoConfig
uration.TransactionTempl
ateConfiguration#transac
tionTemplate matched:
      - @ConditionalOnMi
ssingBean (types: org.sp
ringframework.transactio
n.support.TransactionOpe
rations; 
SearchStrategy: all) 
did not find any beans 
(OnBeanCondition)

   TransactionManagerCus
tomizationAutoConfigurat
ion matched:
      - 
@ConditionalOnClass 
found required class 'or
g.springframework.transa
ction.PlatformTransactio
nManager' 
(OnClassCondition)

   TransactionManagerCus
tomizationAutoConfigurat
ion#platformTransactionM
anagerCustomizers 
matched:
      - @ConditionalOnMi
ssingBean (types: org.sp
ringframework.boot.autoc
onfigure.transaction.Tra
nsactionManagerCustomize
rs; SearchStrategy: 
all) did not find any 
beans (OnBeanCondition)

   ValidationAutoConfigu
ration matched:
      - 
@ConditionalOnClass 
found required class 'ja
karta.validation.executa
ble.ExecutableValidator'
 (OnClassCondition)
      - 
@ConditionalOnResource 
found location classpath
:META-INF/services/jakar
ta.validation.spi.Valida
tionProvider 
(OnResourceCondition)

   ValidationAutoConfigu
ration#defaultValidator 
matched:
      - @ConditionalOnMi
ssingBean (types: jakart
a.validation.Validator; 
SearchStrategy: all) 
did not find any beans 
(OnBeanCondition)

   ValidationAutoConfigu
ration#methodValidationP
ostProcessor matched:
      - @ConditionalOnMi
ssingBean (types: org.sp
ringframework.validation
.beanvalidation.MethodVa
lidationPostProcessor; 
SearchStrategy: 
current) did not find 
any beans 
(OnBeanCondition)

   WebEndpointAutoConfig
uration matched:
      - @ConditionalOnWe
bApplication (required) 
found 'session' scope (O
nWebApplicationCondition
)

   WebEndpointAutoConfig
uration#controllerEndpoi
ntDiscoverer matched:
      - @ConditionalOnMi
ssingBean (types: org.sp
ringframework.boot.actua
te.endpoint.web.annotati
on.ControllerEndpointsSu
pplier; SearchStrategy: 
all) did not find any 
beans (OnBeanCondition)

   WebEndpointAutoConfig
uration#endpointMediaTyp
es matched:
      - @ConditionalOnMi
ssingBean (types: org.sp
ringframework.boot.actua
te.endpoint.web.Endpoint
MediaTypes; 
SearchStrategy: all) 
did not find any beans 
(OnBeanCondition)

   WebEndpointAutoConfig
uration#pathMappedEndpoi
nts matched:
      - @ConditionalOnMi
ssingBean (types: org.sp
ringframework.boot.actua
te.endpoint.web.PathMapp
edEndpoints; 
SearchStrategy: all) 
did not find any beans 
(OnBeanCondition)

   WebEndpointAutoConfig
uration#webEndpointDisco
verer matched:
      - @ConditionalOnMi
ssingBean (types: org.sp
ringframework.boot.actua
te.endpoint.web.WebEndpo
intsSupplier; 
SearchStrategy: all) 
did not find any beans 
(OnBeanCondition)

   WebEndpointAutoConfig
uration.WebEndpointServl
etConfiguration matched:
      - found 'session' 
scope (OnWebApplicationC
ondition)

   WebEndpointAutoConfig
uration.WebEndpointServl
etConfiguration#servletE
ndpointDiscoverer 
matched:
      - @ConditionalOnMi
ssingBean (types: org.sp
ringframework.boot.actua
te.endpoint.web.annotati
on.ServletEndpointsSuppl
ier; SearchStrategy: 
all) did not find any 
beans (OnBeanCondition)

   
WebMvcAutoConfiguration 
matched:
      - 
@ConditionalOnClass 
found required classes '
jakarta.servlet.Servlet'
, 'org.springframework.w
eb.servlet.DispatcherSer
vlet', 'org.springframew
ork.web.servlet.config.a
nnotation.WebMvcConfigur
er' (OnClassCondition)
      - found 'session' 
scope (OnWebApplicationC
ondition)
      - @ConditionalOnMi
ssingBean (types: org.sp
ringframework.web.servle
t.config.annotation.WebM
vcConfigurationSupport; 
SearchStrategy: all) 
did not find any beans 
(OnBeanCondition)

   WebMvcAutoConfigurati
on#formContentFilter 
matched:
      - 
@ConditionalOnProperty (
spring.mvc.formcontent.f
ilter.enabled) matched 
(OnPropertyCondition)
      - @ConditionalOnMi
ssingBean (types: org.sp
ringframework.web.filter
.FormContentFilter; 
SearchStrategy: all) 
did not find any beans 
(OnBeanCondition)

   WebMvcAutoConfigurati
on.EnableWebMvcConfigura
tion#flashMapManager 
matched:
      - @ConditionalOnMi
ssingBean (names: 
flashMapManager; 
SearchStrategy: all) 
did not find any beans 
(OnBeanCondition)

   WebMvcAutoConfigurati
on.EnableWebMvcConfigura
tion#localeResolver 
matched:
      - @ConditionalOnMi
ssingBean (names: 
localeResolver; 
SearchStrategy: all) 
did not find any beans 
(OnBeanCondition)

   WebMvcAutoConfigurati
on.EnableWebMvcConfigura
tion#themeResolver 
matched:
      - @ConditionalOnMi
ssingBean (names: 
themeResolver; 
SearchStrategy: all) 
did not find any beans 
(OnBeanCondition)

   WebMvcAutoConfigurati
on.EnableWebMvcConfigura
tion#viewNameTranslator 
matched:
      - @ConditionalOnMi
ssingBean (names: 
viewNameTranslator; 
SearchStrategy: all) 
did not find any beans 
(OnBeanCondition)

   WebMvcAutoConfigurati
on.ResourceChainCustomiz
erConfiguration matched:
      - @ConditionalOnEn
abledResourceChain 
found class org.webjars.
WebJarVersionLocator (On
EnabledResourceChainCond
ition)

   WebMvcAutoConfigurati
on.WebMvcAutoConfigurati
onAdapter#defaultViewRes
olver matched:
      - @ConditionalOnMi
ssingBean (types: org.sp
ringframework.web.servle
t.view.InternalResourceV
iewResolver; 
SearchStrategy: all) 
did not find any beans 
(OnBeanCondition)

   WebMvcAutoConfigurati
on.WebMvcAutoConfigurati
onAdapter#requestContext
Filter matched:
      - @ConditionalOnMi
ssingBean (types: org.sp
ringframework.web.contex
t.request.RequestContext
Listener,org.springframe
work.web.filter.RequestC
ontextFilter; 
SearchStrategy: all) 
did not find any beans 
(OnBeanCondition)

   WebMvcAutoConfigurati
on.WebMvcAutoConfigurati
onAdapter#viewResolver 
matched:
      - 
@ConditionalOnBean 
(types: org.springframew
ork.web.servlet.ViewReso
lver; SearchStrategy: 
all) found beans 
'defaultViewResolver', 
'beanNameViewResolver', 
'mvcViewResolver'; @Cond
itionalOnMissingBean 
(names: viewResolver 
types: org.springframewo
rk.web.servlet.view.Cont
entNegotiatingViewResolv
er; SearchStrategy: 
all) did not find any 
beans (OnBeanCondition)

   WebMvcEndpointManagem
entContextConfiguration 
matched:
      - 
@ConditionalOnClass 
found required class 'or
g.springframework.web.se
rvlet.DispatcherServlet'
 (OnClassCondition)
      - found 'session' 
scope (OnWebApplicationC
ondition)
      - 
@ConditionalOnBean 
(types: org.springframew
ork.web.servlet.Dispatch
erServlet,org.springfram
ework.boot.actuate.endpo
int.web.WebEndpointsSupp
lier; SearchStrategy: 
all) found beans 'webEnd
pointDiscoverer', 
'dispatcherServlet' 
(OnBeanCondition)

   WebMvcEndpointManagem
entContextConfiguration#
controllerEndpointHandle
rMapping matched:
      - @ConditionalOnMi
ssingBean (types: org.sp
ringframework.boot.actua
te.endpoint.web.servlet.
ControllerEndpointHandle
rMapping; 
SearchStrategy: all) 
did not find any beans 
(OnBeanCondition)

   WebMvcEndpointManagem
entContextConfiguration#
endpointObjectMapperWebM
vcConfigurer matched:
      - 
@ConditionalOnBean 
(types: org.springframew
ork.boot.actuate.endpoin
t.jackson.EndpointObject
Mapper; SearchStrategy: 
all) found bean 
'endpointObjectMapper' 
(OnBeanCondition)

   WebMvcEndpointManagem
entContextConfiguration#
webEndpointServletHandle
rMapping matched:
      - @ConditionalOnMi
ssingBean (types: org.sp
ringframework.boot.actua
te.endpoint.web.servlet.
WebMvcEndpointHandlerMap
ping; SearchStrategy: 
all) did not find any 
beans (OnBeanCondition)

   WebMvcObservationAuto
Configuration matched:
      - 
@ConditionalOnClass 
found required classes '
org.springframework.web.
servlet.DispatcherServle
t', 'io.micrometer.obser
vation.Observation' 
(OnClassCondition)
      - found 'session' 
scope (OnWebApplicationC
ondition)
      - 
@ConditionalOnBean 
(types: io.micrometer.ob
servation.ObservationReg
istry; SearchStrategy: 
all) found bean 
'observationRegistry' 
(OnBeanCondition)

   WebMvcObservationAuto
Configuration#webMvcObse
rvationFilter matched:
      - @ConditionalOnMi
ssingBean (types: org.sp
ringframework.web.filter
.ServerHttpObservationFi
lter; SearchStrategy: 
all) did not find any 
beans (OnBeanCondition)

   WebMvcObservationAuto
Configuration.MeterFilte
rConfiguration matched:
      - 
@ConditionalOnClass 
found required class 'io
.micrometer.core.instrum
ent.MeterRegistry' 
(OnClassCondition)
      - 
@ConditionalOnBean 
(types: io.micrometer.co
re.instrument.MeterRegis
try; SearchStrategy: 
all) found bean 
'simpleMeterRegistry' 
(OnBeanCondition)

   WebSocketServletAutoC
onfiguration matched:
      - 
@ConditionalOnClass 
found required classes '
jakarta.servlet.Servlet'
, 'jakarta.websocket.ser
ver.ServerContainer' 
(OnClassCondition)
      - found 'session' 
scope (OnWebApplicationC
ondition)

   WebSocketServletAutoC
onfiguration.TomcatWebSo
cketConfiguration 
matched:
      - 
@ConditionalOnClass 
found required classes '
org.apache.catalina.star
tup.Tomcat', 'org.apache
.tomcat.websocket.server
.WsSci' 
(OnClassCondition)

   WebSocketServletAutoC
onfiguration.TomcatWebSo
cketConfiguration#websoc
ketServletWebServerCusto
mizer matched:
      - @ConditionalOnMi
ssingBean (names: websoc
ketServletWebServerCusto
mizer; SearchStrategy: 
all) did not find any 
beans (OnBeanCondition)


Negative matches:
-----------------

   ActiveMQAutoConfigura
tion:
      Did not match:
         - 
@ConditionalOnClass did 
not find required class 
'jakarta.jms.ConnectionF
actory' 
(OnClassCondition)

   AopAutoConfiguration.
AspectJAutoProxyingConfi
guration.JdkDynamicAutoP
roxyConfiguration:
      Did not match:
         - 
@ConditionalOnProperty (
spring.aop.proxy-target-
class=false) did not 
find property 
'proxy-target-class' 
(OnPropertyCondition)

   AopAutoConfiguration.
ClassProxyingConfigurati
on:
      Did not match:
         - @ConditionalO
nMissingClass found 
unwanted class 'org.aspe
ctj.weaver.Advice' 
(OnClassCondition)

   AppOpticsMetricsExpor
tAutoConfiguration:
      Did not match:
         - 
@ConditionalOnClass did 
not find required class 
'io.micrometer.appoptics
.AppOpticsMeterRegistry'
 (OnClassCondition)

   ArtemisAutoConfigurat
ion:
      Did not match:
         - 
@ConditionalOnClass did 
not find required class 
'jakarta.jms.ConnectionF
actory' 
(OnClassCondition)

   AtlasMetricsExportAut
oConfiguration:
      Did not match:
         - 
@ConditionalOnClass did 
not find required class 
'io.micrometer.atlas.Atl
asMeterRegistry' 
(OnClassCondition)

   
AuditAutoConfiguration:
      Did not match:
         - 
@ConditionalOnBean 
(types: org.springframew
ork.boot.actuate.audit.A
uditEventRepository; 
SearchStrategy: all) 
did not find any beans 
of type org.springframew
ork.boot.actuate.audit.A
uditEventRepository 
(OnBeanCondition)
      Matched:
         - 
@ConditionalOnProperty (
management.auditevents.e
nabled) matched 
(OnPropertyCondition)

   AuditEventsEndpointAu
toConfiguration:
      Did not match:
         - @ConditionalO
nAvailableEndpoint not 
exposed (OnAvailableEndp
ointCondition)

   AvailabilityHealthCon
tributorAutoConfiguratio
n#livenessStateHealthInd
icator:
      Did not match:
         - 
@ConditionalOnProperty (
management.health.livene
ssstate.enabled=true) 
did not find property 
'enabled' 
(OnPropertyCondition)

   AvailabilityHealthCon
tributorAutoConfiguratio
n#readinessStateHealthIn
dicator:
      Did not match:
         - 
@ConditionalOnProperty (
management.health.readin
essstate.enabled=true) 
did not find property 
'enabled' 
(OnPropertyCondition)

   AvailabilityProbesAut
oConfiguration:
      Did not match:
         - Probes 
availability not 
running on a supported 
cloud platform (Availabi
lityProbesAutoConfigurat
ion.ProbesCondition)

   
BatchAutoConfiguration:
      Did not match:
         - 
@ConditionalOnClass did 
not find required class 
'org.springframework.bat
ch.core.launch.JobLaunch
er' (OnClassCondition)

   BatchObservationAutoC
onfiguration:
      Did not match:
         - 
@ConditionalOnClass did 
not find required class 
'org.springframework.bat
ch.core.configuration.an
notation.BatchObservabil
ityBeanPostProcessor' 
(OnClassCondition)

   BeansEndpointAutoConf
iguration:
      Did not match:
         - @ConditionalO
nAvailableEndpoint not 
exposed (OnAvailableEndp
ointCondition)

   
BraveAutoConfiguration:
      Did not match:
         - 
@ConditionalOnClass did 
not find required class 
'brave.Tracer' 
(OnClassCondition)

   Cache2kCacheConfigura
tion:
      Did not match:
         - 
@ConditionalOnClass did 
not find required class 
'org.cache2k.Cache2kBuil
der' (OnClassCondition)

   
CacheAutoConfiguration:
      Did not match:
         - 
@ConditionalOnBean 
(types: org.springframew
ork.cache.interceptor.Ca
cheAspectSupport; 
SearchStrategy: all) 
did not find any beans 
of type org.springframew
ork.cache.interceptor.Ca
cheAspectSupport 
(OnBeanCondition)
      Matched:
         - 
@ConditionalOnClass 
found required class 'or
g.springframework.cache.
CacheManager' 
(OnClassCondition)

   CacheAutoConfiguratio
n.CacheManagerEntityMana
gerFactoryDependsOnPostP
rocessor:
      Did not match:
         - Ancestor org.
springframework.boot.aut
oconfigure.cache.CacheAu
toConfiguration did not 
match (ConditionEvaluati
onReport.AncestorsMatche
dCondition)
      Matched:
         - 
@ConditionalOnClass 
found required class 'or
g.springframework.orm.jp
a.LocalContainerEntityMa
nagerFactoryBean' 
(OnClassCondition)

   CacheMeterBinderProvi
dersConfiguration.Cache2
kCacheMeterBinderProvide
rConfiguration:
      Did not match:
         - 
@ConditionalOnClass did 
not find required 
classes 'org.cache2k.Cac
he2kBuilder', 'org.cache
2k.extra.spring.SpringCa
che2kCache', 'org.cache2
k.extra.micrometer.Cache
2kCacheMetrics' 
(OnClassCondition)

   CacheMeterBinderProvi
dersConfiguration.Caffei
neCacheMeterBinderProvid
erConfiguration:
      Did not match:
         - 
@ConditionalOnClass did 
not find required 
classes 'org.springframe
work.cache.caffeine.Caff
eineCache', 'com.github.
benmanes.caffeine.cache.
Cache' 
(OnClassCondition)

   CacheMeterBinderProvi
dersConfiguration.Hazelc
astCacheMeterBinderProvi
derConfiguration:
      Did not match:
         - 
@ConditionalOnClass did 
not find required 
classes 'com.hazelcast.s
pring.cache.HazelcastCac
he', 'com.hazelcast.core
.Hazelcast' 
(OnClassCondition)

   CacheMeterBinderProvi
dersConfiguration.JCache
CacheMeterBinderProvider
Configuration:
      Did not match:
         - 
@ConditionalOnClass did 
not find required 
classes 'org.springframe
work.cache.jcache.JCache
Cache', 'javax.cache.Cac
heManager' 
(OnClassCondition)

   CacheMeterBinderProvi
dersConfiguration.RedisC
acheMeterBinderProviderC
onfiguration:
      Did not match:
         - 
@ConditionalOnClass did 
not find required class 
'org.springframework.dat
a.redis.cache.RedisCache
' (OnClassCondition)

   CacheMetricsAutoConfi
guration:
      Did not match:
         - 
@ConditionalOnBean 
(types: org.springframew
ork.cache.CacheManager; 
SearchStrategy: all) 
did not find any beans 
of type org.springframew
ork.cache.CacheManager 
(OnBeanCondition)

   CachesEndpointAutoCon
figuration:
      Did not match:
         - @ConditionalO
nAvailableEndpoint not 
exposed (OnAvailableEndp
ointCondition)
      Matched:
         - 
@ConditionalOnClass 
found required class 'or
g.springframework.cache.
CacheManager' 
(OnClassCondition)

   CaffeineCacheConfigur
ation:
      Did not match:
         - 
@ConditionalOnClass did 
not find required class 
'com.github.benmanes.caf
feine.cache.Caffeine' 
(OnClassCondition)

   CassandraAutoConfigur
ation:
      Did not match:
         - 
@ConditionalOnClass did 
not find required class 
'com.datastax.oss.driver
.api.core.CqlSession' 
(OnClassCondition)

   CassandraDataAutoConf
iguration:
      Did not match:
         - 
@ConditionalOnClass did 
not find required class 
'com.datastax.oss.driver
.api.core.CqlSession' 
(OnClassCondition)

   CassandraHealthContri
butorAutoConfiguration:
      Did not match:
         - 
@ConditionalOnClass did 
not find required class 
'com.datastax.oss.driver
.api.core.CqlSession' 
(OnClassCondition)

   CassandraReactiveData
AutoConfiguration:
      Did not match:
         - 
@ConditionalOnClass did 
not find required class 
'com.datastax.oss.driver
.api.core.CqlSession' 
(OnClassCondition)

   CassandraReactiveHeal
thContributorAutoConfigu
ration:
      Did not match:
         - 
@ConditionalOnClass did 
not find required class 
'com.datastax.oss.driver
.api.core.CqlSession' 
(OnClassCondition)

   CassandraReactiveRepo
sitoriesAutoConfiguratio
n:
      Did not match:
         - 
@ConditionalOnClass did 
not find required class 
'org.springframework.dat
a.cassandra.ReactiveSess
ion' (OnClassCondition)

   CassandraRepositories
AutoConfiguration:
      Did not match:
         - 
@ConditionalOnClass did 
not find required class 
'com.datastax.oss.driver
.api.core.CqlSession' 
(OnClassCondition)

   ClientHttpConnectorAu
toConfiguration:
      Did not match:
         - 
@ConditionalOnClass did 
not find required class 
'org.springframework.web
.reactive.function.clien
t.WebClient' 
(OnClassCondition)

   CloudFoundryActuatorA
utoConfiguration:
      Did not match:
         - @ConditionalO
nCloudPlatform did not 
find CLOUD_FOUNDRY (OnCl
oudPlatformCondition)
      Matched:
         - 
@ConditionalOnClass 
found required class 'or
g.springframework.web.se
rvlet.DispatcherServlet'
 (OnClassCondition)
         - found 
'session' scope (OnWebAp
plicationCondition)
         - 
@ConditionalOnProperty (
management.cloudfoundry.
enabled) matched 
(OnPropertyCondition)

   
CodecsAutoConfiguration:
      Did not match:
         - 
@ConditionalOnClass did 
not find required class 
'org.springframework.web
.reactive.function.clien
t.WebClient' 
(OnClassCondition)

   CompositeMeterRegistr
yConfiguration:
      Did not match:
         - 
NoneNestedConditions 1 
matched 1 did not; 
NestedCondition on Compo
siteMeterRegistryConfigu
ration.MultipleNonPrimar
yMeterRegistriesConditio
n.SingleInjectableMeterR
egistry @ConditionalOnSi
ngleCandidate (types: io
.micrometer.core.instrum
ent.MeterRegistry; 
SearchStrategy: all) 
found a single bean 
'simpleMeterRegistry'; 
NestedCondition on Compo
siteMeterRegistryConfigu
ration.MultipleNonPrimar
yMeterRegistriesConditio
n.NoMeterRegistryConditi
on @ConditionalOnMissing
Bean (types: io.micromet
er.core.instrument.Meter
Registry; 
SearchStrategy: all) 
found beans of type 'io.
micrometer.core.instrume
nt.MeterRegistry' 
simpleMeterRegistry (Com
positeMeterRegistryConfi
guration.MultipleNonPrim
aryMeterRegistriesCondit
ion)

   ConditionsReportEndpo
intAutoConfiguration:
      Did not match:
         - @ConditionalO
nAvailableEndpoint not 
exposed (OnAvailableEndp
ointCondition)

   ConfigurationProperti
esReportEndpointAutoConf
iguration:
      Did not match:
         - @ConditionalO
nAvailableEndpoint not 
exposed (OnAvailableEndp
ointCondition)

   ConnectionFactoryHeal
thContributorAutoConfigu
ration:
      Did not match:
         - 
@ConditionalOnClass did 
not find required class 
'io.r2dbc.spi.Connection
Factory' 
(OnClassCondition)

   ConnectionPoolMetrics
AutoConfiguration:
      Did not match:
         - 
@ConditionalOnClass did 
not find required class 
'io.r2dbc.pool.Connectio
nPool' 
(OnClassCondition)

   CouchbaseAutoConfigur
ation:
      Did not match:
         - 
@ConditionalOnClass did 
not find required class 
'com.couchbase.client.ja
va.Cluster' 
(OnClassCondition)

   CouchbaseCacheConfigu
ration:
      Did not match:
         - 
@ConditionalOnClass did 
not find required class 
'com.couchbase.client.ja
va.Cluster' 
(OnClassCondition)

   CouchbaseDataAutoConf
iguration:
      Did not match:
         - 
@ConditionalOnClass did 
not find required class 
'com.couchbase.client.ja
va.Bucket' 
(OnClassCondition)

   CouchbaseHealthContri
butorAutoConfiguration:
      Did not match:
         - 
@ConditionalOnClass did 
not find required class 
'com.couchbase.client.ja
va.Cluster' 
(OnClassCondition)

   CouchbaseReactiveData
AutoConfiguration:
      Did not match:
         - 
@ConditionalOnClass did 
not find required class 
'com.couchbase.client.ja
va.Cluster' 
(OnClassCondition)

   CouchbaseReactiveHeal
thContributorAutoConfigu
ration:
      Did not match:
         - 
@ConditionalOnClass did 
not find required class 
'com.couchbase.client.ja
va.Cluster' 
(OnClassCondition)

   CouchbaseReactiveRepo
sitoriesAutoConfiguratio
n:
      Did not match:
         - 
@ConditionalOnClass did 
not find required class 
'com.couchbase.client.ja
va.Cluster' 
(OnClassCondition)

   CouchbaseRepositories
AutoConfiguration:
      Did not match:
         - 
@ConditionalOnClass did 
not find required class 
'com.couchbase.client.ja
va.Bucket' 
(OnClassCondition)

   DataSourceAutoConfigu
ration.EmbeddedDatabaseC
onfiguration:
      Did not match:
         - 
EmbeddedDataSource 
spring.datasource.url 
is set (DataSourceAutoCo
nfiguration.EmbeddedData
baseCondition)

   DataSourceCheckpointR
estoreConfiguration:
      Did not match:
         - 
@ConditionalOnClass did 
not find required class 
'org.crac.Resource' 
(OnClassCondition)

   DataSourceConfigurati
on.Dbcp2:
      Did not match:
         - 
@ConditionalOnClass did 
not find required class 
'org.apache.commons.dbcp
2.BasicDataSource' 
(OnClassCondition)

   DataSourceConfigurati
on.Generic:
      Did not match:
         - 
@ConditionalOnProperty (
spring.datasource.type) 
did not find property 's
pring.datasource.type' 
(OnPropertyCondition)

   DataSourceConfigurati
on.OracleUcp:
      Did not match:
         - 
@ConditionalOnClass did 
not find required 
classes 'oracle.ucp.jdbc
.PoolDataSourceImpl', 'o
racle.jdbc.OracleConnect
ion' (OnClassCondition)

   DataSourceConfigurati
on.Tomcat:
      Did not match:
         - 
@ConditionalOnClass did 
not find required class 
'org.apache.tomcat.jdbc.
pool.DataSource' 
(OnClassCondition)

   DataSourceJmxConfigur
ation:
      Did not match:
         - 
@ConditionalOnProperty (
spring.jmx.enabled=true)
 found different value 
in property 'enabled' 
(OnPropertyCondition)

   DataSourcePoolMetadat
aProvidersConfiguration.
CommonsDbcp2PoolDataSour
ceMetadataProviderConfig
uration:
      Did not match:
         - 
@ConditionalOnClass did 
not find required class 
'org.apache.commons.dbcp
2.BasicDataSource' 
(OnClassCondition)

   DataSourcePoolMetadat
aProvidersConfiguration.
OracleUcpPoolDataSourceM
etadataProviderConfigura
tion:
      Did not match:
         - 
@ConditionalOnClass did 
not find required 
classes 'oracle.ucp.jdbc
.PoolDataSource', 'oracl
e.jdbc.OracleConnection'
 (OnClassCondition)

   DataSourcePoolMetadat
aProvidersConfiguration.
TomcatDataSourcePoolMeta
dataProviderConfiguratio
n:
      Did not match:
         - 
@ConditionalOnClass did 
not find required class 
'org.apache.tomcat.jdbc.
pool.DataSource' 
(OnClassCondition)

   DataSourceTransaction
ManagerAutoConfiguration
.JdbcTransactionManagerC
onfiguration#transaction
Manager:
      Did not match:
         - @ConditionalO
nMissingBean (types: org
.springframework.transac
tion.TransactionManager;
 SearchStrategy: all) 
found beans of type 'org
.springframework.transac
tion.TransactionManager'
 transactionManager 
(OnBeanCondition)

   DatadogMetricsExportA
utoConfiguration:
      Did not match:
         - 
@ConditionalOnClass did 
not find required class 
'io.micrometer.datadog.D
atadogMeterRegistry' 
(OnClassCondition)

   DispatcherServletAuto
Configuration.Dispatcher
ServletConfiguration#mul
tipartResolver:
      Did not match:
         - 
@ConditionalOnBean 
(types: org.springframew
ork.web.multipart.Multip
artResolver; 
SearchStrategy: all) 
did not find any beans 
of type org.springframew
ork.web.multipart.Multip
artResolver 
(OnBeanCondition)

   DynatraceMetricsExpor
tAutoConfiguration:
      Did not match:
         - 
@ConditionalOnClass did 
not find required class 
'io.micrometer.dynatrace
.DynatraceMeterRegistry'
 (OnClassCondition)

   ElasticMetricsExportA
utoConfiguration:
      Did not match:
         - 
@ConditionalOnClass did 
not find required class 
'io.micrometer.elastic.E
lasticMeterRegistry' 
(OnClassCondition)

   ElasticsearchClientAu
toConfiguration:
      Did not match:
         - 
@ConditionalOnClass did 
not find required class 
'co.elastic.clients.elas
ticsearch.ElasticsearchC
lient' 
(OnClassCondition)

   ElasticsearchDataAuto
Configuration:
      Did not match:
         - 
@ConditionalOnClass did 
not find required class 
'org.springframework.dat
a.elasticsearch.client.e
lc.ElasticsearchTemplate
' (OnClassCondition)

   ElasticsearchReactive
HealthContributorAutoCon
figuration:
      Did not match:
         - 
@ConditionalOnClass did 
not find required class 
'reactor.core.publisher.
Flux' (OnClassCondition)

   ElasticsearchReposito
riesAutoConfiguration:
      Did not match:
         - 
@ConditionalOnClass did 
not find required class 
'org.springframework.dat
a.elasticsearch.reposito
ry.ElasticsearchReposito
ry' (OnClassCondition)

   ElasticsearchRestClie
ntAutoConfiguration:
      Did not match:
         - 
@ConditionalOnClass did 
not find required class 
'org.elasticsearch.clien
t.RestClientBuilder' 
(OnClassCondition)

   ElasticsearchRestHeal
thContributorAutoConfigu
ration:
      Did not match:
         - 
@ConditionalOnClass did 
not find required class 
'org.elasticsearch.clien
t.RestClient' 
(OnClassCondition)

   EmbeddedLdapAutoConfi
guration:
      Did not match:
         - 
@ConditionalOnClass did 
not find required class 
'com.unboundid.ldap.list
ener.InMemoryDirectorySe
rver' (OnClassCondition)

   EmbeddedWebServerFact
oryCustomizerAutoConfigu
ration.JettyWebServerFac
toryCustomizerConfigurat
ion:
      Did not match:
         - 
@ConditionalOnClass did 
not find required 
classes 'org.eclipse.jet
ty.server.Server', 'org.
eclipse.jetty.util.Loade
r', 'org.eclipse.jetty.e
e10.webapp.WebAppContext
' (OnClassCondition)

   EmbeddedWebServerFact
oryCustomizerAutoConfigu
ration.NettyWebServerFac
toryCustomizerConfigurat
ion:
      Did not match:
         - 
@ConditionalOnClass did 
not find required class 
'reactor.netty.http.serv
er.HttpServer' 
(OnClassCondition)

   EmbeddedWebServerFact
oryCustomizerAutoConfigu
ration.TomcatWebServerFa
ctoryCustomizerConfigura
tion#tomcatVirtualThread
sProtocolHandlerCustomiz
er:
      Did not match:
         - 
@ConditionalOnThreading 
did not find VIRTUAL 
(OnThreadingCondition)

   EmbeddedWebServerFact
oryCustomizerAutoConfigu
ration.UndertowWebServer
FactoryCustomizerConfigu
ration:
      Did not match:
         - 
@ConditionalOnClass did 
not find required 
classes 
'io.undertow.Undertow', 
'org.xnio.SslClientAuthM
ode' (OnClassCondition)

   EnvironmentEndpointAu
toConfiguration:
      Did not match:
         - @ConditionalO
nAvailableEndpoint not 
exposed (OnAvailableEndp
ointCondition)

   ErrorWebFluxAutoConfi
guration:
      Did not match:
         - 
@ConditionalOnClass did 
not find required class 
'org.springframework.web
.reactive.config.WebFlux
Configurer' 
(OnClassCondition)

   
FlywayAutoConfiguration:
      Did not match:
         - 
@ConditionalOnClass did 
not find required class 
'org.flywaydb.core.Flywa
y' (OnClassCondition)

   FlywayEndpointAutoCon
figuration:
      Did not match:
         - 
@ConditionalOnClass did 
not find required class 
'org.flywaydb.core.Flywa
y' (OnClassCondition)

   FreeMarkerAutoConfigu
ration:
      Did not match:
         - 
@ConditionalOnClass did 
not find required class 
'freemarker.template.Con
figuration' 
(OnClassCondition)

   GangliaMetricsExportA
utoConfiguration:
      Did not match:
         - 
@ConditionalOnClass did 
not find required class 
'io.micrometer.ganglia.G
angliaMeterRegistry' 
(OnClassCondition)

   GraphQlAutoConfigurat
ion:
      Did not match:
         - 
@ConditionalOnClass did 
not find required class 
'graphql.GraphQL' 
(OnClassCondition)

   GraphQlObservationAut
oConfiguration:
      Did not match:
         - 
@ConditionalOnClass did 
not find required class 
'graphql.GraphQL' 
(OnClassCondition)

   GraphQlQueryByExample
AutoConfiguration:
      Did not match:
         - 
@ConditionalOnClass did 
not find required class 
'graphql.GraphQL' 
(OnClassCondition)

   GraphQlQuerydslAutoCo
nfiguration:
      Did not match:
         - 
@ConditionalOnClass did 
not find required class 
'com.querydsl.core.Query
' (OnClassCondition)

   GraphQlRSocketAutoCon
figuration:
      Did not match:
         - 
@ConditionalOnClass did 
not find required class 
'graphql.GraphQL' 
(OnClassCondition)

   GraphQlReactiveQueryB
yExampleAutoConfiguratio
n:
      Did not match:
         - 
@ConditionalOnClass did 
not find required class 
'graphql.GraphQL' 
(OnClassCondition)

   GraphQlReactiveQueryd
slAutoConfiguration:
      Did not match:
         - 
@ConditionalOnClass did 
not find required class 
'com.querydsl.core.Query
' (OnClassCondition)

   GraphQlWebFluxAutoCon
figuration:
      Did not match:
         - 
@ConditionalOnClass did 
not find required class 
'graphql.GraphQL' 
(OnClassCondition)

   GraphQlWebFluxSecurit
yAutoConfiguration:
      Did not match:
         - 
@ConditionalOnClass did 
not find required class 
'graphql.GraphQL' 
(OnClassCondition)

   GraphQlWebMvcAutoConf
iguration:
      Did not match:
         - 
@ConditionalOnClass did 
not find required class 
'graphql.GraphQL' 
(OnClassCondition)

   GraphQlWebMvcSecurity
AutoConfiguration:
      Did not match:
         - 
@ConditionalOnClass did 
not find required class 
'graphql.GraphQL' 
(OnClassCondition)

   GraphiteMetricsExport
AutoConfiguration:
      Did not match:
         - 
@ConditionalOnClass did 
not find required class 
'io.micrometer.graphite.
GraphiteMeterRegistry' 
(OnClassCondition)

   GroovyTemplateAutoCon
figuration:
      Did not match:
         - 
@ConditionalOnClass did 
not find required class 
'groovy.text.markup.Mark
upTemplateEngine' 
(OnClassCondition)

   
GsonAutoConfiguration:
      Did not match:
         - 
@ConditionalOnClass did 
not find required class 
'com.google.gson.Gson' 
(OnClassCondition)

   GsonHttpMessageConver
tersConfiguration:
      Did not match:
         - 
@ConditionalOnClass did 
not find required class 
'com.google.gson.Gson' 
(OnClassCondition)

   HazelcastAutoConfigur
ation:
      Did not match:
         - 
@ConditionalOnClass did 
not find required class 
'com.hazelcast.core.Haze
lcastInstance' 
(OnClassCondition)

   HazelcastCacheConfigu
ration:
      Did not match:
         - 
@ConditionalOnClass did 
not find required class 
'com.hazelcast.core.Haze
lcastInstance' 
(OnClassCondition)

   HazelcastHealthContri
butorAutoConfiguration:
      Did not match:
         - 
@ConditionalOnClass did 
not find required class 
'com.hazelcast.core.Haze
lcastInstance' 
(OnClassCondition)

   HazelcastJpaDependenc
yAutoConfiguration:
      Did not match:
         - 
@ConditionalOnClass did 
not find required class 
'com.hazelcast.core.Haze
lcastInstance' 
(OnClassCondition)

   HealthEndpointReactiv
eWebExtensionConfigurati
on:
      Did not match:
         - did not find 
reactive web 
application classes (OnW
ebApplicationCondition)

   HealthEndpointWebExte
nsionConfiguration.Jerse
yAdditionalHealthEndpoin
tPathsConfiguration:
      Did not match:
         - 
@ConditionalOnClass did 
not find required class 
'org.glassfish.jersey.se
rver.ResourceConfig' 
(OnClassCondition)

   HeapDumpWebEndpointAu
toConfiguration:
      Did not match:
         - @ConditionalO
nAvailableEndpoint not 
exposed (OnAvailableEndp
ointCondition)

   HibernateMetricsAutoC
onfiguration:
      Did not match:
         - 
@ConditionalOnClass did 
not find required class 
'org.hibernate.stat.Hibe
rnateMetrics' 
(OnClassCondition)

   HttpExchangesAutoConf
iguration:
      Did not match:
         - 
@ConditionalOnBean 
(types: org.springframew
ork.boot.actuate.web.exc
hanges.HttpExchangeRepos
itory; SearchStrategy: 
all) did not find any 
beans of type org.spring
framework.boot.actuate.w
eb.exchanges.HttpExchang
eRepository 
(OnBeanCondition)
      Matched:
         - @ConditionalO
nWebApplication 
(required) found 
'session' scope (OnWebAp
plicationCondition)
         - 
@ConditionalOnProperty (
management.httpexchanges
.recording.enabled) 
matched 
(OnPropertyCondition)

   HttpExchangesAutoConf
iguration.ReactiveHttpEx
changesConfiguration:
      Did not match:
         - did not find 
reactive web 
application classes (OnW
ebApplicationCondition)
         - Ancestor org.
springframework.boot.act
uate.autoconfigure.web.e
xchanges.HttpExchangesAu
toConfiguration did not 
match (ConditionEvaluati
onReport.AncestorsMatche
dCondition)

   HttpExchangesAutoConf
iguration.ServletHttpExc
hangesConfiguration:
      Did not match:
         - Ancestor org.
springframework.boot.act
uate.autoconfigure.web.e
xchanges.HttpExchangesAu
toConfiguration did not 
match (ConditionEvaluati
onReport.AncestorsMatche
dCondition)
      Matched:
         - found 
'session' scope (OnWebAp
plicationCondition)

   HttpExchangesEndpoint
AutoConfiguration:
      Did not match:
         - @ConditionalO
nAvailableEndpoint not 
exposed (OnAvailableEndp
ointCondition)

   HttpHandlerAutoConfig
uration:
      Did not match:
         - 
@ConditionalOnClass did 
not find required class 
'org.springframework.web
.reactive.DispatcherHand
ler' (OnClassCondition)

   HumioMetricsExportAut
oConfiguration:
      Did not match:
         - 
@ConditionalOnClass did 
not find required class 
'io.micrometer.humio.Hum
ioMeterRegistry' 
(OnClassCondition)

   HypermediaAutoConfigu
ration:
      Did not match:
         - 
@ConditionalOnClass did 
not find required class 
'org.springframework.hat
eoas.EntityModel' 
(OnClassCondition)

   InfinispanCacheConfig
uration:
      Did not match:
         - 
@ConditionalOnClass did 
not find required class 
'org.infinispan.spring.e
mbedded.provider.SpringE
mbeddedCacheManager' 
(OnClassCondition)

   InfluxMetricsExportAu
toConfiguration:
      Did not match:
         - 
@ConditionalOnClass did 
not find required class 
'io.micrometer.influx.In
fluxMeterRegistry' 
(OnClassCondition)

   InfoContributorAutoCo
nfiguration#buildInfoCon
tributor:
      Did not match:
         - @ConditionalO
nSingleCandidate 
(types: org.springframew
ork.boot.info.BuildPrope
rties; SearchStrategy: 
all) did not find any 
beans (OnBeanCondition)
      Matched:
         - @ConditionalO
nEnabledInfoContributor 
management.info.defaults
.enabled is considered 
true (OnEnabledInfoContr
ibutorCondition)

   InfoContributorAutoCo
nfiguration#envInfoContr
ibutor:
      Did not match:
         - @ConditionalO
nEnabledInfoContributor 
management.info.env.enab
led is not true (OnEnabl
edInfoContributorConditi
on)

   InfoContributorAutoCo
nfiguration#gitInfoContr
ibutor:
      Did not match:
         - @ConditionalO
nSingleCandidate 
(types: org.springframew
ork.boot.info.GitPropert
ies; SearchStrategy: 
all) did not find any 
beans (OnBeanCondition)
      Matched:
         - @ConditionalO
nEnabledInfoContributor 
management.info.defaults
.enabled is considered 
true (OnEnabledInfoContr
ibutorCondition)

   InfoContributorAutoCo
nfiguration#javaInfoCont
ributor:
      Did not match:
         - @ConditionalO
nEnabledInfoContributor 
management.info.java.ena
bled is not true (OnEnab
ledInfoContributorCondit
ion)

   InfoContributorAutoCo
nfiguration#osInfoContri
butor:
      Did not match:
         - @ConditionalO
nEnabledInfoContributor 
management.info.os.enabl
ed is not true (OnEnable
dInfoContributorConditio
n)

   InfoContributorAutoCo
nfiguration#processInfoC
ontributor:
      Did not match:
         - @ConditionalO
nEnabledInfoContributor 
management.info.process.
enabled is not true (OnE
nabledInfoContributorCon
dition)

   InfoContributorAutoCo
nfiguration#sslInfo:
      Did not match:
         - @ConditionalO
nEnabledInfoContributor 
management.info.ssl.enab
led is not true (OnEnabl
edInfoContributorConditi
on)
      Matched:
         - @ConditionalO
nMissingBean (types: org
.springframework.boot.in
fo.SslInfo; 
SearchStrategy: all) 
did not find any beans 
(OnBeanCondition)

   InfoContributorAutoCo
nfiguration#sslInfoContr
ibutor:
      Did not match:
         - @ConditionalO
nEnabledInfoContributor 
management.info.ssl.enab
led is not true (OnEnabl
edInfoContributorConditi
on)

   IntegrationAutoConfig
uration:
      Did not match:
         - 
@ConditionalOnClass did 
not find required class 
'org.springframework.int
egration.config.EnableIn
tegration' 
(OnClassCondition)

   IntegrationGraphEndpo
intAutoConfiguration:
      Did not match:
         - 
@ConditionalOnClass did 
not find required class 
'org.springframework.int
egration.graph.Integrati
onGraphServer' 
(OnClassCondition)

   JCacheCacheConfigurat
ion:
      Did not match:
         - 
@ConditionalOnClass did 
not find required class 
'javax.cache.Caching' 
(OnClassCondition)

   JacksonHttpMessageCon
vertersConfiguration.Map
pingJackson2XmlHttpMessa
geConverterConfiguration
:
      Did not match:
         - 
@ConditionalOnClass did 
not find required class 
'com.fasterxml.jackson.d
ataformat.xml.XmlMapper'
 (OnClassCondition)

   JdbcRepositoriesAutoC
onfiguration:
      Did not match:
         - 
@ConditionalOnClass did 
not find required class 
'org.springframework.dat
a.jdbc.repository.config
.AbstractJdbcConfigurati
on' (OnClassCondition)

   
JerseyAutoConfiguration:
      Did not match:
         - 
@ConditionalOnClass did 
not find required class 
'org.glassfish.jersey.se
rver.spring.SpringCompon
entProvider' 
(OnClassCondition)

   JerseySameManagementC
ontextConfiguration:
      Did not match:
         - 
@ConditionalOnClass did 
not find required class 
'org.glassfish.jersey.se
rver.ResourceConfig' 
(OnClassCondition)

   JerseyServerMetricsAu
toConfiguration:
      Did not match:
         - 
@ConditionalOnClass did 
not find required class 
'org.glassfish.jersey.mi
crometer.server.Observat
ionApplicationEventListe
ner' (OnClassCondition)

   JerseyWebEndpointMana
gementContextConfigurati
on:
      Did not match:
         - 
@ConditionalOnClass did 
not find required class 
'org.glassfish.jersey.se
rver.ResourceConfig' 
(OnClassCondition)

   JettyMetricsAutoConfi
guration:
      Did not match:
         - 
@ConditionalOnClass did 
not find required class 
'org.eclipse.jetty.serve
r.Server' 
(OnClassCondition)

   JmsAutoConfiguration:
      Did not match:
         - 
@ConditionalOnClass did 
not find required class 
'jakarta.jms.Message' 
(OnClassCondition)

   JmsHealthContributorA
utoConfiguration:
      Did not match:
         - 
@ConditionalOnClass did 
not find required class 
'jakarta.jms.ConnectionF
actory' 
(OnClassCondition)

   JmxAutoConfiguration:
      Did not match:
         - 
@ConditionalOnProperty (
spring.jmx.enabled=true)
 found different value 
in property 'enabled' 
(OnPropertyCondition)
      Matched:
         - 
@ConditionalOnClass 
found required class 'or
g.springframework.jmx.ex
port.MBeanExporter' 
(OnClassCondition)

   JmxEndpointAutoConfig
uration:
      Did not match:
         - 
@ConditionalOnProperty (
spring.jmx.enabled=true)
 found different value 
in property 'enabled' 
(OnPropertyCondition)

   JmxMetricsExportAutoC
onfiguration:
      Did not match:
         - 
@ConditionalOnClass did 
not find required class 
'io.micrometer.jmx.JmxMe
terRegistry' 
(OnClassCondition)

   JndiConnectionFactory
AutoConfiguration:
      Did not match:
         - 
@ConditionalOnClass did 
not find required class 
'org.springframework.jms
.core.JmsTemplate' 
(OnClassCondition)

   JndiDataSourceAutoCon
figuration:
      Did not match:
         - 
@ConditionalOnProperty (
spring.datasource.jndi-n
ame) did not find 
property 'jndi-name' 
(OnPropertyCondition)
      Matched:
         - 
@ConditionalOnClass 
found required classes 
'javax.sql.DataSource', 
'org.springframework.jdb
c.datasource.embedded.Em
beddedDatabaseType' 
(OnClassCondition)

   JndiJtaConfiguration:
      Did not match:
         - 
@ConditionalOnJndi JNDI 
environment is not 
available 
(OnJndiCondition)
      Matched:
         - 
@ConditionalOnClass 
found required class 'or
g.springframework.transa
ction.jta.JtaTransaction
Manager' 
(OnClassCondition)

   
JooqAutoConfiguration:
      Did not match:
         - 
@ConditionalOnClass did 
not find required class 
'org.jooq.DSLContext' 
(OnClassCondition)

   JpaRepositoriesAutoCo
nfiguration#entityManage
rFactoryBootstrapExecuto
rCustomizer:
      Did not match:
         - 
AnyNestedCondition 0 
matched 2 did not; 
NestedCondition on JpaRe
positoriesAutoConfigurat
ion.BootstrapExecutorCon
dition.LazyBootstrapMode
 @ConditionalOnProperty 
(spring.data.jpa.reposit
ories.bootstrap-mode=laz
y) did not find 
property 
'bootstrap-mode'; 
NestedCondition on JpaRe
positoriesAutoConfigurat
ion.BootstrapExecutorCon
dition.DeferredBootstrap
Mode 
@ConditionalOnProperty (
spring.data.jpa.reposito
ries.bootstrap-mode=defe
rred) did not find 
property 
'bootstrap-mode' (JpaRep
ositoriesAutoConfigurati
on.BootstrapExecutorCond
ition)

   
JsonbAutoConfiguration:
      Did not match:
         - 
@ConditionalOnClass did 
not find required class 
'jakarta.json.bind.Jsonb
' (OnClassCondition)

   JsonbHttpMessageConve
rtersConfiguration:
      Did not match:
         - 
@ConditionalOnClass did 
not find required class 
'jakarta.json.bind.Jsonb
' (OnClassCondition)

   
KafkaAutoConfiguration:
      Did not match:
         - 
@ConditionalOnClass did 
not find required class 
'org.springframework.kaf
ka.core.KafkaTemplate' 
(OnClassCondition)

   KafkaMetricsAutoConfi
guration:
      Did not match:
         - 
@ConditionalOnClass did 
not find required class 
'org.springframework.kaf
ka.core.ProducerFactory'
 (OnClassCondition)

   KairosMetricsExportAu
toConfiguration:
      Did not match:
         - 
@ConditionalOnClass did 
not find required class 
'io.micrometer.kairos.Ka
irosMeterRegistry' 
(OnClassCondition)

   
LdapAutoConfiguration:
      Did not match:
         - 
@ConditionalOnClass did 
not find required class 
'org.springframework.lda
p.core.ContextSource' 
(OnClassCondition)

   LdapHealthContributor
AutoConfiguration:
      Did not match:
         - 
@ConditionalOnClass did 
not find required class 
'org.springframework.lda
p.core.LdapOperations' 
(OnClassCondition)

   LdapRepositoriesAutoC
onfiguration:
      Did not match:
         - 
@ConditionalOnClass did 
not find required class 
'org.springframework.dat
a.ldap.repository.LdapRe
pository' 
(OnClassCondition)

   LettuceMetricsAutoCon
figuration:
      Did not match:
         - 
@ConditionalOnClass did 
not find required class 
'io.lettuce.core.metrics
.MicrometerCommandLatenc
yRecorder' 
(OnClassCondition)

   LiquibaseAutoConfigur
ation:
      Did not match:
         - 
@ConditionalOnClass did 
not find required class 
'liquibase.change.Databa
seChange' 
(OnClassCondition)

   LiquibaseEndpointAuto
Configuration:
      Did not match:
         - 
@ConditionalOnClass did 
not find required class 
'liquibase.integration.s
pring.SpringLiquibase' 
(OnClassCondition)

   Log4J2MetricsAutoConf
iguration:
      Did not match:
         - 
@ConditionalOnClass did 
not find required class 
'org.apache.logging.log4
j.core.LoggerContext' 
(OnClassCondition)

   LogFileWebEndpointAut
oConfiguration:
      Did not match:
         - @ConditionalO
nAvailableEndpoint not 
exposed (OnAvailableEndp
ointCondition)

   LoggersEndpointAutoCo
nfiguration:
      Did not match:
         - @ConditionalO
nAvailableEndpoint not 
exposed (OnAvailableEndp
ointCondition)

   MailHealthContributor
AutoConfiguration:
      Did not match:
         - 
@ConditionalOnClass did 
not find required class 
'org.springframework.mai
l.javamail.JavaMailSende
rImpl' 
(OnClassCondition)

   MailSenderAutoConfigu
ration:
      Did not match:
         - 
@ConditionalOnClass did 
not find required class 
'jakarta.mail.internet.M
imeMessage' 
(OnClassCondition)

   MailSenderValidatorAu
toConfiguration:
      Did not match:
         - @ConditionalO
nSingleCandidate did 
not find required type '
org.springframework.mail
.javamail.JavaMailSender
Impl' (OnBeanCondition)

   ManagementContextAuto
Configuration.DifferentM
anagementContextConfigur
ation:
      Did not match:
         - Management 
Port actual port type 
(SAME) did not match 
required type 
(DIFFERENT) (OnManagemen
tPortCondition)

   ManagementWebSecurity
AutoConfiguration:
      Did not match:
         - 
AllNestedConditions 1 
matched 1 did not; 
NestedCondition on Defau
ltWebSecurityCondition.B
eans @ConditionalOnMissi
ngBean (types: org.sprin
gframework.security.web.
SecurityFilterChain; 
SearchStrategy: all) 
found beans of type 'org
.springframework.securit
y.web.SecurityFilterChai
n' securityFilterChain; 
NestedCondition on Defau
ltWebSecurityCondition.C
lasses 
@ConditionalOnClass 
found required classes '
org.springframework.secu
rity.web.SecurityFilterC
hain', 'org.springframew
ork.security.config.anno
tation.web.builders.Http
Security' (DefaultWebSec
urityCondition)
      Matched:
         - found 
'session' scope (OnWebAp
plicationCondition)

   MappingsEndpointAutoC
onfiguration:
      Did not match:
         - @ConditionalO
nAvailableEndpoint not 
exposed (OnAvailableEndp
ointCondition)

   MessageSourceAutoConf
iguration:
      Did not match:
         - 
ResourceBundle did not 
find bundle with 
basename messages (Messa
geSourceAutoConfiguratio
n.ResourceBundleConditio
n)

   MetricsAspectsAutoCon
figuration:
      Did not match:
         - 
AnyNestedCondition 0 
matched 2 did not; 
NestedCondition on Metri
csAspectsAutoConfigurati
on.ObservationAnnotation
sEnabledCondition.Manage
mentObservationsEnabledC
ondition 
@ConditionalOnProperty (
management.observations.
annotations.enabled=true
) did not find property 
'enabled'; 
NestedCondition on Metri
csAspectsAutoConfigurati
on.ObservationAnnotation
sEnabledCondition.Microm
eterObservationsEnabledC
ondition 
@ConditionalOnProperty (
micrometer.observations.
annotations.enabled=true
) did not find property 
'enabled' (MetricsAspect
sAutoConfiguration.Obser
vationAnnotationsEnabled
Condition)
      Matched:
         - 
@ConditionalOnClass 
found required classes '
io.micrometer.core.instr
ument.MeterRegistry', 'o
rg.aspectj.weaver.Advice
' (OnClassCondition)

   MicrometerTracingAuto
Configuration:
      Did not match:
         - 
@ConditionalOnClass did 
not find required class 
'io.micrometer.tracing.T
racer' 
(OnClassCondition)

   
MongoAutoConfiguration:
      Did not match:
         - 
@ConditionalOnClass did 
not find required class 
'com.mongodb.client.Mong
oClient' 
(OnClassCondition)

   MongoDataAutoConfigur
ation:
      Did not match:
         - 
@ConditionalOnClass did 
not find required class 
'com.mongodb.client.Mong
oClient' 
(OnClassCondition)

   MongoHealthContributo
rAutoConfiguration:
      Did not match:
         - 
@ConditionalOnClass did 
not find required class 
'org.springframework.dat
a.mongodb.core.MongoTemp
late' (OnClassCondition)

   MongoMetricsAutoConfi
guration:
      Did not match:
         - 
@ConditionalOnClass did 
not find required class 
'com.mongodb.MongoClient
Settings' 
(OnClassCondition)

   MongoReactiveAutoConf
iguration:
      Did not match:
         - 
@ConditionalOnClass did 
not find required class 
'com.mongodb.reactivestr
eams.client.MongoClient'
 (OnClassCondition)

   MongoReactiveDataAuto
Configuration:
      Did not match:
         - 
@ConditionalOnClass did 
not find required class 
'com.mongodb.reactivestr
eams.client.MongoClient'
 (OnClassCondition)

   MongoReactiveHealthCo
ntributorAutoConfigurati
on:
      Did not match:
         - 
@ConditionalOnClass did 
not find required class 
'reactor.core.publisher.
Flux' (OnClassCondition)

   MongoReactiveReposito
riesAutoConfiguration:
      Did not match:
         - 
@ConditionalOnClass did 
not find required class 
'com.mongodb.reactivestr
eams.client.MongoClient'
 (OnClassCondition)

   MongoRepositoriesAuto
Configuration:
      Did not match:
         - 
@ConditionalOnClass did 
not find required class 
'com.mongodb.client.Mong
oClient' 
(OnClassCondition)

   MultipleOpenApiSuppor
tConfiguration:
      Did not match:
         - 
AnyNestedCondition 0 
matched 2 did not; 
NestedCondition on Multi
pleOpenApiSupportConditi
on.OnActuatorDifferentPo
rt found non-matching 
nested conditions 
Management Port actual 
port type (SAME) did 
not match required type 
(DIFFERENT), 
@ConditionalOnProperty (
springdoc.show-actuator)
 did not find property '
springdoc.show-actuator'
; NestedCondition on Mul
tipleOpenApiSupportCondi
tion.OnMultipleOpenApiSu
pportCondition 
AnyNestedCondition 0 
matched 3 did not; 
NestedCondition on Multi
pleOpenApiGroupsConditio
n.OnListGroupedOpenApiBe
an @ConditionalOnBean 
(types: org.springdoc.co
re.models.GroupedOpenApi
; SearchStrategy: all) 
did not find any beans 
of type org.springdoc.co
re.models.GroupedOpenApi
; NestedCondition on Mul
tipleOpenApiGroupsCondit
ion.OnGroupConfigPropert
y 
@ConditionalOnProperty (
springdoc.group-configs[
0].group) did not find 
property 'springdoc.grou
p-configs[0].group'; 
NestedCondition on Multi
pleOpenApiGroupsConditio
n.OnGroupedOpenApiBean 
@ConditionalOnBean 
(types: org.springdoc.co
re.models.GroupedOpenApi
; SearchStrategy: all) 
did not find any beans 
of type org.springdoc.co
re.models.GroupedOpenApi
 (MultipleOpenApiSupport
Condition)
      Matched:
         - found 
'session' scope (OnWebAp
plicationCondition)
         - 
@ConditionalOnProperty (
springdoc.api-docs.enabl
ed) matched 
(OnPropertyCondition)

   MultipleOpenApiSuppor
tConfiguration.SpringDoc
WebMvcActuatorDifferentC
onfiguration:
      Did not match:
         - Management 
Port actual port type 
(SAME) did not match 
required type 
(DIFFERENT) (OnManagemen
tPortCondition)
         - Ancestor org.
springdoc.webmvc.core.co
nfiguration.MultipleOpen
ApiSupportConfiguration 
did not match (Condition
EvaluationReport.Ancesto
rsMatchedCondition)
      Matched:
         - 
@ConditionalOnClass 
found required class 'or
g.springframework.boot.a
ctuate.endpoint.web.serv
let.WebMvcEndpointHandle
rMapping' 
(OnClassCondition)

   MustacheAutoConfigura
tion:
      Did not match:
         - 
@ConditionalOnClass did 
not find required class 
'com.samskivert.mustache
.Mustache' 
(OnClassCondition)

   
Neo4jAutoConfiguration:
      Did not match:
         - 
@ConditionalOnClass did 
not find required class 
'org.neo4j.driver.Driver
' (OnClassCondition)

   Neo4jDataAutoConfigur
ation:
      Did not match:
         - 
@ConditionalOnClass did 
not find required class 
'org.neo4j.driver.Driver
' (OnClassCondition)

   Neo4jHealthContributo
rAutoConfiguration:
      Did not match:
         - 
@ConditionalOnClass did 
not find required class 
'org.neo4j.driver.Driver
' (OnClassCondition)

   Neo4jReactiveDataAuto
Configuration:
      Did not match:
         - 
@ConditionalOnClass did 
not find required class 
'org.neo4j.driver.Driver
' (OnClassCondition)

   Neo4jReactiveReposito
riesAutoConfiguration:
      Did not match:
         - 
@ConditionalOnClass did 
not find required class 
'org.neo4j.driver.Driver
' (OnClassCondition)

   Neo4jRepositoriesAuto
Configuration:
      Did not match:
         - 
@ConditionalOnClass did 
not find required class 
'org.neo4j.driver.Driver
' (OnClassCondition)

   
NettyAutoConfiguration:
      Did not match:
         - 
@ConditionalOnClass did 
not find required class 
'io.netty.util.NettyRunt
ime' (OnClassCondition)

   NewRelicMetricsExport
AutoConfiguration:
      Did not match:
         - 
@ConditionalOnClass did 
not find required class 
'io.micrometer.newrelic.
NewRelicMeterRegistry' 
(OnClassCondition)

   NoOpMeterRegistryConf
iguration:
      Did not match:
         - @ConditionalO
nMissingBean (types: io.
micrometer.core.instrume
nt.MeterRegistry; 
SearchStrategy: all) 
found beans of type 'io.
micrometer.core.instrume
nt.MeterRegistry' 
simpleMeterRegistry 
(OnBeanCondition)

   NoopTracerAutoConfigu
ration:
      Did not match:
         - 
@ConditionalOnClass did 
not find required class 
'io.micrometer.tracing.T
racer' 
(OnClassCondition)

   OAuth2AuthorizationSe
rverAutoConfiguration:
      Did not match:
         - 
@ConditionalOnClass did 
not find required class 
'org.springframework.sec
urity.oauth2.server.auth
orization.OAuth2Authoriz
ation' 
(OnClassCondition)

   OAuth2AuthorizationSe
rverJwtAutoConfiguration
:
      Did not match:
         - 
@ConditionalOnClass did 
not find required class 
'org.springframework.sec
urity.oauth2.server.auth
orization.OAuth2Authoriz
ation' 
(OnClassCondition)

   OAuth2ClientRegistrat
ionRepositoryConfigurati
on:
      Did not match:
         - OAuth2 
Clients Configured 
Condition registered 
clients is not 
available (ClientsConfig
uredCondition)

   OAuth2ResourceServerA
utoConfiguration:
      Did not match:
         - 
@ConditionalOnClass did 
not find required class 
'org.springframework.sec
urity.oauth2.server.reso
urce.authentication.Bear
erTokenAuthenticationTok
en' (OnClassCondition)

   OAuth2WebSecurityConf
iguration:
      Did not match:
         - 
@ConditionalOnBean 
(types: org.springframew
ork.security.oauth2.clie
nt.registration.ClientRe
gistrationRepository; 
SearchStrategy: all) 
did not find any beans 
of type org.springframew
ork.security.oauth2.clie
nt.registration.ClientRe
gistrationRepository 
(OnBeanCondition)

   ObservationAutoConfig
uration.MeterObservation
HandlerConfiguration.Tra
cingAndMetricsObservatio
nHandlerConfiguration:
      Did not match:
         - 
@ConditionalOnBean did 
not find required type '
io.micrometer.tracing.Tr
acer' (OnBeanCondition)
         - 
@ConditionalOnBean 
(types: io.micrometer.tr
acing.Tracer; 
SearchStrategy: all) 
did not find any beans 
of type io.micrometer.tr
acing.Tracer 
(OnBeanCondition)

   ObservationAutoConfig
uration.MetricsWithTraci
ngConfiguration:
      Did not match:
         - 
@ConditionalOnClass did 
not find required class 
'io.micrometer.tracing.T
racer' 
(OnClassCondition)

   ObservationAutoConfig
uration.OnlyTracingConfi
guration:
      Did not match:
         - 
@ConditionalOnClass did 
not find required class 
'io.micrometer.tracing.T
racer' 
(OnClassCondition)

   OpenTelemetryAutoConf
iguration:
      Did not match:
         - 
@ConditionalOnClass did 
not find required class 
'io.opentelemetry.sdk.Op
enTelemetrySdk' 
(OnClassCondition)

   OpenTelemetryLoggingA
utoConfiguration:
      Did not match:
         - 
@ConditionalOnClass did 
not find required class 
'io.opentelemetry.api.Op
enTelemetry' 
(OnClassCondition)

   OpenTelemetryTracingA
utoConfiguration:
      Did not match:
         - 
@ConditionalOnClass did 
not find required class 
'io.micrometer.tracing.o
tel.bridge.OtelTracer' 
(OnClassCondition)

   OtlpLoggingAutoConfig
uration:
      Did not match:
         - 
@ConditionalOnClass did 
not find required class 
'io.opentelemetry.api.Op
enTelemetry' 
(OnClassCondition)

   OtlpMetricsExportAuto
Configuration:
      Did not match:
         - 
@ConditionalOnClass did 
not find required class 
'io.micrometer.registry.
otlp.OtlpMeterRegistry' 
(OnClassCondition)

   OtlpTracingAutoConfig
uration:
      Did not match:
         - 
@ConditionalOnClass did 
not find required class 
'io.micrometer.tracing.o
tel.bridge.OtelTracer' 
(OnClassCondition)

   ProjectInfoAutoConfig
uration#buildProperties:
      Did not match:
         - 
@ConditionalOnResource 
did not find resource '$
{spring.info.build.locat
ion:classpath:META-INF/b
uild-info.properties}' 
(OnResourceCondition)

   ProjectInfoAutoConfig
uration#gitProperties:
      Did not match:
         - GitResource 
did not find git info 
at classpath:git.propert
ies (ProjectInfoAutoConf
iguration.GitResourceAva
ilableCondition)

   PrometheusExemplarsAu
toConfiguration:
      Did not match:
         - 
@ConditionalOnClass did 
not find required class 
'io.micrometer.tracing.T
racer' 
(OnClassCondition)

   PrometheusMetricsExpo
rtAutoConfiguration:
      Did not match:
         - 
@ConditionalOnClass did 
not find required class 
'io.micrometer.prometheu
smetrics.PrometheusMeter
Registry' 
(OnClassCondition)

   PrometheusSimpleclien
tExemplarsAutoConfigurat
ion:
      Did not match:
         - 
@ConditionalOnClass did 
not find required class 
'io.micrometer.tracing.T
racer' 
(OnClassCondition)

   PrometheusSimpleclien
tMetricsExportAutoConfig
uration:
      Did not match:
         - 
@ConditionalOnClass did 
not find required class 
'io.micrometer.prometheu
s.PrometheusMeterRegistr
y' (OnClassCondition)

   
PulsarAutoConfiguration:
      Did not match:
         - 
@ConditionalOnClass did 
not find required class 
'org.apache.pulsar.clien
t.api.PulsarClient' 
(OnClassCondition)

   PulsarReactiveAutoCon
figuration:
      Did not match:
         - 
@ConditionalOnClass did 
not find required class 
'org.apache.pulsar.clien
t.api.PulsarClient' 
(OnClassCondition)

   
QuartzAutoConfiguration:
      Did not match:
         - 
@ConditionalOnClass did 
not find required class 
'org.quartz.Scheduler' 
(OnClassCondition)

   QuartzEndpointAutoCon
figuration:
      Did not match:
         - 
@ConditionalOnClass did 
not find required class 
'org.quartz.Scheduler' 
(OnClassCondition)

   
R2dbcAutoConfiguration:
      Did not match:
         - 
@ConditionalOnClass did 
not find required class 
'io.r2dbc.spi.Connection
Factory' 
(OnClassCondition)

   R2dbcDataAutoConfigur
ation:
      Did not match:
         - 
@ConditionalOnClass did 
not find required class 
'org.springframework.dat
a.r2dbc.core.R2dbcEntity
Template' 
(OnClassCondition)

   R2dbcInitializationCo
nfiguration:
      Did not match:
         - 
@ConditionalOnClass did 
not find required 
classes 'io.r2dbc.spi.Co
nnectionFactory', 'org.s
pringframework.r2dbc.con
nection.init.DatabasePop
ulator' 
(OnClassCondition)

   R2dbcObservationAutoC
onfiguration:
      Did not match:
         - 
@ConditionalOnClass did 
not find required class 
'io.r2dbc.proxy.ProxyCon
nectionFactory' 
(OnClassCondition)

   R2dbcProxyAutoConfigu
ration:
      Did not match:
         - 
@ConditionalOnClass did 
not find required class 
'io.r2dbc.proxy.ProxyCon
nectionFactory' 
(OnClassCondition)

   R2dbcRepositoriesAuto
Configuration:
      Did not match:
         - 
@ConditionalOnClass did 
not find required class 
'io.r2dbc.spi.Connection
Factory' 
(OnClassCondition)

   R2dbcTransactionManag
erAutoConfiguration:
      Did not match:
         - 
@ConditionalOnClass did 
not find required class 
'org.springframework.r2d
bc.connection.R2dbcTrans
actionManager' 
(OnClassCondition)

   RSocketGraphQlClientA
utoConfiguration:
      Did not match:
         - 
@ConditionalOnClass did 
not find required class 
'graphql.GraphQL' 
(OnClassCondition)

   RSocketMessagingAutoC
onfiguration:
      Did not match:
         - 
@ConditionalOnClass did 
not find required class 
'io.rsocket.RSocket' 
(OnClassCondition)

   RSocketRequesterAutoC
onfiguration:
      Did not match:
         - 
@ConditionalOnClass did 
not find required class 
'io.rsocket.RSocket' 
(OnClassCondition)

   RSocketSecurityAutoCo
nfiguration:
      Did not match:
         - 
@ConditionalOnClass did 
not find required class 
'org.springframework.sec
urity.rsocket.core.Secur
itySocketAcceptorInterce
ptor' (OnClassCondition)

   RSocketServerAutoConf
iguration:
      Did not match:
         - 
@ConditionalOnClass did 
not find required class 
'io.rsocket.core.RSocket
Server' 
(OnClassCondition)

   RSocketStrategiesAuto
Configuration:
      Did not match:
         - 
@ConditionalOnClass did 
not find required class 
'io.netty.buffer.PooledB
yteBufAllocator' 
(OnClassCondition)

   
RabbitAutoConfiguration:
      Did not match:
         - 
@ConditionalOnClass did 
not find required class 
'com.rabbitmq.client.Cha
nnel' (OnClassCondition)

   RabbitHealthContribut
orAutoConfiguration:
      Did not match:
         - 
@ConditionalOnClass did 
not find required class 
'org.springframework.amq
p.rabbit.core.RabbitTemp
late' (OnClassCondition)

   RabbitMetricsAutoConf
iguration:
      Did not match:
         - 
@ConditionalOnClass did 
not find required class 
'com.rabbitmq.client.Con
nectionFactory' 
(OnClassCondition)

   ReactiveCloudFoundryA
ctuatorAutoConfiguration
:
      Did not match:
         - @ConditionalO
nWebApplication did not 
find reactive web 
application classes (OnW
ebApplicationCondition)

   ReactiveElasticsearch
ClientAutoConfiguration:
      Did not match:
         - 
@ConditionalOnClass did 
not find required class 
'co.elastic.clients.tran
sport.ElasticsearchTrans
port' (OnClassCondition)

   ReactiveElasticsearch
RepositoriesAutoConfigur
ation:
      Did not match:
         - 
@ConditionalOnClass did 
not find required class 
'reactor.core.publisher.
Mono' (OnClassCondition)

   ReactiveHealthEndpoin
tConfiguration:
      Did not match:
         - 
@ConditionalOnClass did 
not find required class 
'reactor.core.publisher.
Flux' (OnClassCondition)

   ReactiveManagementCon
textAutoConfiguration:
      Did not match:
         - 
@ConditionalOnClass did 
not find required class 
'reactor.core.publisher.
Flux' (OnClassCondition)

   ReactiveManagementWeb
SecurityAutoConfiguratio
n:
      Did not match:
         - @ConditionalO
nWebApplication did not 
find reactive web 
application classes (OnW
ebApplicationCondition)

   ReactiveMultipartAuto
Configuration:
      Did not match:
         - 
@ConditionalOnClass did 
not find required class 
'org.springframework.web
.reactive.config.WebFlux
Configurer' 
(OnClassCondition)

   ReactiveOAuth2ClientA
utoConfiguration:
      Did not match:
         - 
@ConditionalOnClass did 
not find required class 
'reactor.core.publisher.
Flux' (OnClassCondition)

   ReactiveOAuth2Resourc
eServerAutoConfiguration
:
      Did not match:
         - @ConditionalO
nWebApplication did not 
find reactive web 
application classes (OnW
ebApplicationCondition)

   ReactiveSecurityAutoC
onfiguration:
      Did not match:
         - 
@ConditionalOnClass did 
not find required class 
'reactor.core.publisher.
Flux' (OnClassCondition)

   ReactiveUserDetailsSe
rviceAutoConfiguration:
      Did not match:
         - 
AnyNestedCondition 0 
matched 3 did not; 
NestedCondition on React
iveUserDetailsServiceAut
oConfiguration.MissingAl
ternativeOrUserPropertie
sConfigured.PasswordConf
igured 
@ConditionalOnProperty (
spring.security.user.pas
sword) did not find 
property 'password'; 
NestedCondition on React
iveUserDetailsServiceAut
oConfiguration.MissingAl
ternativeOrUserPropertie
sConfigured.NameConfigur
ed 
@ConditionalOnProperty (
spring.security.user.nam
e) did not find 
property 'name'; 
NestedCondition on React
iveUserDetailsServiceAut
oConfiguration.MissingAl
ternativeOrUserPropertie
sConfigured.MissingAlter
native @ConditionalOnMis
singClass found 
unwanted class 'org.spri
ngframework.security.oau
th2.client.registration.
ClientRegistrationReposi
tory' (ReactiveUserDetai
lsServiceAutoConfigurati
on.MissingAlternativeOrU
serPropertiesConfigured)
      Matched:
         - 
@ConditionalOnClass 
found required class 'or
g.springframework.securi
ty.authentication.Reacti
veAuthenticationManager'
 (OnClassCondition)

   ReactiveWebServerFact
oryAutoConfiguration:
      Did not match:
         - @ConditionalO
nWebApplication did not 
find reactive web 
application classes (OnW
ebApplicationCondition)

   ReactorAutoConfigurat
ion:
      Did not match:
         - 
@ConditionalOnClass did 
not find required class 
'reactor.core.publisher.
Hooks' 
(OnClassCondition)

   
RedisAutoConfiguration:
      Did not match:
         - 
@ConditionalOnClass did 
not find required class 
'org.springframework.dat
a.redis.core.RedisOperat
ions' (OnClassCondition)

   
RedisCacheConfiguration:
      Did not match:
         - 
@ConditionalOnClass did 
not find required class 
'org.springframework.dat
a.redis.connection.Redis
ConnectionFactory' 
(OnClassCondition)

   RedisHealthContributo
rAutoConfiguration:
      Did not match:
         - 
@ConditionalOnClass did 
not find required class 
'org.springframework.dat
a.redis.connection.Redis
ConnectionFactory' 
(OnClassCondition)

   RedisReactiveAutoConf
iguration:
      Did not match:
         - 
@ConditionalOnClass did 
not find required class 
'reactor.core.publisher.
Flux' (OnClassCondition)

   RedisReactiveHealthCo
ntributorAutoConfigurati
on:
      Did not match:
         - 
@ConditionalOnClass did 
not find required class 
'reactor.core.publisher.
Flux' (OnClassCondition)

   RedisRepositoriesAuto
Configuration:
      Did not match:
         - 
@ConditionalOnClass did 
not find required class 
'org.springframework.dat
a.redis.repository.confi
guration.EnableRedisRepo
sitories' 
(OnClassCondition)

   RepositoryRestMvcAuto
Configuration:
      Did not match:
         - 
@ConditionalOnClass did 
not find required class 
'org.springframework.dat
a.rest.webmvc.config.Rep
ositoryRestMvcConfigurat
ion' (OnClassCondition)

   Saml2RelyingPartyAuto
Configuration:
      Did not match:
         - 
@ConditionalOnClass did 
not find required class 
'org.springframework.sec
urity.saml2.provider.ser
vice.registration.Relyin
gPartyRegistrationReposi
tory' (OnClassCondition)

   SbomEndpointAutoConfi
guration:
      Did not match:
         - @ConditionalO
nAvailableEndpoint not 
exposed (OnAvailableEndp
ointCondition)

   ScheduledTasksEndpoin
tAutoConfiguration:
      Did not match:
         - @ConditionalO
nAvailableEndpoint not 
exposed (OnAvailableEndp
ointCondition)

   SecurityDataConfigura
tion:
      Did not match:
         - 
@ConditionalOnClass did 
not find required class 
'org.springframework.sec
urity.data.repository.qu
ery.SecurityEvaluationCo
ntextExtension' 
(OnClassCondition)

   SecurityRequestMatche
rsManagementContextConfi
guration.JerseyRequestMa
tcherConfiguration:
      Did not match:
         - 
@ConditionalOnClass did 
not find required class 
'org.glassfish.jersey.se
rver.ResourceConfig' 
(OnClassCondition)

   SendGridAutoConfigura
tion:
      Did not match:
         - 
@ConditionalOnClass did 
not find required class 
'com.sendgrid.SendGrid' 
(OnClassCondition)

   ServletEndpointManage
mentContextConfiguration
.JerseyServletEndpointMa
nagementContextConfigura
tion:
      Did not match:
         - 
@ConditionalOnClass did 
not find required class 
'org.glassfish.jersey.se
rver.ResourceConfig' 
(OnClassCondition)

   ServletManagementCont
extAutoConfiguration.App
licationContextFilterCon
figuration:
      Did not match:
         - 
@ConditionalOnProperty (
management.server.add-ap
plication-context-header
=true) did not find 
property 'add-applicatio
n-context-header' 
(OnPropertyCondition)

   ServletWebServerFacto
ryAutoConfiguration.Forw
ardedHeaderFilterConfigu
ration:
      Did not match:
         - 
@ConditionalOnProperty (
server.forward-headers-s
trategy=framework) did 
not find property 'serve
r.forward-headers-strate
gy' 
(OnPropertyCondition)

   ServletWebServerFacto
ryConfiguration.Embedded
Jetty:
      Did not match:
         - 
@ConditionalOnClass did 
not find required 
classes 'org.eclipse.jet
ty.server.Server', 'org.
eclipse.jetty.util.Loade
r', 'org.eclipse.jetty.e
e10.webapp.WebAppContext
' (OnClassCondition)

   ServletWebServerFacto
ryConfiguration.Embedded
Undertow:
      Did not match:
         - 
@ConditionalOnClass did 
not find required 
classes 
'io.undertow.Undertow', 
'org.xnio.SslClientAuthM
ode' (OnClassCondition)

   SessionAutoConfigurat
ion:
      Did not match:
         - 
@ConditionalOnClass did 
not find required class 
'org.springframework.ses
sion.Session' 
(OnClassCondition)

   SessionsEndpointAutoC
onfiguration:
      Did not match:
         - 
@ConditionalOnClass did 
not find required class 
'org.springframework.ses
sion.Session' 
(OnClassCondition)

   ShutdownEndpointAutoC
onfiguration:
      Did not match:
         - @ConditionalO
nAvailableEndpoint the 
configured access for 
endpoint 'shutdown' is 
NONE (OnAvailableEndpoin
tCondition)

   SignalFxMetricsExport
AutoConfiguration:
      Did not match:
         - 
@ConditionalOnClass did 
not find required class 
'io.micrometer.signalfx.
SignalFxMeterRegistry' 
(OnClassCondition)

   SpringApplicationAdmi
nJmxAutoConfiguration:
      Did not match:
         - 
@ConditionalOnProperty (
spring.application.admin
.enabled=true) did not 
find property 'enabled' 
(OnPropertyCondition)

   SpringBootWebSecurity
Configuration.SecurityFi
lterChainConfiguration:
      Did not match:
         - 
AllNestedConditions 1 
matched 1 did not; 
NestedCondition on Defau
ltWebSecurityCondition.B
eans @ConditionalOnMissi
ngBean (types: org.sprin
gframework.security.web.
SecurityFilterChain; 
SearchStrategy: all) 
found beans of type 'org
.springframework.securit
y.web.SecurityFilterChai
n' securityFilterChain; 
NestedCondition on Defau
ltWebSecurityCondition.C
lasses 
@ConditionalOnClass 
found required classes '
org.springframework.secu
rity.web.SecurityFilterC
hain', 'org.springframew
ork.security.config.anno
tation.web.builders.Http
Security' (DefaultWebSec
urityCondition)

   SpringBootWebSecurity
Configuration.WebSecurit
yEnablerConfiguration:
      Did not match:
         - @ConditionalO
nMissingBean (names: spr
ingSecurityFilterChain; 
SearchStrategy: all) 
found beans named spring
SecurityFilterChain 
(OnBeanCondition)
      Matched:
         - 
@ConditionalOnClass 
found required class 'or
g.springframework.securi
ty.config.annotation.web
.configuration.EnableWeb
Security' 
(OnClassCondition)

   SpringDocConfiguratio
n#propertiesResolverForS
chema:
      Did not match:
         - 
@ConditionalOnProperty (
springdoc.api-docs.resol
ve-schema-properties) 
did not find property 's
pringdoc.api-docs.resolv
e-schema-properties' 
(OnPropertyCondition)

   SpringDocConfiguratio
n#propertyCustomizingCon
verter:
      Did not match:
         - 
@ConditionalOnBean 
(types: org.springdoc.co
re.customizers.PropertyC
ustomizer; 
SearchStrategy: all) 
did not find any beans 
of type org.springdoc.co
re.customizers.PropertyC
ustomizer 
(OnBeanCondition)

   SpringDocConfiguratio
n#springdocBeanFactoryPo
stProcessor:
      Did not match:
         - 
AnyNestedCondition 0 
matched 2 did not; 
NestedCondition on Cache
OrGroupedOpenApiConditio
n.OnCacheDisabled found 
non-matching nested 
conditions 
@ConditionalOnProperty (
springdoc.cache.disabled
) did not find property 
'springdoc.cache.disable
d'; NestedCondition on C
acheOrGroupedOpenApiCond
ition.OnMultipleOpenApiS
upportCondition 
AnyNestedCondition 0 
matched 2 did not; 
NestedCondition on Multi
pleOpenApiSupportConditi
on.OnActuatorDifferentPo
rt found non-matching 
nested conditions 
Management Port actual 
port type (SAME) did 
not match required type 
(DIFFERENT), 
@ConditionalOnProperty (
springdoc.show-actuator)
 did not find property '
springdoc.show-actuator'
; NestedCondition on Mul
tipleOpenApiSupportCondi
tion.OnMultipleOpenApiSu
pportCondition 
AnyNestedCondition 0 
matched 3 did not; 
NestedCondition on Multi
pleOpenApiGroupsConditio
n.OnListGroupedOpenApiBe
an @ConditionalOnBean 
(types: org.springdoc.co
re.models.GroupedOpenApi
; SearchStrategy: all) 
did not find any beans 
of type org.springdoc.co
re.models.GroupedOpenApi
; NestedCondition on Mul
tipleOpenApiGroupsCondit
ion.OnGroupConfigPropert
y 
@ConditionalOnProperty (
springdoc.group-configs[
0].group) did not find 
property 'springdoc.grou
p-configs[0].group'; 
NestedCondition on Multi
pleOpenApiGroupsConditio
n.OnGroupedOpenApiBean 
@ConditionalOnBean 
(types: org.springdoc.co
re.models.GroupedOpenApi
; SearchStrategy: all) 
did not find any beans 
of type org.springdoc.co
re.models.GroupedOpenApi
 (CacheOrGroupedOpenApiC
ondition)
      Matched:
         - 
@ConditionalOnClass 
found required class 'or
g.springframework.boot.c
ontext.properties.bind.B
indResult' 
(OnClassCondition)

   SpringDocConfiguratio
n#springdocBeanFactoryPo
stProcessor2:
      Did not match:
         - @ConditionalO
nMissingClass found 
unwanted class 'org.spri
ngframework.boot.context
.properties.bind.BindRes
ult' (OnClassCondition)

   SpringDocConfiguratio
n.SpringDocActuatorConfi
guration:
      Did not match:
         - 
@ConditionalOnProperty (
springdoc.show-actuator)
 did not find property '
springdoc.show-actuator'
 (OnPropertyCondition)
      Matched:
         - 
@ConditionalOnClass 
found required class 'or
g.springframework.boot.a
ctuate.autoconfigure.end
point.web.WebEndpointPro
perties' 
(OnClassCondition)

   SpringDocConfiguratio
n.SpringDocRepositoryRes
tConfiguration:
      Did not match:
         - 
@ConditionalOnClass did 
not find required class 
'org.springframework.dat
a.rest.core.config.Repos
itoryRestConfiguration' 
(OnClassCondition)

   SpringDocConfiguratio
n.SpringDocWebFluxSuppor
tConfiguration:
      Did not match:
         - 
@ConditionalOnClass did 
not find required class 
'reactor.core.publisher.
Flux' (OnClassCondition)

   SpringDocDataRestConf
iguration:
      Did not match:
         - 
@ConditionalOnClass did 
not find required class 
'org.springframework.dat
a.rest.core.config.Repos
itoryRestConfiguration' 
(OnClassCondition)

   SpringDocFunctionCata
logConfiguration:
      Did not match:
         - 
@ConditionalOnClass did 
not find required class 
'org.springframework.clo
ud.function.web.function
.FunctionEndpointInitial
izer' (OnClassCondition)

   SpringDocGroovyConfig
uration:
      Did not match:
         - 
@ConditionalOnClass did 
not find required class 
'groovy.lang.MetaClass' 
(OnClassCondition)

   SpringDocHateoasConfi
guration:
      Did not match:
         - 
@ConditionalOnClass did 
not find required class 
'org.springframework.hat
eoas.server.LinkRelation
Provider' 
(OnClassCondition)

   SpringDocJacksonKotli
nModuleConfiguration:
      Did not match:
         - 
@ConditionalOnClass did 
not find required class 
'com.fasterxml.jackson.m
odule.kotlin.KotlinModul
e' (OnClassCondition)

   SpringDocJavadocConfi
guration:
      Did not match:
         - 
@ConditionalOnClass did 
not find required class 
'com.github.therapi.runt
imejavadoc.CommentFormat
ter' (OnClassCondition)

   SpringDocKotlinConfig
uration:
      Did not match:
         - 
@ConditionalOnClass did 
not find required class 
'kotlin.coroutines.Conti
nuation' 
(OnClassCondition)

   SpringDocKotlinxConfi
guration:
      Did not match:
         - 
@ConditionalOnClass did 
not find required class 
'kotlinx.coroutines.flow
.Flow' 
(OnClassCondition)

   SpringDocSecurityConf
iguration.SpringDocSecur
ityOAuth2Configuration:
      Did not match:
         - 
@ConditionalOnClass did 
not find required class 
'org.springframework.sec
urity.oauth2.server.auth
orization.OAuth2Authoriz
ationService' 
(OnClassCondition)

   SpringDocSecurityConf
iguration.SpringSecurity
LoginEndpointConfigurati
on#springSecurityLoginEn
dpointCustomizer:
      Did not match:
         - 
@ConditionalOnProperty (
springdoc.show-login-end
point) did not find 
property 'springdoc.show
-login-endpoint' 
(OnPropertyCondition)

   SpringDocSortConfigur
ation#dataRestDelegating
MethodParameterCustomize
r:
      Did not match:
         - @ConditionalO
nMissingBean (types: org
.springdoc.core.customiz
ers.DataRestDelegatingMe
thodParameterCustomizer;
 SearchStrategy: all) 
found beans of type 'org
.springdoc.core.customiz
ers.DataRestDelegatingMe
thodParameterCustomizer'
 dataRestDelegatingMetho
dParameterCustomizer 
(OnBeanCondition)

   SpringDocWebMvcConfig
uration.SpringDocWebMvcA
ctuatorConfiguration#act
uatorProvider:
      Did not match:
         - @ConditionalO
nExpression (#{${springd
oc.show-actuator:false} 
or ${springdoc.use-manag
ement-port:false}}) 
resulted in false 
(OnExpressionCondition)

   SpringDocWebMvcConfig
uration.SpringDocWebMvcA
ctuatorConfiguration#ope
nApiActuatorResource:
      Did not match:
         - @ConditionalO
nExpression (#{${springd
oc.use-management-port:f
alse} and ${springdoc.en
able-default-api-docs:tr
ue}}) resulted in false 
(OnExpressionCondition)

   StackdriverMetricsExp
ortAutoConfiguration:
      Did not match:
         - 
@ConditionalOnClass did 
not find required class 
'io.micrometer.stackdriv
er.StackdriverMeterRegis
try' (OnClassCondition)

   StartupEndpointAutoCo
nfiguration:
      Did not match:
         - 
ApplicationStartup 
configured 
applicationStartup is 
of type class org.spring
framework.core.metrics.D
efaultApplicationStartup
, expected BufferingAppl
icationStartup. (Startup
EndpointAutoConfiguratio
n.ApplicationStartupCond
ition)

   StatsdMetricsExportAu
toConfiguration:
      Did not match:
         - 
@ConditionalOnClass did 
not find required class 
'io.micrometer.statsd.St
atsdMeterRegistry' 
(OnClassCondition)

   SwaggerConfig#springW
ebProvider:
      Did not match:
         - @ConditionalO
nMissingBean (types: org
.springdoc.core.provider
s.SpringWebProvider; 
SearchStrategy: all) 
found beans of type 'org
.springdoc.core.provider
s.SpringWebProvider' 
springWebProvider 
(OnBeanCondition)

   SwaggerConfig#swagger
UiHome:
      Did not match:
         - 
@ConditionalOnProperty (
springdoc.swagger-ui.use
-root-path=true) did 
not find property 'sprin
gdoc.swagger-ui.use-root
-path' 
(OnPropertyCondition)

   SwaggerConfig.Swagger
ActuatorWelcomeConfigura
tion:
      Did not match:
         - 
@ConditionalOnProperty (
springdoc.use-management
-port) did not find 
property 'springdoc.use-
management-port' 
(OnPropertyCondition)
      Matched:
         - 
@ConditionalOnClass 
found required class 'or
g.springframework.boot.a
ctuate.endpoint.web.serv
let.WebMvcEndpointHandle
rMapping' 
(OnClassCondition)

   TaskExecutorConfigura
tions.SimpleAsyncTaskExe
cutorBuilderConfiguratio
n#simpleAsyncTaskExecuto
rBuilderVirtualThreads:
      Did not match:
         - @ConditionalO
nMissingBean (types: org
.springframework.boot.ta
sk.SimpleAsyncTaskExecut
orBuilder; 
SearchStrategy: all) 
found beans of type 'org
.springframework.boot.ta
sk.SimpleAsyncTaskExecut
orBuilder' simpleAsyncTa
skExecutorBuilder 
(OnBeanCondition)

   TaskExecutorConfigura
tions.TaskExecutorConfig
uration#applicationTaskE
xecutorVirtualThreads:
      Did not match:
         - 
@ConditionalOnThreading 
did not find VIRTUAL 
(OnThreadingCondition)

   TaskSchedulingAutoCon
figuration#scheduledBean
LazyInitializationExclud
eFilter:
      Did not match:
         - 
@ConditionalOnBean 
(names: org.springframew
ork.context.annotation.i
nternalScheduledAnnotati
onProcessor; 
SearchStrategy: all) 
did not find any beans 
named org.springframewor
k.context.annotation.int
ernalScheduledAnnotation
Processor 
(OnBeanCondition)

   TaskSchedulingConfigu
rations.SimpleAsyncTaskS
chedulerBuilderConfigura
tion#simpleAsyncTaskSche
dulerBuilderVirtualThrea
ds:
      Did not match:
         - @ConditionalO
nMissingBean (types: org
.springframework.boot.ta
sk.SimpleAsyncTaskSchedu
lerBuilder; 
SearchStrategy: all) 
found beans of type 'org
.springframework.boot.ta
sk.SimpleAsyncTaskSchedu
lerBuilder' simpleAsyncT
askSchedulerBuilder 
(OnBeanCondition)

   TaskSchedulingConfigu
rations.TaskSchedulerCon
figuration:
      Did not match:
         - 
@ConditionalOnBean 
(names: org.springframew
ork.context.annotation.i
nternalScheduledAnnotati
onProcessor; 
SearchStrategy: all) 
did not find any beans 
named org.springframewor
k.context.annotation.int
ernalScheduledAnnotation
Processor 
(OnBeanCondition)

   ThreadDumpEndpointAut
oConfiguration:
      Did not match:
         - @ConditionalO
nAvailableEndpoint not 
exposed (OnAvailableEndp
ointCondition)

   ThymeleafAutoConfigur
ation:
      Did not match:
         - 
@ConditionalOnClass did 
not find required class 
'org.thymeleaf.spring6.S
pringTemplateEngine' 
(OnClassCondition)

   TransactionAutoConfig
uration#transactionalOpe
rator:
      Did not match:
         - @ConditionalO
nSingleCandidate 
(types: org.springframew
ork.transaction.Reactive
TransactionManager; 
SearchStrategy: all) 
did not find any beans 
(OnBeanCondition)

   TransactionAutoConfig
uration.AspectJTransacti
onManagementConfiguratio
n:
      Did not match:
         - 
@ConditionalOnBean 
(types: org.springframew
ork.transaction.aspectj.
AbstractTransactionAspec
t; SearchStrategy: all) 
did not find any beans 
of type org.springframew
ork.transaction.aspectj.
AbstractTransactionAspec
t (OnBeanCondition)

   TransactionAutoConfig
uration.EnableTransactio
nManagementConfiguration
.JdkDynamicAutoProxyConf
iguration:
      Did not match:
         - 
@ConditionalOnProperty (
spring.aop.proxy-target-
class=false) did not 
find property 
'proxy-target-class' 
(OnPropertyCondition)

   UserDetailsServiceAut
oConfiguration:
      Did not match:
         - 
AnyNestedCondition 0 
matched 3 did not; 
NestedCondition on UserD
etailsServiceAutoConfigu
ration.MissingAlternativ
eOrUserPropertiesConfigu
red.PasswordConfigured 
@ConditionalOnProperty (
spring.security.user.pas
sword) did not find 
property 'password'; 
NestedCondition on UserD
etailsServiceAutoConfigu
ration.MissingAlternativ
eOrUserPropertiesConfigu
red.NameConfigured 
@ConditionalOnProperty (
spring.security.user.nam
e) did not find 
property 'name'; 
NestedCondition on UserD
etailsServiceAutoConfigu
ration.MissingAlternativ
eOrUserPropertiesConfigu
red.MissingAlternative @
ConditionalOnMissingClas
s found unwanted class '
org.springframework.secu
rity.oauth2.client.regis
tration.ClientRegistrati
onRepository' (UserDetai
lsServiceAutoConfigurati
on.MissingAlternativeOrU
serPropertiesConfigured)
      Matched:
         - 
@ConditionalOnClass 
found required class 'or
g.springframework.securi
ty.authentication.Authen
ticationManager' 
(OnClassCondition)
         - found 
'session' scope (OnWebAp
plicationCondition)

   WavefrontAutoConfigur
ation:
      Did not match:
         - 
@ConditionalOnClass did 
not find required class 
'com.wavefront.sdk.commo
n.application.Applicatio
nTags' 
(OnClassCondition)

   WavefrontMetricsExpor
tAutoConfiguration:
      Did not match:
         - 
@ConditionalOnClass did 
not find required class 
'com.wavefront.sdk.commo
n.WavefrontSender' 
(OnClassCondition)

   WavefrontTracingAutoC
onfiguration:
      Did not match:
         - 
@ConditionalOnClass did 
not find required class 
'com.wavefront.sdk.commo
n.WavefrontSender' 
(OnClassCondition)

   WebClientAutoConfigur
ation:
      Did not match:
         - 
@ConditionalOnClass did 
not find required class 
'org.springframework.web
.reactive.function.clien
t.WebClient' 
(OnClassCondition)

   WebClientObservationC
onfiguration:
      Did not match:
         - 
@ConditionalOnClass did 
not find required class 
'org.springframework.web
.reactive.function.clien
t.WebClient' 
(OnClassCondition)

   WebFluxAutoConfigurat
ion:
      Did not match:
         - 
@ConditionalOnClass did 
not find required class 
'org.springframework.web
.reactive.config.WebFlux
Configurer' 
(OnClassCondition)

   WebFluxEndpointManage
mentContextConfiguration
:
      Did not match:
2026-03-31T15:20:04.537+05:30  INFO 2120 --- [quantity-measurement-app] [           main] .s.b.a.l.ConditionEvaluationReportLogger : 

Error starting ApplicationContext. To display the condition evaluation report re-run your application with 'debug' enabled.
2026-03-31T15:20:04.587+05:30 ERROR 2120 --- [quantity-measurement-app] [           main] o.s.b.d.LoggingFailureAnalysisReporter   : 

***************************
APPLICATION FAILED TO START
***************************

Description:

Parameter 0 of method setFilterChains in org.springframework.security.config.annotation.web.configuration.WebSecurityConfiguration required a bean of type 'org.springframework.security.oauth2.client.registration.ClientRegistrationRepository' that could not be found.


Action:

Consider defining a bean of type 'org.springframework.security.oauth2.client.registration.ClientRegistrationRepository' in your configuration.

2026-03-31T15:20:04.595+05:30  WARN 2120 --- [quantity-measurement-app] [           main] o.s.test.context.TestContextManager      : Caught exception while allowing TestExecutionListener [org.springframework.test.context.support.DependencyInjectionTestExecutionListener] to prepare test instance [com.app.quantitymeasurement.QuantityMeasurementAppApplicationTests@2e15a0d7]

java.lang.IllegalStateException: Failed to load ApplicationContext for [WebMergedContextConfiguration@2852fb2a testClass = com.app.quantitymeasurement.QuantityMeasurementAppApplicationTests, locations = [], classes = [com.app.quantitymeasurement.QuantityMeasurementAppApplication], contextInitializerClasses = [], activeProfiles = [], propertySourceDescriptors = [], propertySourceProperties = ["org.springframework.boot.test.context.SpringBootTestContextBootstrapper=true", "server.port=0"], contextCustomizers = [org.springframework.boot.test.context.filter.ExcludeFilterContextCustomizer@1d483de4, org.springframework.boot.test.json.DuplicateJsonObjectContextCustomizerFactory$DuplicateJsonObjectContextCustomizer@3b74ac8, org.springframework.boot.test.mock.mockito.MockitoContextCustomizer@0, org.springframework.boot.test.web.client.TestRestTemplateContextCustomizer@5be49b60, org.springframework.boot.test.web.reactor.netty.DisableReactorResourceFactoryGlobalResourcesContextCustomizerFactory$DisableReactorResourceFactoryGlobalResourcesContextCustomizerCustomizer@68f4865, org.springframework.boot.test.autoconfigure.OnFailureConditionReportContextCustomizerFactory$OnFailureConditionReportContextCustomizer@40317ba2, org.springframework.boot.test.autoconfigure.actuate.observability.ObservabilityContextCustomizerFactory$DisableObservabilityContextCustomizer@1f, org.springframework.boot.test.autoconfigure.properties.PropertyMappingContextCustomizer@0, org.springframework.boot.test.autoconfigure.web.servlet.WebDriverContextCustomizer@53251a66, org.springframework.test.context.support.DynamicPropertiesContextCustomizer@0, org.springframework.boot.test.context.SpringBootTestAnnotation@1bd4719a], resourceBasePath = "src/main/webapp", contextLoader = org.springframework.boot.test.context.SpringBootContextLoader, parent = null]
	at org.springframework.test.context.cache.DefaultCacheAwareContextLoaderDelegate.loadContext(DefaultCacheAwareContextLoaderDelegate.java:180) ~[spring-test-6.2.1.jar:6.2.1]
	at org.springframework.test.context.support.DefaultTestContext.getApplicationContext(DefaultTestContext.java:130) ~[spring-test-6.2.1.jar:6.2.1]
	at org.springframework.test.context.support.DependencyInjectionTestExecutionListener.injectDependencies(DependencyInjectionTestExecutionListener.java:142) ~[spring-test-6.2.1.jar:6.2.1]
	at org.springframework.test.context.support.DependencyInjectionTestExecutionListener.prepareTestInstance(DependencyInjectionTestExecutionListener.java:98) ~[spring-test-6.2.1.jar:6.2.1]
         - 
@ConditionalOnClass did 
not find required class 
'org.springframework.web
.reactive.DispatcherHand
ler' (OnClassCondition)

   WebFluxObservationAut
oConfiguration:
      Did not match:
         - @ConditionalO
nWebApplication did not 
find reactive web 
application classes (OnW
ebApplicationCondition)

   WebMvcAutoConfigurati
on#hiddenHttpMethodFilte
r:
      Did not match:
         - 
@ConditionalOnProperty (
spring.mvc.hiddenmethod.
filter.enabled) did not 
find property 'enabled' 
(OnPropertyCondition)

   WebMvcAutoConfigurati
on.ProblemDetailsErrorHa
ndlingConfiguration:
      Did not match:
         - 
@ConditionalOnProperty (
spring.mvc.problemdetail
s.enabled=true) did not 
find property 'enabled' 
(OnPropertyCondition)

   WebMvcAutoConfigurati
on.WebMvcAutoConfigurati
onAdapter#beanNameViewRe
solver:
      Did not match:
         - @ConditionalO
nMissingBean (types: org
.springframework.web.ser
vlet.view.BeanNameViewRe
solver; SearchStrategy: 
all) found beans of 
type 'org.springframewor
k.web.servlet.view.BeanN
ameViewResolver' 
beanNameViewResolver 
(OnBeanCondition)

   WebMvcEndpointManagem
entContextConfiguration#
managementHealthEndpoint
WebMvcHandlerMapping:
      Did not match:
         - Management 
Port actual port type 
(SAME) did not match 
required type 
(DIFFERENT) (OnManagemen
tPortCondition)

   WebServiceTemplateAut
oConfiguration:
      Did not match:
         - 
@ConditionalOnClass did 
not find required class 
'org.springframework.oxm
.Marshaller' 
(OnClassCondition)

   WebServicesAutoConfig
uration:
      Did not match:
         - 
@ConditionalOnClass did 
not find required class 
'org.springframework.ws.
transport.http.MessageDi
spatcherServlet' 
(OnClassCondition)

   WebSessionIdResolverA
utoConfiguration:
      Did not match:
         - 
@ConditionalOnClass did 
not find required class 
'reactor.core.publisher.
Mono' (OnClassCondition)

   WebSocketMessagingAut
oConfiguration:
      Did not match:
         - 
@ConditionalOnClass did 
not find required class 
'org.springframework.web
.socket.config.annotatio
n.WebSocketMessageBroker
Configurer' 
(OnClassCondition)

   WebSocketReactiveAuto
Configuration:
      Did not match:
	at org.springframework.test.context.TestContextManager.prepareTestInstance(TestContextManager.java:260) ~[spring-test-6.2.1.jar:6.2.1]
	at org.springframework.test.context.junit.jupiter.SpringExtension.postProcessTestInstance(SpringExtension.java:160) ~[spring-test-6.2.1.jar:6.2.1]
	at org.junit.jupiter.engine.descriptor.ClassBasedTestDescriptor.lambda$invokeTestInstancePostProcessors$11(ClassBasedTestDescriptor.java:378) ~[junit-jupiter-engine-5.11.4.jar:5.11.4]
	at org.junit.jupiter.engine.descriptor.ClassBasedTestDescriptor.executeAndMaskThrowable(ClassBasedTestDescriptor.java:383) ~[junit-jupiter-engine-5.11.4.jar:5.11.4]
	at org.junit.jupiter.engine.descriptor.ClassBasedTestDescriptor.lambda$invokeTestInstancePostProcessors$12(ClassBasedTestDescriptor.java:378) ~[junit-jupiter-engine-5.11.4.jar:5.11.4]
	at java.base/java.util.stream.ForEachOps$ForEachOp$OfRef.accept(ForEachOps.java:184) ~[na:na]
	at java.base/java.util.stream.ReferencePipeline$3$1.accept(ReferencePipeline.java:197) ~[na:na]
	at java.base/java.util.stream.ReferencePipeline$2$1.accept(ReferencePipeline.java:179) ~[na:na]
	at java.base/java.util.stream.ReferencePipeline$3$1.accept(ReferencePipeline.java:197) ~[na:na]
	at java.base/java.util.ArrayList$ArrayListSpliterator.forEachRemaining(ArrayList.java:1708) ~[na:na]
	at java.base/java.util.stream.AbstractPipeline.copyInto(AbstractPipeline.java:509) ~[na:na]
	at java.base/java.util.stream.AbstractPipeline.wrapAndCopyInto(AbstractPipeline.java:499) ~[na:na]
	at java.base/java.util.stream.ForEachOps$ForEachOp.evaluateSequential(ForEachOps.java:151) ~[na:na]
	at java.base/java.util.stream.ForEachOps$ForEachOp$OfRef.evaluateSequential(ForEachOps.java:174) ~[na:na]
	at java.base/java.util.stream.AbstractPipeline.evaluate(AbstractPipeline.java:234) ~[na:na]
	at java.base/java.util.stream.ReferencePipeline.forEach(ReferencePipeline.java:596) ~[na:na]
	at org.junit.jupiter.engine.descriptor.ClassBasedTestDescriptor.invokeTestInstancePostProcessors(ClassBasedTestDescriptor.java:377) ~[junit-jupiter-engine-5.11.4.jar:5.11.4]
	at org.junit.jupiter.engine.descriptor.ClassBasedTestDescriptor.lambda$instantiateAndPostProcessTestInstance$7(ClassBasedTestDescriptor.java:290) ~[junit-jupiter-engine-5.11.4.jar:5.11.4]
	at org.junit.platform.engine.support.hierarchical.ThrowableCollector.execute(ThrowableCollector.java:73) ~[junit-platform-engine-1.11.4.jar:1.11.4]
	at org.junit.jupiter.engine.descriptor.ClassBasedTestDescriptor.instantiateAndPostProcessTestInstance(ClassBasedTestDescriptor.java:289) ~[junit-jupiter-engine-5.11.4.jar:5.11.4]
	at org.junit.jupiter.engine.descriptor.ClassBasedTestDescriptor.lambda$testInstancesProvider$5(ClassBasedTestDescriptor.java:279) ~[junit-jupiter-engine-5.11.4.jar:5.11.4]
	at java.base/java.util.Optional.orElseGet(Optional.java:364) ~[na:na]
	at org.junit.jupiter.engine.descriptor.ClassBasedTestDescriptor.lambda$testInstancesProvider$6(ClassBasedTestDescriptor.java:278) ~[junit-jupiter-engine-5.11.4.jar:5.11.4]
	at org.junit.jupiter.engine.execution.TestInstancesProvider.getTestInstances(TestInstancesProvider.java:31) ~[junit-jupiter-engine-5.11.4.jar:5.11.4]
	at org.junit.jupiter.engine.descriptor.TestMethodTestDescriptor.lambda$prepare$1(TestMethodTestDescriptor.java:105) ~[junit-jupiter-engine-5.11.4.jar:5.11.4]
	at org.junit.platform.engine.support.hierarchical.ThrowableCollector.execute(ThrowableCollector.java:73) ~[junit-platform-engine-1.11.4.jar:1.11.4]
	at org.junit.jupiter.engine.descriptor.TestMethodTestDescriptor.prepare(TestMethodTestDescriptor.java:104) ~[junit-jupiter-engine-5.11.4.jar:5.11.4]
	at org.junit.jupiter.engine.descriptor.TestMethodTestDescriptor.prepare(TestMethodTestDescriptor.java:68) ~[junit-jupiter-engine-5.11.4.jar:5.11.4]
	at org.junit.platform.engine.support.hierarchical.NodeTestTask.lambda$prepare$2(NodeTestTask.java:128) ~[junit-platform-engine-1.11.4.jar:1.11.4]
	at org.junit.platform.engine.support.hierarchical.ThrowableCollector.execute(ThrowableCollector.java:73) ~[junit-platform-engine-1.11.4.jar:1.11.4]
	at org.junit.platform.engine.support.hierarchical.NodeTestTask.prepare(NodeTestTask.java:128) ~[junit-platform-engine-1.11.4.jar:1.11.4]
	at org.junit.platform.engine.support.hierarchical.NodeTestTask.execute(NodeTestTask.java:95) ~[junit-platform-engine-1.11.4.jar:1.11.4]
	at java.base/java.util.ArrayList.forEach(ArrayList.java:1596) ~[na:na]
	at org.junit.platform.engine.support.hierarchical.SameThreadHierarchicalTestExecutorService.invokeAll(SameThreadHierarchicalTestExecutorService.java:41) ~[junit-platform-engine-1.11.4.jar:1.11.4]
	at org.junit.platform.engine.support.hierarchical.NodeTestTask.lambda$executeRecursively$6(NodeTestTask.java:160) ~[junit-platform-engine-1.11.4.jar:1.11.4]
	at org.junit.platform.engine.support.hierarchical.ThrowableCollector.execute(ThrowableCollector.java:73) ~[junit-platform-engine-1.11.4.jar:1.11.4]
	at org.junit.platform.engine.support.hierarchical.NodeTestTask.lambda$executeRecursively$8(NodeTestTask.java:146) ~[junit-platform-engine-1.11.4.jar:1.11.4]
	at org.junit.platform.engine.support.hierarchical.Node.around(Node.java:137) ~[junit-platform-engine-1.11.4.jar:1.11.4]
	at org.junit.platform.engine.support.hierarchical.NodeTestTask.lambda$executeRecursively$9(NodeTestTask.java:144) ~[junit-platform-engine-1.11.4.jar:1.11.4]
	at org.junit.platform.engine.support.hierarchical.ThrowableCollector.execute(ThrowableCollector.java:73) ~[junit-platform-engine-1.11.4.jar:1.11.4]
	at org.junit.platform.engine.support.hierarchical.NodeTestTask.executeRecursively(NodeTestTask.java:143) ~[junit-platform-engine-1.11.4.jar:1.11.4]
	at org.junit.platform.engine.support.hierarchical.NodeTestTask.execute(NodeTestTask.java:100) ~[junit-platform-engine-1.11.4.jar:1.11.4]
	at java.base/java.util.ArrayList.forEach(ArrayList.java:1596) ~[na:na]
	at org.junit.platform.engine.support.hierarchical.SameThreadHierarchicalTestExecutorService.invokeAll(SameThreadHierarchicalTestExecutorService.java:41) ~[junit-platform-engine-1.11.4.jar:1.11.4]
	at org.junit.platform.engine.support.hierarchical.NodeTestTask.lambda$executeRecursively$6(NodeTestTask.java:160) ~[junit-platform-engine-1.11.4.jar:1.11.4]
	at org.junit.platform.engine.support.hierarchical.ThrowableCollector.execute(ThrowableCollector.java:73) ~[junit-platform-engine-1.11.4.jar:1.11.4]
	at org.junit.platform.engine.support.hierarchical.NodeTestTask.lambda$executeRecursively$8(NodeTestTask.java:146) ~[junit-platform-engine-1.11.4.jar:1.11.4]
	at org.junit.platform.engine.support.hierarchical.Node.around(Node.java:137) ~[junit-platform-engine-1.11.4.jar:1.11.4]
	at org.junit.platform.engine.support.hierarchical.NodeTestTask.lambda$executeRecursively$9(NodeTestTask.java:144) ~[junit-platform-engine-1.11.4.jar:1.11.4]
	at org.junit.platform.engine.support.hierarchical.ThrowableCollector.execute(ThrowableCollector.java:73) ~[junit-platform-engine-1.11.4.jar:1.11.4]
	at org.junit.platform.engine.support.hierarchical.NodeTestTask.executeRecursively(NodeTestTask.java:143) ~[junit-platform-engine-1.11.4.jar:1.11.4]
	at org.junit.platform.engine.support.hierarchical.NodeTestTask.execute(NodeTestTask.java:100) ~[junit-platform-engine-1.11.4.jar:1.11.4]
	at org.junit.platform.engine.support.hierarchical.SameThreadHierarchicalTestExecutorService.submit(SameThreadHierarchicalTestExecutorService.java:35) ~[junit-platform-engine-1.11.4.jar:1.11.4]
	at org.junit.platform.engine.support.hierarchical.HierarchicalTestExecutor.execute(HierarchicalTestExecutor.java:57) ~[junit-platform-engine-1.11.4.jar:1.11.4]
	at org.junit.platform.engine.support.hierarchical.HierarchicalTestEngine.execute(HierarchicalTestEngine.java:54) ~[junit-platform-engine-1.11.4.jar:1.11.4]
	at org.junit.platform.launcher.core.EngineExecutionOrchestrator.execute(EngineExecutionOrchestrator.java:198) ~[junit-platform-launcher-1.11.4.jar:1.11.4]
	at org.junit.platform.launcher.core.EngineExecutionOrchestrator.execute(EngineExecutionOrchestrator.java:169) ~[junit-platform-launcher-1.11.4.jar:1.11.4]
         - @ConditionalO
nWebApplication did not 
find reactive web 
application classes (OnW
ebApplicationCondition)

   WebSocketServletAutoC
onfiguration.JettyWebSoc
ketConfiguration:
      Did not match:
         - 
@ConditionalOnClass did 
not find required class 
'org.eclipse.jetty.ee10.
websocket.jakarta.server
.config.JakartaWebSocket
ServletContainerInitiali
zer' (OnClassCondition)

   WebSocketServletAutoC
onfiguration.UndertowWeb
SocketConfiguration:
      Did not match:
         - 
@ConditionalOnClass did 
not find required class 
'io.undertow.websockets.
jsr.Bootstrap' 
(OnClassCondition)

   XADataSourceAutoConfi
guration:
      Did not match:
         - 
@ConditionalOnBean 
(types: org.springframew
ork.boot.jdbc.XADataSour
ceWrapper; 
SearchStrategy: all) 
did not find any beans 
of type org.springframew
ork.boot.jdbc.XADataSour
ceWrapper 
(OnBeanCondition)
      Matched:
         - 
@ConditionalOnClass 
found required classes 
'javax.sql.DataSource', 
'jakarta.transaction.Tra
nsactionManager', 'org.s
pringframework.jdbc.data
source.embedded.Embedded
DatabaseType' 
(OnClassCondition)

   
ZipkinAutoConfiguration:
      Did not match:
         - 
@ConditionalOnClass did 
not find required class 
'zipkin2.reporter.Encodi
ng' (OnClassCondition)


Exclusions:
-----------

    None


Unconditional classes:
----------------------

    org.springframework.
boot.autoconfigure.conte
xt.ConfigurationProperti
esAutoConfiguration

    org.springframework.
boot.actuate.autoconfigu
re.availability.Availabi
lityHealthContributorAut
oConfiguration

    org.springframework.
boot.autoconfigure.ssl.S
slAutoConfiguration

    org.springframework.
boot.actuate.autoconfigu
re.info.InfoContributorA
utoConfiguration

    org.springframework.
boot.autoconfigure.conte
xt.PropertyPlaceholderAu
toConfiguration

    org.springframework.
boot.autoconfigure.conte
xt.LifecycleAutoConfigur
ation

    org.springframework.
boot.actuate.autoconfigu
re.metrics.integration.I
ntegrationMetricsAutoCon
figuration

    org.springframework.
boot.actuate.autoconfigu
re.endpoint.EndpointAuto
Configuration

    org.springframework.
boot.actuate.autoconfigu
re.web.server.Management
ContextAutoConfiguration

    org.springframework.
boot.actuate.autoconfigu
re.health.HealthContribu
torAutoConfiguration

    org.springframework.
boot.actuate.autoconfigu
re.endpoint.jackson.Jack
sonEndpointAutoConfigura
tion

    org.springdoc.core.c
onfiguration.SpringDocSp
ecPropertiesConfiguratio
n

    org.springframework.
boot.autoconfigure.avail
ability.ApplicationAvail
abilityAutoConfiguration

    org.springframework.
boot.autoconfigure.info.
ProjectInfoAutoConfigura
tion
	at org.junit.platform.launcher.core.EngineExecutionOrchestrator.execute(EngineExecutionOrchestrator.java:93) ~[junit-platform-launcher-1.11.4.jar:1.11.4]
	at org.junit.platform.launcher.core.EngineExecutionOrchestrator.lambda$execute$0(EngineExecutionOrchestrator.java:58) ~[junit-platform-launcher-1.11.4.jar:1.11.4]
	at org.junit.platform.launcher.core.EngineExecutionOrchestrator.withInterceptedStreams(EngineExecutionOrchestrator.java:141) ~[junit-platform-launcher-1.11.4.jar:1.11.4]
	at org.junit.platform.launcher.core.EngineExecutionOrchestrator.execute(EngineExecutionOrchestrator.java:57) ~[junit-platform-launcher-1.11.4.jar:1.11.4]
	at org.junit.platform.launcher.core.DefaultLauncher.execute(DefaultLauncher.java:103) ~[junit-platform-launcher-1.11.4.jar:1.11.4]
	at org.junit.platform.launcher.core.DefaultLauncher.execute(DefaultLauncher.java:85) ~[junit-platform-launcher-1.11.4.jar:1.11.4]
	at org.junit.platform.launcher.core.DelegatingLauncher.execute(DelegatingLauncher.java:47) ~[junit-platform-launcher-1.11.4.jar:1.11.4]
	at org.apache.maven.surefire.junitplatform.LazyLauncher.execute(LazyLauncher.java:56) ~[surefire-junit-platform-3.1.2.jar:3.1.2]
	at org.apache.maven.surefire.junitplatform.JUnitPlatformProvider.execute(JUnitPlatformProvider.java:184) ~[surefire-junit-platform-3.1.2.jar:3.1.2]
	at org.apache.maven.surefire.junitplatform.JUnitPlatformProvider.invokeAllTests(JUnitPlatformProvider.java:148) ~[surefire-junit-platform-3.1.2.jar:3.1.2]
	at org.apache.maven.surefire.junitplatform.JUnitPlatformProvider.invoke(JUnitPlatformProvider.java:122) ~[surefire-junit-platform-3.1.2.jar:3.1.2]
	at org.apache.maven.surefire.booter.ForkedBooter.runSuitesInProcess(ForkedBooter.java:385) ~[surefire-booter-3.1.2.jar:3.1.2]
	at org.apache.maven.surefire.booter.ForkedBooter.execute(ForkedBooter.java:162) ~[surefire-booter-3.1.2.jar:3.1.2]
	at org.apache.maven.surefire.booter.ForkedBooter.run(ForkedBooter.java:507) ~[surefire-booter-3.1.2.jar:3.1.2]
	at org.apache.maven.surefire.booter.ForkedBooter.main(ForkedBooter.java:495) ~[surefire-booter-3.1.2.jar:3.1.2]
Caused by: org.springframework.beans.factory.UnsatisfiedDependencyException: Error creating bean with name 'org.springframework.security.config.annotation.web.configuration.WebSecurityConfiguration': Unsatisfied dependency expressed through method 'setFilterChains' parameter 0: Error creating bean with name 'securityFilterChain' defined in class path resource [com/app/quantitymeasurement/config/SecurityConfig.class]: Failed to instantiate [org.springframework.security.web.SecurityFilterChain]: Factory method 'securityFilterChain' threw exception with message: No qualifying bean of type 'org.springframework.security.oauth2.client.registration.ClientRegistrationRepository' available
	at org.springframework.beans.factory.annotation.AutowiredAnnotationBeanPostProcessor$AutowiredMethodElement.resolveMethodArguments(AutowiredAnnotationBeanPostProcessor.java:896) ~[spring-beans-6.2.1.jar:6.2.1]
	at org.springframework.beans.factory.annotation.AutowiredAnnotationBeanPostProcessor$AutowiredMethodElement.inject(AutowiredAnnotationBeanPostProcessor.java:849) ~[spring-beans-6.2.1.jar:6.2.1]
	at org.springframework.beans.factory.annotation.InjectionMetadata.inject(InjectionMetadata.java:146) ~[spring-beans-6.2.1.jar:6.2.1]
	at org.springframework.beans.factory.annotation.AutowiredAnnotationBeanPostProcessor.postProcessProperties(AutowiredAnnotationBeanPostProcessor.java:509) ~[spring-beans-6.2.1.jar:6.2.1]
	at org.springframework.beans.factory.support.AbstractAutowireCapableBeanFactory.populateBean(AbstractAutowireCapableBeanFactory.java:1441) ~[spring-beans-6.2.1.jar:6.2.1]
	at org.springframework.beans.factory.support.AbstractAutowireCapableBeanFactory.doCreateBean(AbstractAutowireCapableBeanFactory.java:600) ~[spring-beans-6.2.1.jar:6.2.1]
	at org.springframework.beans.factory.support.AbstractAutowireCapableBeanFactory.createBean(AbstractAutowireCapableBeanFactory.java:523) ~[spring-beans-6.2.1.jar:6.2.1]
	at org.springframework.beans.factory.support.AbstractBeanFactory.lambda$doGetBean$0(AbstractBeanFactory.java:336) ~[spring-beans-6.2.1.jar:6.2.1]
	at org.springframework.beans.factory.support.DefaultSingletonBeanRegistry.getSingleton(DefaultSingletonBeanRegistry.java:289) ~[spring-beans-6.2.1.jar:6.2.1]
	at org.springframework.beans.factory.support.AbstractBeanFactory.doGetBean(AbstractBeanFactory.java:334) ~[spring-beans-6.2.1.jar:6.2.1]
	at org.springframework.beans.factory.support.AbstractBeanFactory.getBean(AbstractBeanFactory.java:199) ~[spring-beans-6.2.1.jar:6.2.1]
	at org.springframework.beans.factory.support.DefaultListableBeanFactory.instantiateSingleton(DefaultListableBeanFactory.java:1122) ~[spring-beans-6.2.1.jar:6.2.1]
	at org.springframework.beans.factory.support.DefaultListableBeanFactory.preInstantiateSingleton(DefaultListableBeanFactory.java:1093) ~[spring-beans-6.2.1.jar:6.2.1]
	at org.springframework.beans.factory.support.DefaultListableBeanFactory.preInstantiateSingletons(DefaultListableBeanFactory.java:1030) ~[spring-beans-6.2.1.jar:6.2.1]
	at org.springframework.context.support.AbstractApplicationContext.finishBeanFactoryInitialization(AbstractApplicationContext.java:987) ~[spring-context-6.2.1.jar:6.2.1]
	at org.springframework.context.support.AbstractApplicationContext.refresh(AbstractApplicationContext.java:627) ~[spring-context-6.2.1.jar:6.2.1]
	at org.springframework.boot.web.servlet.context.ServletWebServerApplicationContext.refresh(ServletWebServerApplicationContext.java:146) ~[spring-boot-3.4.1.jar:3.4.1]
	at org.springframework.boot.SpringApplication.refresh(SpringApplication.java:752) ~[spring-boot-3.4.1.jar:3.4.1]
	at org.springframework.boot.SpringApplication.refreshContext(SpringApplication.java:439) ~[spring-boot-3.4.1.jar:3.4.1]
	at org.springframework.boot.SpringApplication.run(SpringApplication.java:318) ~[spring-boot-3.4.1.jar:3.4.1]
	at org.springframework.boot.test.context.SpringBootContextLoader.lambda$loadContext$3(SpringBootContextLoader.java:137) ~[spring-boot-test-3.4.1.jar:3.4.1]
	at org.springframework.util.function.ThrowingSupplier.get(ThrowingSupplier.java:58) ~[spring-core-6.2.1.jar:6.2.1]
	at org.springframework.util.function.ThrowingSupplier.get(ThrowingSupplier.java:46) ~[spring-core-6.2.1.jar:6.2.1]
	at org.springframework.boot.SpringApplication.withHook(SpringApplication.java:1461) ~[spring-boot-3.4.1.jar:3.4.1]
	at org.springframework.boot.test.context.SpringBootContextLoader$ContextLoaderHook.run(SpringBootContextLoader.java:553) ~[spring-boot-test-3.4.1.jar:3.4.1]
	at org.springframework.boot.test.context.SpringBootContextLoader.loadContext(SpringBootContextLoader.java:137) ~[spring-boot-test-3.4.1.jar:3.4.1]
	at org.springframework.boot.test.context.SpringBootContextLoader.loadContext(SpringBootContextLoader.java:108) ~[spring-boot-test-3.4.1.jar:3.4.1]
	at org.springframework.test.context.cache.DefaultCacheAwareContextLoaderDelegate.loadContextInternal(DefaultCacheAwareContextLoaderDelegate.java:225) ~[spring-test-6.2.1.jar:6.2.1]
	at org.springframework.test.context.cache.DefaultCacheAwareContextLoaderDelegate.loadContext(DefaultCacheAwareContextLoaderDelegate.java:152) ~[spring-test-6.2.1.jar:6.2.1]
	... 75 common frames omitted
Caused by: org.springframework.beans.factory.BeanCreationException: Error creating bean with name 'securityFilterChain' defined in class path resource [com/app/quantitymeasurement/config/SecurityConfig.class]: Failed to instantiate [org.springframework.security.web.SecurityFilterChain]: Factory method 'securityFilterChain' threw exception with message: No qualifying bean of type 'org.springframework.security.oauth2.client.registration.ClientRegistrationRepository' available
	at org.springframework.beans.factory.support.ConstructorResolver.instantiate(ConstructorResolver.java:657) ~[spring-beans-6.2.1.jar:6.2.1]
	at org.springframework.beans.factory.support.ConstructorResolver.instantiateUsingFactoryMethod(ConstructorResolver.java:645) ~[spring-beans-6.2.1.jar:6.2.1]
	at org.springframework.beans.factory.support.AbstractAutowireCapableBeanFactory.instantiateUsingFactoryMethod(AbstractAutowireCapableBeanFactory.java:1357) ~[spring-beans-6.2.1.jar:6.2.1]
	at org.springframework.beans.factory.support.AbstractAutowireCapableBeanFactory.createBeanInstance(AbstractAutowireCapableBeanFactory.java:1187) ~[spring-beans-6.2.1.jar:6.2.1]
	at org.springframework.beans.factory.support.AbstractAutowireCapableBeanFactory.doCreateBean(AbstractAutowireCapableBeanFactory.java:563) ~[spring-beans-6.2.1.jar:6.2.1]
	at org.springframework.beans.factory.support.AbstractAutowireCapableBeanFactory.createBean(AbstractAutowireCapableBeanFactory.java:523) ~[spring-beans-6.2.1.jar:6.2.1]
	at org.springframework.beans.factory.support.AbstractBeanFactory.lambda$doGetBean$0(AbstractBeanFactory.java:336) ~[spring-beans-6.2.1.jar:6.2.1]
	at org.springframework.beans.factory.support.DefaultSingletonBeanRegistry.getSingleton(DefaultSingletonBeanRegistry.java:289) ~[spring-beans-6.2.1.jar:6.2.1]
	at org.springframework.beans.factory.support.AbstractBeanFactory.doGetBean(AbstractBeanFactory.java:334) ~[spring-beans-6.2.1.jar:6.2.1]
	at org.springframework.beans.factory.support.AbstractBeanFactory.getBean(AbstractBeanFactory.java:199) ~[spring-beans-6.2.1.jar:6.2.1]
	at org.springframework.beans.factory.config.DependencyDescriptor.resolveCandidate(DependencyDescriptor.java:254) ~[spring-beans-6.2.1.jar:6.2.1]



	at org.springframework.beans.factory.support.DefaultListableBeanFactory.addCandidateEntry(DefaultListableBeanFactory.java:1883) ~[spring-beans-6.2.1.jar:6.2.1]
	at org.springframework.beans.factory.support.DefaultListableBeanFactory.findAutowireCandidates(DefaultListableBeanFactory.java:1847) ~[spring-beans-6.2.1.jar:6.2.1]
	at org.springframework.beans.factory.support.DefaultListableBeanFactory.resolveMultipleBeanCollection(DefaultListableBeanFactory.java:1737) ~[spring-beans-6.2.1.jar:6.2.1]
	at org.springframework.beans.factory.support.DefaultListableBeanFactory.resolveMultipleBeans(DefaultListableBeanFactory.java:1705) ~[spring-beans-6.2.1.jar:6.2.1]
	at org.springframework.beans.factory.support.DefaultListableBeanFactory.doResolveDependency(DefaultListableBeanFactory.java:1580) ~[spring-beans-6.2.1.jar:6.2.1]
	at org.springframework.beans.factory.support.DefaultListableBeanFactory.resolveDependency(DefaultListableBeanFactory.java:1519) ~[spring-beans-6.2.1.jar:6.2.1]
	at org.springframework.beans.factory.annotation.AutowiredAnnotationBeanPostProcessor$AutowiredMethodElement.resolveMethodArguments(AutowiredAnnotationBeanPostProcessor.java:888) ~[spring-beans-6.2.1.jar:6.2.1]
	... 103 common frames omitted
Caused by: org.springframework.beans.BeanInstantiationException: Failed to instantiate [org.springframework.security.web.SecurityFilterChain]: Factory method 'securityFilterChain' threw exception with message: No qualifying bean of type 'org.springframework.security.oauth2.client.registration.ClientRegistrationRepository' available
	at org.springframework.beans.factory.support.SimpleInstantiationStrategy.lambda$instantiate$0(SimpleInstantiationStrategy.java:199) ~[spring-beans-6.2.1.jar:6.2.1]
	at org.springframework.beans.factory.support.SimpleInstantiationStrategy.instantiateWithFactoryMethod(SimpleInstantiationStrategy.java:88) ~[spring-beans-6.2.1.jar:6.2.1]
	at org.springframework.beans.factory.support.SimpleInstantiationStrategy.instantiate(SimpleInstantiationStrategy.java:168) ~[spring-beans-6.2.1.jar:6.2.1]
	at org.springframework.beans.factory.support.ConstructorResolver.instantiate(ConstructorResolver.java:653) ~[spring-beans-6.2.1.jar:6.2.1]
	... 120 common frames omitted
Caused by: org.springframework.beans.factory.NoSuchBeanDefinitionException: No qualifying bean of type 'org.springframework.security.oauth2.client.registration.ClientRegistrationRepository' available
	at org.springframework.beans.factory.support.DefaultListableBeanFactory.getBean(DefaultListableBeanFactory.java:373) ~[spring-beans-6.2.1.jar:6.2.1]
	at org.springframework.beans.factory.support.DefaultListableBeanFactory.getBean(DefaultListableBeanFactory.java:364) ~[spring-beans-6.2.1.jar:6.2.1]
	at org.springframework.context.support.AbstractApplicationContext.getBean(AbstractApplicationContext.java:1290) ~[spring-context-6.2.1.jar:6.2.1]
	at org.springframework.security.config.annotation.web.configurers.oauth2.client.OAuth2ClientConfigurerUtils.getClientRegistrationRepositoryBean(OAuth2ClientConfigurerUtils.java:58) ~[spring-security-config-6.4.2.jar:6.4.2]
	at org.springframework.security.config.annotation.web.configurers.oauth2.client.OAuth2ClientConfigurerUtils.getClientRegistrationRepository(OAuth2ClientConfigurerUtils.java:50) ~[spring-security-config-6.4.2.jar:6.4.2]
	at org.springframework.security.config.annotation.web.configurers.oauth2.client.OAuth2LoginConfigurer.init(OAuth2LoginConfigurer.java:343) ~[spring-security-config-6.4.2.jar:6.4.2]
	at org.springframework.security.config.annotation.web.configurers.oauth2.client.OAuth2LoginConfigurer.init(OAuth2LoginConfigurer.java:161) ~[spring-security-config-6.4.2.jar:6.4.2]
	at org.springframework.security.config.annotation.AbstractConfiguredSecurityBuilder.init(AbstractConfiguredSecurityBuilder.java:387) ~[spring-security-config-6.4.2.jar:6.4.2]
	at org.springframework.security.config.annotation.AbstractConfiguredSecurityBuilder.doBuild(AbstractConfiguredSecurityBuilder.java:349) ~[spring-security-config-6.4.2.jar:6.4.2]
	at org.springframework.security.config.annotation.AbstractSecurityBuilder.build(AbstractSecurityBuilder.java:38) ~[spring-security-config-6.4.2.jar:6.4.2]
	at com.app.quantitymeasurement.config.SecurityConfig.securityFilterChain(SecurityConfig.java:82) ~[classes/:na]
	at com.app.quantitymeasurement.config.SecurityConfig$$SpringCGLIB$$0.CGLIB$securityFilterChain$2(<generated>) ~[classes/:na]
	at com.app.quantitymeasurement.config.SecurityConfig$$SpringCGLIB$$FastClass$$1.invoke(<generated>) ~[classes/:na]
	at org.springframework.cglib.proxy.MethodProxy.invokeSuper(MethodProxy.java:258) ~[spring-core-6.2.1.jar:6.2.1]
	at org.springframework.context.annotation.ConfigurationClassEnhancer$BeanMethodInterceptor.intercept(ConfigurationClassEnhancer.java:348) ~[spring-context-6.2.1.jar:6.2.1]
	at com.app.quantitymeasurement.config.SecurityConfig$$SpringCGLIB$$0.securityFilterChain(<generated>) ~[classes/:na]
	at java.base/jdk.internal.reflect.DirectMethodHandleAccessor.invoke(DirectMethodHandleAccessor.java:103) ~[na:na]
	at java.base/java.lang.reflect.Method.invoke(Method.java:580) ~[na:na]
	at org.springframework.beans.factory.support.SimpleInstantiationStrategy.lambda$instantiate$0(SimpleInstantiationStrategy.java:171) ~[spring-beans-6.2.1.jar:6.2.1]
	... 123 common frames omitted

2026-03-31T15:20:04.668+05:30  WARN 2120 --- [quantity-measurement-app] [           main] o.s.test.context.TestContextManager      : Caught exception while allowing TestExecutionListener [org.springframework.test.context.support.DependencyInjectionTestExecutionListener] to prepare test instance [com.app.quantitymeasurement.QuantityMeasurementAppApplicationTests@3243d4ca]

java.lang.IllegalStateException: ApplicationContext failure threshold (1) exceeded: skipping repeated attempt to load context for [WebMergedContextConfiguration@2852fb2a testClass = com.app.quantitymeasurement.QuantityMeasurementAppApplicationTests, locations = [], classes = [com.app.quantitymeasurement.QuantityMeasurementAppApplication], contextInitializerClasses = [], activeProfiles = [], propertySourceDescriptors = [], propertySourceProperties = ["org.springframework.boot.test.context.SpringBootTestContextBootstrapper=true", "server.port=0"], contextCustomizers = [org.springframework.boot.test.context.filter.ExcludeFilterContextCustomizer@1d483de4, org.springframework.boot.test.json.DuplicateJsonObjectContextCustomizerFactory$DuplicateJsonObjectContextCustomizer@3b74ac8, org.springframework.boot.test.mock.mockito.MockitoContextCustomizer@0, org.springframework.boot.test.web.client.TestRestTemplateContextCustomizer@5be49b60, org.springframework.boot.test.web.reactor.netty.DisableReactorResourceFactoryGlobalResourcesContextCustomizerFactory$DisableReactorResourceFactoryGlobalResourcesContextCustomizerCustomizer@68f4865, org.springframework.boot.test.autoconfigure.OnFailureConditionReportContextCustomizerFactory$OnFailureConditionReportContextCustomizer@40317ba2, org.springframework.boot.test.autoconfigure.actuate.observability.ObservabilityContextCustomizerFactory$DisableObservabilityContextCustomizer@1f, org.springframework.boot.test.autoconfigure.properties.PropertyMappingContextCustomizer@0, org.springframework.boot.test.autoconfigure.web.servlet.WebDriverContextCustomizer@53251a66, org.springframework.test.context.support.DynamicPropertiesContextCustomizer@0, org.springframework.boot.test.context.SpringBootTestAnnotation@1bd4719a], resourceBasePath = "src/main/webapp", contextLoader = org.springframework.boot.test.context.SpringBootContextLoader, parent = null]
	at org.springframework.test.context.cache.DefaultCacheAwareContextLoaderDelegate.loadContext(DefaultCacheAwareContextLoaderDelegate.java:145) ~[spring-test-6.2.1.jar:6.2.1]
	at org.springframework.test.context.support.DefaultTestContext.getApplicationContext(DefaultTestContext.java:130) ~[spring-test-6.2.1.jar:6.2.1]
	at org.springframework.test.context.support.DependencyInjectionTestExecutionListener.injectDependencies(DependencyInjectionTestExecutionListener.java:142) ~[spring-test-6.2.1.jar:6.2.1]
	at org.springframework.test.context.support.DependencyInjectionTestExecutionListener.prepareTestInstance(DependencyInjectionTestExecutionListener.java:98) ~[spring-test-6.2.1.jar:6.2.1]
	at org.springframework.test.context.TestContextManager.prepareTestInstance(TestContextManager.java:260) ~[spring-test-6.2.1.jar:6.2.1]
	at org.springframework.test.context.junit.jupiter.SpringExtension.postProcessTestInstance(SpringExtension.java:160) ~[spring-test-6.2.1.jar:6.2.1]
	at org.junit.jupiter.engine.descriptor.ClassBasedTestDescriptor.lambda$invokeTestInstancePostProcessors$11(ClassBasedTestDescriptor.java:378) ~[junit-jupiter-engine-5.11.4.jar:5.11.4]
	at org.junit.jupiter.engine.descriptor.ClassBasedTestDescriptor.executeAndMaskThrowable(ClassBasedTestDescriptor.java:383) ~[junit-jupiter-engine-5.11.4.jar:5.11.4]
	at org.junit.jupiter.engine.descriptor.ClassBasedTestDescriptor.lambda$invokeTestInstancePostProcessors$12(ClassBasedTestDescriptor.java:378) ~[junit-jupiter-engine-5.11.4.jar:5.11.4]
	at java.base/java.util.stream.ForEachOps$ForEachOp$OfRef.accept(ForEachOps.java:184) ~[na:na]
	at java.base/java.util.stream.ReferencePipeline$3$1.accept(ReferencePipeline.java:197) ~[na:na]
	at java.base/java.util.stream.ReferencePipeline$2$1.accept(ReferencePipeline.java:179) ~[na:na]
	at java.base/java.util.stream.ReferencePipeline$3$1.accept(ReferencePipeline.java:197) ~[na:na]
	at java.base/java.util.ArrayList$ArrayListSpliterator.forEachRemaining(ArrayList.java:1708) ~[na:na]
	at java.base/java.util.stream.AbstractPipeline.copyInto(AbstractPipeline.java:509) ~[na:na]
	at java.base/java.util.stream.AbstractPipeline.wrapAndCopyInto(AbstractPipeline.java:499) ~[na:na]
	at java.base/java.util.stream.ForEachOps$ForEachOp.evaluateSequential(ForEachOps.java:151) ~[na:na]
	at java.base/java.util.stream.ForEachOps$ForEachOp$OfRef.evaluateSequential(ForEachOps.java:174) ~[na:na]
	at java.base/java.util.stream.AbstractPipeline.evaluate(AbstractPipeline.java:234) ~[na:na]
	at java.base/java.util.stream.ReferencePipeline.forEach(ReferencePipeline.java:596) ~[na:na]
	at org.junit.jupiter.engine.descriptor.ClassBasedTestDescriptor.invokeTestInstancePostProcessors(ClassBasedTestDescriptor.java:377) ~[junit-jupiter-engine-5.11.4.jar:5.11.4]
	at org.junit.jupiter.engine.descriptor.ClassBasedTestDescriptor.lambda$instantiateAndPostProcessTestInstance$7(ClassBasedTestDescriptor.java:290) ~[junit-jupiter-engine-5.11.4.jar:5.11.4]
	at org.junit.platform.engine.support.hierarchical.ThrowableCollector.execute(ThrowableCollector.java:73) ~[junit-platform-engine-1.11.4.jar:1.11.4]
	at org.junit.jupiter.engine.descriptor.ClassBasedTestDescriptor.instantiateAndPostProcessTestInstance(ClassBasedTestDescriptor.java:289) ~[junit-jupiter-engine-5.11.4.jar:5.11.4]
	at org.junit.jupiter.engine.descriptor.ClassBasedTestDescriptor.lambda$testInstancesProvider$5(ClassBasedTestDescriptor.java:279) ~[junit-jupiter-engine-5.11.4.jar:5.11.4]
	at java.base/java.util.Optional.orElseGet(Optional.java:364) ~[na:na]
	at org.junit.jupiter.engine.descriptor.ClassBasedTestDescriptor.lambda$testInstancesProvider$6(ClassBasedTestDescriptor.java:278) ~[junit-jupiter-engine-5.11.4.jar:5.11.4]
	at org.junit.jupiter.engine.execution.TestInstancesProvider.getTestInstances(TestInstancesProvider.java:31) ~[junit-jupiter-engine-5.11.4.jar:5.11.4]
	at org.junit.jupiter.engine.descriptor.TestMethodTestDescriptor.lambda$prepare$1(TestMethodTestDescriptor.java:105) ~[junit-jupiter-engine-5.11.4.jar:5.11.4]
	at org.junit.platform.engine.support.hierarchical.ThrowableCollector.execute(ThrowableCollector.java:73) ~[junit-platform-engine-1.11.4.jar:1.11.4]
	at org.junit.jupiter.engine.descriptor.TestMethodTestDescriptor.prepare(TestMethodTestDescriptor.java:104) ~[junit-jupiter-engine-5.11.4.jar:5.11.4]
	at org.junit.jupiter.engine.descriptor.TestMethodTestDescriptor.prepare(TestMethodTestDescriptor.java:68) ~[junit-jupiter-engine-5.11.4.jar:5.11.4]
	at org.junit.platform.engine.support.hierarchical.NodeTestTask.lambda$prepare$2(NodeTestTask.java:128) ~[junit-platform-engine-1.11.4.jar:1.11.4]
	at org.junit.platform.engine.support.hierarchical.ThrowableCollector.execute(ThrowableCollector.java:73) ~[junit-platform-engine-1.11.4.jar:1.11.4]
	at org.junit.platform.engine.support.hierarchical.NodeTestTask.prepare(NodeTestTask.java:128) ~[junit-platform-engine-1.11.4.jar:1.11.4]
	at org.junit.platform.engine.support.hierarchical.NodeTestTask.execute(NodeTestTask.java:95) ~[junit-platform-engine-1.11.4.jar:1.11.4]
	at java.base/java.util.ArrayList.forEach(ArrayList.java:1596) ~[na:na]
	at org.junit.platform.engine.support.hierarchical.SameThreadHierarchicalTestExecutorService.invokeAll(SameThreadHierarchicalTestExecutorService.java:41) ~[junit-platform-engine-1.11.4.jar:1.11.4]
	at org.junit.platform.engine.support.hierarchical.NodeTestTask.lambda$executeRecursively$6(NodeTestTask.java:160) ~[junit-platform-engine-1.11.4.jar:1.11.4]
	at org.junit.platform.engine.support.hierarchical.ThrowableCollector.execute(ThrowableCollector.java:73) ~[junit-platform-engine-1.11.4.jar:1.11.4]
	at org.junit.platform.engine.support.hierarchical.NodeTestTask.lambda$executeRecursively$8(NodeTestTask.java:146) ~[junit-platform-engine-1.11.4.jar:1.11.4]
	at org.junit.platform.engine.support.hierarchical.Node.around(Node.java:137) ~[junit-platform-engine-1.11.4.jar:1.11.4]
	at org.junit.platform.engine.support.hierarchical.NodeTestTask.lambda$executeRecursively$9(NodeTestTask.java:144) ~[junit-platform-engine-1.11.4.jar:1.11.4]
	at org.junit.platform.engine.support.hierarchical.ThrowableCollector.execute(ThrowableCollector.java:73) ~[junit-platform-engine-1.11.4.jar:1.11.4]
	at org.junit.platform.engine.support.hierarchical.NodeTestTask.executeRecursively(NodeTestTask.java:143) ~[junit-platform-engine-1.11.4.jar:1.11.4]
	at org.junit.platform.engine.support.hierarchical.NodeTestTask.execute(NodeTestTask.java:100) ~[junit-platform-engine-1.11.4.jar:1.11.4]
	at java.base/java.util.ArrayList.forEach(ArrayList.java:1596) ~[na:na]
	at org.junit.platform.engine.support.hierarchical.SameThreadHierarchicalTestExecutorService.invokeAll(SameThreadHierarchicalTestExecutorService.java:41) ~[junit-platform-engine-1.11.4.jar:1.11.4]
	at org.junit.platform.engine.support.hierarchical.NodeTestTask.lambda$executeRecursively$6(NodeTestTask.java:160) ~[junit-platform-engine-1.11.4.jar:1.11.4]
	at org.junit.platform.engine.support.hierarchical.ThrowableCollector.execute(ThrowableCollector.java:73) ~[junit-platform-engine-1.11.4.jar:1.11.4]
	at org.junit.platform.engine.support.hierarchical.NodeTestTask.lambda$executeRecursively$8(NodeTestTask.java:146) ~[junit-platform-engine-1.11.4.jar:1.11.4]
	at org.junit.platform.engine.support.hierarchical.Node.around(Node.java:137) ~[junit-platform-engine-1.11.4.jar:1.11.4]
	at org.junit.platform.engine.support.hierarchical.NodeTestTask.lambda$executeRecursively$9(NodeTestTask.java:144) ~[junit-platform-engine-1.11.4.jar:1.11.4]
	at org.junit.platform.engine.support.hierarchical.ThrowableCollector.execute(ThrowableCollector.java:73) ~[junit-platform-engine-1.11.4.jar:1.11.4]
	at org.junit.platform.engine.support.hierarchical.NodeTestTask.executeRecursively(NodeTestTask.java:143) ~[junit-platform-engine-1.11.4.jar:1.11.4]
	at org.junit.platform.engine.support.hierarchical.NodeTestTask.execute(NodeTestTask.java:100) ~[junit-platform-engine-1.11.4.jar:1.11.4]
	at org.junit.platform.engine.support.hierarchical.SameThreadHierarchicalTestExecutorService.submit(SameThreadHierarchicalTestExecutorService.java:35) ~[junit-platform-engine-1.11.4.jar:1.11.4]
	at org.junit.platform.engine.support.hierarchical.HierarchicalTestExecutor.execute(HierarchicalTestExecutor.java:57) ~[junit-platform-engine-1.11.4.jar:1.11.4]
	at org.junit.platform.engine.support.hierarchical.HierarchicalTestEngine.execute(HierarchicalTestEngine.java:54) ~[junit-platform-engine-1.11.4.jar:1.11.4]
	at org.junit.platform.launcher.core.EngineExecutionOrchestrator.execute(EngineExecutionOrchestrator.java:198) ~[junit-platform-launcher-1.11.4.jar:1.11.4]
	at org.junit.platform.launcher.core.EngineExecutionOrchestrator.execute(EngineExecutionOrchestrator.java:169) ~[junit-platform-launcher-1.11.4.jar:1.11.4]
	at org.junit.platform.launcher.core.EngineExecutionOrchestrator.execute(EngineExecutionOrchestrator.java:93) ~[junit-platform-launcher-1.11.4.jar:1.11.4]
	at org.junit.platform.launcher.core.EngineExecutionOrchestrator.lambda$execute$0(EngineExecutionOrchestrator.java:58) ~[junit-platform-launcher-1.11.4.jar:1.11.4]
	at org.junit.platform.launcher.core.EngineExecutionOrchestrator.withInterceptedStreams(EngineExecutionOrchestrator.java:141) ~[junit-platform-launcher-1.11.4.jar:1.11.4]
	at org.junit.platform.launcher.core.EngineExecutionOrchestrator.execute(EngineExecutionOrchestrator.java:57) ~[junit-platform-launcher-1.11.4.jar:1.11.4]
	at org.junit.platform.launcher.core.DefaultLauncher.execute(DefaultLauncher.java:103) ~[junit-platform-launcher-1.11.4.jar:1.11.4]
	at org.junit.platform.launcher.core.DefaultLauncher.execute(DefaultLauncher.java:85) ~[junit-platform-launcher-1.11.4.jar:1.11.4]
	at org.junit.platform.launcher.core.DelegatingLauncher.execute(DelegatingLauncher.java:47) ~[junit-platform-launcher-1.11.4.jar:1.11.4]
	at org.apache.maven.surefire.junitplatform.LazyLauncher.execute(LazyLauncher.java:56) ~[surefire-junit-platform-3.1.2.jar:3.1.2]
	at org.apache.maven.surefire.junitplatform.JUnitPlatformProvider.execute(JUnitPlatformProvider.java:184) ~[surefire-junit-platform-3.1.2.jar:3.1.2]
	at org.apache.maven.surefire.junitplatform.JUnitPlatformProvider.invokeAllTests(JUnitPlatformProvider.java:148) ~[surefire-junit-platform-3.1.2.jar:3.1.2]
	at org.apache.maven.surefire.junitplatform.JUnitPlatformProvider.invoke(JUnitPlatformProvider.java:122) ~[surefire-junit-platform-3.1.2.jar:3.1.2]
	at org.apache.maven.surefire.booter.ForkedBooter.runSuitesInProcess(ForkedBooter.java:385) ~[surefire-booter-3.1.2.jar:3.1.2]
	at org.apache.maven.surefire.booter.ForkedBooter.execute(ForkedBooter.java:162) ~[surefire-booter-3.1.2.jar:3.1.2]
	at org.apache.maven.surefire.booter.ForkedBooter.run(ForkedBooter.java:507) ~[surefire-booter-3.1.2.jar:3.1.2]
	at org.apache.maven.surefire.booter.ForkedBooter.main(ForkedBooter.java:495) ~[surefire-booter-3.1.2.jar:3.1.2]

2026-03-31T15:20:04.674+05:30  WARN 2120 --- [quantity-measurement-app] [           main] o.s.test.context.TestContextManager      : Caught exception while allowing TestExecutionListener [org.springframework.test.context.support.DependencyInjectionTestExecutionListener] to prepare test instance [com.app.quantitymeasurement.QuantityMeasurementAppApplicationTests@149a793a]

java.lang.IllegalStateException: ApplicationContext failure threshold (1) exceeded: skipping repeated attempt to load context for [WebMergedContextConfiguration@2852fb2a testClass = com.app.quantitymeasurement.QuantityMeasurementAppApplicationTests, locations = [], classes = [com.app.quantitymeasurement.QuantityMeasurementAppApplication], contextInitializerClasses = [], activeProfiles = [], propertySourceDescriptors = [], propertySourceProperties = ["org.springframework.boot.test.context.SpringBootTestContextBootstrapper=true", "server.port=0"], contextCustomizers = [org.springframework.boot.test.context.filter.ExcludeFilterContextCustomizer@1d483de4, org.springframework.boot.test.json.DuplicateJsonObjectContextCustomizerFactory$DuplicateJsonObjectContextCustomizer@3b74ac8, org.springframework.boot.test.mock.mockito.MockitoContextCustomizer@0, org.springframework.boot.test.web.client.TestRestTemplateContextCustomizer@5be49b60, org.springframework.boot.test.web.reactor.netty.DisableReactorResourceFactoryGlobalResourcesContextCustomizerFactory$DisableReactorResourceFactoryGlobalResourcesContextCustomizerCustomizer@68f4865, org.springframework.boot.test.autoconfigure.OnFailureConditionReportContextCustomizerFactory$OnFailureConditionReportContextCustomizer@40317ba2, org.springframework.boot.test.autoconfigure.actuate.observability.ObservabilityContextCustomizerFactory$DisableObservabilityContextCustomizer@1f, org.springframework.boot.test.autoconfigure.properties.PropertyMappingContextCustomizer@0, org.springframework.boot.test.autoconfigure.web.servlet.WebDriverContextCustomizer@53251a66, org.springframework.test.context.support.DynamicPropertiesContextCustomizer@0, org.springframework.boot.test.context.SpringBootTestAnnotation@1bd4719a], resourceBasePath = "src/main/webapp", contextLoader = org.springframework.boot.test.context.SpringBootContextLoader, parent = null]
	at org.springframework.test.context.cache.DefaultCacheAwareContextLoaderDelegate.loadContext(DefaultCacheAwareContextLoaderDelegate.java:145) ~[spring-test-6.2.1.jar:6.2.1]
	at org.springframework.test.context.support.DefaultTestContext.getApplicationContext(DefaultTestContext.java:130) ~[spring-test-6.2.1.jar:6.2.1]
	at org.springframework.test.context.support.DependencyInjectionTestExecutionListener.injectDependencies(DependencyInjectionTestExecutionListener.java:142) ~[spring-test-6.2.1.jar:6.2.1]
	at org.springframework.test.context.support.DependencyInjectionTestExecutionListener.prepareTestInstance(DependencyInjectionTestExecutionListener.java:98) ~[spring-test-6.2.1.jar:6.2.1]
	at org.springframework.test.context.TestContextManager.prepareTestInstance(TestContextManager.java:260) ~[spring-test-6.2.1.jar:6.2.1]
	at org.springframework.test.context.junit.jupiter.SpringExtension.postProcessTestInstance(SpringExtension.java:160) ~[spring-test-6.2.1.jar:6.2.1]
	at org.junit.jupiter.engine.descriptor.ClassBasedTestDescriptor.lambda$invokeTestInstancePostProcessors$11(ClassBasedTestDescriptor.java:378) ~[junit-jupiter-engine-5.11.4.jar:5.11.4]
	at org.junit.jupiter.engine.descriptor.ClassBasedTestDescriptor.executeAndMaskThrowable(ClassBasedTestDescriptor.java:383) ~[junit-jupiter-engine-5.11.4.jar:5.11.4]
	at org.junit.jupiter.engine.descriptor.ClassBasedTestDescriptor.lambda$invokeTestInstancePostProcessors$12(ClassBasedTestDescriptor.java:378) ~[junit-jupiter-engine-5.11.4.jar:5.11.4]
	at java.base/java.util.stream.ForEachOps$ForEachOp$OfRef.accept(ForEachOps.java:184) ~[na:na]
	at java.base/java.util.stream.ReferencePipeline$3$1.accept(ReferencePipeline.java:197) ~[na:na]
	at java.base/java.util.stream.ReferencePipeline$2$1.accept(ReferencePipeline.java:179) ~[na:na]
	at java.base/java.util.stream.ReferencePipeline$3$1.accept(ReferencePipeline.java:197) ~[na:na]
	at java.base/java.util.ArrayList$ArrayListSpliterator.forEachRemaining(ArrayList.java:1708) ~[na:na]
	at java.base/java.util.stream.AbstractPipeline.copyInto(AbstractPipeline.java:509) ~[na:na]
	at java.base/java.util.stream.AbstractPipeline.wrapAndCopyInto(AbstractPipeline.java:499) ~[na:na]
	at java.base/java.util.stream.ForEachOps$ForEachOp.evaluateSequential(ForEachOps.java:151) ~[na:na]
	at java.base/java.util.stream.ForEachOps$ForEachOp$OfRef.evaluateSequential(ForEachOps.java:174) ~[na:na]
	at java.base/java.util.stream.AbstractPipeline.evaluate(AbstractPipeline.java:234) ~[na:na]
	at java.base/java.util.stream.ReferencePipeline.forEach(ReferencePipeline.java:596) ~[na:na]
	at org.junit.jupiter.engine.descriptor.ClassBasedTestDescriptor.invokeTestInstancePostProcessors(ClassBasedTestDescriptor.java:377) ~[junit-jupiter-engine-5.11.4.jar:5.11.4]
	at org.junit.jupiter.engine.descriptor.ClassBasedTestDescriptor.lambda$instantiateAndPostProcessTestInstance$7(ClassBasedTestDescriptor.java:290) ~[junit-jupiter-engine-5.11.4.jar:5.11.4]
	at org.junit.platform.engine.support.hierarchical.ThrowableCollector.execute(ThrowableCollector.java:73) ~[junit-platform-engine-1.11.4.jar:1.11.4]
	at org.junit.jupiter.engine.descriptor.ClassBasedTestDescriptor.instantiateAndPostProcessTestInstance(ClassBasedTestDescriptor.java:289) ~[junit-jupiter-engine-5.11.4.jar:5.11.4]
	at org.junit.jupiter.engine.descriptor.ClassBasedTestDescriptor.lambda$testInstancesProvider$5(ClassBasedTestDescriptor.java:279) ~[junit-jupiter-engine-5.11.4.jar:5.11.4]
	at java.base/java.util.Optional.orElseGet(Optional.java:364) ~[na:na]
	at org.junit.jupiter.engine.descriptor.ClassBasedTestDescriptor.lambda$testInstancesProvider$6(ClassBasedTestDescriptor.java:278) ~[junit-jupiter-engine-5.11.4.jar:5.11.4]
	at org.junit.jupiter.engine.execution.TestInstancesProvider.getTestInstances(TestInstancesProvider.java:31) ~[junit-jupiter-engine-5.11.4.jar:5.11.4]
	at org.junit.jupiter.engine.descriptor.TestMethodTestDescriptor.lambda$prepare$1(TestMethodTestDescriptor.java:105) ~[junit-jupiter-engine-5.11.4.jar:5.11.4]
	at org.junit.platform.engine.support.hierarchical.ThrowableCollector.execute(ThrowableCollector.java:73) ~[junit-platform-engine-1.11.4.jar:1.11.4]
	at org.junit.jupiter.engine.descriptor.TestMethodTestDescriptor.prepare(TestMethodTestDescriptor.java:104) ~[junit-jupiter-engine-5.11.4.jar:5.11.4]
	at org.junit.jupiter.engine.descriptor.TestMethodTestDescriptor.prepare(TestMethodTestDescriptor.java:68) ~[junit-jupiter-engine-5.11.4.jar:5.11.4]
	at org.junit.platform.engine.support.hierarchical.NodeTestTask.lambda$prepare$2(NodeTestTask.java:128) ~[junit-platform-engine-1.11.4.jar:1.11.4]
	at org.junit.platform.engine.support.hierarchical.ThrowableCollector.execute(ThrowableCollector.java:73) ~[junit-platform-engine-1.11.4.jar:1.11.4]
	at org.junit.platform.engine.support.hierarchical.NodeTestTask.prepare(NodeTestTask.java:128) ~[junit-platform-engine-1.11.4.jar:1.11.4]
	at org.junit.platform.engine.support.hierarchical.NodeTestTask.execute(NodeTestTask.java:95) ~[junit-platform-engine-1.11.4.jar:1.11.4]
	at java.base/java.util.ArrayList.forEach(ArrayList.java:1596) ~[na:na]
	at org.junit.platform.engine.support.hierarchical.SameThreadHierarchicalTestExecutorService.invokeAll(SameThreadHierarchicalTestExecutorService.java:41) ~[junit-platform-engine-1.11.4.jar:1.11.4]
	at org.junit.platform.engine.support.hierarchical.NodeTestTask.lambda$executeRecursively$6(NodeTestTask.java:160) ~[junit-platform-engine-1.11.4.jar:1.11.4]
	at org.junit.platform.engine.support.hierarchical.ThrowableCollector.execute(ThrowableCollector.java:73) ~[junit-platform-engine-1.11.4.jar:1.11.4]
	at org.junit.platform.engine.support.hierarchical.NodeTestTask.lambda$executeRecursively$8(NodeTestTask.java:146) ~[junit-platform-engine-1.11.4.jar:1.11.4]
	at org.junit.platform.engine.support.hierarchical.Node.around(Node.java:137) ~[junit-platform-engine-1.11.4.jar:1.11.4]
	at org.junit.platform.engine.support.hierarchical.NodeTestTask.lambda$executeRecursively$9(NodeTestTask.java:144) ~[junit-platform-engine-1.11.4.jar:1.11.4]
	at org.junit.platform.engine.support.hierarchical.ThrowableCollector.execute(ThrowableCollector.java:73) ~[junit-platform-engine-1.11.4.jar:1.11.4]
	at org.junit.platform.engine.support.hierarchical.NodeTestTask.executeRecursively(NodeTestTask.java:143) ~[junit-platform-engine-1.11.4.jar:1.11.4]
	at org.junit.platform.engine.support.hierarchical.NodeTestTask.execute(NodeTestTask.java:100) ~[junit-platform-engine-1.11.4.jar:1.11.4]
	at java.base/java.util.ArrayList.forEach(ArrayList.java:1596) ~[na:na]
	at org.junit.platform.engine.support.hierarchical.SameThreadHierarchicalTestExecutorService.invokeAll(SameThreadHierarchicalTestExecutorService.java:41) ~[junit-platform-engine-1.11.4.jar:1.11.4]
	at org.junit.platform.engine.support.hierarchical.NodeTestTask.lambda$executeRecursively$6(NodeTestTask.java:160) ~[junit-platform-engine-1.11.4.jar:1.11.4]
	at org.junit.platform.engine.support.hierarchical.ThrowableCollector.execute(ThrowableCollector.java:73) ~[junit-platform-engine-1.11.4.jar:1.11.4]
	at org.junit.platform.engine.support.hierarchical.NodeTestTask.lambda$executeRecursively$8(NodeTestTask.java:146) ~[junit-platform-engine-1.11.4.jar:1.11.4]
	at org.junit.platform.engine.support.hierarchical.Node.around(Node.java:137) ~[junit-platform-engine-1.11.4.jar:1.11.4]
	at org.junit.platform.engine.support.hierarchical.NodeTestTask.lambda$executeRecursively$9(NodeTestTask.java:144) ~[junit-platform-engine-1.11.4.jar:1.11.4]
	at org.junit.platform.engine.support.hierarchical.ThrowableCollector.execute(ThrowableCollector.java:73) ~[junit-platform-engine-1.11.4.jar:1.11.4]
	at org.junit.platform.engine.support.hierarchical.NodeTestTask.executeRecursively(NodeTestTask.java:143) ~[junit-platform-engine-1.11.4.jar:1.11.4]
	at org.junit.platform.engine.support.hierarchical.NodeTestTask.execute(NodeTestTask.java:100) ~[junit-platform-engine-1.11.4.jar:1.11.4]
	at org.junit.platform.engine.support.hierarchical.SameThreadHierarchicalTestExecutorService.submit(SameThreadHierarchicalTestExecutorService.java:35) ~[junit-platform-engine-1.11.4.jar:1.11.4]
	at org.junit.platform.engine.support.hierarchical.HierarchicalTestExecutor.execute(HierarchicalTestExecutor.java:57) ~[junit-platform-engine-1.11.4.jar:1.11.4]
	at org.junit.platform.engine.support.hierarchical.HierarchicalTestEngine.execute(HierarchicalTestEngine.java:54) ~[junit-platform-engine-1.11.4.jar:1.11.4]
	at org.junit.platform.launcher.core.EngineExecutionOrchestrator.execute(EngineExecutionOrchestrator.java:198) ~[junit-platform-launcher-1.11.4.jar:1.11.4]
	at org.junit.platform.launcher.core.EngineExecutionOrchestrator.execute(EngineExecutionOrchestrator.java:169) ~[junit-platform-launcher-1.11.4.jar:1.11.4]
	at org.junit.platform.launcher.core.EngineExecutionOrchestrator.execute(EngineExecutionOrchestrator.java:93) ~[junit-platform-launcher-1.11.4.jar:1.11.4]
	at org.junit.platform.launcher.core.EngineExecutionOrchestrator.lambda$execute$0(EngineExecutionOrchestrator.java:58) ~[junit-platform-launcher-1.11.4.jar:1.11.4]
	at org.junit.platform.launcher.core.EngineExecutionOrchestrator.withInterceptedStreams(EngineExecutionOrchestrator.java:141) ~[junit-platform-launcher-1.11.4.jar:1.11.4]
	at org.junit.platform.launcher.core.EngineExecutionOrchestrator.execute(EngineExecutionOrchestrator.java:57) ~[junit-platform-launcher-1.11.4.jar:1.11.4]
	at org.junit.platform.launcher.core.DefaultLauncher.execute(DefaultLauncher.java:103) ~[junit-platform-launcher-1.11.4.jar:1.11.4]
	at org.junit.platform.launcher.core.DefaultLauncher.execute(DefaultLauncher.java:85) ~[junit-platform-launcher-1.11.4.jar:1.11.4]
	at org.junit.platform.launcher.core.DelegatingLauncher.execute(DelegatingLauncher.java:47) ~[junit-platform-launcher-1.11.4.jar:1.11.4]
	at org.apache.maven.surefire.junitplatform.LazyLauncher.execute(LazyLauncher.java:56) ~[surefire-junit-platform-3.1.2.jar:3.1.2]
	at org.apache.maven.surefire.junitplatform.JUnitPlatformProvider.execute(JUnitPlatformProvider.java:184) ~[surefire-junit-platform-3.1.2.jar:3.1.2]
	at org.apache.maven.surefire.junitplatform.JUnitPlatformProvider.invokeAllTests(JUnitPlatformProvider.java:148) ~[surefire-junit-platform-3.1.2.jar:3.1.2]
	at org.apache.maven.surefire.junitplatform.JUnitPlatformProvider.invoke(JUnitPlatformProvider.java:122) ~[surefire-junit-platform-3.1.2.jar:3.1.2]
	at org.apache.maven.surefire.booter.ForkedBooter.runSuitesInProcess(ForkedBooter.java:385) ~[surefire-booter-3.1.2.jar:3.1.2]
	at org.apache.maven.surefire.booter.ForkedBooter.execute(ForkedBooter.java:162) ~[surefire-booter-3.1.2.jar:3.1.2]
	at org.apache.maven.surefire.booter.ForkedBooter.run(ForkedBooter.java:507) ~[surefire-booter-3.1.2.jar:3.1.2]
	at org.apache.maven.surefire.booter.ForkedBooter.main(ForkedBooter.java:495) ~[surefire-booter-3.1.2.jar:3.1.2]

2026-03-31T15:20:04.680+05:30  WARN 2120 --- [quantity-measurement-app] [           main] o.s.test.context.TestContextManager      : Caught exception while allowing TestExecutionListener [org.springframework.test.context.support.DependencyInjectionTestExecutionListener] to prepare test instance [com.app.quantitymeasurement.QuantityMeasurementAppApplicationTests@44d39d83]

java.lang.IllegalStateException: ApplicationContext failure threshold (1) exceeded: skipping repeated attempt to load context for [WebMergedContextConfiguration@2852fb2a testClass = com.app.quantitymeasurement.QuantityMeasurementAppApplicationTests, locations = [], classes = [com.app.quantitymeasurement.QuantityMeasurementAppApplication], contextInitializerClasses = [], activeProfiles = [], propertySourceDescriptors = [], propertySourceProperties = ["org.springframework.boot.test.context.SpringBootTestContextBootstrapper=true", "server.port=0"], contextCustomizers = [org.springframework.boot.test.context.filter.ExcludeFilterContextCustomizer@1d483de4, org.springframework.boot.test.json.DuplicateJsonObjectContextCustomizerFactory$DuplicateJsonObjectContextCustomizer@3b74ac8, org.springframework.boot.test.mock.mockito.MockitoContextCustomizer@0, org.springframework.boot.test.web.client.TestRestTemplateContextCustomizer@5be49b60, org.springframework.boot.test.web.reactor.netty.DisableReactorResourceFactoryGlobalResourcesContextCustomizerFactory$DisableReactorResourceFactoryGlobalResourcesContextCustomizerCustomizer@68f4865, org.springframework.boot.test.autoconfigure.OnFailureConditionReportContextCustomizerFactory$OnFailureConditionReportContextCustomizer@40317ba2, org.springframework.boot.test.autoconfigure.actuate.observability.ObservabilityContextCustomizerFactory$DisableObservabilityContextCustomizer@1f, org.springframework.boot.test.autoconfigure.properties.PropertyMappingContextCustomizer@0, org.springframework.boot.test.autoconfigure.web.servlet.WebDriverContextCustomizer@53251a66, org.springframework.test.context.support.DynamicPropertiesContextCustomizer@0, org.springframework.boot.test.context.SpringBootTestAnnotation@1bd4719a], resourceBasePath = "src/main/webapp", contextLoader = org.springframework.boot.test.context.SpringBootContextLoader, parent = null]
	at org.springframework.test.context.cache.DefaultCacheAwareContextLoaderDelegate.loadContext(DefaultCacheAwareContextLoaderDelegate.java:145) ~[spring-test-6.2.1.jar:6.2.1]
	at org.springframework.test.context.support.DefaultTestContext.getApplicationContext(DefaultTestContext.java:130) ~[spring-test-6.2.1.jar:6.2.1]
	at org.springframework.test.context.support.DependencyInjectionTestExecutionListener.injectDependencies(DependencyInjectionTestExecutionListener.java:142) ~[spring-test-6.2.1.jar:6.2.1]
	at org.springframework.test.context.support.DependencyInjectionTestExecutionListener.prepareTestInstance(DependencyInjectionTestExecutionListener.java:98) ~[spring-test-6.2.1.jar:6.2.1]
	at org.springframework.test.context.TestContextManager.prepareTestInstance(TestContextManager.java:260) ~[spring-test-6.2.1.jar:6.2.1]
	at org.springframework.test.context.junit.jupiter.SpringExtension.postProcessTestInstance(SpringExtension.java:160) ~[spring-test-6.2.1.jar:6.2.1]
	at org.junit.jupiter.engine.descriptor.ClassBasedTestDescriptor.lambda$invokeTestInstancePostProcessors$11(ClassBasedTestDescriptor.java:378) ~[junit-jupiter-engine-5.11.4.jar:5.11.4]
	at org.junit.jupiter.engine.descriptor.ClassBasedTestDescriptor.executeAndMaskThrowable(ClassBasedTestDescriptor.java:383) ~[junit-jupiter-engine-5.11.4.jar:5.11.4]
	at org.junit.jupiter.engine.descriptor.ClassBasedTestDescriptor.lambda$invokeTestInstancePostProcessors$12(ClassBasedTestDescriptor.java:378) ~[junit-jupiter-engine-5.11.4.jar:5.11.4]
	at java.base/java.util.stream.ForEachOps$ForEachOp$OfRef.accept(ForEachOps.java:184) ~[na:na]
	at java.base/java.util.stream.ReferencePipeline$3$1.accept(ReferencePipeline.java:197) ~[na:na]
	at java.base/java.util.stream.ReferencePipeline$2$1.accept(ReferencePipeline.java:179) ~[na:na]
	at java.base/java.util.stream.ReferencePipeline$3$1.accept(ReferencePipeline.java:197) ~[na:na]
	at java.base/java.util.ArrayList$ArrayListSpliterator.forEachRemaining(ArrayList.java:1708) ~[na:na]
	at java.base/java.util.stream.AbstractPipeline.copyInto(AbstractPipeline.java:509) ~[na:na]
	at java.base/java.util.stream.AbstractPipeline.wrapAndCopyInto(AbstractPipeline.java:499) ~[na:na]
	at java.base/java.util.stream.ForEachOps$ForEachOp.evaluateSequential(ForEachOps.java:151) ~[na:na]
	at java.base/java.util.stream.ForEachOps$ForEachOp$OfRef.evaluateSequential(ForEachOps.java:174) ~[na:na]
	at java.base/java.util.stream.AbstractPipeline.evaluate(AbstractPipeline.java:234) ~[na:na]
	at java.base/java.util.stream.ReferencePipeline.forEach(ReferencePipeline.java:596) ~[na:na]
	at org.junit.jupiter.engine.descriptor.ClassBasedTestDescriptor.invokeTestInstancePostProcessors(ClassBasedTestDescriptor.java:377) ~[junit-jupiter-engine-5.11.4.jar:5.11.4]
	at org.junit.jupiter.engine.descriptor.ClassBasedTestDescriptor.lambda$instantiateAndPostProcessTestInstance$7(ClassBasedTestDescriptor.java:290) ~[junit-jupiter-engine-5.11.4.jar:5.11.4]
	at org.junit.platform.engine.support.hierarchical.ThrowableCollector.execute(ThrowableCollector.java:73) ~[junit-platform-engine-1.11.4.jar:1.11.4]
	at org.junit.jupiter.engine.descriptor.ClassBasedTestDescriptor.instantiateAndPostProcessTestInstance(ClassBasedTestDescriptor.java:289) ~[junit-jupiter-engine-5.11.4.jar:5.11.4]
	at org.junit.jupiter.engine.descriptor.ClassBasedTestDescriptor.lambda$testInstancesProvider$5(ClassBasedTestDescriptor.java:279) ~[junit-jupiter-engine-5.11.4.jar:5.11.4]
	at java.base/java.util.Optional.orElseGet(Optional.java:364) ~[na:na]
	at org.junit.jupiter.engine.descriptor.ClassBasedTestDescriptor.lambda$testInstancesProvider$6(ClassBasedTestDescriptor.java:278) ~[junit-jupiter-engine-5.11.4.jar:5.11.4]
	at org.junit.jupiter.engine.execution.TestInstancesProvider.getTestInstances(TestInstancesProvider.java:31) ~[junit-jupiter-engine-5.11.4.jar:5.11.4]
	at org.junit.jupiter.engine.descriptor.TestMethodTestDescriptor.lambda$prepare$1(TestMethodTestDescriptor.java:105) ~[junit-jupiter-engine-5.11.4.jar:5.11.4]
	at org.junit.platform.engine.support.hierarchical.ThrowableCollector.execute(ThrowableCollector.java:73) ~[junit-platform-engine-1.11.4.jar:1.11.4]
	at org.junit.jupiter.engine.descriptor.TestMethodTestDescriptor.prepare(TestMethodTestDescriptor.java:104) ~[junit-jupiter-engine-5.11.4.jar:5.11.4]
	at org.junit.jupiter.engine.descriptor.TestMethodTestDescriptor.prepare(TestMethodTestDescriptor.java:68) ~[junit-jupiter-engine-5.11.4.jar:5.11.4]
	at org.junit.platform.engine.support.hierarchical.NodeTestTask.lambda$prepare$2(NodeTestTask.java:128) ~[junit-platform-engine-1.11.4.jar:1.11.4]
	at org.junit.platform.engine.support.hierarchical.ThrowableCollector.execute(ThrowableCollector.java:73) ~[junit-platform-engine-1.11.4.jar:1.11.4]
	at org.junit.platform.engine.support.hierarchical.NodeTestTask.prepare(NodeTestTask.java:128) ~[junit-platform-engine-1.11.4.jar:1.11.4]
	at org.junit.platform.engine.support.hierarchical.NodeTestTask.execute(NodeTestTask.java:95) ~[junit-platform-engine-1.11.4.jar:1.11.4]
	at java.base/java.util.ArrayList.forEach(ArrayList.java:1596) ~[na:na]
	at org.junit.platform.engine.support.hierarchical.SameThreadHierarchicalTestExecutorService.invokeAll(SameThreadHierarchicalTestExecutorService.java:41) ~[junit-platform-engine-1.11.4.jar:1.11.4]
	at org.junit.platform.engine.support.hierarchical.NodeTestTask.lambda$executeRecursively$6(NodeTestTask.java:160) ~[junit-platform-engine-1.11.4.jar:1.11.4]
	at org.junit.platform.engine.support.hierarchical.ThrowableCollector.execute(ThrowableCollector.java:73) ~[junit-platform-engine-1.11.4.jar:1.11.4]
	at org.junit.platform.engine.support.hierarchical.NodeTestTask.lambda$executeRecursively$8(NodeTestTask.java:146) ~[junit-platform-engine-1.11.4.jar:1.11.4]
	at org.junit.platform.engine.support.hierarchical.Node.around(Node.java:137) ~[junit-platform-engine-1.11.4.jar:1.11.4]
	at org.junit.platform.engine.support.hierarchical.NodeTestTask.lambda$executeRecursively$9(NodeTestTask.java:144) ~[junit-platform-engine-1.11.4.jar:1.11.4]
	at org.junit.platform.engine.support.hierarchical.ThrowableCollector.execute(ThrowableCollector.java:73) ~[junit-platform-engine-1.11.4.jar:1.11.4]
	at org.junit.platform.engine.support.hierarchical.NodeTestTask.executeRecursively(NodeTestTask.java:143) ~[junit-platform-engine-1.11.4.jar:1.11.4]
	at org.junit.platform.engine.support.hierarchical.NodeTestTask.execute(NodeTestTask.java:100) ~[junit-platform-engine-1.11.4.jar:1.11.4]
	at java.base/java.util.ArrayList.forEach(ArrayList.java:1596) ~[na:na]
	at org.junit.platform.engine.support.hierarchical.SameThreadHierarchicalTestExecutorService.invokeAll(SameThreadHierarchicalTestExecutorService.java:41) ~[junit-platform-engine-1.11.4.jar:1.11.4]
	at org.junit.platform.engine.support.hierarchical.NodeTestTask.lambda$executeRecursively$6(NodeTestTask.java:160) ~[junit-platform-engine-1.11.4.jar:1.11.4]
	at org.junit.platform.engine.support.hierarchical.ThrowableCollector.execute(ThrowableCollector.java:73) ~[junit-platform-engine-1.11.4.jar:1.11.4]
	at org.junit.platform.engine.support.hierarchical.NodeTestTask.lambda$executeRecursively$8(NodeTestTask.java:146) ~[junit-platform-engine-1.11.4.jar:1.11.4]
	at org.junit.platform.engine.support.hierarchical.Node.around(Node.java:137) ~[junit-platform-engine-1.11.4.jar:1.11.4]
	at org.junit.platform.engine.support.hierarchical.NodeTestTask.lambda$executeRecursively$9(NodeTestTask.java:144) ~[junit-platform-engine-1.11.4.jar:1.11.4]
	at org.junit.platform.engine.support.hierarchical.ThrowableCollector.execute(ThrowableCollector.java:73) ~[junit-platform-engine-1.11.4.jar:1.11.4]
	at org.junit.platform.engine.support.hierarchical.NodeTestTask.executeRecursively(NodeTestTask.java:143) ~[junit-platform-engine-1.11.4.jar:1.11.4]
	at org.junit.platform.engine.support.hierarchical.NodeTestTask.execute(NodeTestTask.java:100) ~[junit-platform-engine-1.11.4.jar:1.11.4]
	at org.junit.platform.engine.support.hierarchical.SameThreadHierarchicalTestExecutorService.submit(SameThreadHierarchicalTestExecutorService.java:35) ~[junit-platform-engine-1.11.4.jar:1.11.4]
	at org.junit.platform.engine.support.hierarchical.HierarchicalTestExecutor.execute(HierarchicalTestExecutor.java:57) ~[junit-platform-engine-1.11.4.jar:1.11.4]
	at org.junit.platform.engine.support.hierarchical.HierarchicalTestEngine.execute(HierarchicalTestEngine.java:54) ~[junit-platform-engine-1.11.4.jar:1.11.4]
	at org.junit.platform.launcher.core.EngineExecutionOrchestrator.execute(EngineExecutionOrchestrator.java:198) ~[junit-platform-launcher-1.11.4.jar:1.11.4]
	at org.junit.platform.launcher.core.EngineExecutionOrchestrator.execute(EngineExecutionOrchestrator.java:169) ~[junit-platform-launcher-1.11.4.jar:1.11.4]
	at org.junit.platform.launcher.core.EngineExecutionOrchestrator.execute(EngineExecutionOrchestrator.java:93) ~[junit-platform-launcher-1.11.4.jar:1.11.4]
	at org.junit.platform.launcher.core.EngineExecutionOrchestrator.lambda$execute$0(EngineExecutionOrchestrator.java:58) ~[junit-platform-launcher-1.11.4.jar:1.11.4]
	at org.junit.platform.launcher.core.EngineExecutionOrchestrator.withInterceptedStreams(EngineExecutionOrchestrator.java:141) ~[junit-platform-launcher-1.11.4.jar:1.11.4]
	at org.junit.platform.launcher.core.EngineExecutionOrchestrator.execute(EngineExecutionOrchestrator.java:57) ~[junit-platform-launcher-1.11.4.jar:1.11.4]
	at org.junit.platform.launcher.core.DefaultLauncher.execute(DefaultLauncher.java:103) ~[junit-platform-launcher-1.11.4.jar:1.11.4]
	at org.junit.platform.launcher.core.DefaultLauncher.execute(DefaultLauncher.java:85) ~[junit-platform-launcher-1.11.4.jar:1.11.4]
	at org.junit.platform.launcher.core.DelegatingLauncher.execute(DelegatingLauncher.java:47) ~[junit-platform-launcher-1.11.4.jar:1.11.4]
	at org.apache.maven.surefire.junitplatform.LazyLauncher.execute(LazyLauncher.java:56) ~[surefire-junit-platform-3.1.2.jar:3.1.2]
	at org.apache.maven.surefire.junitplatform.JUnitPlatformProvider.execute(JUnitPlatformProvider.java:184) ~[surefire-junit-platform-3.1.2.jar:3.1.2]
	at org.apache.maven.surefire.junitplatform.JUnitPlatformProvider.invokeAllTests(JUnitPlatformProvider.java:148) ~[surefire-junit-platform-3.1.2.jar:3.1.2]
	at org.apache.maven.surefire.junitplatform.JUnitPlatformProvider.invoke(JUnitPlatformProvider.java:122) ~[surefire-junit-platform-3.1.2.jar:3.1.2]
	at org.apache.maven.surefire.booter.ForkedBooter.runSuitesInProcess(ForkedBooter.java:385) ~[surefire-booter-3.1.2.jar:3.1.2]
	at org.apache.maven.surefire.booter.ForkedBooter.execute(ForkedBooter.java:162) ~[surefire-booter-3.1.2.jar:3.1.2]
	at org.apache.maven.surefire.booter.ForkedBooter.run(ForkedBooter.java:507) ~[surefire-booter-3.1.2.jar:3.1.2]
	at org.apache.maven.surefire.booter.ForkedBooter.main(ForkedBooter.java:495) ~[surefire-booter-3.1.2.jar:3.1.2]

2026-03-31T15:20:04.686+05:30  WARN 2120 --- [quantity-measurement-app] [           main] o.s.test.context.TestContextManager      : Caught exception while allowing TestExecutionListener [org.springframework.test.context.support.DependencyInjectionTestExecutionListener] to prepare test instance [com.app.quantitymeasurement.QuantityMeasurementAppApplicationTests@60af38ec]

java.lang.IllegalStateException: ApplicationContext failure threshold (1) exceeded: skipping repeated attempt to load context for [WebMergedContextConfiguration@2852fb2a testClass = com.app.quantitymeasurement.QuantityMeasurementAppApplicationTests, locations = [], classes = [com.app.quantitymeasurement.QuantityMeasurementAppApplication], contextInitializerClasses = [], activeProfiles = [], propertySourceDescriptors = [], propertySourceProperties = ["org.springframework.boot.test.context.SpringBootTestContextBootstrapper=true", "server.port=0"], contextCustomizers = [org.springframework.boot.test.context.filter.ExcludeFilterContextCustomizer@1d483de4, org.springframework.boot.test.json.DuplicateJsonObjectContextCustomizerFactory$DuplicateJsonObjectContextCustomizer@3b74ac8, org.springframework.boot.test.mock.mockito.MockitoContextCustomizer@0, org.springframework.boot.test.web.client.TestRestTemplateContextCustomizer@5be49b60, org.springframework.boot.test.web.reactor.netty.DisableReactorResourceFactoryGlobalResourcesContextCustomizerFactory$DisableReactorResourceFactoryGlobalResourcesContextCustomizerCustomizer@68f4865, org.springframework.boot.test.autoconfigure.OnFailureConditionReportContextCustomizerFactory$OnFailureConditionReportContextCustomizer@40317ba2, org.springframework.boot.test.autoconfigure.actuate.observability.ObservabilityContextCustomizerFactory$DisableObservabilityContextCustomizer@1f, org.springframework.boot.test.autoconfigure.properties.PropertyMappingContextCustomizer@0, org.springframework.boot.test.autoconfigure.web.servlet.WebDriverContextCustomizer@53251a66, org.springframework.test.context.support.DynamicPropertiesContextCustomizer@0, org.springframework.boot.test.context.SpringBootTestAnnotation@1bd4719a], resourceBasePath = "src/main/webapp", contextLoader = org.springframework.boot.test.context.SpringBootContextLoader, parent = null]
	at org.springframework.test.context.cache.DefaultCacheAwareContextLoaderDelegate.loadContext(DefaultCacheAwareContextLoaderDelegate.java:145) ~[spring-test-6.2.1.jar:6.2.1]
	at org.springframework.test.context.support.DefaultTestContext.getApplicationContext(DefaultTestContext.java:130) ~[spring-test-6.2.1.jar:6.2.1]
	at org.springframework.test.context.support.DependencyInjectionTestExecutionListener.injectDependencies(DependencyInjectionTestExecutionListener.java:142) ~[spring-test-6.2.1.jar:6.2.1]
	at org.springframework.test.context.support.DependencyInjectionTestExecutionListener.prepareTestInstance(DependencyInjectionTestExecutionListener.java:98) ~[spring-test-6.2.1.jar:6.2.1]
	at org.springframework.test.context.TestContextManager.prepareTestInstance(TestContextManager.java:260) ~[spring-test-6.2.1.jar:6.2.1]
	at org.springframework.test.context.junit.jupiter.SpringExtension.postProcessTestInstance(SpringExtension.java:160) ~[spring-test-6.2.1.jar:6.2.1]
	at org.junit.jupiter.engine.descriptor.ClassBasedTestDescriptor.lambda$invokeTestInstancePostProcessors$11(ClassBasedTestDescriptor.java:378) ~[junit-jupiter-engine-5.11.4.jar:5.11.4]
	at org.junit.jupiter.engine.descriptor.ClassBasedTestDescriptor.executeAndMaskThrowable(ClassBasedTestDescriptor.java:383) ~[junit-jupiter-engine-5.11.4.jar:5.11.4]
	at org.junit.jupiter.engine.descriptor.ClassBasedTestDescriptor.lambda$invokeTestInstancePostProcessors$12(ClassBasedTestDescriptor.java:378) ~[junit-jupiter-engine-5.11.4.jar:5.11.4]
	at java.base/java.util.stream.ForEachOps$ForEachOp$OfRef.accept(ForEachOps.java:184) ~[na:na]
	at java.base/java.util.stream.ReferencePipeline$3$1.accept(ReferencePipeline.java:197) ~[na:na]
	at java.base/java.util.stream.ReferencePipeline$2$1.accept(ReferencePipeline.java:179) ~[na:na]
	at java.base/java.util.stream.ReferencePipeline$3$1.accept(ReferencePipeline.java:197) ~[na:na]
	at java.base/java.util.ArrayList$ArrayListSpliterator.forEachRemaining(ArrayList.java:1708) ~[na:na]
	at java.base/java.util.stream.AbstractPipeline.copyInto(AbstractPipeline.java:509) ~[na:na]
	at java.base/java.util.stream.AbstractPipeline.wrapAndCopyInto(AbstractPipeline.java:499) ~[na:na]
	at java.base/java.util.stream.ForEachOps$ForEachOp.evaluateSequential(ForEachOps.java:151) ~[na:na]
	at java.base/java.util.stream.ForEachOps$ForEachOp$OfRef.evaluateSequential(ForEachOps.java:174) ~[na:na]
	at java.base/java.util.stream.AbstractPipeline.evaluate(AbstractPipeline.java:234) ~[na:na]
	at java.base/java.util.stream.ReferencePipeline.forEach(ReferencePipeline.java:596) ~[na:na]
	at org.junit.jupiter.engine.descriptor.ClassBasedTestDescriptor.invokeTestInstancePostProcessors(ClassBasedTestDescriptor.java:377) ~[junit-jupiter-engine-5.11.4.jar:5.11.4]
	at org.junit.jupiter.engine.descriptor.ClassBasedTestDescriptor.lambda$instantiateAndPostProcessTestInstance$7(ClassBasedTestDescriptor.java:290) ~[junit-jupiter-engine-5.11.4.jar:5.11.4]
	at org.junit.platform.engine.support.hierarchical.ThrowableCollector.execute(ThrowableCollector.java:73) ~[junit-platform-engine-1.11.4.jar:1.11.4]
	at org.junit.jupiter.engine.descriptor.ClassBasedTestDescriptor.instantiateAndPostProcessTestInstance(ClassBasedTestDescriptor.java:289) ~[junit-jupiter-engine-5.11.4.jar:5.11.4]
	at org.junit.jupiter.engine.descriptor.ClassBasedTestDescriptor.lambda$testInstancesProvider$5(ClassBasedTestDescriptor.java:279) ~[junit-jupiter-engine-5.11.4.jar:5.11.4]
	at java.base/java.util.Optional.orElseGet(Optional.java:364) ~[na:na]
	at org.junit.jupiter.engine.descriptor.ClassBasedTestDescriptor.lambda$testInstancesProvider$6(ClassBasedTestDescriptor.java:278) ~[junit-jupiter-engine-5.11.4.jar:5.11.4]
	at org.junit.jupiter.engine.execution.TestInstancesProvider.getTestInstances(TestInstancesProvider.java:31) ~[junit-jupiter-engine-5.11.4.jar:5.11.4]
	at org.junit.jupiter.engine.descriptor.TestMethodTestDescriptor.lambda$prepare$1(TestMethodTestDescriptor.java:105) ~[junit-jupiter-engine-5.11.4.jar:5.11.4]
	at org.junit.platform.engine.support.hierarchical.ThrowableCollector.execute(ThrowableCollector.java:73) ~[junit-platform-engine-1.11.4.jar:1.11.4]
	at org.junit.jupiter.engine.descriptor.TestMethodTestDescriptor.prepare(TestMethodTestDescriptor.java:104) ~[junit-jupiter-engine-5.11.4.jar:5.11.4]
	at org.junit.jupiter.engine.descriptor.TestMethodTestDescriptor.prepare(TestMethodTestDescriptor.java:68) ~[junit-jupiter-engine-5.11.4.jar:5.11.4]
	at org.junit.platform.engine.support.hierarchical.NodeTestTask.lambda$prepare$2(NodeTestTask.java:128) ~[junit-platform-engine-1.11.4.jar:1.11.4]
	at org.junit.platform.engine.support.hierarchical.ThrowableCollector.execute(ThrowableCollector.java:73) ~[junit-platform-engine-1.11.4.jar:1.11.4]
	at org.junit.platform.engine.support.hierarchical.NodeTestTask.prepare(NodeTestTask.java:128) ~[junit-platform-engine-1.11.4.jar:1.11.4]
	at org.junit.platform.engine.support.hierarchical.NodeTestTask.execute(NodeTestTask.java:95) ~[junit-platform-engine-1.11.4.jar:1.11.4]
	at java.base/java.util.ArrayList.forEach(ArrayList.java:1596) ~[na:na]
	at org.junit.platform.engine.support.hierarchical.SameThreadHierarchicalTestExecutorService.invokeAll(SameThreadHierarchicalTestExecutorService.java:41) ~[junit-platform-engine-1.11.4.jar:1.11.4]
	at org.junit.platform.engine.support.hierarchical.NodeTestTask.lambda$executeRecursively$6(NodeTestTask.java:160) ~[junit-platform-engine-1.11.4.jar:1.11.4]
	at org.junit.platform.engine.support.hierarchical.ThrowableCollector.execute(ThrowableCollector.java:73) ~[junit-platform-engine-1.11.4.jar:1.11.4]
	at org.junit.platform.engine.support.hierarchical.NodeTestTask.lambda$executeRecursively$8(NodeTestTask.java:146) ~[junit-platform-engine-1.11.4.jar:1.11.4]
	at org.junit.platform.engine.support.hierarchical.Node.around(Node.java:137) ~[junit-platform-engine-1.11.4.jar:1.11.4]
	at org.junit.platform.engine.support.hierarchical.NodeTestTask.lambda$executeRecursively$9(NodeTestTask.java:144) ~[junit-platform-engine-1.11.4.jar:1.11.4]
	at org.junit.platform.engine.support.hierarchical.ThrowableCollector.execute(ThrowableCollector.java:73) ~[junit-platform-engine-1.11.4.jar:1.11.4]
	at org.junit.platform.engine.support.hierarchical.NodeTestTask.executeRecursively(NodeTestTask.java:143) ~[junit-platform-engine-1.11.4.jar:1.11.4]
	at org.junit.platform.engine.support.hierarchical.NodeTestTask.execute(NodeTestTask.java:100) ~[junit-platform-engine-1.11.4.jar:1.11.4]
	at java.base/java.util.ArrayList.forEach(ArrayList.java:1596) ~[na:na]
	at org.junit.platform.engine.support.hierarchical.SameThreadHierarchicalTestExecutorService.invokeAll(SameThreadHierarchicalTestExecutorService.java:41) ~[junit-platform-engine-1.11.4.jar:1.11.4]
	at org.junit.platform.engine.support.hierarchical.NodeTestTask.lambda$executeRecursively$6(NodeTestTask.java:160) ~[junit-platform-engine-1.11.4.jar:1.11.4]
	at org.junit.platform.engine.support.hierarchical.ThrowableCollector.execute(ThrowableCollector.java:73) ~[junit-platform-engine-1.11.4.jar:1.11.4]
	at org.junit.platform.engine.support.hierarchical.NodeTestTask.lambda$executeRecursively$8(NodeTestTask.java:146) ~[junit-platform-engine-1.11.4.jar:1.11.4]
	at org.junit.platform.engine.support.hierarchical.Node.around(Node.java:137) ~[junit-platform-engine-1.11.4.jar:1.11.4]
	at org.junit.platform.engine.support.hierarchical.NodeTestTask.lambda$executeRecursively$9(NodeTestTask.java:144) ~[junit-platform-engine-1.11.4.jar:1.11.4]
	at org.junit.platform.engine.support.hierarchical.ThrowableCollector.execute(ThrowableCollector.java:73) ~[junit-platform-engine-1.11.4.jar:1.11.4]
	at org.junit.platform.engine.support.hierarchical.NodeTestTask.executeRecursively(NodeTestTask.java:143) ~[junit-platform-engine-1.11.4.jar:1.11.4]
	at org.junit.platform.engine.support.hierarchical.NodeTestTask.execute(NodeTestTask.java:100) ~[junit-platform-engine-1.11.4.jar:1.11.4]
	at org.junit.platform.engine.support.hierarchical.SameThreadHierarchicalTestExecutorService.submit(SameThreadHierarchicalTestExecutorService.java:35) ~[junit-platform-engine-1.11.4.jar:1.11.4]
	at org.junit.platform.engine.support.hierarchical.HierarchicalTestExecutor.execute(HierarchicalTestExecutor.java:57) ~[junit-platform-engine-1.11.4.jar:1.11.4]
	at org.junit.platform.engine.support.hierarchical.HierarchicalTestEngine.execute(HierarchicalTestEngine.java:54) ~[junit-platform-engine-1.11.4.jar:1.11.4]
	at org.junit.platform.launcher.core.EngineExecutionOrchestrator.execute(EngineExecutionOrchestrator.java:198) ~[junit-platform-launcher-1.11.4.jar:1.11.4]
	at org.junit.platform.launcher.core.EngineExecutionOrchestrator.execute(EngineExecutionOrchestrator.java:169) ~[junit-platform-launcher-1.11.4.jar:1.11.4]
	at org.junit.platform.launcher.core.EngineExecutionOrchestrator.execute(EngineExecutionOrchestrator.java:93) ~[junit-platform-launcher-1.11.4.jar:1.11.4]
	at org.junit.platform.launcher.core.EngineExecutionOrchestrator.lambda$execute$0(EngineExecutionOrchestrator.java:58) ~[junit-platform-launcher-1.11.4.jar:1.11.4]
	at org.junit.platform.launcher.core.EngineExecutionOrchestrator.withInterceptedStreams(EngineExecutionOrchestrator.java:141) ~[junit-platform-launcher-1.11.4.jar:1.11.4]
	at org.junit.platform.launcher.core.EngineExecutionOrchestrator.execute(EngineExecutionOrchestrator.java:57) ~[junit-platform-launcher-1.11.4.jar:1.11.4]
	at org.junit.platform.launcher.core.DefaultLauncher.execute(DefaultLauncher.java:103) ~[junit-platform-launcher-1.11.4.jar:1.11.4]
	at org.junit.platform.launcher.core.DefaultLauncher.execute(DefaultLauncher.java:85) ~[junit-platform-launcher-1.11.4.jar:1.11.4]
	at org.junit.platform.launcher.core.DelegatingLauncher.execute(DelegatingLauncher.java:47) ~[junit-platform-launcher-1.11.4.jar:1.11.4]
	at org.apache.maven.surefire.junitplatform.LazyLauncher.execute(LazyLauncher.java:56) ~[surefire-junit-platform-3.1.2.jar:3.1.2]
	at org.apache.maven.surefire.junitplatform.JUnitPlatformProvider.execute(JUnitPlatformProvider.java:184) ~[surefire-junit-platform-3.1.2.jar:3.1.2]
	at org.apache.maven.surefire.junitplatform.JUnitPlatformProvider.invokeAllTests(JUnitPlatformProvider.java:148) ~[surefire-junit-platform-3.1.2.jar:3.1.2]
	at org.apache.maven.surefire.junitplatform.JUnitPlatformProvider.invoke(JUnitPlatformProvider.java:122) ~[surefire-junit-platform-3.1.2.jar:3.1.2]
	at org.apache.maven.surefire.booter.ForkedBooter.runSuitesInProcess(ForkedBooter.java:385) ~[surefire-booter-3.1.2.jar:3.1.2]
	at org.apache.maven.surefire.booter.ForkedBooter.execute(ForkedBooter.java:162) ~[surefire-booter-3.1.2.jar:3.1.2]
	at org.apache.maven.surefire.booter.ForkedBooter.run(ForkedBooter.java:507) ~[surefire-booter-3.1.2.jar:3.1.2]
	at org.apache.maven.surefire.booter.ForkedBooter.main(ForkedBooter.java:495) ~[surefire-booter-3.1.2.jar:3.1.2]

2026-03-31T15:20:04.696+05:30  WARN 2120 --- [quantity-measurement-app] [           main] o.s.test.context.TestContextManager      : Caught exception while allowing TestExecutionListener [org.springframework.test.context.support.DependencyInjectionTestExecutionListener] to prepare test instance [com.app.quantitymeasurement.QuantityMeasurementAppApplicationTests@7e30050]

java.lang.IllegalStateException: ApplicationContext failure threshold (1) exceeded: skipping repeated attempt to load context for [WebMergedContextConfiguration@2852fb2a testClass = com.app.quantitymeasurement.QuantityMeasurementAppApplicationTests, locations = [], classes = [com.app.quantitymeasurement.QuantityMeasurementAppApplication], contextInitializerClasses = [], activeProfiles = [], propertySourceDescriptors = [], propertySourceProperties = ["org.springframework.boot.test.context.SpringBootTestContextBootstrapper=true", "server.port=0"], contextCustomizers = [org.springframework.boot.test.context.filter.ExcludeFilterContextCustomizer@1d483de4, org.springframework.boot.test.json.DuplicateJsonObjectContextCustomizerFactory$DuplicateJsonObjectContextCustomizer@3b74ac8, org.springframework.boot.test.mock.mockito.MockitoContextCustomizer@0, org.springframework.boot.test.web.client.TestRestTemplateContextCustomizer@5be49b60, org.springframework.boot.test.web.reactor.netty.DisableReactorResourceFactoryGlobalResourcesContextCustomizerFactory$DisableReactorResourceFactoryGlobalResourcesContextCustomizerCustomizer@68f4865, org.springframework.boot.test.autoconfigure.OnFailureConditionReportContextCustomizerFactory$OnFailureConditionReportContextCustomizer@40317ba2, org.springframework.boot.test.autoconfigure.actuate.observability.ObservabilityContextCustomizerFactory$DisableObservabilityContextCustomizer@1f, org.springframework.boot.test.autoconfigure.properties.PropertyMappingContextCustomizer@0, org.springframework.boot.test.autoconfigure.web.servlet.WebDriverContextCustomizer@53251a66, org.springframework.test.context.support.DynamicPropertiesContextCustomizer@0, org.springframework.boot.test.context.SpringBootTestAnnotation@1bd4719a], resourceBasePath = "src/main/webapp", contextLoader = org.springframework.boot.test.context.SpringBootContextLoader, parent = null]
	at org.springframework.test.context.cache.DefaultCacheAwareContextLoaderDelegate.loadContext(DefaultCacheAwareContextLoaderDelegate.java:145) ~[spring-test-6.2.1.jar:6.2.1]
	at org.springframework.test.context.support.DefaultTestContext.getApplicationContext(DefaultTestContext.java:130) ~[spring-test-6.2.1.jar:6.2.1]
	at org.springframework.test.context.support.DependencyInjectionTestExecutionListener.injectDependencies(DependencyInjectionTestExecutionListener.java:142) ~[spring-test-6.2.1.jar:6.2.1]
	at org.springframework.test.context.support.DependencyInjectionTestExecutionListener.prepareTestInstance(DependencyInjectionTestExecutionListener.java:98) ~[spring-test-6.2.1.jar:6.2.1]
	at org.springframework.test.context.TestContextManager.prepareTestInstance(TestContextManager.java:260) ~[spring-test-6.2.1.jar:6.2.1]
	at org.springframework.test.context.junit.jupiter.SpringExtension.postProcessTestInstance(SpringExtension.java:160) ~[spring-test-6.2.1.jar:6.2.1]
	at org.junit.jupiter.engine.descriptor.ClassBasedTestDescriptor.lambda$invokeTestInstancePostProcessors$11(ClassBasedTestDescriptor.java:378) ~[junit-jupiter-engine-5.11.4.jar:5.11.4]
	at org.junit.jupiter.engine.descriptor.ClassBasedTestDescriptor.executeAndMaskThrowable(ClassBasedTestDescriptor.java:383) ~[junit-jupiter-engine-5.11.4.jar:5.11.4]
	at org.junit.jupiter.engine.descriptor.ClassBasedTestDescriptor.lambda$invokeTestInstancePostProcessors$12(ClassBasedTestDescriptor.java:378) ~[junit-jupiter-engine-5.11.4.jar:5.11.4]
	at java.base/java.util.stream.ForEachOps$ForEachOp$OfRef.accept(ForEachOps.java:184) ~[na:na]
	at java.base/java.util.stream.ReferencePipeline$3$1.accept(ReferencePipeline.java:197) ~[na:na]
	at java.base/java.util.stream.ReferencePipeline$2$1.accept(ReferencePipeline.java:179) ~[na:na]
	at java.base/java.util.stream.ReferencePipeline$3$1.accept(ReferencePipeline.java:197) ~[na:na]
	at java.base/java.util.ArrayList$ArrayListSpliterator.forEachRemaining(ArrayList.java:1708) ~[na:na]
	at java.base/java.util.stream.AbstractPipeline.copyInto(AbstractPipeline.java:509) ~[na:na]
	at java.base/java.util.stream.AbstractPipeline.wrapAndCopyInto(AbstractPipeline.java:499) ~[na:na]
	at java.base/java.util.stream.ForEachOps$ForEachOp.evaluateSequential(ForEachOps.java:151) ~[na:na]
	at java.base/java.util.stream.ForEachOps$ForEachOp$OfRef.evaluateSequential(ForEachOps.java:174) ~[na:na]
	at java.base/java.util.stream.AbstractPipeline.evaluate(AbstractPipeline.java:234) ~[na:na]
	at java.base/java.util.stream.ReferencePipeline.forEach(ReferencePipeline.java:596) ~[na:na]
	at org.junit.jupiter.engine.descriptor.ClassBasedTestDescriptor.invokeTestInstancePostProcessors(ClassBasedTestDescriptor.java:377) ~[junit-jupiter-engine-5.11.4.jar:5.11.4]
	at org.junit.jupiter.engine.descriptor.ClassBasedTestDescriptor.lambda$instantiateAndPostProcessTestInstance$7(ClassBasedTestDescriptor.java:290) ~[junit-jupiter-engine-5.11.4.jar:5.11.4]
	at org.junit.platform.engine.support.hierarchical.ThrowableCollector.execute(ThrowableCollector.java:73) ~[junit-platform-engine-1.11.4.jar:1.11.4]
	at org.junit.jupiter.engine.descriptor.ClassBasedTestDescriptor.instantiateAndPostProcessTestInstance(ClassBasedTestDescriptor.java:289) ~[junit-jupiter-engine-5.11.4.jar:5.11.4]
	at org.junit.jupiter.engine.descriptor.ClassBasedTestDescriptor.lambda$testInstancesProvider$5(ClassBasedTestDescriptor.java:279) ~[junit-jupiter-engine-5.11.4.jar:5.11.4]
	at java.base/java.util.Optional.orElseGet(Optional.java:364) ~[na:na]
	at org.junit.jupiter.engine.descriptor.ClassBasedTestDescriptor.lambda$testInstancesProvider$6(ClassBasedTestDescriptor.java:278) ~[junit-jupiter-engine-5.11.4.jar:5.11.4]
	at org.junit.jupiter.engine.execution.TestInstancesProvider.getTestInstances(TestInstancesProvider.java:31) ~[junit-jupiter-engine-5.11.4.jar:5.11.4]
	at org.junit.jupiter.engine.descriptor.TestMethodTestDescriptor.lambda$prepare$1(TestMethodTestDescriptor.java:105) ~[junit-jupiter-engine-5.11.4.jar:5.11.4]
	at org.junit.platform.engine.support.hierarchical.ThrowableCollector.execute(ThrowableCollector.java:73) ~[junit-platform-engine-1.11.4.jar:1.11.4]
	at org.junit.jupiter.engine.descriptor.TestMethodTestDescriptor.prepare(TestMethodTestDescriptor.java:104) ~[junit-jupiter-engine-5.11.4.jar:5.11.4]
	at org.junit.jupiter.engine.descriptor.TestMethodTestDescriptor.prepare(TestMethodTestDescriptor.java:68) ~[junit-jupiter-engine-5.11.4.jar:5.11.4]
	at org.junit.platform.engine.support.hierarchical.NodeTestTask.lambda$prepare$2(NodeTestTask.java:128) ~[junit-platform-engine-1.11.4.jar:1.11.4]
	at org.junit.platform.engine.support.hierarchical.ThrowableCollector.execute(ThrowableCollector.java:73) ~[junit-platform-engine-1.11.4.jar:1.11.4]
	at org.junit.platform.engine.support.hierarchical.NodeTestTask.prepare(NodeTestTask.java:128) ~[junit-platform-engine-1.11.4.jar:1.11.4]
	at org.junit.platform.engine.support.hierarchical.NodeTestTask.execute(NodeTestTask.java:95) ~[junit-platform-engine-1.11.4.jar:1.11.4]
	at java.base/java.util.ArrayList.forEach(ArrayList.java:1596) ~[na:na]
	at org.junit.platform.engine.support.hierarchical.SameThreadHierarchicalTestExecutorService.invokeAll(SameThreadHierarchicalTestExecutorService.java:41) ~[junit-platform-engine-1.11.4.jar:1.11.4]
	at org.junit.platform.engine.support.hierarchical.NodeTestTask.lambda$executeRecursively$6(NodeTestTask.java:160) ~[junit-platform-engine-1.11.4.jar:1.11.4]
	at org.junit.platform.engine.support.hierarchical.ThrowableCollector.execute(ThrowableCollector.java:73) ~[junit-platform-engine-1.11.4.jar:1.11.4]
	at org.junit.platform.engine.support.hierarchical.NodeTestTask.lambda$executeRecursively$8(NodeTestTask.java:146) ~[junit-platform-engine-1.11.4.jar:1.11.4]
	at org.junit.platform.engine.support.hierarchical.Node.around(Node.java:137) ~[junit-platform-engine-1.11.4.jar:1.11.4]
	at org.junit.platform.engine.support.hierarchical.NodeTestTask.lambda$executeRecursively$9(NodeTestTask.java:144) ~[junit-platform-engine-1.11.4.jar:1.11.4]
	at org.junit.platform.engine.support.hierarchical.ThrowableCollector.execute(ThrowableCollector.java:73) ~[junit-platform-engine-1.11.4.jar:1.11.4]
	at org.junit.platform.engine.support.hierarchical.NodeTestTask.executeRecursively(NodeTestTask.java:143) ~[junit-platform-engine-1.11.4.jar:1.11.4]
	at org.junit.platform.engine.support.hierarchical.NodeTestTask.execute(NodeTestTask.java:100) ~[junit-platform-engine-1.11.4.jar:1.11.4]
	at java.base/java.util.ArrayList.forEach(ArrayList.java:1596) ~[na:na]
	at org.junit.platform.engine.support.hierarchical.SameThreadHierarchicalTestExecutorService.invokeAll(SameThreadHierarchicalTestExecutorService.java:41) ~[junit-platform-engine-1.11.4.jar:1.11.4]
	at org.junit.platform.engine.support.hierarchical.NodeTestTask.lambda$executeRecursively$6(NodeTestTask.java:160) ~[junit-platform-engine-1.11.4.jar:1.11.4]
	at org.junit.platform.engine.support.hierarchical.ThrowableCollector.execute(ThrowableCollector.java:73) ~[junit-platform-engine-1.11.4.jar:1.11.4]
	at org.junit.platform.engine.support.hierarchical.NodeTestTask.lambda$executeRecursively$8(NodeTestTask.java:146) ~[junit-platform-engine-1.11.4.jar:1.11.4]
	at org.junit.platform.engine.support.hierarchical.Node.around(Node.java:137) ~[junit-platform-engine-1.11.4.jar:1.11.4]
	at org.junit.platform.engine.support.hierarchical.NodeTestTask.lambda$executeRecursively$9(NodeTestTask.java:144) ~[junit-platform-engine-1.11.4.jar:1.11.4]
	at org.junit.platform.engine.support.hierarchical.ThrowableCollector.execute(ThrowableCollector.java:73) ~[junit-platform-engine-1.11.4.jar:1.11.4]
	at org.junit.platform.engine.support.hierarchical.NodeTestTask.executeRecursively(NodeTestTask.java:143) ~[junit-platform-engine-1.11.4.jar:1.11.4]
	at org.junit.platform.engine.support.hierarchical.NodeTestTask.execute(NodeTestTask.java:100) ~[junit-platform-engine-1.11.4.jar:1.11.4]
	at org.junit.platform.engine.support.hierarchical.SameThreadHierarchicalTestExecutorService.submit(SameThreadHierarchicalTestExecutorService.java:35) ~[junit-platform-engine-1.11.4.jar:1.11.4]
	at org.junit.platform.engine.support.hierarchical.HierarchicalTestExecutor.execute(HierarchicalTestExecutor.java:57) ~[junit-platform-engine-1.11.4.jar:1.11.4]
	at org.junit.platform.engine.support.hierarchical.HierarchicalTestEngine.execute(HierarchicalTestEngine.java:54) ~[junit-platform-engine-1.11.4.jar:1.11.4]
	at org.junit.platform.launcher.core.EngineExecutionOrchestrator.execute(EngineExecutionOrchestrator.java:198) ~[junit-platform-launcher-1.11.4.jar:1.11.4]
	at org.junit.platform.launcher.core.EngineExecutionOrchestrator.execute(EngineExecutionOrchestrator.java:169) ~[junit-platform-launcher-1.11.4.jar:1.11.4]
	at org.junit.platform.launcher.core.EngineExecutionOrchestrator.execute(EngineExecutionOrchestrator.java:93) ~[junit-platform-launcher-1.11.4.jar:1.11.4]
	at org.junit.platform.launcher.core.EngineExecutionOrchestrator.lambda$execute$0(EngineExecutionOrchestrator.java:58) ~[junit-platform-launcher-1.11.4.jar:1.11.4]
	at org.junit.platform.launcher.core.EngineExecutionOrchestrator.withInterceptedStreams(EngineExecutionOrchestrator.java:141) ~[junit-platform-launcher-1.11.4.jar:1.11.4]
	at org.junit.platform.launcher.core.EngineExecutionOrchestrator.execute(EngineExecutionOrchestrator.java:57) ~[junit-platform-launcher-1.11.4.jar:1.11.4]
	at org.junit.platform.launcher.core.DefaultLauncher.execute(DefaultLauncher.java:103) ~[junit-platform-launcher-1.11.4.jar:1.11.4]
	at org.junit.platform.launcher.core.DefaultLauncher.execute(DefaultLauncher.java:85) ~[junit-platform-launcher-1.11.4.jar:1.11.4]
	at org.junit.platform.launcher.core.DelegatingLauncher.execute(DelegatingLauncher.java:47) ~[junit-platform-launcher-1.11.4.jar:1.11.4]
	at org.apache.maven.surefire.junitplatform.LazyLauncher.execute(LazyLauncher.java:56) ~[surefire-junit-platform-3.1.2.jar:3.1.2]
	at org.apache.maven.surefire.junitplatform.JUnitPlatformProvider.execute(JUnitPlatformProvider.java:184) ~[surefire-junit-platform-3.1.2.jar:3.1.2]
	at org.apache.maven.surefire.junitplatform.JUnitPlatformProvider.invokeAllTests(JUnitPlatformProvider.java:148) ~[surefire-junit-platform-3.1.2.jar:3.1.2]
	at org.apache.maven.surefire.junitplatform.JUnitPlatformProvider.invoke(JUnitPlatformProvider.java:122) ~[surefire-junit-platform-3.1.2.jar:3.1.2]
	at org.apache.maven.surefire.booter.ForkedBooter.runSuitesInProcess(ForkedBooter.java:385) ~[surefire-booter-3.1.2.jar:3.1.2]
	at org.apache.maven.surefire.booter.ForkedBooter.execute(ForkedBooter.java:162) ~[surefire-booter-3.1.2.jar:3.1.2]
	at org.apache.maven.surefire.booter.ForkedBooter.run(ForkedBooter.java:507) ~[surefire-booter-3.1.2.jar:3.1.2]
	at org.apache.maven.surefire.booter.ForkedBooter.main(ForkedBooter.java:495) ~[surefire-booter-3.1.2.jar:3.1.2]

2026-03-31T15:20:04.704+05:30  WARN 2120 --- [quantity-measurement-app] [           main] o.s.test.context.TestContextManager      : Caught exception while allowing TestExecutionListener [org.springframework.test.context.support.DependencyInjectionTestExecutionListener] to prepare test instance [com.app.quantitymeasurement.QuantityMeasurementAppApplicationTests@6764a6d4]

java.lang.IllegalStateException: ApplicationContext failure threshold (1) exceeded: skipping repeated attempt to load context for [WebMergedContextConfiguration@2852fb2a testClass = com.app.quantitymeasurement.QuantityMeasurementAppApplicationTests, locations = [], classes = [com.app.quantitymeasurement.QuantityMeasurementAppApplication], contextInitializerClasses = [], activeProfiles = [], propertySourceDescriptors = [], propertySourceProperties = ["org.springframework.boot.test.context.SpringBootTestContextBootstrapper=true", "server.port=0"], contextCustomizers = [org.springframework.boot.test.context.filter.ExcludeFilterContextCustomizer@1d483de4, org.springframework.boot.test.json.DuplicateJsonObjectContextCustomizerFactory$DuplicateJsonObjectContextCustomizer@3b74ac8, org.springframework.boot.test.mock.mockito.MockitoContextCustomizer@0, org.springframework.boot.test.web.client.TestRestTemplateContextCustomizer@5be49b60, org.springframework.boot.test.web.reactor.netty.DisableReactorResourceFactoryGlobalResourcesContextCustomizerFactory$DisableReactorResourceFactoryGlobalResourcesContextCustomizerCustomizer@68f4865, org.springframework.boot.test.autoconfigure.OnFailureConditionReportContextCustomizerFactory$OnFailureConditionReportContextCustomizer@40317ba2, org.springframework.boot.test.autoconfigure.actuate.observability.ObservabilityContextCustomizerFactory$DisableObservabilityContextCustomizer@1f, org.springframework.boot.test.autoconfigure.properties.PropertyMappingContextCustomizer@0, org.springframework.boot.test.autoconfigure.web.servlet.WebDriverContextCustomizer@53251a66, org.springframework.test.context.support.DynamicPropertiesContextCustomizer@0, org.springframework.boot.test.context.SpringBootTestAnnotation@1bd4719a], resourceBasePath = "src/main/webapp", contextLoader = org.springframework.boot.test.context.SpringBootContextLoader, parent = null]
	at org.springframework.test.context.cache.DefaultCacheAwareContextLoaderDelegate.loadContext(DefaultCacheAwareContextLoaderDelegate.java:145) ~[spring-test-6.2.1.jar:6.2.1]
	at org.springframework.test.context.support.DefaultTestContext.getApplicationContext(DefaultTestContext.java:130) ~[spring-test-6.2.1.jar:6.2.1]
	at org.springframework.test.context.support.DependencyInjectionTestExecutionListener.injectDependencies(DependencyInjectionTestExecutionListener.java:142) ~[spring-test-6.2.1.jar:6.2.1]
	at org.springframework.test.context.support.DependencyInjectionTestExecutionListener.prepareTestInstance(DependencyInjectionTestExecutionListener.java:98) ~[spring-test-6.2.1.jar:6.2.1]
	at org.springframework.test.context.TestContextManager.prepareTestInstance(TestContextManager.java:260) ~[spring-test-6.2.1.jar:6.2.1]
	at org.springframework.test.context.junit.jupiter.SpringExtension.postProcessTestInstance(SpringExtension.java:160) ~[spring-test-6.2.1.jar:6.2.1]
	at org.junit.jupiter.engine.descriptor.ClassBasedTestDescriptor.lambda$invokeTestInstancePostProcessors$11(ClassBasedTestDescriptor.java:378) ~[junit-jupiter-engine-5.11.4.jar:5.11.4]
	at org.junit.jupiter.engine.descriptor.ClassBasedTestDescriptor.executeAndMaskThrowable(ClassBasedTestDescriptor.java:383) ~[junit-jupiter-engine-5.11.4.jar:5.11.4]
	at org.junit.jupiter.engine.descriptor.ClassBasedTestDescriptor.lambda$invokeTestInstancePostProcessors$12(ClassBasedTestDescriptor.java:378) ~[junit-jupiter-engine-5.11.4.jar:5.11.4]
	at java.base/java.util.stream.ForEachOps$ForEachOp$OfRef.accept(ForEachOps.java:184) ~[na:na]
	at java.base/java.util.stream.ReferencePipeline$3$1.accept(ReferencePipeline.java:197) ~[na:na]
	at java.base/java.util.stream.ReferencePipeline$2$1.accept(ReferencePipeline.java:179) ~[na:na]
	at java.base/java.util.stream.ReferencePipeline$3$1.accept(ReferencePipeline.java:197) ~[na:na]
	at java.base/java.util.ArrayList$ArrayListSpliterator.forEachRemaining(ArrayList.java:1708) ~[na:na]
	at java.base/java.util.stream.AbstractPipeline.copyInto(AbstractPipeline.java:509) ~[na:na]
	at java.base/java.util.stream.AbstractPipeline.wrapAndCopyInto(AbstractPipeline.java:499) ~[na:na]
	at java.base/java.util.stream.ForEachOps$ForEachOp.evaluateSequential(ForEachOps.java:151) ~[na:na]
	at java.base/java.util.stream.ForEachOps$ForEachOp$OfRef.evaluateSequential(ForEachOps.java:174) ~[na:na]
	at java.base/java.util.stream.AbstractPipeline.evaluate(AbstractPipeline.java:234) ~[na:na]
	at java.base/java.util.stream.ReferencePipeline.forEach(ReferencePipeline.java:596) ~[na:na]
	at org.junit.jupiter.engine.descriptor.ClassBasedTestDescriptor.invokeTestInstancePostProcessors(ClassBasedTestDescriptor.java:377) ~[junit-jupiter-engine-5.11.4.jar:5.11.4]
	at org.junit.jupiter.engine.descriptor.ClassBasedTestDescriptor.lambda$instantiateAndPostProcessTestInstance$7(ClassBasedTestDescriptor.java:290) ~[junit-jupiter-engine-5.11.4.jar:5.11.4]
	at org.junit.platform.engine.support.hierarchical.ThrowableCollector.execute(ThrowableCollector.java:73) ~[junit-platform-engine-1.11.4.jar:1.11.4]
	at org.junit.jupiter.engine.descriptor.ClassBasedTestDescriptor.instantiateAndPostProcessTestInstance(ClassBasedTestDescriptor.java:289) ~[junit-jupiter-engine-5.11.4.jar:5.11.4]
	at org.junit.jupiter.engine.descriptor.ClassBasedTestDescriptor.lambda$testInstancesProvider$5(ClassBasedTestDescriptor.java:279) ~[junit-jupiter-engine-5.11.4.jar:5.11.4]
	at java.base/java.util.Optional.orElseGet(Optional.java:364) ~[na:na]
	at org.junit.jupiter.engine.descriptor.ClassBasedTestDescriptor.lambda$testInstancesProvider$6(ClassBasedTestDescriptor.java:278) ~[junit-jupiter-engine-5.11.4.jar:5.11.4]
	at org.junit.jupiter.engine.execution.TestInstancesProvider.getTestInstances(TestInstancesProvider.java:31) ~[junit-jupiter-engine-5.11.4.jar:5.11.4]
	at org.junit.jupiter.engine.descriptor.TestMethodTestDescriptor.lambda$prepare$1(TestMethodTestDescriptor.java:105) ~[junit-jupiter-engine-5.11.4.jar:5.11.4]
	at org.junit.platform.engine.support.hierarchical.ThrowableCollector.execute(ThrowableCollector.java:73) ~[junit-platform-engine-1.11.4.jar:1.11.4]
	at org.junit.jupiter.engine.descriptor.TestMethodTestDescriptor.prepare(TestMethodTestDescriptor.java:104) ~[junit-jupiter-engine-5.11.4.jar:5.11.4]
	at org.junit.jupiter.engine.descriptor.TestMethodTestDescriptor.prepare(TestMethodTestDescriptor.java:68) ~[junit-jupiter-engine-5.11.4.jar:5.11.4]
	at org.junit.platform.engine.support.hierarchical.NodeTestTask.lambda$prepare$2(NodeTestTask.java:128) ~[junit-platform-engine-1.11.4.jar:1.11.4]
	at org.junit.platform.engine.support.hierarchical.ThrowableCollector.execute(ThrowableCollector.java:73) ~[junit-platform-engine-1.11.4.jar:1.11.4]
	at org.junit.platform.engine.support.hierarchical.NodeTestTask.prepare(NodeTestTask.java:128) ~[junit-platform-engine-1.11.4.jar:1.11.4]
	at org.junit.platform.engine.support.hierarchical.NodeTestTask.execute(NodeTestTask.java:95) ~[junit-platform-engine-1.11.4.jar:1.11.4]
	at java.base/java.util.ArrayList.forEach(ArrayList.java:1596) ~[na:na]
	at org.junit.platform.engine.support.hierarchical.SameThreadHierarchicalTestExecutorService.invokeAll(SameThreadHierarchicalTestExecutorService.java:41) ~[junit-platform-engine-1.11.4.jar:1.11.4]
	at org.junit.platform.engine.support.hierarchical.NodeTestTask.lambda$executeRecursively$6(NodeTestTask.java:160) ~[junit-platform-engine-1.11.4.jar:1.11.4]
	at org.junit.platform.engine.support.hierarchical.ThrowableCollector.execute(ThrowableCollector.java:73) ~[junit-platform-engine-1.11.4.jar:1.11.4]
	at org.junit.platform.engine.support.hierarchical.NodeTestTask.lambda$executeRecursively$8(NodeTestTask.java:146) ~[junit-platform-engine-1.11.4.jar:1.11.4]
	at org.junit.platform.engine.support.hierarchical.Node.around(Node.java:137) ~[junit-platform-engine-1.11.4.jar:1.11.4]
	at org.junit.platform.engine.support.hierarchical.NodeTestTask.lambda$executeRecursively$9(NodeTestTask.java:144) ~[junit-platform-engine-1.11.4.jar:1.11.4]
	at org.junit.platform.engine.support.hierarchical.ThrowableCollector.execute(ThrowableCollector.java:73) ~[junit-platform-engine-1.11.4.jar:1.11.4]
	at org.junit.platform.engine.support.hierarchical.NodeTestTask.executeRecursively(NodeTestTask.java:143) ~[junit-platform-engine-1.11.4.jar:1.11.4]
	at org.junit.platform.engine.support.hierarchical.NodeTestTask.execute(NodeTestTask.java:100) ~[junit-platform-engine-1.11.4.jar:1.11.4]
	at java.base/java.util.ArrayList.forEach(ArrayList.java:1596) ~[na:na]
	at org.junit.platform.engine.support.hierarchical.SameThreadHierarchicalTestExecutorService.invokeAll(SameThreadHierarchicalTestExecutorService.java:41) ~[junit-platform-engine-1.11.4.jar:1.11.4]
	at org.junit.platform.engine.support.hierarchical.NodeTestTask.lambda$executeRecursively$6(NodeTestTask.java:160) ~[junit-platform-engine-1.11.4.jar:1.11.4]
	at org.junit.platform.engine.support.hierarchical.ThrowableCollector.execute(ThrowableCollector.java:73) ~[junit-platform-engine-1.11.4.jar:1.11.4]
	at org.junit.platform.engine.support.hierarchical.NodeTestTask.lambda$executeRecursively$8(NodeTestTask.java:146) ~[junit-platform-engine-1.11.4.jar:1.11.4]
	at org.junit.platform.engine.support.hierarchical.Node.around(Node.java:137) ~[junit-platform-engine-1.11.4.jar:1.11.4]
	at org.junit.platform.engine.support.hierarchical.NodeTestTask.lambda$executeRecursively$9(NodeTestTask.java:144) ~[junit-platform-engine-1.11.4.jar:1.11.4]
	at org.junit.platform.engine.support.hierarchical.ThrowableCollector.execute(ThrowableCollector.java:73) ~[junit-platform-engine-1.11.4.jar:1.11.4]
	at org.junit.platform.engine.support.hierarchical.NodeTestTask.executeRecursively(NodeTestTask.java:143) ~[junit-platform-engine-1.11.4.jar:1.11.4]
	at org.junit.platform.engine.support.hierarchical.NodeTestTask.execute(NodeTestTask.java:100) ~[junit-platform-engine-1.11.4.jar:1.11.4]
	at org.junit.platform.engine.support.hierarchical.SameThreadHierarchicalTestExecutorService.submit(SameThreadHierarchicalTestExecutorService.java:35) ~[junit-platform-engine-1.11.4.jar:1.11.4]
	at org.junit.platform.engine.support.hierarchical.HierarchicalTestExecutor.execute(HierarchicalTestExecutor.java:57) ~[junit-platform-engine-1.11.4.jar:1.11.4]
	at org.junit.platform.engine.support.hierarchical.HierarchicalTestEngine.execute(HierarchicalTestEngine.java:54) ~[junit-platform-engine-1.11.4.jar:1.11.4]
	at org.junit.platform.launcher.core.EngineExecutionOrchestrator.execute(EngineExecutionOrchestrator.java:198) ~[junit-platform-launcher-1.11.4.jar:1.11.4]
	at org.junit.platform.launcher.core.EngineExecutionOrchestrator.execute(EngineExecutionOrchestrator.java:169) ~[junit-platform-launcher-1.11.4.jar:1.11.4]
	at org.junit.platform.launcher.core.EngineExecutionOrchestrator.execute(EngineExecutionOrchestrator.java:93) ~[junit-platform-launcher-1.11.4.jar:1.11.4]
	at org.junit.platform.launcher.core.EngineExecutionOrchestrator.lambda$execute$0(EngineExecutionOrchestrator.java:58) ~[junit-platform-launcher-1.11.4.jar:1.11.4]
	at org.junit.platform.launcher.core.EngineExecutionOrchestrator.withInterceptedStreams(EngineExecutionOrchestrator.java:141) ~[junit-platform-launcher-1.11.4.jar:1.11.4]
	at org.junit.platform.launcher.core.EngineExecutionOrchestrator.execute(EngineExecutionOrchestrator.java:57) ~[junit-platform-launcher-1.11.4.jar:1.11.4]
	at org.junit.platform.launcher.core.DefaultLauncher.execute(DefaultLauncher.java:103) ~[junit-platform-launcher-1.11.4.jar:1.11.4]
	at org.junit.platform.launcher.core.DefaultLauncher.execute(DefaultLauncher.java:85) ~[junit-platform-launcher-1.11.4.jar:1.11.4]
	at org.junit.platform.launcher.core.DelegatingLauncher.execute(DelegatingLauncher.java:47) ~[junit-platform-launcher-1.11.4.jar:1.11.4]
	at org.apache.maven.surefire.junitplatform.LazyLauncher.execute(LazyLauncher.java:56) ~[surefire-junit-platform-3.1.2.jar:3.1.2]
	at org.apache.maven.surefire.junitplatform.JUnitPlatformProvider.execute(JUnitPlatformProvider.java:184) ~[surefire-junit-platform-3.1.2.jar:3.1.2]
	at org.apache.maven.surefire.junitplatform.JUnitPlatformProvider.invokeAllTests(JUnitPlatformProvider.java:148) ~[surefire-junit-platform-3.1.2.jar:3.1.2]
	at org.apache.maven.surefire.junitplatform.JUnitPlatformProvider.invoke(JUnitPlatformProvider.java:122) ~[surefire-junit-platform-3.1.2.jar:3.1.2]
	at org.apache.maven.surefire.booter.ForkedBooter.runSuitesInProcess(ForkedBooter.java:385) ~[surefire-booter-3.1.2.jar:3.1.2]
	at org.apache.maven.surefire.booter.ForkedBooter.execute(ForkedBooter.java:162) ~[surefire-booter-3.1.2.jar:3.1.2]
	at org.apache.maven.surefire.booter.ForkedBooter.run(ForkedBooter.java:507) ~[surefire-booter-3.1.2.jar:3.1.2]
	at org.apache.maven.surefire.booter.ForkedBooter.main(ForkedBooter.java:495) ~[surefire-booter-3.1.2.jar:3.1.2]

2026-03-31T15:20:04.708+05:30  WARN 2120 --- [quantity-measurement-app] [           main] o.s.test.context.TestContextManager      : Caught exception while allowing TestExecutionListener [org.springframework.test.context.support.DependencyInjectionTestExecutionListener] to prepare test instance [com.app.quantitymeasurement.QuantityMeasurementAppApplicationTests@269c07d]

java.lang.IllegalStateException: ApplicationContext failure threshold (1) exceeded: skipping repeated attempt to load context for [WebMergedContextConfiguration@2852fb2a testClass = com.app.quantitymeasurement.QuantityMeasurementAppApplicationTests, locations = [], classes = [com.app.quantitymeasurement.QuantityMeasurementAppApplication], contextInitializerClasses = [], activeProfiles = [], propertySourceDescriptors = [], propertySourceProperties = ["org.springframework.boot.test.context.SpringBootTestContextBootstrapper=true", "server.port=0"], contextCustomizers = [org.springframework.boot.test.context.filter.ExcludeFilterContextCustomizer@1d483de4, org.springframework.boot.test.json.DuplicateJsonObjectContextCustomizerFactory$DuplicateJsonObjectContextCustomizer@3b74ac8, org.springframework.boot.test.mock.mockito.MockitoContextCustomizer@0, org.springframework.boot.test.web.client.TestRestTemplateContextCustomizer@5be49b60, org.springframework.boot.test.web.reactor.netty.DisableReactorResourceFactoryGlobalResourcesContextCustomizerFactory$DisableReactorResourceFactoryGlobalResourcesContextCustomizerCustomizer@68f4865, org.springframework.boot.test.autoconfigure.OnFailureConditionReportContextCustomizerFactory$OnFailureConditionReportContextCustomizer@40317ba2, org.springframework.boot.test.autoconfigure.actuate.observability.ObservabilityContextCustomizerFactory$DisableObservabilityContextCustomizer@1f, org.springframework.boot.test.autoconfigure.properties.PropertyMappingContextCustomizer@0, org.springframework.boot.test.autoconfigure.web.servlet.WebDriverContextCustomizer@53251a66, org.springframework.test.context.support.DynamicPropertiesContextCustomizer@0, org.springframework.boot.test.context.SpringBootTestAnnotation@1bd4719a], resourceBasePath = "src/main/webapp", contextLoader = org.springframework.boot.test.context.SpringBootContextLoader, parent = null]
	at org.springframework.test.context.cache.DefaultCacheAwareContextLoaderDelegate.loadContext(DefaultCacheAwareContextLoaderDelegate.java:145) ~[spring-test-6.2.1.jar:6.2.1]
	at org.springframework.test.context.support.DefaultTestContext.getApplicationContext(DefaultTestContext.java:130) ~[spring-test-6.2.1.jar:6.2.1]
	at org.springframework.test.context.support.DependencyInjectionTestExecutionListener.injectDependencies(DependencyInjectionTestExecutionListener.java:142) ~[spring-test-6.2.1.jar:6.2.1]
	at org.springframework.test.context.support.DependencyInjectionTestExecutionListener.prepareTestInstance(DependencyInjectionTestExecutionListener.java:98) ~[spring-test-6.2.1.jar:6.2.1]
	at org.springframework.test.context.TestContextManager.prepareTestInstance(TestContextManager.java:260) ~[spring-test-6.2.1.jar:6.2.1]
	at org.springframework.test.context.junit.jupiter.SpringExtension.postProcessTestInstance(SpringExtension.java:160) ~[spring-test-6.2.1.jar:6.2.1]
	at org.junit.jupiter.engine.descriptor.ClassBasedTestDescriptor.lambda$invokeTestInstancePostProcessors$11(ClassBasedTestDescriptor.java:378) ~[junit-jupiter-engine-5.11.4.jar:5.11.4]
	at org.junit.jupiter.engine.descriptor.ClassBasedTestDescriptor.executeAndMaskThrowable(ClassBasedTestDescriptor.java:383) ~[junit-jupiter-engine-5.11.4.jar:5.11.4]
	at org.junit.jupiter.engine.descriptor.ClassBasedTestDescriptor.lambda$invokeTestInstancePostProcessors$12(ClassBasedTestDescriptor.java:378) ~[junit-jupiter-engine-5.11.4.jar:5.11.4]
	at java.base/java.util.stream.ForEachOps$ForEachOp$OfRef.accept(ForEachOps.java:184) ~[na:na]
	at java.base/java.util.stream.ReferencePipeline$3$1.accept(ReferencePipeline.java:197) ~[na:na]
	at java.base/java.util.stream.ReferencePipeline$2$1.accept(ReferencePipeline.java:179) ~[na:na]
	at java.base/java.util.stream.ReferencePipeline$3$1.accept(ReferencePipeline.java:197) ~[na:na]
	at java.base/java.util.ArrayList$ArrayListSpliterator.forEachRemaining(ArrayList.java:1708) ~[na:na]
	at java.base/java.util.stream.AbstractPipeline.copyInto(AbstractPipeline.java:509) ~[na:na]
	at java.base/java.util.stream.AbstractPipeline.wrapAndCopyInto(AbstractPipeline.java:499) ~[na:na]
	at java.base/java.util.stream.ForEachOps$ForEachOp.evaluateSequential(ForEachOps.java:151) ~[na:na]
	at java.base/java.util.stream.ForEachOps$ForEachOp$OfRef.evaluateSequential(ForEachOps.java:174) ~[na:na]
	at java.base/java.util.stream.AbstractPipeline.evaluate(AbstractPipeline.java:234) ~[na:na]
	at java.base/java.util.stream.ReferencePipeline.forEach(ReferencePipeline.java:596) ~[na:na]
	at org.junit.jupiter.engine.descriptor.ClassBasedTestDescriptor.invokeTestInstancePostProcessors(ClassBasedTestDescriptor.java:377) ~[junit-jupiter-engine-5.11.4.jar:5.11.4]
	at org.junit.jupiter.engine.descriptor.ClassBasedTestDescriptor.lambda$instantiateAndPostProcessTestInstance$7(ClassBasedTestDescriptor.java:290) ~[junit-jupiter-engine-5.11.4.jar:5.11.4]
	at org.junit.platform.engine.support.hierarchical.ThrowableCollector.execute(ThrowableCollector.java:73) ~[junit-platform-engine-1.11.4.jar:1.11.4]
	at org.junit.jupiter.engine.descriptor.ClassBasedTestDescriptor.instantiateAndPostProcessTestInstance(ClassBasedTestDescriptor.java:289) ~[junit-jupiter-engine-5.11.4.jar:5.11.4]
	at org.junit.jupiter.engine.descriptor.ClassBasedTestDescriptor.lambda$testInstancesProvider$5(ClassBasedTestDescriptor.java:279) ~[junit-jupiter-engine-5.11.4.jar:5.11.4]
	at java.base/java.util.Optional.orElseGet(Optional.java:364) ~[na:na]
	at org.junit.jupiter.engine.descriptor.ClassBasedTestDescriptor.lambda$testInstancesProvider$6(ClassBasedTestDescriptor.java:278) ~[junit-jupiter-engine-5.11.4.jar:5.11.4]
	at org.junit.jupiter.engine.execution.TestInstancesProvider.getTestInstances(TestInstancesProvider.java:31) ~[junit-jupiter-engine-5.11.4.jar:5.11.4]
	at org.junit.jupiter.engine.descriptor.TestMethodTestDescriptor.lambda$prepare$1(TestMethodTestDescriptor.java:105) ~[junit-jupiter-engine-5.11.4.jar:5.11.4]
	at org.junit.platform.engine.support.hierarchical.ThrowableCollector.execute(ThrowableCollector.java:73) ~[junit-platform-engine-1.11.4.jar:1.11.4]
	at org.junit.jupiter.engine.descriptor.TestMethodTestDescriptor.prepare(TestMethodTestDescriptor.java:104) ~[junit-jupiter-engine-5.11.4.jar:5.11.4]
	at org.junit.jupiter.engine.descriptor.TestMethodTestDescriptor.prepare(TestMethodTestDescriptor.java:68) ~[junit-jupiter-engine-5.11.4.jar:5.11.4]
	at org.junit.platform.engine.support.hierarchical.NodeTestTask.lambda$prepare$2(NodeTestTask.java:128) ~[junit-platform-engine-1.11.4.jar:1.11.4]
	at org.junit.platform.engine.support.hierarchical.ThrowableCollector.execute(ThrowableCollector.java:73) ~[junit-platform-engine-1.11.4.jar:1.11.4]
	at org.junit.platform.engine.support.hierarchical.NodeTestTask.prepare(NodeTestTask.java:128) ~[junit-platform-engine-1.11.4.jar:1.11.4]
	at org.junit.platform.engine.support.hierarchical.NodeTestTask.execute(NodeTestTask.java:95) ~[junit-platform-engine-1.11.4.jar:1.11.4]
	at java.base/java.util.ArrayList.forEach(ArrayList.java:1596) ~[na:na]
	at org.junit.platform.engine.support.hierarchical.SameThreadHierarchicalTestExecutorService.invokeAll(SameThreadHierarchicalTestExecutorService.java:41) ~[junit-platform-engine-1.11.4.jar:1.11.4]
	at org.junit.platform.engine.support.hierarchical.NodeTestTask.lambda$executeRecursively$6(NodeTestTask.java:160) ~[junit-platform-engine-1.11.4.jar:1.11.4]
	at org.junit.platform.engine.support.hierarchical.ThrowableCollector.execute(ThrowableCollector.java:73) ~[junit-platform-engine-1.11.4.jar:1.11.4]
	at org.junit.platform.engine.support.hierarchical.NodeTestTask.lambda$executeRecursively$8(NodeTestTask.java:146) ~[junit-platform-engine-1.11.4.jar:1.11.4]
	at org.junit.platform.engine.support.hierarchical.Node.around(Node.java:137) ~[junit-platform-engine-1.11.4.jar:1.11.4]
	at org.junit.platform.engine.support.hierarchical.NodeTestTask.lambda$executeRecursively$9(NodeTestTask.java:144) ~[junit-platform-engine-1.11.4.jar:1.11.4]
	at org.junit.platform.engine.support.hierarchical.ThrowableCollector.execute(ThrowableCollector.java:73) ~[junit-platform-engine-1.11.4.jar:1.11.4]
	at org.junit.platform.engine.support.hierarchical.NodeTestTask.executeRecursively(NodeTestTask.java:143) ~[junit-platform-engine-1.11.4.jar:1.11.4]
	at org.junit.platform.engine.support.hierarchical.NodeTestTask.execute(NodeTestTask.java:100) ~[junit-platform-engine-1.11.4.jar:1.11.4]
	at java.base/java.util.ArrayList.forEach(ArrayList.java:1596) ~[na:na]
	at org.junit.platform.engine.support.hierarchical.SameThreadHierarchicalTestExecutorService.invokeAll(SameThreadHierarchicalTestExecutorService.java:41) ~[junit-platform-engine-1.11.4.jar:1.11.4]
	at org.junit.platform.engine.support.hierarchical.NodeTestTask.lambda$executeRecursively$6(NodeTestTask.java:160) ~[junit-platform-engine-1.11.4.jar:1.11.4]
	at org.junit.platform.engine.support.hierarchical.ThrowableCollector.execute(ThrowableCollector.java:73) ~[junit-platform-engine-1.11.4.jar:1.11.4]
	at org.junit.platform.engine.support.hierarchical.NodeTestTask.lambda$executeRecursively$8(NodeTestTask.java:146) ~[junit-platform-engine-1.11.4.jar:1.11.4]
	at org.junit.platform.engine.support.hierarchical.Node.around(Node.java:137) ~[junit-platform-engine-1.11.4.jar:1.11.4]
	at org.junit.platform.engine.support.hierarchical.NodeTestTask.lambda$executeRecursively$9(NodeTestTask.java:144) ~[junit-platform-engine-1.11.4.jar:1.11.4]
	at org.junit.platform.engine.support.hierarchical.ThrowableCollector.execute(ThrowableCollector.java:73) ~[junit-platform-engine-1.11.4.jar:1.11.4]
	at org.junit.platform.engine.support.hierarchical.NodeTestTask.executeRecursively(NodeTestTask.java:143) ~[junit-platform-engine-1.11.4.jar:1.11.4]
	at org.junit.platform.engine.support.hierarchical.NodeTestTask.execute(NodeTestTask.java:100) ~[junit-platform-engine-1.11.4.jar:1.11.4]
	at org.junit.platform.engine.support.hierarchical.SameThreadHierarchicalTestExecutorService.submit(SameThreadHierarchicalTestExecutorService.java:35) ~[junit-platform-engine-1.11.4.jar:1.11.4]
	at org.junit.platform.engine.support.hierarchical.HierarchicalTestExecutor.execute(HierarchicalTestExecutor.java:57) ~[junit-platform-engine-1.11.4.jar:1.11.4]
	at org.junit.platform.engine.support.hierarchical.HierarchicalTestEngine.execute(HierarchicalTestEngine.java:54) ~[junit-platform-engine-1.11.4.jar:1.11.4]
	at org.junit.platform.launcher.core.EngineExecutionOrchestrator.execute(EngineExecutionOrchestrator.java:198) ~[junit-platform-launcher-1.11.4.jar:1.11.4]
	at org.junit.platform.launcher.core.EngineExecutionOrchestrator.execute(EngineExecutionOrchestrator.java:169) ~[junit-platform-launcher-1.11.4.jar:1.11.4]
	at org.junit.platform.launcher.core.EngineExecutionOrchestrator.execute(EngineExecutionOrchestrator.java:93) ~[junit-platform-launcher-1.11.4.jar:1.11.4]
	at org.junit.platform.launcher.core.EngineExecutionOrchestrator.lambda$execute$0(EngineExecutionOrchestrator.java:58) ~[junit-platform-launcher-1.11.4.jar:1.11.4]
	at org.junit.platform.launcher.core.EngineExecutionOrchestrator.withInterceptedStreams(EngineExecutionOrchestrator.java:141) ~[junit-platform-launcher-1.11.4.jar:1.11.4]
	at org.junit.platform.launcher.core.EngineExecutionOrchestrator.execute(EngineExecutionOrchestrator.java:57) ~[junit-platform-launcher-1.11.4.jar:1.11.4]
	at org.junit.platform.launcher.core.DefaultLauncher.execute(DefaultLauncher.java:103) ~[junit-platform-launcher-1.11.4.jar:1.11.4]
	at org.junit.platform.launcher.core.DefaultLauncher.execute(DefaultLauncher.java:85) ~[junit-platform-launcher-1.11.4.jar:1.11.4]
	at org.junit.platform.launcher.core.DelegatingLauncher.execute(DelegatingLauncher.java:47) ~[junit-platform-launcher-1.11.4.jar:1.11.4]
	at org.apache.maven.surefire.junitplatform.LazyLauncher.execute(LazyLauncher.java:56) ~[surefire-junit-platform-3.1.2.jar:3.1.2]
	at org.apache.maven.surefire.junitplatform.JUnitPlatformProvider.execute(JUnitPlatformProvider.java:184) ~[surefire-junit-platform-3.1.2.jar:3.1.2]
	at org.apache.maven.surefire.junitplatform.JUnitPlatformProvider.invokeAllTests(JUnitPlatformProvider.java:148) ~[surefire-junit-platform-3.1.2.jar:3.1.2]
	at org.apache.maven.surefire.junitplatform.JUnitPlatformProvider.invoke(JUnitPlatformProvider.java:122) ~[surefire-junit-platform-3.1.2.jar:3.1.2]
	at org.apache.maven.surefire.booter.ForkedBooter.runSuitesInProcess(ForkedBooter.java:385) ~[surefire-booter-3.1.2.jar:3.1.2]
	at org.apache.maven.surefire.booter.ForkedBooter.execute(ForkedBooter.java:162) ~[surefire-booter-3.1.2.jar:3.1.2]
	at org.apache.maven.surefire.booter.ForkedBooter.run(ForkedBooter.java:507) ~[surefire-booter-3.1.2.jar:3.1.2]
	at org.apache.maven.surefire.booter.ForkedBooter.main(ForkedBooter.java:495) ~[surefire-booter-3.1.2.jar:3.1.2]

2026-03-31T15:20:04.723+05:30  WARN 2120 --- [quantity-measurement-app] [           main] o.s.test.context.TestContextManager      : Caught exception while allowing TestExecutionListener [org.springframework.test.context.support.DependencyInjectionTestExecutionListener] to prepare test instance [com.app.quantitymeasurement.QuantityMeasurementAppApplicationTests@12f35f55]

java.lang.IllegalStateException: ApplicationContext failure threshold (1) exceeded: skipping repeated attempt to load context for [WebMergedContextConfiguration@2852fb2a testClass = com.app.quantitymeasurement.QuantityMeasurementAppApplicationTests, locations = [], classes = [com.app.quantitymeasurement.QuantityMeasurementAppApplication], contextInitializerClasses = [], activeProfiles = [], propertySourceDescriptors = [], propertySourceProperties = ["org.springframework.boot.test.context.SpringBootTestContextBootstrapper=true", "server.port=0"], contextCustomizers = [org.springframework.boot.test.context.filter.ExcludeFilterContextCustomizer@1d483de4, org.springframework.boot.test.json.DuplicateJsonObjectContextCustomizerFactory$DuplicateJsonObjectContextCustomizer@3b74ac8, org.springframework.boot.test.mock.mockito.MockitoContextCustomizer@0, org.springframework.boot.test.web.client.TestRestTemplateContextCustomizer@5be49b60, org.springframework.boot.test.web.reactor.netty.DisableReactorResourceFactoryGlobalResourcesContextCustomizerFactory$DisableReactorResourceFactoryGlobalResourcesContextCustomizerCustomizer@68f4865, org.springframework.boot.test.autoconfigure.OnFailureConditionReportContextCustomizerFactory$OnFailureConditionReportContextCustomizer@40317ba2, org.springframework.boot.test.autoconfigure.actuate.observability.ObservabilityContextCustomizerFactory$DisableObservabilityContextCustomizer@1f, org.springframework.boot.test.autoconfigure.properties.PropertyMappingContextCustomizer@0, org.springframework.boot.test.autoconfigure.web.servlet.WebDriverContextCustomizer@53251a66, org.springframework.test.context.support.DynamicPropertiesContextCustomizer@0, org.springframework.boot.test.context.SpringBootTestAnnotation@1bd4719a], resourceBasePath = "src/main/webapp", contextLoader = org.springframework.boot.test.context.SpringBootContextLoader, parent = null]
	at org.springframework.test.context.cache.DefaultCacheAwareContextLoaderDelegate.loadContext(DefaultCacheAwareContextLoaderDelegate.java:145) ~[spring-test-6.2.1.jar:6.2.1]
	at org.springframework.test.context.support.DefaultTestContext.getApplicationContext(DefaultTestContext.java:130) ~[spring-test-6.2.1.jar:6.2.1]
	at org.springframework.test.context.support.DependencyInjectionTestExecutionListener.injectDependencies(DependencyInjectionTestExecutionListener.java:142) ~[spring-test-6.2.1.jar:6.2.1]
	at org.springframework.test.context.support.DependencyInjectionTestExecutionListener.prepareTestInstance(DependencyInjectionTestExecutionListener.java:98) ~[spring-test-6.2.1.jar:6.2.1]
	at org.springframework.test.context.TestContextManager.prepareTestInstance(TestContextManager.java:260) ~[spring-test-6.2.1.jar:6.2.1]
	at org.springframework.test.context.junit.jupiter.SpringExtension.postProcessTestInstance(SpringExtension.java:160) ~[spring-test-6.2.1.jar:6.2.1]
	at org.junit.jupiter.engine.descriptor.ClassBasedTestDescriptor.lambda$invokeTestInstancePostProcessors$11(ClassBasedTestDescriptor.java:378) ~[junit-jupiter-engine-5.11.4.jar:5.11.4]
	at org.junit.jupiter.engine.descriptor.ClassBasedTestDescriptor.executeAndMaskThrowable(ClassBasedTestDescriptor.java:383) ~[junit-jupiter-engine-5.11.4.jar:5.11.4]
	at org.junit.jupiter.engine.descriptor.ClassBasedTestDescriptor.lambda$invokeTestInstancePostProcessors$12(ClassBasedTestDescriptor.java:378) ~[junit-jupiter-engine-5.11.4.jar:5.11.4]
	at java.base/java.util.stream.ForEachOps$ForEachOp$OfRef.accept(ForEachOps.java:184) ~[na:na]
	at java.base/java.util.stream.ReferencePipeline$3$1.accept(ReferencePipeline.java:197) ~[na:na]
	at java.base/java.util.stream.ReferencePipeline$2$1.accept(ReferencePipeline.java:179) ~[na:na]
	at java.base/java.util.stream.ReferencePipeline$3$1.accept(ReferencePipeline.java:197) ~[na:na]
	at java.base/java.util.ArrayList$ArrayListSpliterator.forEachRemaining(ArrayList.java:1708) ~[na:na]
	at java.base/java.util.stream.AbstractPipeline.copyInto(AbstractPipeline.java:509) ~[na:na]
	at java.base/java.util.stream.AbstractPipeline.wrapAndCopyInto(AbstractPipeline.java:499) ~[na:na]
	at java.base/java.util.stream.ForEachOps$ForEachOp.evaluateSequential(ForEachOps.java:151) ~[na:na]
	at java.base/java.util.stream.ForEachOps$ForEachOp$OfRef.evaluateSequential(ForEachOps.java:174) ~[na:na]
	at java.base/java.util.stream.AbstractPipeline.evaluate(AbstractPipeline.java:234) ~[na:na]
	at java.base/java.util.stream.ReferencePipeline.forEach(ReferencePipeline.java:596) ~[na:na]
	at org.junit.jupiter.engine.descriptor.ClassBasedTestDescriptor.invokeTestInstancePostProcessors(ClassBasedTestDescriptor.java:377) ~[junit-jupiter-engine-5.11.4.jar:5.11.4]
	at org.junit.jupiter.engine.descriptor.ClassBasedTestDescriptor.lambda$instantiateAndPostProcessTestInstance$7(ClassBasedTestDescriptor.java:290) ~[junit-jupiter-engine-5.11.4.jar:5.11.4]
	at org.junit.platform.engine.support.hierarchical.ThrowableCollector.execute(ThrowableCollector.java:73) ~[junit-platform-engine-1.11.4.jar:1.11.4]
	at org.junit.jupiter.engine.descriptor.ClassBasedTestDescriptor.instantiateAndPostProcessTestInstance(ClassBasedTestDescriptor.java:289) ~[junit-jupiter-engine-5.11.4.jar:5.11.4]
	at org.junit.jupiter.engine.descriptor.ClassBasedTestDescriptor.lambda$testInstancesProvider$5(ClassBasedTestDescriptor.java:279) ~[junit-jupiter-engine-5.11.4.jar:5.11.4]
	at java.base/java.util.Optional.orElseGet(Optional.java:364) ~[na:na]
	at org.junit.jupiter.engine.descriptor.ClassBasedTestDescriptor.lambda$testInstancesProvider$6(ClassBasedTestDescriptor.java:278) ~[junit-jupiter-engine-5.11.4.jar:5.11.4]
	at org.junit.jupiter.engine.execution.TestInstancesProvider.getTestInstances(TestInstancesProvider.java:31) ~[junit-jupiter-engine-5.11.4.jar:5.11.4]
	at org.junit.jupiter.engine.descriptor.TestMethodTestDescriptor.lambda$prepare$1(TestMethodTestDescriptor.java:105) ~[junit-jupiter-engine-5.11.4.jar:5.11.4]
	at org.junit.platform.engine.support.hierarchical.ThrowableCollector.execute(ThrowableCollector.java:73) ~[junit-platform-engine-1.11.4.jar:1.11.4]
	at org.junit.jupiter.engine.descriptor.TestMethodTestDescriptor.prepare(TestMethodTestDescriptor.java:104) ~[junit-jupiter-engine-5.11.4.jar:5.11.4]
	at org.junit.jupiter.engine.descriptor.TestMethodTestDescriptor.prepare(TestMethodTestDescriptor.java:68) ~[junit-jupiter-engine-5.11.4.jar:5.11.4]
	at org.junit.platform.engine.support.hierarchical.NodeTestTask.lambda$prepare$2(NodeTestTask.java:128) ~[junit-platform-engine-1.11.4.jar:1.11.4]
	at org.junit.platform.engine.support.hierarchical.ThrowableCollector.execute(ThrowableCollector.java:73) ~[junit-platform-engine-1.11.4.jar:1.11.4]
	at org.junit.platform.engine.support.hierarchical.NodeTestTask.prepare(NodeTestTask.java:128) ~[junit-platform-engine-1.11.4.jar:1.11.4]
	at org.junit.platform.engine.support.hierarchical.NodeTestTask.execute(NodeTestTask.java:95) ~[junit-platform-engine-1.11.4.jar:1.11.4]
	at java.base/java.util.ArrayList.forEach(ArrayList.java:1596) ~[na:na]
	at org.junit.platform.engine.support.hierarchical.SameThreadHierarchicalTestExecutorService.invokeAll(SameThreadHierarchicalTestExecutorService.java:41) ~[junit-platform-engine-1.11.4.jar:1.11.4]
	at org.junit.platform.engine.support.hierarchical.NodeTestTask.lambda$executeRecursively$6(NodeTestTask.java:160) ~[junit-platform-engine-1.11.4.jar:1.11.4]
	at org.junit.platform.engine.support.hierarchical.ThrowableCollector.execute(ThrowableCollector.java:73) ~[junit-platform-engine-1.11.4.jar:1.11.4]
	at org.junit.platform.engine.support.hierarchical.NodeTestTask.lambda$executeRecursively$8(NodeTestTask.java:146) ~[junit-platform-engine-1.11.4.jar:1.11.4]
	at org.junit.platform.engine.support.hierarchical.Node.around(Node.java:137) ~[junit-platform-engine-1.11.4.jar:1.11.4]
	at org.junit.platform.engine.support.hierarchical.NodeTestTask.lambda$executeRecursively$9(NodeTestTask.java:144) ~[junit-platform-engine-1.11.4.jar:1.11.4]
	at org.junit.platform.engine.support.hierarchical.ThrowableCollector.execute(ThrowableCollector.java:73) ~[junit-platform-engine-1.11.4.jar:1.11.4]
	at org.junit.platform.engine.support.hierarchical.NodeTestTask.executeRecursively(NodeTestTask.java:143) ~[junit-platform-engine-1.11.4.jar:1.11.4]
	at org.junit.platform.engine.support.hierarchical.NodeTestTask.execute(NodeTestTask.java:100) ~[junit-platform-engine-1.11.4.jar:1.11.4]
	at java.base/java.util.ArrayList.forEach(ArrayList.java:1596) ~[na:na]
	at org.junit.platform.engine.support.hierarchical.SameThreadHierarchicalTestExecutorService.invokeAll(SameThreadHierarchicalTestExecutorService.java:41) ~[junit-platform-engine-1.11.4.jar:1.11.4]
	at org.junit.platform.engine.support.hierarchical.NodeTestTask.lambda$executeRecursively$6(NodeTestTask.java:160) ~[junit-platform-engine-1.11.4.jar:1.11.4]
	at org.junit.platform.engine.support.hierarchical.ThrowableCollector.execute(ThrowableCollector.java:73) ~[junit-platform-engine-1.11.4.jar:1.11.4]
	at org.junit.platform.engine.support.hierarchical.NodeTestTask.lambda$executeRecursively$8(NodeTestTask.java:146) ~[junit-platform-engine-1.11.4.jar:1.11.4]
	at org.junit.platform.engine.support.hierarchical.Node.around(Node.java:137) ~[junit-platform-engine-1.11.4.jar:1.11.4]
	at org.junit.platform.engine.support.hierarchical.NodeTestTask.lambda$executeRecursively$9(NodeTestTask.java:144) ~[junit-platform-engine-1.11.4.jar:1.11.4]
	at org.junit.platform.engine.support.hierarchical.ThrowableCollector.execute(ThrowableCollector.java:73) ~[junit-platform-engine-1.11.4.jar:1.11.4]
	at org.junit.platform.engine.support.hierarchical.NodeTestTask.executeRecursively(NodeTestTask.java:143) ~[junit-platform-engine-1.11.4.jar:1.11.4]
	at org.junit.platform.engine.support.hierarchical.NodeTestTask.execute(NodeTestTask.java:100) ~[junit-platform-engine-1.11.4.jar:1.11.4]
	at org.junit.platform.engine.support.hierarchical.SameThreadHierarchicalTestExecutorService.submit(SameThreadHierarchicalTestExecutorService.java:35) ~[junit-platform-engine-1.11.4.jar:1.11.4]
	at org.junit.platform.engine.support.hierarchical.HierarchicalTestExecutor.execute(HierarchicalTestExecutor.java:57) ~[junit-platform-engine-1.11.4.jar:1.11.4]
	at org.junit.platform.engine.support.hierarchical.HierarchicalTestEngine.execute(HierarchicalTestEngine.java:54) ~[junit-platform-engine-1.11.4.jar:1.11.4]
	at org.junit.platform.launcher.core.EngineExecutionOrchestrator.execute(EngineExecutionOrchestrator.java:198) ~[junit-platform-launcher-1.11.4.jar:1.11.4]
	at org.junit.platform.launcher.core.EngineExecutionOrchestrator.execute(EngineExecutionOrchestrator.java:169) ~[junit-platform-launcher-1.11.4.jar:1.11.4]
	at org.junit.platform.launcher.core.EngineExecutionOrchestrator.execute(EngineExecutionOrchestrator.java:93) ~[junit-platform-launcher-1.11.4.jar:1.11.4]
	at org.junit.platform.launcher.core.EngineExecutionOrchestrator.lambda$execute$0(EngineExecutionOrchestrator.java:58) ~[junit-platform-launcher-1.11.4.jar:1.11.4]
	at org.junit.platform.launcher.core.EngineExecutionOrchestrator.withInterceptedStreams(EngineExecutionOrchestrator.java:141) ~[junit-platform-launcher-1.11.4.jar:1.11.4]
	at org.junit.platform.launcher.core.EngineExecutionOrchestrator.execute(EngineExecutionOrchestrator.java:57) ~[junit-platform-launcher-1.11.4.jar:1.11.4]
	at org.junit.platform.launcher.core.DefaultLauncher.execute(DefaultLauncher.java:103) ~[junit-platform-launcher-1.11.4.jar:1.11.4]
	at org.junit.platform.launcher.core.DefaultLauncher.execute(DefaultLauncher.java:85) ~[junit-platform-launcher-1.11.4.jar:1.11.4]
	at org.junit.platform.launcher.core.DelegatingLauncher.execute(DelegatingLauncher.java:47) ~[junit-platform-launcher-1.11.4.jar:1.11.4]
	at org.apache.maven.surefire.junitplatform.LazyLauncher.execute(LazyLauncher.java:56) ~[surefire-junit-platform-3.1.2.jar:3.1.2]
	at org.apache.maven.surefire.junitplatform.JUnitPlatformProvider.execute(JUnitPlatformProvider.java:184) ~[surefire-junit-platform-3.1.2.jar:3.1.2]
	at org.apache.maven.surefire.junitplatform.JUnitPlatformProvider.invokeAllTests(JUnitPlatformProvider.java:148) ~[surefire-junit-platform-3.1.2.jar:3.1.2]
	at org.apache.maven.surefire.junitplatform.JUnitPlatformProvider.invoke(JUnitPlatformProvider.java:122) ~[surefire-junit-platform-3.1.2.jar:3.1.2]
	at org.apache.maven.surefire.booter.ForkedBooter.runSuitesInProcess(ForkedBooter.java:385) ~[surefire-booter-3.1.2.jar:3.1.2]
	at org.apache.maven.surefire.booter.ForkedBooter.execute(ForkedBooter.java:162) ~[surefire-booter-3.1.2.jar:3.1.2]
	at org.apache.maven.surefire.booter.ForkedBooter.run(ForkedBooter.java:507) ~[surefire-booter-3.1.2.jar:3.1.2]
	at org.apache.maven.surefire.booter.ForkedBooter.main(ForkedBooter.java:495) ~[surefire-booter-3.1.2.jar:3.1.2]

2026-03-31T15:20:04.728+05:30  WARN 2120 --- [quantity-measurement-app] [           main] o.s.test.context.TestContextManager      : Caught exception while allowing TestExecutionListener [org.springframework.test.context.support.DependencyInjectionTestExecutionListener] to prepare test instance [com.app.quantitymeasurement.QuantityMeasurementAppApplicationTests@7e7254d1]

java.lang.IllegalStateException: ApplicationContext failure threshold (1) exceeded: skipping repeated attempt to load context for [WebMergedContextConfiguration@2852fb2a testClass = com.app.quantitymeasurement.QuantityMeasurementAppApplicationTests, locations = [], classes = [com.app.quantitymeasurement.QuantityMeasurementAppApplication], contextInitializerClasses = [], activeProfiles = [], propertySourceDescriptors = [], propertySourceProperties = ["org.springframework.boot.test.context.SpringBootTestContextBootstrapper=true", "server.port=0"], contextCustomizers = [org.springframework.boot.test.context.filter.ExcludeFilterContextCustomizer@1d483de4, org.springframework.boot.test.json.DuplicateJsonObjectContextCustomizerFactory$DuplicateJsonObjectContextCustomizer@3b74ac8, org.springframework.boot.test.mock.mockito.MockitoContextCustomizer@0, org.springframework.boot.test.web.client.TestRestTemplateContextCustomizer@5be49b60, org.springframework.boot.test.web.reactor.netty.DisableReactorResourceFactoryGlobalResourcesContextCustomizerFactory$DisableReactorResourceFactoryGlobalResourcesContextCustomizerCustomizer@68f4865, org.springframework.boot.test.autoconfigure.OnFailureConditionReportContextCustomizerFactory$OnFailureConditionReportContextCustomizer@40317ba2, org.springframework.boot.test.autoconfigure.actuate.observability.ObservabilityContextCustomizerFactory$DisableObservabilityContextCustomizer@1f, org.springframework.boot.test.autoconfigure.properties.PropertyMappingContextCustomizer@0, org.springframework.boot.test.autoconfigure.web.servlet.WebDriverContextCustomizer@53251a66, org.springframework.test.context.support.DynamicPropertiesContextCustomizer@0, org.springframework.boot.test.context.SpringBootTestAnnotation@1bd4719a], resourceBasePath = "src/main/webapp", contextLoader = org.springframework.boot.test.context.SpringBootContextLoader, parent = null]
	at org.springframework.test.context.cache.DefaultCacheAwareContextLoaderDelegate.loadContext(DefaultCacheAwareContextLoaderDelegate.java:145) ~[spring-test-6.2.1.jar:6.2.1]
	at org.springframework.test.context.support.DefaultTestContext.getApplicationContext(DefaultTestContext.java:130) ~[spring-test-6.2.1.jar:6.2.1]
	at org.springframework.test.context.support.DependencyInjectionTestExecutionListener.injectDependencies(DependencyInjectionTestExecutionListener.java:142) ~[spring-test-6.2.1.jar:6.2.1]
	at org.springframework.test.context.support.DependencyInjectionTestExecutionListener.prepareTestInstance(DependencyInjectionTestExecutionListener.java:98) ~[spring-test-6.2.1.jar:6.2.1]
	at org.springframework.test.context.TestContextManager.prepareTestInstance(TestContextManager.java:260) ~[spring-test-6.2.1.jar:6.2.1]
	at org.springframework.test.context.junit.jupiter.SpringExtension.postProcessTestInstance(SpringExtension.java:160) ~[spring-test-6.2.1.jar:6.2.1]
	at org.junit.jupiter.engine.descriptor.ClassBasedTestDescriptor.lambda$invokeTestInstancePostProcessors$11(ClassBasedTestDescriptor.java:378) ~[junit-jupiter-engine-5.11.4.jar:5.11.4]
	at org.junit.jupiter.engine.descriptor.ClassBasedTestDescriptor.executeAndMaskThrowable(ClassBasedTestDescriptor.java:383) ~[junit-jupiter-engine-5.11.4.jar:5.11.4]
	at org.junit.jupiter.engine.descriptor.ClassBasedTestDescriptor.lambda$invokeTestInstancePostProcessors$12(ClassBasedTestDescriptor.java:378) ~[junit-jupiter-engine-5.11.4.jar:5.11.4]
	at java.base/java.util.stream.ForEachOps$ForEachOp$OfRef.accept(ForEachOps.java:184) ~[na:na]
	at java.base/java.util.stream.ReferencePipeline$3$1.accept(ReferencePipeline.java:197) ~[na:na]
	at java.base/java.util.stream.ReferencePipeline$2$1.accept(ReferencePipeline.java:179) ~[na:na]
	at java.base/java.util.stream.ReferencePipeline$3$1.accept(ReferencePipeline.java:197) ~[na:na]
	at java.base/java.util.ArrayList$ArrayListSpliterator.forEachRemaining(ArrayList.java:1708) ~[na:na]
	at java.base/java.util.stream.AbstractPipeline.copyInto(AbstractPipeline.java:509) ~[na:na]
	at java.base/java.util.stream.AbstractPipeline.wrapAndCopyInto(AbstractPipeline.java:499) ~[na:na]
	at java.base/java.util.stream.ForEachOps$ForEachOp.evaluateSequential(ForEachOps.java:151) ~[na:na]
	at java.base/java.util.stream.ForEachOps$ForEachOp$OfRef.evaluateSequential(ForEachOps.java:174) ~[na:na]
	at java.base/java.util.stream.AbstractPipeline.evaluate(AbstractPipeline.java:234) ~[na:na]
	at java.base/java.util.stream.ReferencePipeline.forEach(ReferencePipeline.java:596) ~[na:na]
	at org.junit.jupiter.engine.descriptor.ClassBasedTestDescriptor.invokeTestInstancePostProcessors(ClassBasedTestDescriptor.java:377) ~[junit-jupiter-engine-5.11.4.jar:5.11.4]
	at org.junit.jupiter.engine.descriptor.ClassBasedTestDescriptor.lambda$instantiateAndPostProcessTestInstance$7(ClassBasedTestDescriptor.java:290) ~[junit-jupiter-engine-5.11.4.jar:5.11.4]
	at org.junit.platform.engine.support.hierarchical.ThrowableCollector.execute(ThrowableCollector.java:73) ~[junit-platform-engine-1.11.4.jar:1.11.4]
	at org.junit.jupiter.engine.descriptor.ClassBasedTestDescriptor.instantiateAndPostProcessTestInstance(ClassBasedTestDescriptor.java:289) ~[junit-jupiter-engine-5.11.4.jar:5.11.4]
	at org.junit.jupiter.engine.descriptor.ClassBasedTestDescriptor.lambda$testInstancesProvider$5(ClassBasedTestDescriptor.java:279) ~[junit-jupiter-engine-5.11.4.jar:5.11.4]
	at java.base/java.util.Optional.orElseGet(Optional.java:364) ~[na:na]
	at org.junit.jupiter.engine.descriptor.ClassBasedTestDescriptor.lambda$testInstancesProvider$6(ClassBasedTestDescriptor.java:278) ~[junit-jupiter-engine-5.11.4.jar:5.11.4]
	at org.junit.jupiter.engine.execution.TestInstancesProvider.getTestInstances(TestInstancesProvider.java:31) ~[junit-jupiter-engine-5.11.4.jar:5.11.4]
	at org.junit.jupiter.engine.descriptor.TestMethodTestDescriptor.lambda$prepare$1(TestMethodTestDescriptor.java:105) ~[junit-jupiter-engine-5.11.4.jar:5.11.4]
	at org.junit.platform.engine.support.hierarchical.ThrowableCollector.execute(ThrowableCollector.java:73) ~[junit-platform-engine-1.11.4.jar:1.11.4]
	at org.junit.jupiter.engine.descriptor.TestMethodTestDescriptor.prepare(TestMethodTestDescriptor.java:104) ~[junit-jupiter-engine-5.11.4.jar:5.11.4]
	at org.junit.jupiter.engine.descriptor.TestMethodTestDescriptor.prepare(TestMethodTestDescriptor.java:68) ~[junit-jupiter-engine-5.11.4.jar:5.11.4]
	at org.junit.platform.engine.support.hierarchical.NodeTestTask.lambda$prepare$2(NodeTestTask.java:128) ~[junit-platform-engine-1.11.4.jar:1.11.4]
	at org.junit.platform.engine.support.hierarchical.ThrowableCollector.execute(ThrowableCollector.java:73) ~[junit-platform-engine-1.11.4.jar:1.11.4]
	at org.junit.platform.engine.support.hierarchical.NodeTestTask.prepare(NodeTestTask.java:128) ~[junit-platform-engine-1.11.4.jar:1.11.4]
	at org.junit.platform.engine.support.hierarchical.NodeTestTask.execute(NodeTestTask.java:95) ~[junit-platform-engine-1.11.4.jar:1.11.4]
	at java.base/java.util.ArrayList.forEach(ArrayList.java:1596) ~[na:na]
	at org.junit.platform.engine.support.hierarchical.SameThreadHierarchicalTestExecutorService.invokeAll(SameThreadHierarchicalTestExecutorService.java:41) ~[junit-platform-engine-1.11.4.jar:1.11.4]
	at org.junit.platform.engine.support.hierarchical.NodeTestTask.lambda$executeRecursively$6(NodeTestTask.java:160) ~[junit-platform-engine-1.11.4.jar:1.11.4]
	at org.junit.platform.engine.support.hierarchical.ThrowableCollector.execute(ThrowableCollector.java:73) ~[junit-platform-engine-1.11.4.jar:1.11.4]
	at org.junit.platform.engine.support.hierarchical.NodeTestTask.lambda$executeRecursively$8(NodeTestTask.java:146) ~[junit-platform-engine-1.11.4.jar:1.11.4]
	at org.junit.platform.engine.support.hierarchical.Node.around(Node.java:137) ~[junit-platform-engine-1.11.4.jar:1.11.4]
	at org.junit.platform.engine.support.hierarchical.NodeTestTask.lambda$executeRecursively$9(NodeTestTask.java:144) ~[junit-platform-engine-1.11.4.jar:1.11.4]
	at org.junit.platform.engine.support.hierarchical.ThrowableCollector.execute(ThrowableCollector.java:73) ~[junit-platform-engine-1.11.4.jar:1.11.4]
	at org.junit.platform.engine.support.hierarchical.NodeTestTask.executeRecursively(NodeTestTask.java:143) ~[junit-platform-engine-1.11.4.jar:1.11.4]
	at org.junit.platform.engine.support.hierarchical.NodeTestTask.execute(NodeTestTask.java:100) ~[junit-platform-engine-1.11.4.jar:1.11.4]
	at java.base/java.util.ArrayList.forEach(ArrayList.java:1596) ~[na:na]
	at org.junit.platform.engine.support.hierarchical.SameThreadHierarchicalTestExecutorService.invokeAll(SameThreadHierarchicalTestExecutorService.java:41) ~[junit-platform-engine-1.11.4.jar:1.11.4]
	at org.junit.platform.engine.support.hierarchical.NodeTestTask.lambda$executeRecursively$6(NodeTestTask.java:160) ~[junit-platform-engine-1.11.4.jar:1.11.4]
	at org.junit.platform.engine.support.hierarchical.ThrowableCollector.execute(ThrowableCollector.java:73) ~[junit-platform-engine-1.11.4.jar:1.11.4]
	at org.junit.platform.engine.support.hierarchical.NodeTestTask.lambda$executeRecursively$8(NodeTestTask.java:146) ~[junit-platform-engine-1.11.4.jar:1.11.4]
	at org.junit.platform.engine.support.hierarchical.Node.around(Node.java:137) ~[junit-platform-engine-1.11.4.jar:1.11.4]
	at org.junit.platform.engine.support.hierarchical.NodeTestTask.lambda$executeRecursively$9(NodeTestTask.java:144) ~[junit-platform-engine-1.11.4.jar:1.11.4]
	at org.junit.platform.engine.support.hierarchical.ThrowableCollector.execute(ThrowableCollector.java:73) ~[junit-platform-engine-1.11.4.jar:1.11.4]
	at org.junit.platform.engine.support.hierarchical.NodeTestTask.executeRecursively(NodeTestTask.java:143) ~[junit-platform-engine-1.11.4.jar:1.11.4]
	at org.junit.platform.engine.support.hierarchical.NodeTestTask.execute(NodeTestTask.java:100) ~[junit-platform-engine-1.11.4.jar:1.11.4]
	at org.junit.platform.engine.support.hierarchical.SameThreadHierarchicalTestExecutorService.submit(SameThreadHierarchicalTestExecutorService.java:35) ~[junit-platform-engine-1.11.4.jar:1.11.4]
	at org.junit.platform.engine.support.hierarchical.HierarchicalTestExecutor.execute(HierarchicalTestExecutor.java:57) ~[junit-platform-engine-1.11.4.jar:1.11.4]
	at org.junit.platform.engine.support.hierarchical.HierarchicalTestEngine.execute(HierarchicalTestEngine.java:54) ~[junit-platform-engine-1.11.4.jar:1.11.4]
	at org.junit.platform.launcher.core.EngineExecutionOrchestrator.execute(EngineExecutionOrchestrator.java:198) ~[junit-platform-launcher-1.11.4.jar:1.11.4]
	at org.junit.platform.launcher.core.EngineExecutionOrchestrator.execute(EngineExecutionOrchestrator.java:169) ~[junit-platform-launcher-1.11.4.jar:1.11.4]
	at org.junit.platform.launcher.core.EngineExecutionOrchestrator.execute(EngineExecutionOrchestrator.java:93) ~[junit-platform-launcher-1.11.4.jar:1.11.4]
	at org.junit.platform.launcher.core.EngineExecutionOrchestrator.lambda$execute$0(EngineExecutionOrchestrator.java:58) ~[junit-platform-launcher-1.11.4.jar:1.11.4]
	at org.junit.platform.launcher.core.EngineExecutionOrchestrator.withInterceptedStreams(EngineExecutionOrchestrator.java:141) ~[junit-platform-launcher-1.11.4.jar:1.11.4]
	at org.junit.platform.launcher.core.EngineExecutionOrchestrator.execute(EngineExecutionOrchestrator.java:57) ~[junit-platform-launcher-1.11.4.jar:1.11.4]
	at org.junit.platform.launcher.core.DefaultLauncher.execute(DefaultLauncher.java:103) ~[junit-platform-launcher-1.11.4.jar:1.11.4]
	at org.junit.platform.launcher.core.DefaultLauncher.execute(DefaultLauncher.java:85) ~[junit-platform-launcher-1.11.4.jar:1.11.4]
	at org.junit.platform.launcher.core.DelegatingLauncher.execute(DelegatingLauncher.java:47) ~[junit-platform-launcher-1.11.4.jar:1.11.4]
	at org.apache.maven.surefire.junitplatform.LazyLauncher.execute(LazyLauncher.java:56) ~[surefire-junit-platform-3.1.2.jar:3.1.2]
	at org.apache.maven.surefire.junitplatform.JUnitPlatformProvider.execute(JUnitPlatformProvider.java:184) ~[surefire-junit-platform-3.1.2.jar:3.1.2]
	at org.apache.maven.surefire.junitplatform.JUnitPlatformProvider.invokeAllTests(JUnitPlatformProvider.java:148) ~[surefire-junit-platform-3.1.2.jar:3.1.2]
	at org.apache.maven.surefire.junitplatform.JUnitPlatformProvider.invoke(JUnitPlatformProvider.java:122) ~[surefire-junit-platform-3.1.2.jar:3.1.2]
	at org.apache.maven.surefire.booter.ForkedBooter.runSuitesInProcess(ForkedBooter.java:385) ~[surefire-booter-3.1.2.jar:3.1.2]
	at org.apache.maven.surefire.booter.ForkedBooter.execute(ForkedBooter.java:162) ~[surefire-booter-3.1.2.jar:3.1.2]
	at org.apache.maven.surefire.booter.ForkedBooter.run(ForkedBooter.java:507) ~[surefire-booter-3.1.2.jar:3.1.2]
	at org.apache.maven.surefire.booter.ForkedBooter.main(ForkedBooter.java:495) ~[surefire-booter-3.1.2.jar:3.1.2]

2026-03-31T15:20:04.733+05:30  WARN 2120 --- [quantity-measurement-app] [           main] o.s.test.context.TestContextManager      : Caught exception while allowing TestExecutionListener [org.springframework.test.context.support.DependencyInjectionTestExecutionListener] to prepare test instance [com.app.quantitymeasurement.QuantityMeasurementAppApplicationTests@3e549525]

java.lang.IllegalStateException: ApplicationContext failure threshold (1) exceeded: skipping repeated attempt to load context for [WebMergedContextConfiguration@2852fb2a testClass = com.app.quantitymeasurement.QuantityMeasurementAppApplicationTests, locations = [], classes = [com.app.quantitymeasurement.QuantityMeasurementAppApplication], contextInitializerClasses = [], activeProfiles = [], propertySourceDescriptors = [], propertySourceProperties = ["org.springframework.boot.test.context.SpringBootTestContextBootstrapper=true", "server.port=0"], contextCustomizers = [org.springframework.boot.test.context.filter.ExcludeFilterContextCustomizer@1d483de4, org.springframework.boot.test.json.DuplicateJsonObjectContextCustomizerFactory$DuplicateJsonObjectContextCustomizer@3b74ac8, org.springframework.boot.test.mock.mockito.MockitoContextCustomizer@0, org.springframework.boot.test.web.client.TestRestTemplateContextCustomizer@5be49b60, org.springframework.boot.test.web.reactor.netty.DisableReactorResourceFactoryGlobalResourcesContextCustomizerFactory$DisableReactorResourceFactoryGlobalResourcesContextCustomizerCustomizer@68f4865, org.springframework.boot.test.autoconfigure.OnFailureConditionReportContextCustomizerFactory$OnFailureConditionReportContextCustomizer@40317ba2, org.springframework.boot.test.autoconfigure.actuate.observability.ObservabilityContextCustomizerFactory$DisableObservabilityContextCustomizer@1f, org.springframework.boot.test.autoconfigure.properties.PropertyMappingContextCustomizer@0, org.springframework.boot.test.autoconfigure.web.servlet.WebDriverContextCustomizer@53251a66, org.springframework.test.context.support.DynamicPropertiesContextCustomizer@0, org.springframework.boot.test.context.SpringBootTestAnnotation@1bd4719a], resourceBasePath = "src/main/webapp", contextLoader = org.springframework.boot.test.context.SpringBootContextLoader, parent = null]
	at org.springframework.test.context.cache.DefaultCacheAwareContextLoaderDelegate.loadContext(DefaultCacheAwareContextLoaderDelegate.java:145) ~[spring-test-6.2.1.jar:6.2.1]
	at org.springframework.test.context.support.DefaultTestContext.getApplicationContext(DefaultTestContext.java:130) ~[spring-test-6.2.1.jar:6.2.1]
	at org.springframework.test.context.support.DependencyInjectionTestExecutionListener.injectDependencies(DependencyInjectionTestExecutionListener.java:142) ~[spring-test-6.2.1.jar:6.2.1]
	at org.springframework.test.context.support.DependencyInjectionTestExecutionListener.prepareTestInstance(DependencyInjectionTestExecutionListener.java:98) ~[spring-test-6.2.1.jar:6.2.1]
	at org.springframework.test.context.TestContextManager.prepareTestInstance(TestContextManager.java:260) ~[spring-test-6.2.1.jar:6.2.1]
	at org.springframework.test.context.junit.jupiter.SpringExtension.postProcessTestInstance(SpringExtension.java:160) ~[spring-test-6.2.1.jar:6.2.1]
	at org.junit.jupiter.engine.descriptor.ClassBasedTestDescriptor.lambda$invokeTestInstancePostProcessors$11(ClassBasedTestDescriptor.java:378) ~[junit-jupiter-engine-5.11.4.jar:5.11.4]
	at org.junit.jupiter.engine.descriptor.ClassBasedTestDescriptor.executeAndMaskThrowable(ClassBasedTestDescriptor.java:383) ~[junit-jupiter-engine-5.11.4.jar:5.11.4]
	at org.junit.jupiter.engine.descriptor.ClassBasedTestDescriptor.lambda$invokeTestInstancePostProcessors$12(ClassBasedTestDescriptor.java:378) ~[junit-jupiter-engine-5.11.4.jar:5.11.4]
	at java.base/java.util.stream.ForEachOps$ForEachOp$OfRef.accept(ForEachOps.java:184) ~[na:na]
	at java.base/java.util.stream.ReferencePipeline$3$1.accept(ReferencePipeline.java:197) ~[na:na]
	at java.base/java.util.stream.ReferencePipeline$2$1.accept(ReferencePipeline.java:179) ~[na:na]
	at java.base/java.util.stream.ReferencePipeline$3$1.accept(ReferencePipeline.java:197) ~[na:na]
	at java.base/java.util.ArrayList$ArrayListSpliterator.forEachRemaining(ArrayList.java:1708) ~[na:na]
	at java.base/java.util.stream.AbstractPipeline.copyInto(AbstractPipeline.java:509) ~[na:na]
	at java.base/java.util.stream.AbstractPipeline.wrapAndCopyInto(AbstractPipeline.java:499) ~[na:na]
	at java.base/java.util.stream.ForEachOps$ForEachOp.evaluateSequential(ForEachOps.java:151) ~[na:na]
	at java.base/java.util.stream.ForEachOps$ForEachOp$OfRef.evaluateSequential(ForEachOps.java:174) ~[na:na]
	at java.base/java.util.stream.AbstractPipeline.evaluate(AbstractPipeline.java:234) ~[na:na]
	at java.base/java.util.stream.ReferencePipeline.forEach(ReferencePipeline.java:596) ~[na:na]
	at org.junit.jupiter.engine.descriptor.ClassBasedTestDescriptor.invokeTestInstancePostProcessors(ClassBasedTestDescriptor.java:377) ~[junit-jupiter-engine-5.11.4.jar:5.11.4]
	at org.junit.jupiter.engine.descriptor.ClassBasedTestDescriptor.lambda$instantiateAndPostProcessTestInstance$7(ClassBasedTestDescriptor.java:290) ~[junit-jupiter-engine-5.11.4.jar:5.11.4]
	at org.junit.platform.engine.support.hierarchical.ThrowableCollector.execute(ThrowableCollector.java:73) ~[junit-platform-engine-1.11.4.jar:1.11.4]
	at org.junit.jupiter.engine.descriptor.ClassBasedTestDescriptor.instantiateAndPostProcessTestInstance(ClassBasedTestDescriptor.java:289) ~[junit-jupiter-engine-5.11.4.jar:5.11.4]
	at org.junit.jupiter.engine.descriptor.ClassBasedTestDescriptor.lambda$testInstancesProvider$5(ClassBasedTestDescriptor.java:279) ~[junit-jupiter-engine-5.11.4.jar:5.11.4]
	at java.base/java.util.Optional.orElseGet(Optional.java:364) ~[na:na]
	at org.junit.jupiter.engine.descriptor.ClassBasedTestDescriptor.lambda$testInstancesProvider$6(ClassBasedTestDescriptor.java:278) ~[junit-jupiter-engine-5.11.4.jar:5.11.4]
	at org.junit.jupiter.engine.execution.TestInstancesProvider.getTestInstances(TestInstancesProvider.java:31) ~[junit-jupiter-engine-5.11.4.jar:5.11.4]
	at org.junit.jupiter.engine.descriptor.TestMethodTestDescriptor.lambda$prepare$1(TestMethodTestDescriptor.java:105) ~[junit-jupiter-engine-5.11.4.jar:5.11.4]
	at org.junit.platform.engine.support.hierarchical.ThrowableCollector.execute(ThrowableCollector.java:73) ~[junit-platform-engine-1.11.4.jar:1.11.4]
	at org.junit.jupiter.engine.descriptor.TestMethodTestDescriptor.prepare(TestMethodTestDescriptor.java:104) ~[junit-jupiter-engine-5.11.4.jar:5.11.4]
	at org.junit.jupiter.engine.descriptor.TestMethodTestDescriptor.prepare(TestMethodTestDescriptor.java:68) ~[junit-jupiter-engine-5.11.4.jar:5.11.4]
	at org.junit.platform.engine.support.hierarchical.NodeTestTask.lambda$prepare$2(NodeTestTask.java:128) ~[junit-platform-engine-1.11.4.jar:1.11.4]
	at org.junit.platform.engine.support.hierarchical.ThrowableCollector.execute(ThrowableCollector.java:73) ~[junit-platform-engine-1.11.4.jar:1.11.4]
	at org.junit.platform.engine.support.hierarchical.NodeTestTask.prepare(NodeTestTask.java:128) ~[junit-platform-engine-1.11.4.jar:1.11.4]
	at org.junit.platform.engine.support.hierarchical.NodeTestTask.execute(NodeTestTask.java:95) ~[junit-platform-engine-1.11.4.jar:1.11.4]
	at java.base/java.util.ArrayList.forEach(ArrayList.java:1596) ~[na:na]
	at org.junit.platform.engine.support.hierarchical.SameThreadHierarchicalTestExecutorService.invokeAll(SameThreadHierarchicalTestExecutorService.java:41) ~[junit-platform-engine-1.11.4.jar:1.11.4]
	at org.junit.platform.engine.support.hierarchical.NodeTestTask.lambda$executeRecursively$6(NodeTestTask.java:160) ~[junit-platform-engine-1.11.4.jar:1.11.4]
	at org.junit.platform.engine.support.hierarchical.ThrowableCollector.execute(ThrowableCollector.java:73) ~[junit-platform-engine-1.11.4.jar:1.11.4]
	at org.junit.platform.engine.support.hierarchical.NodeTestTask.lambda$executeRecursively$8(NodeTestTask.java:146) ~[junit-platform-engine-1.11.4.jar:1.11.4]
	at org.junit.platform.engine.support.hierarchical.Node.around(Node.java:137) ~[junit-platform-engine-1.11.4.jar:1.11.4]
	at org.junit.platform.engine.support.hierarchical.NodeTestTask.lambda$executeRecursively$9(NodeTestTask.java:144) ~[junit-platform-engine-1.11.4.jar:1.11.4]
	at org.junit.platform.engine.support.hierarchical.ThrowableCollector.execute(ThrowableCollector.java:73) ~[junit-platform-engine-1.11.4.jar:1.11.4]
	at org.junit.platform.engine.support.hierarchical.NodeTestTask.executeRecursively(NodeTestTask.java:143) ~[junit-platform-engine-1.11.4.jar:1.11.4]
	at org.junit.platform.engine.support.hierarchical.NodeTestTask.execute(NodeTestTask.java:100) ~[junit-platform-engine-1.11.4.jar:1.11.4]
	at java.base/java.util.ArrayList.forEach(ArrayList.java:1596) ~[na:na]
	at org.junit.platform.engine.support.hierarchical.SameThreadHierarchicalTestExecutorService.invokeAll(SameThreadHierarchicalTestExecutorService.java:41) ~[junit-platform-engine-1.11.4.jar:1.11.4]
	at org.junit.platform.engine.support.hierarchical.NodeTestTask.lambda$executeRecursively$6(NodeTestTask.java:160) ~[junit-platform-engine-1.11.4.jar:1.11.4]
	at org.junit.platform.engine.support.hierarchical.ThrowableCollector.execute(ThrowableCollector.java:73) ~[junit-platform-engine-1.11.4.jar:1.11.4]
	at org.junit.platform.engine.support.hierarchical.NodeTestTask.lambda$executeRecursively$8(NodeTestTask.java:146) ~[junit-platform-engine-1.11.4.jar:1.11.4]
	at org.junit.platform.engine.support.hierarchical.Node.around(Node.java:137) ~[junit-platform-engine-1.11.4.jar:1.11.4]
	at org.junit.platform.engine.support.hierarchical.NodeTestTask.lambda$executeRecursively$9(NodeTestTask.java:144) ~[junit-platform-engine-1.11.4.jar:1.11.4]
	at org.junit.platform.engine.support.hierarchical.ThrowableCollector.execute(ThrowableCollector.java:73) ~[junit-platform-engine-1.11.4.jar:1.11.4]
	at org.junit.platform.engine.support.hierarchical.NodeTestTask.executeRecursively(NodeTestTask.java:143) ~[junit-platform-engine-1.11.4.jar:1.11.4]
	at org.junit.platform.engine.support.hierarchical.NodeTestTask.execute(NodeTestTask.java:100) ~[junit-platform-engine-1.11.4.jar:1.11.4]
	at org.junit.platform.engine.support.hierarchical.SameThreadHierarchicalTestExecutorService.submit(SameThreadHierarchicalTestExecutorService.java:35) ~[junit-platform-engine-1.11.4.jar:1.11.4]
	at org.junit.platform.engine.support.hierarchical.HierarchicalTestExecutor.execute(HierarchicalTestExecutor.java:57) ~[junit-platform-engine-1.11.4.jar:1.11.4]
	at org.junit.platform.engine.support.hierarchical.HierarchicalTestEngine.execute(HierarchicalTestEngine.java:54) ~[junit-platform-engine-1.11.4.jar:1.11.4]
	at org.junit.platform.launcher.core.EngineExecutionOrchestrator.execute(EngineExecutionOrchestrator.java:198) ~[junit-platform-launcher-1.11.4.jar:1.11.4]
	at org.junit.platform.launcher.core.EngineExecutionOrchestrator.execute(EngineExecutionOrchestrator.java:169) ~[junit-platform-launcher-1.11.4.jar:1.11.4]
	at org.junit.platform.launcher.core.EngineExecutionOrchestrator.execute(EngineExecutionOrchestrator.java:93) ~[junit-platform-launcher-1.11.4.jar:1.11.4]
	at org.junit.platform.launcher.core.EngineExecutionOrchestrator.lambda$execute$0(EngineExecutionOrchestrator.java:58) ~[junit-platform-launcher-1.11.4.jar:1.11.4]
	at org.junit.platform.launcher.core.EngineExecutionOrchestrator.withInterceptedStreams(EngineExecutionOrchestrator.java:141) ~[junit-platform-launcher-1.11.4.jar:1.11.4]
	at org.junit.platform.launcher.core.EngineExecutionOrchestrator.execute(EngineExecutionOrchestrator.java:57) ~[junit-platform-launcher-1.11.4.jar:1.11.4]
	at org.junit.platform.launcher.core.DefaultLauncher.execute(DefaultLauncher.java:103) ~[junit-platform-launcher-1.11.4.jar:1.11.4]
	at org.junit.platform.launcher.core.DefaultLauncher.execute(DefaultLauncher.java:85) ~[junit-platform-launcher-1.11.4.jar:1.11.4]
	at org.junit.platform.launcher.core.DelegatingLauncher.execute(DelegatingLauncher.java:47) ~[junit-platform-launcher-1.11.4.jar:1.11.4]
	at org.apache.maven.surefire.junitplatform.LazyLauncher.execute(LazyLauncher.java:56) ~[surefire-junit-platform-3.1.2.jar:3.1.2]
	at org.apache.maven.surefire.junitplatform.JUnitPlatformProvider.execute(JUnitPlatformProvider.java:184) ~[surefire-junit-platform-3.1.2.jar:3.1.2]
	at org.apache.maven.surefire.junitplatform.JUnitPlatformProvider.invokeAllTests(JUnitPlatformProvider.java:148) ~[surefire-junit-platform-3.1.2.jar:3.1.2]
	at org.apache.maven.surefire.junitplatform.JUnitPlatformProvider.invoke(JUnitPlatformProvider.java:122) ~[surefire-junit-platform-3.1.2.jar:3.1.2]
	at org.apache.maven.surefire.booter.ForkedBooter.runSuitesInProcess(ForkedBooter.java:385) ~[surefire-booter-3.1.2.jar:3.1.2]
	at org.apache.maven.surefire.booter.ForkedBooter.execute(ForkedBooter.java:162) ~[surefire-booter-3.1.2.jar:3.1.2]
	at org.apache.maven.surefire.booter.ForkedBooter.run(ForkedBooter.java:507) ~[surefire-booter-3.1.2.jar:3.1.2]
	at org.apache.maven.surefire.booter.ForkedBooter.main(ForkedBooter.java:495) ~[surefire-booter-3.1.2.jar:3.1.2]

2026-03-31T15:20:04.738+05:30  WARN 2120 --- [quantity-measurement-app] [           main] o.s.test.context.TestContextManager      : Caught exception while allowing TestExecutionListener [org.springframework.test.context.support.DependencyInjectionTestExecutionListener] to prepare test instance [com.app.quantitymeasurement.QuantityMeasurementAppApplicationTests@402c3dce]

java.lang.IllegalStateException: ApplicationContext failure threshold (1) exceeded: skipping repeated attempt to load context for [WebMergedContextConfiguration@2852fb2a testClass = com.app.quantitymeasurement.QuantityMeasurementAppApplicationTests, locations = [], classes = [com.app.quantitymeasurement.QuantityMeasurementAppApplication], contextInitializerClasses = [], activeProfiles = [], propertySourceDescriptors = [], propertySourceProperties = ["org.springframework.boot.test.context.SpringBootTestContextBootstrapper=true", "server.port=0"], contextCustomizers = [org.springframework.boot.test.context.filter.ExcludeFilterContextCustomizer@1d483de4, org.springframework.boot.test.json.DuplicateJsonObjectContextCustomizerFactory$DuplicateJsonObjectContextCustomizer@3b74ac8, org.springframework.boot.test.mock.mockito.MockitoContextCustomizer@0, org.springframework.boot.test.web.client.TestRestTemplateContextCustomizer@5be49b60, org.springframework.boot.test.web.reactor.netty.DisableReactorResourceFactoryGlobalResourcesContextCustomizerFactory$DisableReactorResourceFactoryGlobalResourcesContextCustomizerCustomizer@68f4865, org.springframework.boot.test.autoconfigure.OnFailureConditionReportContextCustomizerFactory$OnFailureConditionReportContextCustomizer@40317ba2, org.springframework.boot.test.autoconfigure.actuate.observability.ObservabilityContextCustomizerFactory$DisableObservabilityContextCustomizer@1f, org.springframework.boot.test.autoconfigure.properties.PropertyMappingContextCustomizer@0, org.springframework.boot.test.autoconfigure.web.servlet.WebDriverContextCustomizer@53251a66, org.springframework.test.context.support.DynamicPropertiesContextCustomizer@0, org.springframework.boot.test.context.SpringBootTestAnnotation@1bd4719a], resourceBasePath = "src/main/webapp", contextLoader = org.springframework.boot.test.context.SpringBootContextLoader, parent = null]
	at org.springframework.test.context.cache.DefaultCacheAwareContextLoaderDelegate.loadContext(DefaultCacheAwareContextLoaderDelegate.java:145) ~[spring-test-6.2.1.jar:6.2.1]
	at org.springframework.test.context.support.DefaultTestContext.getApplicationContext(DefaultTestContext.java:130) ~[spring-test-6.2.1.jar:6.2.1]
	at org.springframework.test.context.support.DependencyInjectionTestExecutionListener.injectDependencies(DependencyInjectionTestExecutionListener.java:142) ~[spring-test-6.2.1.jar:6.2.1]
	at org.springframework.test.context.support.DependencyInjectionTestExecutionListener.prepareTestInstance(DependencyInjectionTestExecutionListener.java:98) ~[spring-test-6.2.1.jar:6.2.1]
	at org.springframework.test.context.TestContextManager.prepareTestInstance(TestContextManager.java:260) ~[spring-test-6.2.1.jar:6.2.1]
	at org.springframework.test.context.junit.jupiter.SpringExtension.postProcessTestInstance(SpringExtension.java:160) ~[spring-test-6.2.1.jar:6.2.1]
	at org.junit.jupiter.engine.descriptor.ClassBasedTestDescriptor.lambda$invokeTestInstancePostProcessors$11(ClassBasedTestDescriptor.java:378) ~[junit-jupiter-engine-5.11.4.jar:5.11.4]
	at org.junit.jupiter.engine.descriptor.ClassBasedTestDescriptor.executeAndMaskThrowable(ClassBasedTestDescriptor.java:383) ~[junit-jupiter-engine-5.11.4.jar:5.11.4]
	at org.junit.jupiter.engine.descriptor.ClassBasedTestDescriptor.lambda$invokeTestInstancePostProcessors$12(ClassBasedTestDescriptor.java:378) ~[junit-jupiter-engine-5.11.4.jar:5.11.4]
	at java.base/java.util.stream.ForEachOps$ForEachOp$OfRef.accept(ForEachOps.java:184) ~[na:na]
	at java.base/java.util.stream.ReferencePipeline$3$1.accept(ReferencePipeline.java:197) ~[na:na]
	at java.base/java.util.stream.ReferencePipeline$2$1.accept(ReferencePipeline.java:179) ~[na:na]
	at java.base/java.util.stream.ReferencePipeline$3$1.accept(ReferencePipeline.java:197) ~[na:na]
	at java.base/java.util.ArrayList$ArrayListSpliterator.forEachRemaining(ArrayList.java:1708) ~[na:na]
	at java.base/java.util.stream.AbstractPipeline.copyInto(AbstractPipeline.java:509) ~[na:na]
	at java.base/java.util.stream.AbstractPipeline.wrapAndCopyInto(AbstractPipeline.java:499) ~[na:na]
	at java.base/java.util.stream.ForEachOps$ForEachOp.evaluateSequential(ForEachOps.java:151) ~[na:na]
	at java.base/java.util.stream.ForEachOps$ForEachOp$OfRef.evaluateSequential(ForEachOps.java:174) ~[na:na]
	at java.base/java.util.stream.AbstractPipeline.evaluate(AbstractPipeline.java:234) ~[na:na]
	at java.base/java.util.stream.ReferencePipeline.forEach(ReferencePipeline.java:596) ~[na:na]
	at org.junit.jupiter.engine.descriptor.ClassBasedTestDescriptor.invokeTestInstancePostProcessors(ClassBasedTestDescriptor.java:377) ~[junit-jupiter-engine-5.11.4.jar:5.11.4]
	at org.junit.jupiter.engine.descriptor.ClassBasedTestDescriptor.lambda$instantiateAndPostProcessTestInstance$7(ClassBasedTestDescriptor.java:290) ~[junit-jupiter-engine-5.11.4.jar:5.11.4]
	at org.junit.platform.engine.support.hierarchical.ThrowableCollector.execute(ThrowableCollector.java:73) ~[junit-platform-engine-1.11.4.jar:1.11.4]
	at org.junit.jupiter.engine.descriptor.ClassBasedTestDescriptor.instantiateAndPostProcessTestInstance(ClassBasedTestDescriptor.java:289) ~[junit-jupiter-engine-5.11.4.jar:5.11.4]
	at org.junit.jupiter.engine.descriptor.ClassBasedTestDescriptor.lambda$testInstancesProvider$5(ClassBasedTestDescriptor.java:279) ~[junit-jupiter-engine-5.11.4.jar:5.11.4]
	at java.base/java.util.Optional.orElseGet(Optional.java:364) ~[na:na]
	at org.junit.jupiter.engine.descriptor.ClassBasedTestDescriptor.lambda$testInstancesProvider$6(ClassBasedTestDescriptor.java:278) ~[junit-jupiter-engine-5.11.4.jar:5.11.4]
	at org.junit.jupiter.engine.execution.TestInstancesProvider.getTestInstances(TestInstancesProvider.java:31) ~[junit-jupiter-engine-5.11.4.jar:5.11.4]
	at org.junit.jupiter.engine.descriptor.TestMethodTestDescriptor.lambda$prepare$1(TestMethodTestDescriptor.java:105) ~[junit-jupiter-engine-5.11.4.jar:5.11.4]
	at org.junit.platform.engine.support.hierarchical.ThrowableCollector.execute(ThrowableCollector.java:73) ~[junit-platform-engine-1.11.4.jar:1.11.4]
	at org.junit.jupiter.engine.descriptor.TestMethodTestDescriptor.prepare(TestMethodTestDescriptor.java:104) ~[junit-jupiter-engine-5.11.4.jar:5.11.4]
	at org.junit.jupiter.engine.descriptor.TestMethodTestDescriptor.prepare(TestMethodTestDescriptor.java:68) ~[junit-jupiter-engine-5.11.4.jar:5.11.4]
	at org.junit.platform.engine.support.hierarchical.NodeTestTask.lambda$prepare$2(NodeTestTask.java:128) ~[junit-platform-engine-1.11.4.jar:1.11.4]
	at org.junit.platform.engine.support.hierarchical.ThrowableCollector.execute(ThrowableCollector.java:73) ~[junit-platform-engine-1.11.4.jar:1.11.4]
	at org.junit.platform.engine.support.hierarchical.NodeTestTask.prepare(NodeTestTask.java:128) ~[junit-platform-engine-1.11.4.jar:1.11.4]
	at org.junit.platform.engine.support.hierarchical.NodeTestTask.execute(NodeTestTask.java:95) ~[junit-platform-engine-1.11.4.jar:1.11.4]
	at java.base/java.util.ArrayList.forEach(ArrayList.java:1596) ~[na:na]
	at org.junit.platform.engine.support.hierarchical.SameThreadHierarchicalTestExecutorService.invokeAll(SameThreadHierarchicalTestExecutorService.java:41) ~[junit-platform-engine-1.11.4.jar:1.11.4]
	at org.junit.platform.engine.support.hierarchical.NodeTestTask.lambda$executeRecursively$6(NodeTestTask.java:160) ~[junit-platform-engine-1.11.4.jar:1.11.4]
	at org.junit.platform.engine.support.hierarchical.ThrowableCollector.execute(ThrowableCollector.java:73) ~[junit-platform-engine-1.11.4.jar:1.11.4]
	at org.junit.platform.engine.support.hierarchical.NodeTestTask.lambda$executeRecursively$8(NodeTestTask.java:146) ~[junit-platform-engine-1.11.4.jar:1.11.4]
	at org.junit.platform.engine.support.hierarchical.Node.around(Node.java:137) ~[junit-platform-engine-1.11.4.jar:1.11.4]
	at org.junit.platform.engine.support.hierarchical.NodeTestTask.lambda$executeRecursively$9(NodeTestTask.java:144) ~[junit-platform-engine-1.11.4.jar:1.11.4]
	at org.junit.platform.engine.support.hierarchical.ThrowableCollector.execute(ThrowableCollector.java:73) ~[junit-platform-engine-1.11.4.jar:1.11.4]
	at org.junit.platform.engine.support.hierarchical.NodeTestTask.executeRecursively(NodeTestTask.java:143) ~[junit-platform-engine-1.11.4.jar:1.11.4]
	at org.junit.platform.engine.support.hierarchical.NodeTestTask.execute(NodeTestTask.java:100) ~[junit-platform-engine-1.11.4.jar:1.11.4]
	at java.base/java.util.ArrayList.forEach(ArrayList.java:1596) ~[na:na]
	at org.junit.platform.engine.support.hierarchical.SameThreadHierarchicalTestExecutorService.invokeAll(SameThreadHierarchicalTestExecutorService.java:41) ~[junit-platform-engine-1.11.4.jar:1.11.4]
	at org.junit.platform.engine.support.hierarchical.NodeTestTask.lambda$executeRecursively$6(NodeTestTask.java:160) ~[junit-platform-engine-1.11.4.jar:1.11.4]
	at org.junit.platform.engine.support.hierarchical.ThrowableCollector.execute(ThrowableCollector.java:73) ~[junit-platform-engine-1.11.4.jar:1.11.4]
	at org.junit.platform.engine.support.hierarchical.NodeTestTask.lambda$executeRecursively$8(NodeTestTask.java:146) ~[junit-platform-engine-1.11.4.jar:1.11.4]
	at org.junit.platform.engine.support.hierarchical.Node.around(Node.java:137) ~[junit-platform-engine-1.11.4.jar:1.11.4]
	at org.junit.platform.engine.support.hierarchical.NodeTestTask.lambda$executeRecursively$9(NodeTestTask.java:144) ~[junit-platform-engine-1.11.4.jar:1.11.4]
	at org.junit.platform.engine.support.hierarchical.ThrowableCollector.execute(ThrowableCollector.java:73) ~[junit-platform-engine-1.11.4.jar:1.11.4]
	at org.junit.platform.engine.support.hierarchical.NodeTestTask.executeRecursively(NodeTestTask.java:143) ~[junit-platform-engine-1.11.4.jar:1.11.4]
	at org.junit.platform.engine.support.hierarchical.NodeTestTask.execute(NodeTestTask.java:100) ~[junit-platform-engine-1.11.4.jar:1.11.4]
	at org.junit.platform.engine.support.hierarchical.SameThreadHierarchicalTestExecutorService.submit(SameThreadHierarchicalTestExecutorService.java:35) ~[junit-platform-engine-1.11.4.jar:1.11.4]
	at org.junit.platform.engine.support.hierarchical.HierarchicalTestExecutor.execute(HierarchicalTestExecutor.java:57) ~[junit-platform-engine-1.11.4.jar:1.11.4]
	at org.junit.platform.engine.support.hierarchical.HierarchicalTestEngine.execute(HierarchicalTestEngine.java:54) ~[junit-platform-engine-1.11.4.jar:1.11.4]
	at org.junit.platform.launcher.core.EngineExecutionOrchestrator.execute(EngineExecutionOrchestrator.java:198) ~[junit-platform-launcher-1.11.4.jar:1.11.4]
	at org.junit.platform.launcher.core.EngineExecutionOrchestrator.execute(EngineExecutionOrchestrator.java:169) ~[junit-platform-launcher-1.11.4.jar:1.11.4]
	at org.junit.platform.launcher.core.EngineExecutionOrchestrator.execute(EngineExecutionOrchestrator.java:93) ~[junit-platform-launcher-1.11.4.jar:1.11.4]
	at org.junit.platform.launcher.core.EngineExecutionOrchestrator.lambda$execute$0(EngineExecutionOrchestrator.java:58) ~[junit-platform-launcher-1.11.4.jar:1.11.4]
	at org.junit.platform.launcher.core.EngineExecutionOrchestrator.withInterceptedStreams(EngineExecutionOrchestrator.java:141) ~[junit-platform-launcher-1.11.4.jar:1.11.4]
	at org.junit.platform.launcher.core.EngineExecutionOrchestrator.execute(EngineExecutionOrchestrator.java:57) ~[junit-platform-launcher-1.11.4.jar:1.11.4]
	at org.junit.platform.launcher.core.DefaultLauncher.execute(DefaultLauncher.java:103) ~[junit-platform-launcher-1.11.4.jar:1.11.4]
	at org.junit.platform.launcher.core.DefaultLauncher.execute(DefaultLauncher.java:85) ~[junit-platform-launcher-1.11.4.jar:1.11.4]
	at org.junit.platform.launcher.core.DelegatingLauncher.execute(DelegatingLauncher.java:47) ~[junit-platform-launcher-1.11.4.jar:1.11.4]
	at org.apache.maven.surefire.junitplatform.LazyLauncher.execute(LazyLauncher.java:56) ~[surefire-junit-platform-3.1.2.jar:3.1.2]
	at org.apache.maven.surefire.junitplatform.JUnitPlatformProvider.execute(JUnitPlatformProvider.java:184) ~[surefire-junit-platform-3.1.2.jar:3.1.2]
	at org.apache.maven.surefire.junitplatform.JUnitPlatformProvider.invokeAllTests(JUnitPlatformProvider.java:148) ~[surefire-junit-platform-3.1.2.jar:3.1.2]
	at org.apache.maven.surefire.junitplatform.JUnitPlatformProvider.invoke(JUnitPlatformProvider.java:122) ~[surefire-junit-platform-3.1.2.jar:3.1.2]
	at org.apache.maven.surefire.booter.ForkedBooter.runSuitesInProcess(ForkedBooter.java:385) ~[surefire-booter-3.1.2.jar:3.1.2]
	at org.apache.maven.surefire.booter.ForkedBooter.execute(ForkedBooter.java:162) ~[surefire-booter-3.1.2.jar:3.1.2]
	at org.apache.maven.surefire.booter.ForkedBooter.run(ForkedBooter.java:507) ~[surefire-booter-3.1.2.jar:3.1.2]
	at org.apache.maven.surefire.booter.ForkedBooter.main(ForkedBooter.java:495) ~[surefire-booter-3.1.2.jar:3.1.2]

2026-03-31T15:20:04.770+05:30  WARN 2120 --- [quantity-measurement-app] [           main] o.s.test.context.TestContextManager      : Caught exception while allowing TestExecutionListener [org.springframework.test.context.support.DependencyInjectionTestExecutionListener] to prepare test instance [com.app.quantitymeasurement.QuantityMeasurementAppApplicationTests@47e9542a]

java.lang.IllegalStateException: ApplicationContext failure threshold (1) exceeded: skipping repeated attempt to load context for [WebMergedContextConfiguration@2852fb2a testClass = com.app.quantitymeasurement.QuantityMeasurementAppApplicationTests, locations = [], classes = [com.app.quantitymeasurement.QuantityMeasurementAppApplication], contextInitializerClasses = [], activeProfiles = [], propertySourceDescriptors = [], propertySourceProperties = ["org.springframework.boot.test.context.SpringBootTestContextBootstrapper=true", "server.port=0"], contextCustomizers = [org.springframework.boot.test.context.filter.ExcludeFilterContextCustomizer@1d483de4, org.springframework.boot.test.json.DuplicateJsonObjectContextCustomizerFactory$DuplicateJsonObjectContextCustomizer@3b74ac8, org.springframework.boot.test.mock.mockito.MockitoContextCustomizer@0, org.springframework.boot.test.web.client.TestRestTemplateContextCustomizer@5be49b60, org.springframework.boot.test.web.reactor.netty.DisableReactorResourceFactoryGlobalResourcesContextCustomizerFactory$DisableReactorResourceFactoryGlobalResourcesContextCustomizerCustomizer@68f4865, org.springframework.boot.test.autoconfigure.OnFailureConditionReportContextCustomizerFactory$OnFailureConditionReportContextCustomizer@40317ba2, org.springframework.boot.test.autoconfigure.actuate.observability.ObservabilityContextCustomizerFactory$DisableObservabilityContextCustomizer@1f, org.springframework.boot.test.autoconfigure.properties.PropertyMappingContextCustomizer@0, org.springframework.boot.test.autoconfigure.web.servlet.WebDriverContextCustomizer@53251a66, org.springframework.test.context.support.DynamicPropertiesContextCustomizer@0, org.springframework.boot.test.context.SpringBootTestAnnotation@1bd4719a], resourceBasePath = "src/main/webapp", contextLoader = org.springframework.boot.test.context.SpringBootContextLoader, parent = null]
	at org.springframework.test.context.cache.DefaultCacheAwareContextLoaderDelegate.loadContext(DefaultCacheAwareContextLoaderDelegate.java:145) ~[spring-test-6.2.1.jar:6.2.1]
	at org.springframework.test.context.support.DefaultTestContext.getApplicationContext(DefaultTestContext.java:130) ~[spring-test-6.2.1.jar:6.2.1]
	at org.springframework.test.context.support.DependencyInjectionTestExecutionListener.injectDependencies(DependencyInjectionTestExecutionListener.java:142) ~[spring-test-6.2.1.jar:6.2.1]
	at org.springframework.test.context.support.DependencyInjectionTestExecutionListener.prepareTestInstance(DependencyInjectionTestExecutionListener.java:98) ~[spring-test-6.2.1.jar:6.2.1]
	at org.springframework.test.context.TestContextManager.prepareTestInstance(TestContextManager.java:260) ~[spring-test-6.2.1.jar:6.2.1]
	at org.springframework.test.context.junit.jupiter.SpringExtension.postProcessTestInstance(SpringExtension.java:160) ~[spring-test-6.2.1.jar:6.2.1]
	at org.junit.jupiter.engine.descriptor.ClassBasedTestDescriptor.lambda$invokeTestInstancePostProcessors$11(ClassBasedTestDescriptor.java:378) ~[junit-jupiter-engine-5.11.4.jar:5.11.4]
	at org.junit.jupiter.engine.descriptor.ClassBasedTestDescriptor.executeAndMaskThrowable(ClassBasedTestDescriptor.java:383) ~[junit-jupiter-engine-5.11.4.jar:5.11.4]
	at org.junit.jupiter.engine.descriptor.ClassBasedTestDescriptor.lambda$invokeTestInstancePostProcessors$12(ClassBasedTestDescriptor.java:378) ~[junit-jupiter-engine-5.11.4.jar:5.11.4]
	at java.base/java.util.stream.ForEachOps$ForEachOp$OfRef.accept(ForEachOps.java:184) ~[na:na]
	at java.base/java.util.stream.ReferencePipeline$3$1.accept(ReferencePipeline.java:197) ~[na:na]
	at java.base/java.util.stream.ReferencePipeline$2$1.accept(ReferencePipeline.java:179) ~[na:na]
	at java.base/java.util.stream.ReferencePipeline$3$1.accept(ReferencePipeline.java:197) ~[na:na]
	at java.base/java.util.ArrayList$ArrayListSpliterator.forEachRemaining(ArrayList.java:1708) ~[na:na]
	at java.base/java.util.stream.AbstractPipeline.copyInto(AbstractPipeline.java:509) ~[na:na]
	at java.base/java.util.stream.AbstractPipeline.wrapAndCopyInto(AbstractPipeline.java:499) ~[na:na]
	at java.base/java.util.stream.ForEachOps$ForEachOp.evaluateSequential(ForEachOps.java:151) ~[na:na]
	at java.base/java.util.stream.ForEachOps$ForEachOp$OfRef.evaluateSequential(ForEachOps.java:174) ~[na:na]
	at java.base/java.util.stream.AbstractPipeline.evaluate(AbstractPipeline.java:234) ~[na:na]
	at java.base/java.util.stream.ReferencePipeline.forEach(ReferencePipeline.java:596) ~[na:na]
	at org.junit.jupiter.engine.descriptor.ClassBasedTestDescriptor.invokeTestInstancePostProcessors(ClassBasedTestDescriptor.java:377) ~[junit-jupiter-engine-5.11.4.jar:5.11.4]
	at org.junit.jupiter.engine.descriptor.ClassBasedTestDescriptor.lambda$instantiateAndPostProcessTestInstance$7(ClassBasedTestDescriptor.java:290) ~[junit-jupiter-engine-5.11.4.jar:5.11.4]
	at org.junit.platform.engine.support.hierarchical.ThrowableCollector.execute(ThrowableCollector.java:73) ~[junit-platform-engine-1.11.4.jar:1.11.4]
	at org.junit.jupiter.engine.descriptor.ClassBasedTestDescriptor.instantiateAndPostProcessTestInstance(ClassBasedTestDescriptor.java:289) ~[junit-jupiter-engine-5.11.4.jar:5.11.4]
	at org.junit.jupiter.engine.descriptor.ClassBasedTestDescriptor.lambda$testInstancesProvider$5(ClassBasedTestDescriptor.java:279) ~[junit-jupiter-engine-5.11.4.jar:5.11.4]
	at java.base/java.util.Optional.orElseGet(Optional.java:364) ~[na:na]
	at org.junit.jupiter.engine.descriptor.ClassBasedTestDescriptor.lambda$testInstancesProvider$6(ClassBasedTestDescriptor.java:278) ~[junit-jupiter-engine-5.11.4.jar:5.11.4]
	at org.junit.jupiter.engine.execution.TestInstancesProvider.getTestInstances(TestInstancesProvider.java:31) ~[junit-jupiter-engine-5.11.4.jar:5.11.4]
	at org.junit.jupiter.engine.descriptor.TestMethodTestDescriptor.lambda$prepare$1(TestMethodTestDescriptor.java:105) ~[junit-jupiter-engine-5.11.4.jar:5.11.4]
	at org.junit.platform.engine.support.hierarchical.ThrowableCollector.execute(ThrowableCollector.java:73) ~[junit-platform-engine-1.11.4.jar:1.11.4]
	at org.junit.jupiter.engine.descriptor.TestMethodTestDescriptor.prepare(TestMethodTestDescriptor.java:104) ~[junit-jupiter-engine-5.11.4.jar:5.11.4]
	at org.junit.jupiter.engine.descriptor.TestMethodTestDescriptor.prepare(TestMethodTestDescriptor.java:68) ~[junit-jupiter-engine-5.11.4.jar:5.11.4]
	at org.junit.platform.engine.support.hierarchical.NodeTestTask.lambda$prepare$2(NodeTestTask.java:128) ~[junit-platform-engine-1.11.4.jar:1.11.4]
	at org.junit.platform.engine.support.hierarchical.ThrowableCollector.execute(ThrowableCollector.java:73) ~[junit-platform-engine-1.11.4.jar:1.11.4]
	at org.junit.platform.engine.support.hierarchical.NodeTestTask.prepare(NodeTestTask.java:128) ~[junit-platform-engine-1.11.4.jar:1.11.4]
	at org.junit.platform.engine.support.hierarchical.NodeTestTask.execute(NodeTestTask.java:95) ~[junit-platform-engine-1.11.4.jar:1.11.4]
	at java.base/java.util.ArrayList.forEach(ArrayList.java:1596) ~[na:na]
	at org.junit.platform.engine.support.hierarchical.SameThreadHierarchicalTestExecutorService.invokeAll(SameThreadHierarchicalTestExecutorService.java:41) ~[junit-platform-engine-1.11.4.jar:1.11.4]
	at org.junit.platform.engine.support.hierarchical.NodeTestTask.lambda$executeRecursively$6(NodeTestTask.java:160) ~[junit-platform-engine-1.11.4.jar:1.11.4]
	at org.junit.platform.engine.support.hierarchical.ThrowableCollector.execute(ThrowableCollector.java:73) ~[junit-platform-engine-1.11.4.jar:1.11.4]
	at org.junit.platform.engine.support.hierarchical.NodeTestTask.lambda$executeRecursively$8(NodeTestTask.java:146) ~[junit-platform-engine-1.11.4.jar:1.11.4]
	at org.junit.platform.engine.support.hierarchical.Node.around(Node.java:137) ~[junit-platform-engine-1.11.4.jar:1.11.4]
	at org.junit.platform.engine.support.hierarchical.NodeTestTask.lambda$executeRecursively$9(NodeTestTask.java:144) ~[junit-platform-engine-1.11.4.jar:1.11.4]
	at org.junit.platform.engine.support.hierarchical.ThrowableCollector.execute(ThrowableCollector.java:73) ~[junit-platform-engine-1.11.4.jar:1.11.4]
	at org.junit.platform.engine.support.hierarchical.NodeTestTask.executeRecursively(NodeTestTask.java:143) ~[junit-platform-engine-1.11.4.jar:1.11.4]
	at org.junit.platform.engine.support.hierarchical.NodeTestTask.execute(NodeTestTask.java:100) ~[junit-platform-engine-1.11.4.jar:1.11.4]
	at java.base/java.util.ArrayList.forEach(ArrayList.java:1596) ~[na:na]
	at org.junit.platform.engine.support.hierarchical.SameThreadHierarchicalTestExecutorService.invokeAll(SameThreadHierarchicalTestExecutorService.java:41) ~[junit-platform-engine-1.11.4.jar:1.11.4]
	at org.junit.platform.engine.support.hierarchical.NodeTestTask.lambda$executeRecursively$6(NodeTestTask.java:160) ~[junit-platform-engine-1.11.4.jar:1.11.4]
	at org.junit.platform.engine.support.hierarchical.ThrowableCollector.execute(ThrowableCollector.java:73) ~[junit-platform-engine-1.11.4.jar:1.11.4]
	at org.junit.platform.engine.support.hierarchical.NodeTestTask.lambda$executeRecursively$8(NodeTestTask.java:146) ~[junit-platform-engine-1.11.4.jar:1.11.4]
	at org.junit.platform.engine.support.hierarchical.Node.around(Node.java:137) ~[junit-platform-engine-1.11.4.jar:1.11.4]
	at org.junit.platform.engine.support.hierarchical.NodeTestTask.lambda$executeRecursively$9(NodeTestTask.java:144) ~[junit-platform-engine-1.11.4.jar:1.11.4]
	at org.junit.platform.engine.support.hierarchical.ThrowableCollector.execute(ThrowableCollector.java:73) ~[junit-platform-engine-1.11.4.jar:1.11.4]
	at org.junit.platform.engine.support.hierarchical.NodeTestTask.executeRecursively(NodeTestTask.java:143) ~[junit-platform-engine-1.11.4.jar:1.11.4]
	at org.junit.platform.engine.support.hierarchical.NodeTestTask.execute(NodeTestTask.java:100) ~[junit-platform-engine-1.11.4.jar:1.11.4]
	at org.junit.platform.engine.support.hierarchical.SameThreadHierarchicalTestExecutorService.submit(SameThreadHierarchicalTestExecutorService.java:35) ~[junit-platform-engine-1.11.4.jar:1.11.4]
	at org.junit.platform.engine.support.hierarchical.HierarchicalTestExecutor.execute(HierarchicalTestExecutor.java:57) ~[junit-platform-engine-1.11.4.jar:1.11.4]
	at org.junit.platform.engine.support.hierarchical.HierarchicalTestEngine.execute(HierarchicalTestEngine.java:54) ~[junit-platform-engine-1.11.4.jar:1.11.4]
	at org.junit.platform.launcher.core.EngineExecutionOrchestrator.execute(EngineExecutionOrchestrator.java:198) ~[junit-platform-launcher-1.11.4.jar:1.11.4]
	at org.junit.platform.launcher.core.EngineExecutionOrchestrator.execute(EngineExecutionOrchestrator.java:169) ~[junit-platform-launcher-1.11.4.jar:1.11.4]
	at org.junit.platform.launcher.core.EngineExecutionOrchestrator.execute(EngineExecutionOrchestrator.java:93) ~[junit-platform-launcher-1.11.4.jar:1.11.4]
	at org.junit.platform.launcher.core.EngineExecutionOrchestrator.lambda$execute$0(EngineExecutionOrchestrator.java:58) ~[junit-platform-launcher-1.11.4.jar:1.11.4]
	at org.junit.platform.launcher.core.EngineExecutionOrchestrator.withInterceptedStreams(EngineExecutionOrchestrator.java:141) ~[junit-platform-launcher-1.11.4.jar:1.11.4]
	at org.junit.platform.launcher.core.EngineExecutionOrchestrator.execute(EngineExecutionOrchestrator.java:57) ~[junit-platform-launcher-1.11.4.jar:1.11.4]
	at org.junit.platform.launcher.core.DefaultLauncher.execute(DefaultLauncher.java:103) ~[junit-platform-launcher-1.11.4.jar:1.11.4]
	at org.junit.platform.launcher.core.DefaultLauncher.execute(DefaultLauncher.java:85) ~[junit-platform-launcher-1.11.4.jar:1.11.4]
	at org.junit.platform.launcher.core.DelegatingLauncher.execute(DelegatingLauncher.java:47) ~[junit-platform-launcher-1.11.4.jar:1.11.4]
	at org.apache.maven.surefire.junitplatform.LazyLauncher.execute(LazyLauncher.java:56) ~[surefire-junit-platform-3.1.2.jar:3.1.2]
	at org.apache.maven.surefire.junitplatform.JUnitPlatformProvider.execute(JUnitPlatformProvider.java:184) ~[surefire-junit-platform-3.1.2.jar:3.1.2]
	at org.apache.maven.surefire.junitplatform.JUnitPlatformProvider.invokeAllTests(JUnitPlatformProvider.java:148) ~[surefire-junit-platform-3.1.2.jar:3.1.2]
	at org.apache.maven.surefire.junitplatform.JUnitPlatformProvider.invoke(JUnitPlatformProvider.java:122) ~[surefire-junit-platform-3.1.2.jar:3.1.2]
	at org.apache.maven.surefire.booter.ForkedBooter.runSuitesInProcess(ForkedBooter.java:385) ~[surefire-booter-3.1.2.jar:3.1.2]
	at org.apache.maven.surefire.booter.ForkedBooter.execute(ForkedBooter.java:162) ~[surefire-booter-3.1.2.jar:3.1.2]
	at org.apache.maven.surefire.booter.ForkedBooter.run(ForkedBooter.java:507) ~[surefire-booter-3.1.2.jar:3.1.2]
	at org.apache.maven.surefire.booter.ForkedBooter.main(ForkedBooter.java:495) ~[surefire-booter-3.1.2.jar:3.1.2]

2026-03-31T15:20:04.777+05:30  WARN 2120 --- [quantity-measurement-app] [           main] o.s.test.context.TestContextManager      : Caught exception while allowing TestExecutionListener [org.springframework.test.context.support.DependencyInjectionTestExecutionListener] to prepare test instance [com.app.quantitymeasurement.QuantityMeasurementAppApplicationTests@6b916473]

java.lang.IllegalStateException: ApplicationContext failure threshold (1) exceeded: skipping repeated attempt to load context for [WebMergedContextConfiguration@2852fb2a testClass = com.app.quantitymeasurement.QuantityMeasurementAppApplicationTests, locations = [], classes = [com.app.quantitymeasurement.QuantityMeasurementAppApplication], contextInitializerClasses = [], activeProfiles = [], propertySourceDescriptors = [], propertySourceProperties = ["org.springframework.boot.test.context.SpringBootTestContextBootstrapper=true", "server.port=0"], contextCustomizers = [org.springframework.boot.test.context.filter.ExcludeFilterContextCustomizer@1d483de4, org.springframework.boot.test.json.DuplicateJsonObjectContextCustomizerFactory$DuplicateJsonObjectContextCustomizer@3b74ac8, org.springframework.boot.test.mock.mockito.MockitoContextCustomizer@0, org.springframework.boot.test.web.client.TestRestTemplateContextCustomizer@5be49b60, org.springframework.boot.test.web.reactor.netty.DisableReactorResourceFactoryGlobalResourcesContextCustomizerFactory$DisableReactorResourceFactoryGlobalResourcesContextCustomizerCustomizer@68f4865, org.springframework.boot.test.autoconfigure.OnFailureConditionReportContextCustomizerFactory$OnFailureConditionReportContextCustomizer@40317ba2, org.springframework.boot.test.autoconfigure.actuate.observability.ObservabilityContextCustomizerFactory$DisableObservabilityContextCustomizer@1f, org.springframework.boot.test.autoconfigure.properties.PropertyMappingContextCustomizer@0, org.springframework.boot.test.autoconfigure.web.servlet.WebDriverContextCustomizer@53251a66, org.springframework.test.context.support.DynamicPropertiesContextCustomizer@0, org.springframework.boot.test.context.SpringBootTestAnnotation@1bd4719a], resourceBasePath = "src/main/webapp", contextLoader = org.springframework.boot.test.context.SpringBootContextLoader, parent = null]
	at org.springframework.test.context.cache.DefaultCacheAwareContextLoaderDelegate.loadContext(DefaultCacheAwareContextLoaderDelegate.java:145) ~[spring-test-6.2.1.jar:6.2.1]
	at org.springframework.test.context.support.DefaultTestContext.getApplicationContext(DefaultTestContext.java:130) ~[spring-test-6.2.1.jar:6.2.1]
	at org.springframework.test.context.support.DependencyInjectionTestExecutionListener.injectDependencies(DependencyInjectionTestExecutionListener.java:142) ~[spring-test-6.2.1.jar:6.2.1]
	at org.springframework.test.context.support.DependencyInjectionTestExecutionListener.prepareTestInstance(DependencyInjectionTestExecutionListener.java:98) ~[spring-test-6.2.1.jar:6.2.1]
	at org.springframework.test.context.TestContextManager.prepareTestInstance(TestContextManager.java:260) ~[spring-test-6.2.1.jar:6.2.1]
	at org.springframework.test.context.junit.jupiter.SpringExtension.postProcessTestInstance(SpringExtension.java:160) ~[spring-test-6.2.1.jar:6.2.1]
	at org.junit.jupiter.engine.descriptor.ClassBasedTestDescriptor.lambda$invokeTestInstancePostProcessors$11(ClassBasedTestDescriptor.java:378) ~[junit-jupiter-engine-5.11.4.jar:5.11.4]
	at org.junit.jupiter.engine.descriptor.ClassBasedTestDescriptor.executeAndMaskThrowable(ClassBasedTestDescriptor.java:383) ~[junit-jupiter-engine-5.11.4.jar:5.11.4]
	at org.junit.jupiter.engine.descriptor.ClassBasedTestDescriptor.lambda$invokeTestInstancePostProcessors$12(ClassBasedTestDescriptor.java:378) ~[junit-jupiter-engine-5.11.4.jar:5.11.4]
	at java.base/java.util.stream.ForEachOps$ForEachOp$OfRef.accept(ForEachOps.java:184) ~[na:na]
	at java.base/java.util.stream.ReferencePipeline$3$1.accept(ReferencePipeline.java:197) ~[na:na]
	at java.base/java.util.stream.ReferencePipeline$2$1.accept(ReferencePipeline.java:179) ~[na:na]
	at java.base/java.util.stream.ReferencePipeline$3$1.accept(ReferencePipeline.java:197) ~[na:na]
	at java.base/java.util.ArrayList$ArrayListSpliterator.forEachRemaining(ArrayList.java:1708) ~[na:na]
	at java.base/java.util.stream.AbstractPipeline.copyInto(AbstractPipeline.java:509) ~[na:na]
	at java.base/java.util.stream.AbstractPipeline.wrapAndCopyInto(AbstractPipeline.java:499) ~[na:na]
	at java.base/java.util.stream.ForEachOps$ForEachOp.evaluateSequential(ForEachOps.java:151) ~[na:na]
	at java.base/java.util.stream.ForEachOps$ForEachOp$OfRef.evaluateSequential(ForEachOps.java:174) ~[na:na]
	at java.base/java.util.stream.AbstractPipeline.evaluate(AbstractPipeline.java:234) ~[na:na]
	at java.base/java.util.stream.ReferencePipeline.forEach(ReferencePipeline.java:596) ~[na:na]
	at org.junit.jupiter.engine.descriptor.ClassBasedTestDescriptor.invokeTestInstancePostProcessors(ClassBasedTestDescriptor.java:377) ~[junit-jupiter-engine-5.11.4.jar:5.11.4]
	at org.junit.jupiter.engine.descriptor.ClassBasedTestDescriptor.lambda$instantiateAndPostProcessTestInstance$7(ClassBasedTestDescriptor.java:290) ~[junit-jupiter-engine-5.11.4.jar:5.11.4]
	at org.junit.platform.engine.support.hierarchical.ThrowableCollector.execute(ThrowableCollector.java:73) ~[junit-platform-engine-1.11.4.jar:1.11.4]
	at org.junit.jupiter.engine.descriptor.ClassBasedTestDescriptor.instantiateAndPostProcessTestInstance(ClassBasedTestDescriptor.java:289) ~[junit-jupiter-engine-5.11.4.jar:5.11.4]
	at org.junit.jupiter.engine.descriptor.ClassBasedTestDescriptor.lambda$testInstancesProvider$5(ClassBasedTestDescriptor.java:279) ~[junit-jupiter-engine-5.11.4.jar:5.11.4]
	at java.base/java.util.Optional.orElseGet(Optional.java:364) ~[na:na]
	at org.junit.jupiter.engine.descriptor.ClassBasedTestDescriptor.lambda$testInstancesProvider$6(ClassBasedTestDescriptor.java:278) ~[junit-jupiter-engine-5.11.4.jar:5.11.4]
	at org.junit.jupiter.engine.execution.TestInstancesProvider.getTestInstances(TestInstancesProvider.java:31) ~[junit-jupiter-engine-5.11.4.jar:5.11.4]
	at org.junit.jupiter.engine.descriptor.TestMethodTestDescriptor.lambda$prepare$1(TestMethodTestDescriptor.java:105) ~[junit-jupiter-engine-5.11.4.jar:5.11.4]
	at org.junit.platform.engine.support.hierarchical.ThrowableCollector.execute(ThrowableCollector.java:73) ~[junit-platform-engine-1.11.4.jar:1.11.4]
	at org.junit.jupiter.engine.descriptor.TestMethodTestDescriptor.prepare(TestMethodTestDescriptor.java:104) ~[junit-jupiter-engine-5.11.4.jar:5.11.4]
	at org.junit.jupiter.engine.descriptor.TestMethodTestDescriptor.prepare(TestMethodTestDescriptor.java:68) ~[junit-jupiter-engine-5.11.4.jar:5.11.4]
	at org.junit.platform.engine.support.hierarchical.NodeTestTask.lambda$prepare$2(NodeTestTask.java:128) ~[junit-platform-engine-1.11.4.jar:1.11.4]
	at org.junit.platform.engine.support.hierarchical.ThrowableCollector.execute(ThrowableCollector.java:73) ~[junit-platform-engine-1.11.4.jar:1.11.4]
	at org.junit.platform.engine.support.hierarchical.NodeTestTask.prepare(NodeTestTask.java:128) ~[junit-platform-engine-1.11.4.jar:1.11.4]
	at org.junit.platform.engine.support.hierarchical.NodeTestTask.execute(NodeTestTask.java:95) ~[junit-platform-engine-1.11.4.jar:1.11.4]
	at java.base/java.util.ArrayList.forEach(ArrayList.java:1596) ~[na:na]
	at org.junit.platform.engine.support.hierarchical.SameThreadHierarchicalTestExecutorService.invokeAll(SameThreadHierarchicalTestExecutorService.java:41) ~[junit-platform-engine-1.11.4.jar:1.11.4]
	at org.junit.platform.engine.support.hierarchical.NodeTestTask.lambda$executeRecursively$6(NodeTestTask.java:160) ~[junit-platform-engine-1.11.4.jar:1.11.4]
	at org.junit.platform.engine.support.hierarchical.ThrowableCollector.execute(ThrowableCollector.java:73) ~[junit-platform-engine-1.11.4.jar:1.11.4]
	at org.junit.platform.engine.support.hierarchical.NodeTestTask.lambda$executeRecursively$8(NodeTestTask.java:146) ~[junit-platform-engine-1.11.4.jar:1.11.4]
	at org.junit.platform.engine.support.hierarchical.Node.around(Node.java:137) ~[junit-platform-engine-1.11.4.jar:1.11.4]
	at org.junit.platform.engine.support.hierarchical.NodeTestTask.lambda$executeRecursively$9(NodeTestTask.java:144) ~[junit-platform-engine-1.11.4.jar:1.11.4]
	at org.junit.platform.engine.support.hierarchical.ThrowableCollector.execute(ThrowableCollector.java:73) ~[junit-platform-engine-1.11.4.jar:1.11.4]
	at org.junit.platform.engine.support.hierarchical.NodeTestTask.executeRecursively(NodeTestTask.java:143) ~[junit-platform-engine-1.11.4.jar:1.11.4]
	at org.junit.platform.engine.support.hierarchical.NodeTestTask.execute(NodeTestTask.java:100) ~[junit-platform-engine-1.11.4.jar:1.11.4]
	at java.base/java.util.ArrayList.forEach(ArrayList.java:1596) ~[na:na]
	at org.junit.platform.engine.support.hierarchical.SameThreadHierarchicalTestExecutorService.invokeAll(SameThreadHierarchicalTestExecutorService.java:41) ~[junit-platform-engine-1.11.4.jar:1.11.4]
	at org.junit.platform.engine.support.hierarchical.NodeTestTask.lambda$executeRecursively$6(NodeTestTask.java:160) ~[junit-platform-engine-1.11.4.jar:1.11.4]
	at org.junit.platform.engine.support.hierarchical.ThrowableCollector.execute(ThrowableCollector.java:73) ~[junit-platform-engine-1.11.4.jar:1.11.4]
	at org.junit.platform.engine.support.hierarchical.NodeTestTask.lambda$executeRecursively$8(NodeTestTask.java:146) ~[junit-platform-engine-1.11.4.jar:1.11.4]
	at org.junit.platform.engine.support.hierarchical.Node.around(Node.java:137) ~[junit-platform-engine-1.11.4.jar:1.11.4]
	at org.junit.platform.engine.support.hierarchical.NodeTestTask.lambda$executeRecursively$9(NodeTestTask.java:144) ~[junit-platform-engine-1.11.4.jar:1.11.4]
	at org.junit.platform.engine.support.hierarchical.ThrowableCollector.execute(ThrowableCollector.java:73) ~[junit-platform-engine-1.11.4.jar:1.11.4]
	at org.junit.platform.engine.support.hierarchical.NodeTestTask.executeRecursively(NodeTestTask.java:143) ~[junit-platform-engine-1.11.4.jar:1.11.4]
	at org.junit.platform.engine.support.hierarchical.NodeTestTask.execute(NodeTestTask.java:100) ~[junit-platform-engine-1.11.4.jar:1.11.4]
	at org.junit.platform.engine.support.hierarchical.SameThreadHierarchicalTestExecutorService.submit(SameThreadHierarchicalTestExecutorService.java:35) ~[junit-platform-engine-1.11.4.jar:1.11.4]
	at org.junit.platform.engine.support.hierarchical.HierarchicalTestExecutor.execute(HierarchicalTestExecutor.java:57) ~[junit-platform-engine-1.11.4.jar:1.11.4]
	at org.junit.platform.engine.support.hierarchical.HierarchicalTestEngine.execute(HierarchicalTestEngine.java:54) ~[junit-platform-engine-1.11.4.jar:1.11.4]
	at org.junit.platform.launcher.core.EngineExecutionOrchestrator.execute(EngineExecutionOrchestrator.java:198) ~[junit-platform-launcher-1.11.4.jar:1.11.4]
	at org.junit.platform.launcher.core.EngineExecutionOrchestrator.execute(EngineExecutionOrchestrator.java:169) ~[junit-platform-launcher-1.11.4.jar:1.11.4]
	at org.junit.platform.launcher.core.EngineExecutionOrchestrator.execute(EngineExecutionOrchestrator.java:93) ~[junit-platform-launcher-1.11.4.jar:1.11.4]
	at org.junit.platform.launcher.core.EngineExecutionOrchestrator.lambda$execute$0(EngineExecutionOrchestrator.java:58) ~[junit-platform-launcher-1.11.4.jar:1.11.4]
	at org.junit.platform.launcher.core.EngineExecutionOrchestrator.withInterceptedStreams(EngineExecutionOrchestrator.java:141) ~[junit-platform-launcher-1.11.4.jar:1.11.4]
	at org.junit.platform.launcher.core.EngineExecutionOrchestrator.execute(EngineExecutionOrchestrator.java:57) ~[junit-platform-launcher-1.11.4.jar:1.11.4]
	at org.junit.platform.launcher.core.DefaultLauncher.execute(DefaultLauncher.java:103) ~[junit-platform-launcher-1.11.4.jar:1.11.4]
	at org.junit.platform.launcher.core.DefaultLauncher.execute(DefaultLauncher.java:85) ~[junit-platform-launcher-1.11.4.jar:1.11.4]
	at org.junit.platform.launcher.core.DelegatingLauncher.execute(DelegatingLauncher.java:47) ~[junit-platform-launcher-1.11.4.jar:1.11.4]
	at org.apache.maven.surefire.junitplatform.LazyLauncher.execute(LazyLauncher.java:56) ~[surefire-junit-platform-3.1.2.jar:3.1.2]
	at org.apache.maven.surefire.junitplatform.JUnitPlatformProvider.execute(JUnitPlatformProvider.java:184) ~[surefire-junit-platform-3.1.2.jar:3.1.2]
	at org.apache.maven.surefire.junitplatform.JUnitPlatformProvider.invokeAllTests(JUnitPlatformProvider.java:148) ~[surefire-junit-platform-3.1.2.jar:3.1.2]
	at org.apache.maven.surefire.junitplatform.JUnitPlatformProvider.invoke(JUnitPlatformProvider.java:122) ~[surefire-junit-platform-3.1.2.jar:3.1.2]
	at org.apache.maven.surefire.booter.ForkedBooter.runSuitesInProcess(ForkedBooter.java:385) ~[surefire-booter-3.1.2.jar:3.1.2]
	at org.apache.maven.surefire.booter.ForkedBooter.execute(ForkedBooter.java:162) ~[surefire-booter-3.1.2.jar:3.1.2]
	at org.apache.maven.surefire.booter.ForkedBooter.run(ForkedBooter.java:507) ~[surefire-booter-3.1.2.jar:3.1.2]
	at org.apache.maven.surefire.booter.ForkedBooter.main(ForkedBooter.java:495) ~[surefire-booter-3.1.2.jar:3.1.2]

[ERROR] Tests run: 14, Failures: 0, Errors: 14, Skipped: 0, Time elapsed: 27.03 s <<< FAILURE! -- in com.app.quantitymeasurement.QuantityMeasurementAppApplicationTests
[ERROR] com.app.quantitymeasurement.QuantityMeasurementAppApplicationTests.contextLoads -- Time elapsed: 0.039 s <<< ERROR!
java.lang.IllegalStateException: Failed to load ApplicationContext for [WebMergedContextConfiguration@2852fb2a testClass = com.app.quantitymeasurement.QuantityMeasurementAppApplicationTests, locations = [], classes = [com.app.quantitymeasurement.QuantityMeasurementAppApplication], contextInitializerClasses = [], activeProfiles = [], propertySourceDescriptors = [], propertySourceProperties = ["org.springframework.boot.test.context.SpringBootTestContextBootstrapper=true", "server.port=0"], contextCustomizers = [org.springframework.boot.test.context.filter.ExcludeFilterContextCustomizer@1d483de4, org.springframework.boot.test.json.DuplicateJsonObjectContextCustomizerFactory$DuplicateJsonObjectContextCustomizer@3b74ac8, org.springframework.boot.test.mock.mockito.MockitoContextCustomizer@0, org.springframework.boot.test.web.client.TestRestTemplateContextCustomizer@5be49b60, org.springframework.boot.test.web.reactor.netty.DisableReactorResourceFactoryGlobalResourcesContextCustomizerFactory$DisableReactorResourceFactoryGlobalResourcesContextCustomizerCustomizer@68f4865, org.springframework.boot.test.autoconfigure.OnFailureConditionReportContextCustomizerFactory$OnFailureConditionReportContextCustomizer@40317ba2, org.springframework.boot.test.autoconfigure.actuate.observability.ObservabilityContextCustomizerFactory$DisableObservabilityContextCustomizer@1f, org.springframework.boot.test.autoconfigure.properties.PropertyMappingContextCustomizer@0, org.springframework.boot.test.autoconfigure.web.servlet.WebDriverContextCustomizer@53251a66, org.springframework.test.context.support.DynamicPropertiesContextCustomizer@0, org.springframework.boot.test.context.SpringBootTestAnnotation@1bd4719a], resourceBasePath = "src/main/webapp", contextLoader = org.springframework.boot.test.context.SpringBootContextLoader, parent = null]
	at org.springframework.test.context.cache.DefaultCacheAwareContextLoaderDelegate.loadContext(DefaultCacheAwareContextLoaderDelegate.java:180)
	at org.springframework.test.context.support.DefaultTestContext.getApplicationContext(DefaultTestContext.java:130)
	at org.springframework.test.context.support.DependencyInjectionTestExecutionListener.injectDependencies(DependencyInjectionTestExecutionListener.java:142)
	at org.springframework.test.context.support.DependencyInjectionTestExecutionListener.prepareTestInstance(DependencyInjectionTestExecutionListener.java:98)
	at org.springframework.test.context.TestContextManager.prepareTestInstance(TestContextManager.java:260)
	at org.springframework.test.context.junit.jupiter.SpringExtension.postProcessTestInstance(SpringExtension.java:160)
	at java.base/java.util.stream.ForEachOps$ForEachOp$OfRef.accept(ForEachOps.java:184)
	at java.base/java.util.stream.ReferencePipeline$3$1.accept(ReferencePipeline.java:197)
	at java.base/java.util.stream.ReferencePipeline$2$1.accept(ReferencePipeline.java:179)
	at java.base/java.util.stream.ReferencePipeline$3$1.accept(ReferencePipeline.java:197)
	at java.base/java.util.ArrayList$ArrayListSpliterator.forEachRemaining(ArrayList.java:1708)
	at java.base/java.util.stream.AbstractPipeline.copyInto(AbstractPipeline.java:509)
	at java.base/java.util.stream.AbstractPipeline.wrapAndCopyInto(AbstractPipeline.java:499)
	at java.base/java.util.stream.ForEachOps$ForEachOp.evaluateSequential(ForEachOps.java:151)
	at java.base/java.util.stream.ForEachOps$ForEachOp$OfRef.evaluateSequential(ForEachOps.java:174)
	at java.base/java.util.stream.AbstractPipeline.evaluate(AbstractPipeline.java:234)
	at java.base/java.util.stream.ReferencePipeline.forEach(ReferencePipeline.java:596)
	at java.base/java.util.Optional.orElseGet(Optional.java:364)
	at java.base/java.util.ArrayList.forEach(ArrayList.java:1596)
	at java.base/java.util.ArrayList.forEach(ArrayList.java:1596)
Caused by: org.springframework.beans.factory.UnsatisfiedDependencyException: Error creating bean with name 'org.springframework.security.config.annotation.web.configuration.WebSecurityConfiguration': Unsatisfied dependency expressed through method 'setFilterChains' parameter 0: Error creating bean with name 'securityFilterChain' defined in class path resource [com/app/quantitymeasurement/config/SecurityConfig.class]: Failed to instantiate [org.springframework.security.web.SecurityFilterChain]: Factory method 'securityFilterChain' threw exception with message: No qualifying bean of type 'org.springframework.security.oauth2.client.registration.ClientRegistrationRepository' available
	at org.springframework.beans.factory.annotation.AutowiredAnnotationBeanPostProcessor$AutowiredMethodElement.resolveMethodArguments(AutowiredAnnotationBeanPostProcessor.java:896)
	at org.springframework.beans.factory.annotation.AutowiredAnnotationBeanPostProcessor$AutowiredMethodElement.inject(AutowiredAnnotationBeanPostProcessor.java:849)
	at org.springframework.beans.factory.annotation.InjectionMetadata.inject(InjectionMetadata.java:146)
	at org.springframework.beans.factory.annotation.AutowiredAnnotationBeanPostProcessor.postProcessProperties(AutowiredAnnotationBeanPostProcessor.java:509)
	at org.springframework.beans.factory.support.AbstractAutowireCapableBeanFactory.populateBean(AbstractAutowireCapableBeanFactory.java:1441)
	at org.springframework.beans.factory.support.AbstractAutowireCapableBeanFactory.doCreateBean(AbstractAutowireCapableBeanFactory.java:600)
	at org.springframework.beans.factory.support.AbstractAutowireCapableBeanFactory.createBean(AbstractAutowireCapableBeanFactory.java:523)
	at org.springframework.beans.factory.support.AbstractBeanFactory.lambda$doGetBean$0(AbstractBeanFactory.java:336)
	at org.springframework.beans.factory.support.DefaultSingletonBeanRegistry.getSingleton(DefaultSingletonBeanRegistry.java:289)
	at org.springframework.beans.factory.support.AbstractBeanFactory.doGetBean(AbstractBeanFactory.java:334)
	at org.springframework.beans.factory.support.AbstractBeanFactory.getBean(AbstractBeanFactory.java:199)
	at org.springframework.beans.factory.support.DefaultListableBeanFactory.instantiateSingleton(DefaultListableBeanFactory.java:1122)
	at org.springframework.beans.factory.support.DefaultListableBeanFactory.preInstantiateSingleton(DefaultListableBeanFactory.java:1093)
	at org.springframework.beans.factory.support.DefaultListableBeanFactory.preInstantiateSingletons(DefaultListableBeanFactory.java:1030)
	at org.springframework.context.support.AbstractApplicationContext.finishBeanFactoryInitialization(AbstractApplicationContext.java:987)
	at org.springframework.context.support.AbstractApplicationContext.refresh(AbstractApplicationContext.java:627)
	at org.springframework.boot.web.servlet.context.ServletWebServerApplicationContext.refresh(ServletWebServerApplicationContext.java:146)
	at org.springframework.boot.SpringApplication.refresh(SpringApplication.java:752)
	at org.springframework.boot.SpringApplication.refreshContext(SpringApplication.java:439)
	at org.springframework.boot.SpringApplication.run(SpringApplication.java:318)
	at org.springframework.boot.test.context.SpringBootContextLoader.lambda$loadContext$3(SpringBootContextLoader.java:137)
	at org.springframework.util.function.ThrowingSupplier.get(ThrowingSupplier.java:58)
	at org.springframework.util.function.ThrowingSupplier.get(ThrowingSupplier.java:46)
	at org.springframework.boot.SpringApplication.withHook(SpringApplication.java:1461)
	at org.springframework.boot.test.context.SpringBootContextLoader$ContextLoaderHook.run(SpringBootContextLoader.java:553)
	at org.springframework.boot.test.context.SpringBootContextLoader.loadContext(SpringBootContextLoader.java:137)
	at org.springframework.boot.test.context.SpringBootContextLoader.loadContext(SpringBootContextLoader.java:108)
	at org.springframework.test.context.cache.DefaultCacheAwareContextLoaderDelegate.loadContextInternal(DefaultCacheAwareContextLoaderDelegate.java:225)
	at org.springframework.test.context.cache.DefaultCacheAwareContextLoaderDelegate.loadContext(DefaultCacheAwareContextLoaderDelegate.java:152)
	... 19 more
Caused by: org.springframework.beans.factory.BeanCreationException: Error creating bean with name 'securityFilterChain' defined in class path resource [com/app/quantitymeasurement/config/SecurityConfig.class]: Failed to instantiate [org.springframework.security.web.SecurityFilterChain]: Factory method 'securityFilterChain' threw exception with message: No qualifying bean of type 'org.springframework.security.oauth2.client.registration.ClientRegistrationRepository' available
	at org.springframework.beans.factory.support.ConstructorResolver.instantiate(ConstructorResolver.java:657)
	at org.springframework.beans.factory.support.ConstructorResolver.instantiateUsingFactoryMethod(ConstructorResolver.java:645)
	at org.springframework.beans.factory.support.AbstractAutowireCapableBeanFactory.instantiateUsingFactoryMethod(AbstractAutowireCapableBeanFactory.java:1357)
	at org.springframework.beans.factory.support.AbstractAutowireCapableBeanFactory.createBeanInstance(AbstractAutowireCapableBeanFactory.java:1187)
	at org.springframework.beans.factory.support.AbstractAutowireCapableBeanFactory.doCreateBean(AbstractAutowireCapableBeanFactory.java:563)
	at org.springframework.beans.factory.support.AbstractAutowireCapableBeanFactory.createBean(AbstractAutowireCapableBeanFactory.java:523)
	at org.springframework.beans.factory.support.AbstractBeanFactory.lambda$doGetBean$0(AbstractBeanFactory.java:336)
	at org.springframework.beans.factory.support.DefaultSingletonBeanRegistry.getSingleton(DefaultSingletonBeanRegistry.java:289)
	at org.springframework.beans.factory.support.AbstractBeanFactory.doGetBean(AbstractBeanFactory.java:334)
	at org.springframework.beans.factory.support.AbstractBeanFactory.getBean(AbstractBeanFactory.java:199)
	at org.springframework.beans.factory.config.DependencyDescriptor.resolveCandidate(DependencyDescriptor.java:254)
	at org.springframework.beans.factory.support.DefaultListableBeanFactory.addCandidateEntry(DefaultListableBeanFactory.java:1883)
	at org.springframework.beans.factory.support.DefaultListableBeanFactory.findAutowireCandidates(DefaultListableBeanFactory.java:1847)
	at org.springframework.beans.factory.support.DefaultListableBeanFactory.resolveMultipleBeanCollection(DefaultListableBeanFactory.java:1737)
	at org.springframework.beans.factory.support.DefaultListableBeanFactory.resolveMultipleBeans(DefaultListableBeanFactory.java:1705)
	at org.springframework.beans.factory.support.DefaultListableBeanFactory.doResolveDependency(DefaultListableBeanFactory.java:1580)
	at org.springframework.beans.factory.support.DefaultListableBeanFactory.resolveDependency(DefaultListableBeanFactory.java:1519)
	at org.springframework.beans.factory.annotation.AutowiredAnnotationBeanPostProcessor$AutowiredMethodElement.resolveMethodArguments(AutowiredAnnotationBeanPostProcessor.java:888)
	... 47 more
Caused by: org.springframework.beans.BeanInstantiationException: Failed to instantiate [org.springframework.security.web.SecurityFilterChain]: Factory method 'securityFilterChain' threw exception with message: No qualifying bean of type 'org.springframework.security.oauth2.client.registration.ClientRegistrationRepository' available
	at org.springframework.beans.factory.support.SimpleInstantiationStrategy.lambda$instantiate$0(SimpleInstantiationStrategy.java:199)
	at org.springframework.beans.factory.support.SimpleInstantiationStrategy.instantiateWithFactoryMethod(SimpleInstantiationStrategy.java:88)
	at org.springframework.beans.factory.support.SimpleInstantiationStrategy.instantiate(SimpleInstantiationStrategy.java:168)
	at org.springframework.beans.factory.support.ConstructorResolver.instantiate(ConstructorResolver.java:653)
	... 64 more
Caused by: org.springframework.beans.factory.NoSuchBeanDefinitionException: No qualifying bean of type 'org.springframework.security.oauth2.client.registration.ClientRegistrationRepository' available
	at org.springframework.beans.factory.support.DefaultListableBeanFactory.getBean(DefaultListableBeanFactory.java:373)
	at org.springframework.beans.factory.support.DefaultListableBeanFactory.getBean(DefaultListableBeanFactory.java:364)
	at org.springframework.context.support.AbstractApplicationContext.getBean(AbstractApplicationContext.java:1290)
	at org.springframework.security.config.annotation.web.configurers.oauth2.client.OAuth2ClientConfigurerUtils.getClientRegistrationRepositoryBean(OAuth2ClientConfigurerUtils.java:58)
	at org.springframework.security.config.annotation.web.configurers.oauth2.client.OAuth2ClientConfigurerUtils.getClientRegistrationRepository(OAuth2ClientConfigurerUtils.java:50)
	at org.springframework.security.config.annotation.web.configurers.oauth2.client.OAuth2LoginConfigurer.init(OAuth2LoginConfigurer.java:343)
	at org.springframework.security.config.annotation.web.configurers.oauth2.client.OAuth2LoginConfigurer.init(OAuth2LoginConfigurer.java:161)
	at org.springframework.security.config.annotation.AbstractConfiguredSecurityBuilder.init(AbstractConfiguredSecurityBuilder.java:387)
	at org.springframework.security.config.annotation.AbstractConfiguredSecurityBuilder.doBuild(AbstractConfiguredSecurityBuilder.java:349)
	at org.springframework.security.config.annotation.AbstractSecurityBuilder.build(AbstractSecurityBuilder.java:38)
	at com.app.quantitymeasurement.config.SecurityConfig.securityFilterChain(SecurityConfig.java:82)
	at com.app.quantitymeasurement.config.SecurityConfig$$SpringCGLIB$$0.CGLIB$securityFilterChain$2(<generated>)
	at com.app.quantitymeasurement.config.SecurityConfig$$SpringCGLIB$$FastClass$$1.invoke(<generated>)
	at org.springframework.cglib.proxy.MethodProxy.invokeSuper(MethodProxy.java:258)
	at org.springframework.context.annotation.ConfigurationClassEnhancer$BeanMethodInterceptor.intercept(ConfigurationClassEnhancer.java:348)
	at com.app.quantitymeasurement.config.SecurityConfig$$SpringCGLIB$$0.securityFilterChain(<generated>)
	at java.base/java.lang.reflect.Method.invoke(Method.java:580)
	at org.springframework.beans.factory.support.SimpleInstantiationStrategy.lambda$instantiate$0(SimpleInstantiationStrategy.java:171)
	... 67 more

[ERROR] com.app.quantitymeasurement.QuantityMeasurementAppApplicationTests.testCompareQuantities -- Time elapsed: 0.001 s <<< ERROR!
java.lang.IllegalStateException: ApplicationContext failure threshold (1) exceeded: skipping repeated attempt to load context for [WebMergedContextConfiguration@2852fb2a testClass = com.app.quantitymeasurement.QuantityMeasurementAppApplicationTests, locations = [], classes = [com.app.quantitymeasurement.QuantityMeasurementAppApplication], contextInitializerClasses = [], activeProfiles = [], propertySourceDescriptors = [], propertySourceProperties = ["org.springframework.boot.test.context.SpringBootTestContextBootstrapper=true", "server.port=0"], contextCustomizers = [org.springframework.boot.test.context.filter.ExcludeFilterContextCustomizer@1d483de4, org.springframework.boot.test.json.DuplicateJsonObjectContextCustomizerFactory$DuplicateJsonObjectContextCustomizer@3b74ac8, org.springframework.boot.test.mock.mockito.MockitoContextCustomizer@0, org.springframework.boot.test.web.client.TestRestTemplateContextCustomizer@5be49b60, org.springframework.boot.test.web.reactor.netty.DisableReactorResourceFactoryGlobalResourcesContextCustomizerFactory$DisableReactorResourceFactoryGlobalResourcesContextCustomizerCustomizer@68f4865, org.springframework.boot.test.autoconfigure.OnFailureConditionReportContextCustomizerFactory$OnFailureConditionReportContextCustomizer@40317ba2, org.springframework.boot.test.autoconfigure.actuate.observability.ObservabilityContextCustomizerFactory$DisableObservabilityContextCustomizer@1f, org.springframework.boot.test.autoconfigure.properties.PropertyMappingContextCustomizer@0, org.springframework.boot.test.autoconfigure.web.servlet.WebDriverContextCustomizer@53251a66, org.springframework.test.context.support.DynamicPropertiesContextCustomizer@0, org.springframework.boot.test.context.SpringBootTestAnnotation@1bd4719a], resourceBasePath = "src/main/webapp", contextLoader = org.springframework.boot.test.context.SpringBootContextLoader, parent = null]
	at org.springframework.test.context.cache.DefaultCacheAwareContextLoaderDelegate.loadContext(DefaultCacheAwareContextLoaderDelegate.java:145)
	at org.springframework.test.context.support.DefaultTestContext.getApplicationContext(DefaultTestContext.java:130)
	at org.springframework.test.context.support.DependencyInjectionTestExecutionListener.injectDependencies(DependencyInjectionTestExecutionListener.java:142)
	at org.springframework.test.context.support.DependencyInjectionTestExecutionListener.prepareTestInstance(DependencyInjectionTestExecutionListener.java:98)
	at org.springframework.test.context.TestContextManager.prepareTestInstance(TestContextManager.java:260)
	at org.springframework.test.context.junit.jupiter.SpringExtension.postProcessTestInstance(SpringExtension.java:160)
	at java.base/java.util.stream.ForEachOps$ForEachOp$OfRef.accept(ForEachOps.java:184)
	at java.base/java.util.stream.ReferencePipeline$3$1.accept(ReferencePipeline.java:197)
	at java.base/java.util.stream.ReferencePipeline$2$1.accept(ReferencePipeline.java:179)
	at java.base/java.util.stream.ReferencePipeline$3$1.accept(ReferencePipeline.java:197)
	at java.base/java.util.ArrayList$ArrayListSpliterator.forEachRemaining(ArrayList.java:1708)
	at java.base/java.util.stream.AbstractPipeline.copyInto(AbstractPipeline.java:509)
	at java.base/java.util.stream.AbstractPipeline.wrapAndCopyInto(AbstractPipeline.java:499)
	at java.base/java.util.stream.ForEachOps$ForEachOp.evaluateSequential(ForEachOps.java:151)
	at java.base/java.util.stream.ForEachOps$ForEachOp$OfRef.evaluateSequential(ForEachOps.java:174)
	at java.base/java.util.stream.AbstractPipeline.evaluate(AbstractPipeline.java:234)
	at java.base/java.util.stream.ReferencePipeline.forEach(ReferencePipeline.java:596)
	at java.base/java.util.Optional.orElseGet(Optional.java:364)
	at java.base/java.util.ArrayList.forEach(ArrayList.java:1596)
	at java.base/java.util.ArrayList.forEach(ArrayList.java:1596)

[ERROR] com.app.quantitymeasurement.QuantityMeasurementAppApplicationTests.testConvertQuantity -- Time elapsed: 0.001 s <<< ERROR!
java.lang.IllegalStateException: ApplicationContext failure threshold (1) exceeded: skipping repeated attempt to load context for [WebMergedContextConfiguration@2852fb2a testClass = com.app.quantitymeasurement.QuantityMeasurementAppApplicationTests, locations = [], classes = [com.app.quantitymeasurement.QuantityMeasurementAppApplication], contextInitializerClasses = [], activeProfiles = [], propertySourceDescriptors = [], propertySourceProperties = ["org.springframework.boot.test.context.SpringBootTestContextBootstrapper=true", "server.port=0"], contextCustomizers = [org.springframework.boot.test.context.filter.ExcludeFilterContextCustomizer@1d483de4, org.springframework.boot.test.json.DuplicateJsonObjectContextCustomizerFactory$DuplicateJsonObjectContextCustomizer@3b74ac8, org.springframework.boot.test.mock.mockito.MockitoContextCustomizer@0, org.springframework.boot.test.web.client.TestRestTemplateContextCustomizer@5be49b60, org.springframework.boot.test.web.reactor.netty.DisableReactorResourceFactoryGlobalResourcesContextCustomizerFactory$DisableReactorResourceFactoryGlobalResourcesContextCustomizerCustomizer@68f4865, org.springframework.boot.test.autoconfigure.OnFailureConditionReportContextCustomizerFactory$OnFailureConditionReportContextCustomizer@40317ba2, org.springframework.boot.test.autoconfigure.actuate.observability.ObservabilityContextCustomizerFactory$DisableObservabilityContextCustomizer@1f, org.springframework.boot.test.autoconfigure.properties.PropertyMappingContextCustomizer@0, org.springframework.boot.test.autoconfigure.web.servlet.WebDriverContextCustomizer@53251a66, org.springframework.test.context.support.DynamicPropertiesContextCustomizer@0, org.springframework.boot.test.context.SpringBootTestAnnotation@1bd4719a], resourceBasePath = "src/main/webapp", contextLoader = org.springframework.boot.test.context.SpringBootContextLoader, parent = null]
	at org.springframework.test.context.cache.DefaultCacheAwareContextLoaderDelegate.loadContext(DefaultCacheAwareContextLoaderDelegate.java:145)
	at org.springframework.test.context.support.DefaultTestContext.getApplicationContext(DefaultTestContext.java:130)
	at org.springframework.test.context.support.DependencyInjectionTestExecutionListener.injectDependencies(DependencyInjectionTestExecutionListener.java:142)
	at org.springframework.test.context.support.DependencyInjectionTestExecutionListener.prepareTestInstance(DependencyInjectionTestExecutionListener.java:98)
	at org.springframework.test.context.TestContextManager.prepareTestInstance(TestContextManager.java:260)
	at org.springframework.test.context.junit.jupiter.SpringExtension.postProcessTestInstance(SpringExtension.java:160)
	at java.base/java.util.stream.ForEachOps$ForEachOp$OfRef.accept(ForEachOps.java:184)
	at java.base/java.util.stream.ReferencePipeline$3$1.accept(ReferencePipeline.java:197)
	at java.base/java.util.stream.ReferencePipeline$2$1.accept(ReferencePipeline.java:179)
	at java.base/java.util.stream.ReferencePipeline$3$1.accept(ReferencePipeline.java:197)
	at java.base/java.util.ArrayList$ArrayListSpliterator.forEachRemaining(ArrayList.java:1708)
	at java.base/java.util.stream.AbstractPipeline.copyInto(AbstractPipeline.java:509)
	at java.base/java.util.stream.AbstractPipeline.wrapAndCopyInto(AbstractPipeline.java:499)
	at java.base/java.util.stream.ForEachOps$ForEachOp.evaluateSequential(ForEachOps.java:151)
	at java.base/java.util.stream.ForEachOps$ForEachOp$OfRef.evaluateSequential(ForEachOps.java:174)
	at java.base/java.util.stream.AbstractPipeline.evaluate(AbstractPipeline.java:234)
	at java.base/java.util.stream.ReferencePipeline.forEach(ReferencePipeline.java:596)
	at java.base/java.util.Optional.orElseGet(Optional.java:364)
	at java.base/java.util.ArrayList.forEach(ArrayList.java:1596)
	at java.base/java.util.ArrayList.forEach(ArrayList.java:1596)

[ERROR] com.app.quantitymeasurement.QuantityMeasurementAppApplicationTests.testAddQuantities -- Time elapsed: 0.001 s <<< ERROR!
java.lang.IllegalStateException: ApplicationContext failure threshold (1) exceeded: skipping repeated attempt to load context for [WebMergedContextConfiguration@2852fb2a testClass = com.app.quantitymeasurement.QuantityMeasurementAppApplicationTests, locations = [], classes = [com.app.quantitymeasurement.QuantityMeasurementAppApplication], contextInitializerClasses = [], activeProfiles = [], propertySourceDescriptors = [], propertySourceProperties = ["org.springframework.boot.test.context.SpringBootTestContextBootstrapper=true", "server.port=0"], contextCustomizers = [org.springframework.boot.test.context.filter.ExcludeFilterContextCustomizer@1d483de4, org.springframework.boot.test.json.DuplicateJsonObjectContextCustomizerFactory$DuplicateJsonObjectContextCustomizer@3b74ac8, org.springframework.boot.test.mock.mockito.MockitoContextCustomizer@0, org.springframework.boot.test.web.client.TestRestTemplateContextCustomizer@5be49b60, org.springframework.boot.test.web.reactor.netty.DisableReactorResourceFactoryGlobalResourcesContextCustomizerFactory$DisableReactorResourceFactoryGlobalResourcesContextCustomizerCustomizer@68f4865, org.springframework.boot.test.autoconfigure.OnFailureConditionReportContextCustomizerFactory$OnFailureConditionReportContextCustomizer@40317ba2, org.springframework.boot.test.autoconfigure.actuate.observability.ObservabilityContextCustomizerFactory$DisableObservabilityContextCustomizer@1f, org.springframework.boot.test.autoconfigure.properties.PropertyMappingContextCustomizer@0, org.springframework.boot.test.autoconfigure.web.servlet.WebDriverContextCustomizer@53251a66, org.springframework.test.context.support.DynamicPropertiesContextCustomizer@0, org.springframework.boot.test.context.SpringBootTestAnnotation@1bd4719a], resourceBasePath = "src/main/webapp", contextLoader = org.springframework.boot.test.context.SpringBootContextLoader, parent = null]
	at org.springframework.test.context.cache.DefaultCacheAwareContextLoaderDelegate.loadContext(DefaultCacheAwareContextLoaderDelegate.java:145)
	at org.springframework.test.context.support.DefaultTestContext.getApplicationContext(DefaultTestContext.java:130)
	at org.springframework.test.context.support.DependencyInjectionTestExecutionListener.injectDependencies(DependencyInjectionTestExecutionListener.java:142)
	at org.springframework.test.context.support.DependencyInjectionTestExecutionListener.prepareTestInstance(DependencyInjectionTestExecutionListener.java:98)
	at org.springframework.test.context.TestContextManager.prepareTestInstance(TestContextManager.java:260)
	at org.springframework.test.context.junit.jupiter.SpringExtension.postProcessTestInstance(SpringExtension.java:160)
	at java.base/java.util.stream.ForEachOps$ForEachOp$OfRef.accept(ForEachOps.java:184)
	at java.base/java.util.stream.ReferencePipeline$3$1.accept(ReferencePipeline.java:197)
	at java.base/java.util.stream.ReferencePipeline$2$1.accept(ReferencePipeline.java:179)
	at java.base/java.util.stream.ReferencePipeline$3$1.accept(ReferencePipeline.java:197)
	at java.base/java.util.ArrayList$ArrayListSpliterator.forEachRemaining(ArrayList.java:1708)
	at java.base/java.util.stream.AbstractPipeline.copyInto(AbstractPipeline.java:509)
	at java.base/java.util.stream.AbstractPipeline.wrapAndCopyInto(AbstractPipeline.java:499)
	at java.base/java.util.stream.ForEachOps$ForEachOp.evaluateSequential(ForEachOps.java:151)
	at java.base/java.util.stream.ForEachOps$ForEachOp$OfRef.evaluateSequential(ForEachOps.java:174)
	at java.base/java.util.stream.AbstractPipeline.evaluate(AbstractPipeline.java:234)
	at java.base/java.util.stream.ReferencePipeline.forEach(ReferencePipeline.java:596)
	at java.base/java.util.Optional.orElseGet(Optional.java:364)
	at java.base/java.util.ArrayList.forEach(ArrayList.java:1596)
	at java.base/java.util.ArrayList.forEach(ArrayList.java:1596)

[ERROR] com.app.quantitymeasurement.QuantityMeasurementAppApplicationTests.testSubtractQuantities -- Time elapsed: 0.001 s <<< ERROR!
java.lang.IllegalStateException: ApplicationContext failure threshold (1) exceeded: skipping repeated attempt to load context for [WebMergedContextConfiguration@2852fb2a testClass = com.app.quantitymeasurement.QuantityMeasurementAppApplicationTests, locations = [], classes = [com.app.quantitymeasurement.QuantityMeasurementAppApplication], contextInitializerClasses = [], activeProfiles = [], propertySourceDescriptors = [], propertySourceProperties = ["org.springframework.boot.test.context.SpringBootTestContextBootstrapper=true", "server.port=0"], contextCustomizers = [org.springframework.boot.test.context.filter.ExcludeFilterContextCustomizer@1d483de4, org.springframework.boot.test.json.DuplicateJsonObjectContextCustomizerFactory$DuplicateJsonObjectContextCustomizer@3b74ac8, org.springframework.boot.test.mock.mockito.MockitoContextCustomizer@0, org.springframework.boot.test.web.client.TestRestTemplateContextCustomizer@5be49b60, org.springframework.boot.test.web.reactor.netty.DisableReactorResourceFactoryGlobalResourcesContextCustomizerFactory$DisableReactorResourceFactoryGlobalResourcesContextCustomizerCustomizer@68f4865, org.springframework.boot.test.autoconfigure.OnFailureConditionReportContextCustomizerFactory$OnFailureConditionReportContextCustomizer@40317ba2, org.springframework.boot.test.autoconfigure.actuate.observability.ObservabilityContextCustomizerFactory$DisableObservabilityContextCustomizer@1f, org.springframework.boot.test.autoconfigure.properties.PropertyMappingContextCustomizer@0, org.springframework.boot.test.autoconfigure.web.servlet.WebDriverContextCustomizer@53251a66, org.springframework.test.context.support.DynamicPropertiesContextCustomizer@0, org.springframework.boot.test.context.SpringBootTestAnnotation@1bd4719a], resourceBasePath = "src/main/webapp", contextLoader = org.springframework.boot.test.context.SpringBootContextLoader, parent = null]
	at org.springframework.test.context.cache.DefaultCacheAwareContextLoaderDelegate.loadContext(DefaultCacheAwareContextLoaderDelegate.java:145)
	at org.springframework.test.context.support.DefaultTestContext.getApplicationContext(DefaultTestContext.java:130)
	at org.springframework.test.context.support.DependencyInjectionTestExecutionListener.injectDependencies(DependencyInjectionTestExecutionListener.java:142)
	at org.springframework.test.context.support.DependencyInjectionTestExecutionListener.prepareTestInstance(DependencyInjectionTestExecutionListener.java:98)
	at org.springframework.test.context.TestContextManager.prepareTestInstance(TestContextManager.java:260)
	at org.springframework.test.context.junit.jupiter.SpringExtension.postProcessTestInstance(SpringExtension.java:160)
	at java.base/java.util.stream.ForEachOps$ForEachOp$OfRef.accept(ForEachOps.java:184)
	at java.base/java.util.stream.ReferencePipeline$3$1.accept(ReferencePipeline.java:197)
	at java.base/java.util.stream.ReferencePipeline$2$1.accept(ReferencePipeline.java:179)
	at java.base/java.util.stream.ReferencePipeline$3$1.accept(ReferencePipeline.java:197)
	at java.base/java.util.ArrayList$ArrayListSpliterator.forEachRemaining(ArrayList.java:1708)
	at java.base/java.util.stream.AbstractPipeline.copyInto(AbstractPipeline.java:509)
	at java.base/java.util.stream.AbstractPipeline.wrapAndCopyInto(AbstractPipeline.java:499)
	at java.base/java.util.stream.ForEachOps$ForEachOp.evaluateSequential(ForEachOps.java:151)
	at java.base/java.util.stream.ForEachOps$ForEachOp$OfRef.evaluateSequential(ForEachOps.java:174)
	at java.base/java.util.stream.AbstractPipeline.evaluate(AbstractPipeline.java:234)
	at java.base/java.util.stream.ReferencePipeline.forEach(ReferencePipeline.java:596)
	at java.base/java.util.Optional.orElseGet(Optional.java:364)
	at java.base/java.util.ArrayList.forEach(ArrayList.java:1596)
	at java.base/java.util.ArrayList.forEach(ArrayList.java:1596)

[ERROR] com.app.quantitymeasurement.QuantityMeasurementAppApplicationTests.testDivideQuantities -- Time elapsed: 0.001 s <<< ERROR!
java.lang.IllegalStateException: ApplicationContext failure threshold (1) exceeded: skipping repeated attempt to load context for [WebMergedContextConfiguration@2852fb2a testClass = com.app.quantitymeasurement.QuantityMeasurementAppApplicationTests, locations = [], classes = [com.app.quantitymeasurement.QuantityMeasurementAppApplication], contextInitializerClasses = [], activeProfiles = [], propertySourceDescriptors = [], propertySourceProperties = ["org.springframework.boot.test.context.SpringBootTestContextBootstrapper=true", "server.port=0"], contextCustomizers = [org.springframework.boot.test.context.filter.ExcludeFilterContextCustomizer@1d483de4, org.springframework.boot.test.json.DuplicateJsonObjectContextCustomizerFactory$DuplicateJsonObjectContextCustomizer@3b74ac8, org.springframework.boot.test.mock.mockito.MockitoContextCustomizer@0, org.springframework.boot.test.web.client.TestRestTemplateContextCustomizer@5be49b60, org.springframework.boot.test.web.reactor.netty.DisableReactorResourceFactoryGlobalResourcesContextCustomizerFactory$DisableReactorResourceFactoryGlobalResourcesContextCustomizerCustomizer@68f4865, org.springframework.boot.test.autoconfigure.OnFailureConditionReportContextCustomizerFactory$OnFailureConditionReportContextCustomizer@40317ba2, org.springframework.boot.test.autoconfigure.actuate.observability.ObservabilityContextCustomizerFactory$DisableObservabilityContextCustomizer@1f, org.springframework.boot.test.autoconfigure.properties.PropertyMappingContextCustomizer@0, org.springframework.boot.test.autoconfigure.web.servlet.WebDriverContextCustomizer@53251a66, org.springframework.test.context.support.DynamicPropertiesContextCustomizer@0, org.springframework.boot.test.context.SpringBootTestAnnotation@1bd4719a], resourceBasePath = "src/main/webapp", contextLoader = org.springframework.boot.test.context.SpringBootContextLoader, parent = null]
	at org.springframework.test.context.cache.DefaultCacheAwareContextLoaderDelegate.loadContext(DefaultCacheAwareContextLoaderDelegate.java:145)
	at org.springframework.test.context.support.DefaultTestContext.getApplicationContext(DefaultTestContext.java:130)
	at org.springframework.test.context.support.DependencyInjectionTestExecutionListener.injectDependencies(DependencyInjectionTestExecutionListener.java:142)
	at org.springframework.test.context.support.DependencyInjectionTestExecutionListener.prepareTestInstance(DependencyInjectionTestExecutionListener.java:98)
	at org.springframework.test.context.TestContextManager.prepareTestInstance(TestContextManager.java:260)
	at org.springframework.test.context.junit.jupiter.SpringExtension.postProcessTestInstance(SpringExtension.java:160)
	at java.base/java.util.stream.ForEachOps$ForEachOp$OfRef.accept(ForEachOps.java:184)
	at java.base/java.util.stream.ReferencePipeline$3$1.accept(ReferencePipeline.java:197)
	at java.base/java.util.stream.ReferencePipeline$2$1.accept(ReferencePipeline.java:179)
	at java.base/java.util.stream.ReferencePipeline$3$1.accept(ReferencePipeline.java:197)
	at java.base/java.util.ArrayList$ArrayListSpliterator.forEachRemaining(ArrayList.java:1708)
	at java.base/java.util.stream.AbstractPipeline.copyInto(AbstractPipeline.java:509)
	at java.base/java.util.stream.AbstractPipeline.wrapAndCopyInto(AbstractPipeline.java:499)
	at java.base/java.util.stream.ForEachOps$ForEachOp.evaluateSequential(ForEachOps.java:151)
	at java.base/java.util.stream.ForEachOps$ForEachOp$OfRef.evaluateSequential(ForEachOps.java:174)
	at java.base/java.util.stream.AbstractPipeline.evaluate(AbstractPipeline.java:234)
	at java.base/java.util.stream.ReferencePipeline.forEach(ReferencePipeline.java:596)
	at java.base/java.util.Optional.orElseGet(Optional.java:364)
	at java.base/java.util.ArrayList.forEach(ArrayList.java:1596)
	at java.base/java.util.ArrayList.forEach(ArrayList.java:1596)

[ERROR] com.app.quantitymeasurement.QuantityMeasurementAppApplicationTests.testGetOperationHistory -- Time elapsed: 0.001 s <<< ERROR!
java.lang.IllegalStateException: ApplicationContext failure threshold (1) exceeded: skipping repeated attempt to load context for [WebMergedContextConfiguration@2852fb2a testClass = com.app.quantitymeasurement.QuantityMeasurementAppApplicationTests, locations = [], classes = [com.app.quantitymeasurement.QuantityMeasurementAppApplication], contextInitializerClasses = [], activeProfiles = [], propertySourceDescriptors = [], propertySourceProperties = ["org.springframework.boot.test.context.SpringBootTestContextBootstrapper=true", "server.port=0"], contextCustomizers = [org.springframework.boot.test.context.filter.ExcludeFilterContextCustomizer@1d483de4, org.springframework.boot.test.json.DuplicateJsonObjectContextCustomizerFactory$DuplicateJsonObjectContextCustomizer@3b74ac8, org.springframework.boot.test.mock.mockito.MockitoContextCustomizer@0, org.springframework.boot.test.web.client.TestRestTemplateContextCustomizer@5be49b60, org.springframework.boot.test.web.reactor.netty.DisableReactorResourceFactoryGlobalResourcesContextCustomizerFactory$DisableReactorResourceFactoryGlobalResourcesContextCustomizerCustomizer@68f4865, org.springframework.boot.test.autoconfigure.OnFailureConditionReportContextCustomizerFactory$OnFailureConditionReportContextCustomizer@40317ba2, org.springframework.boot.test.autoconfigure.actuate.observability.ObservabilityContextCustomizerFactory$DisableObservabilityContextCustomizer@1f, org.springframework.boot.test.autoconfigure.properties.PropertyMappingContextCustomizer@0, org.springframework.boot.test.autoconfigure.web.servlet.WebDriverContextCustomizer@53251a66, org.springframework.test.context.support.DynamicPropertiesContextCustomizer@0, org.springframework.boot.test.context.SpringBootTestAnnotation@1bd4719a], resourceBasePath = "src/main/webapp", contextLoader = org.springframework.boot.test.context.SpringBootContextLoader, parent = null]
	at org.springframework.test.context.cache.DefaultCacheAwareContextLoaderDelegate.loadContext(DefaultCacheAwareContextLoaderDelegate.java:145)
	at org.springframework.test.context.support.DefaultTestContext.getApplicationContext(DefaultTestContext.java:130)
	at org.springframework.test.context.support.DependencyInjectionTestExecutionListener.injectDependencies(DependencyInjectionTestExecutionListener.java:142)
	at org.springframework.test.context.support.DependencyInjectionTestExecutionListener.prepareTestInstance(DependencyInjectionTestExecutionListener.java:98)
	at org.springframework.test.context.TestContextManager.prepareTestInstance(TestContextManager.java:260)
	at org.springframework.test.context.junit.jupiter.SpringExtension.postProcessTestInstance(SpringExtension.java:160)
	at java.base/java.util.stream.ForEachOps$ForEachOp$OfRef.accept(ForEachOps.java:184)
	at java.base/java.util.stream.ReferencePipeline$3$1.accept(ReferencePipeline.java:197)
	at java.base/java.util.stream.ReferencePipeline$2$1.accept(ReferencePipeline.java:179)
	at java.base/java.util.stream.ReferencePipeline$3$1.accept(ReferencePipeline.java:197)
	at java.base/java.util.ArrayList$ArrayListSpliterator.forEachRemaining(ArrayList.java:1708)
	at java.base/java.util.stream.AbstractPipeline.copyInto(AbstractPipeline.java:509)
	at java.base/java.util.stream.AbstractPipeline.wrapAndCopyInto(AbstractPipeline.java:499)
	at java.base/java.util.stream.ForEachOps$ForEachOp.evaluateSequential(ForEachOps.java:151)
	at java.base/java.util.stream.ForEachOps$ForEachOp$OfRef.evaluateSequential(ForEachOps.java:174)
	at java.base/java.util.stream.AbstractPipeline.evaluate(AbstractPipeline.java:234)
	at java.base/java.util.stream.ReferencePipeline.forEach(ReferencePipeline.java:596)
	at java.base/java.util.Optional.orElseGet(Optional.java:364)
	at java.base/java.util.ArrayList.forEach(ArrayList.java:1596)
	at java.base/java.util.ArrayList.forEach(ArrayList.java:1596)

[ERROR] com.app.quantitymeasurement.QuantityMeasurementAppApplicationTests.testGetMeasurementsByType -- Time elapsed: 0.001 s <<< ERROR!
java.lang.IllegalStateException: ApplicationContext failure threshold (1) exceeded: skipping repeated attempt to load context for [WebMergedContextConfiguration@2852fb2a testClass = com.app.quantitymeasurement.QuantityMeasurementAppApplicationTests, locations = [], classes = [com.app.quantitymeasurement.QuantityMeasurementAppApplication], contextInitializerClasses = [], activeProfiles = [], propertySourceDescriptors = [], propertySourceProperties = ["org.springframework.boot.test.context.SpringBootTestContextBootstrapper=true", "server.port=0"], contextCustomizers = [org.springframework.boot.test.context.filter.ExcludeFilterContextCustomizer@1d483de4, org.springframework.boot.test.json.DuplicateJsonObjectContextCustomizerFactory$DuplicateJsonObjectContextCustomizer@3b74ac8, org.springframework.boot.test.mock.mockito.MockitoContextCustomizer@0, org.springframework.boot.test.web.client.TestRestTemplateContextCustomizer@5be49b60, org.springframework.boot.test.web.reactor.netty.DisableReactorResourceFactoryGlobalResourcesContextCustomizerFactory$DisableReactorResourceFactoryGlobalResourcesContextCustomizerCustomizer@68f4865, org.springframework.boot.test.autoconfigure.OnFailureConditionReportContextCustomizerFactory$OnFailureConditionReportContextCustomizer@40317ba2, org.springframework.boot.test.autoconfigure.actuate.observability.ObservabilityContextCustomizerFactory$DisableObservabilityContextCustomizer@1f, org.springframework.boot.test.autoconfigure.properties.PropertyMappingContextCustomizer@0, org.springframework.boot.test.autoconfigure.web.servlet.WebDriverContextCustomizer@53251a66, org.springframework.test.context.support.DynamicPropertiesContextCustomizer@0, org.springframework.boot.test.context.SpringBootTestAnnotation@1bd4719a], resourceBasePath = "src/main/webapp", contextLoader = org.springframework.boot.test.context.SpringBootContextLoader, parent = null]
	at org.springframework.test.context.cache.DefaultCacheAwareContextLoaderDelegate.loadContext(DefaultCacheAwareContextLoaderDelegate.java:145)
	at org.springframework.test.context.support.DefaultTestContext.getApplicationContext(DefaultTestContext.java:130)
	at org.springframework.test.context.support.DependencyInjectionTestExecutionListener.injectDependencies(DependencyInjectionTestExecutionListener.java:142)
	at org.springframework.test.context.support.DependencyInjectionTestExecutionListener.prepareTestInstance(DependencyInjectionTestExecutionListener.java:98)
	at org.springframework.test.context.TestContextManager.prepareTestInstance(TestContextManager.java:260)
	at org.springframework.test.context.junit.jupiter.SpringExtension.postProcessTestInstance(SpringExtension.java:160)
	at java.base/java.util.stream.ForEachOps$ForEachOp$OfRef.accept(ForEachOps.java:184)
	at java.base/java.util.stream.ReferencePipeline$3$1.accept(ReferencePipeline.java:197)
	at java.base/java.util.stream.ReferencePipeline$2$1.accept(ReferencePipeline.java:179)
	at java.base/java.util.stream.ReferencePipeline$3$1.accept(ReferencePipeline.java:197)
	at java.base/java.util.ArrayList$ArrayListSpliterator.forEachRemaining(ArrayList.java:1708)
	at java.base/java.util.stream.AbstractPipeline.copyInto(AbstractPipeline.java:509)
	at java.base/java.util.stream.AbstractPipeline.wrapAndCopyInto(AbstractPipeline.java:499)
	at java.base/java.util.stream.ForEachOps$ForEachOp.evaluateSequential(ForEachOps.java:151)
	at java.base/java.util.stream.ForEachOps$ForEachOp$OfRef.evaluateSequential(ForEachOps.java:174)
	at java.base/java.util.stream.AbstractPipeline.evaluate(AbstractPipeline.java:234)
	at java.base/java.util.stream.ReferencePipeline.forEach(ReferencePipeline.java:596)
	at java.base/java.util.Optional.orElseGet(Optional.java:364)
	at java.base/java.util.ArrayList.forEach(ArrayList.java:1596)
	at java.base/java.util.ArrayList.forEach(ArrayList.java:1596)

[ERROR] com.app.quantitymeasurement.QuantityMeasurementAppApplicationTests.testGetOperationCount -- Time elapsed: 0.002 s <<< ERROR!
java.lang.IllegalStateException: ApplicationContext failure threshold (1) exceeded: skipping repeated attempt to load context for [WebMergedContextConfiguration@2852fb2a testClass = com.app.quantitymeasurement.QuantityMeasurementAppApplicationTests, locations = [], classes = [com.app.quantitymeasurement.QuantityMeasurementAppApplication], contextInitializerClasses = [], activeProfiles = [], propertySourceDescriptors = [], propertySourceProperties = ["org.springframework.boot.test.context.SpringBootTestContextBootstrapper=true", "server.port=0"], contextCustomizers = [org.springframework.boot.test.context.filter.ExcludeFilterContextCustomizer@1d483de4, org.springframework.boot.test.json.DuplicateJsonObjectContextCustomizerFactory$DuplicateJsonObjectContextCustomizer@3b74ac8, org.springframework.boot.test.mock.mockito.MockitoContextCustomizer@0, org.springframework.boot.test.web.client.TestRestTemplateContextCustomizer@5be49b60, org.springframework.boot.test.web.reactor.netty.DisableReactorResourceFactoryGlobalResourcesContextCustomizerFactory$DisableReactorResourceFactoryGlobalResourcesContextCustomizerCustomizer@68f4865, org.springframework.boot.test.autoconfigure.OnFailureConditionReportContextCustomizerFactory$OnFailureConditionReportContextCustomizer@40317ba2, org.springframework.boot.test.autoconfigure.actuate.observability.ObservabilityContextCustomizerFactory$DisableObservabilityContextCustomizer@1f, org.springframework.boot.test.autoconfigure.properties.PropertyMappingContextCustomizer@0, org.springframework.boot.test.autoconfigure.web.servlet.WebDriverContextCustomizer@53251a66, org.springframework.test.context.support.DynamicPropertiesContextCustomizer@0, org.springframework.boot.test.context.SpringBootTestAnnotation@1bd4719a], resourceBasePath = "src/main/webapp", contextLoader = org.springframework.boot.test.context.SpringBootContextLoader, parent = null]
	at org.springframework.test.context.cache.DefaultCacheAwareContextLoaderDelegate.loadContext(DefaultCacheAwareContextLoaderDelegate.java:145)
	at org.springframework.test.context.support.DefaultTestContext.getApplicationContext(DefaultTestContext.java:130)
	at org.springframework.test.context.support.DependencyInjectionTestExecutionListener.injectDependencies(DependencyInjectionTestExecutionListener.java:142)
	at org.springframework.test.context.support.DependencyInjectionTestExecutionListener.prepareTestInstance(DependencyInjectionTestExecutionListener.java:98)
	at org.springframework.test.context.TestContextManager.prepareTestInstance(TestContextManager.java:260)
	at org.springframework.test.context.junit.jupiter.SpringExtension.postProcessTestInstance(SpringExtension.java:160)
	at java.base/java.util.stream.ForEachOps$ForEachOp$OfRef.accept(ForEachOps.java:184)
	at java.base/java.util.stream.ReferencePipeline$3$1.accept(ReferencePipeline.java:197)
	at java.base/java.util.stream.ReferencePipeline$2$1.accept(ReferencePipeline.java:179)
	at java.base/java.util.stream.ReferencePipeline$3$1.accept(ReferencePipeline.java:197)
	at java.base/java.util.ArrayList$ArrayListSpliterator.forEachRemaining(ArrayList.java:1708)
	at java.base/java.util.stream.AbstractPipeline.copyInto(AbstractPipeline.java:509)
	at java.base/java.util.stream.AbstractPipeline.wrapAndCopyInto(AbstractPipeline.java:499)
	at java.base/java.util.stream.ForEachOps$ForEachOp.evaluateSequential(ForEachOps.java:151)
	at java.base/java.util.stream.ForEachOps$ForEachOp$OfRef.evaluateSequential(ForEachOps.java:174)
	at java.base/java.util.stream.AbstractPipeline.evaluate(AbstractPipeline.java:234)
	at java.base/java.util.stream.ReferencePipeline.forEach(ReferencePipeline.java:596)
	at java.base/java.util.Optional.orElseGet(Optional.java:364)
	at java.base/java.util.ArrayList.forEach(ArrayList.java:1596)
	at java.base/java.util.ArrayList.forEach(ArrayList.java:1596)

[ERROR] com.app.quantitymeasurement.QuantityMeasurementAppApplicationTests.testAddIncompatibleTypes_Returns400 -- Time elapsed: 0.001 s <<< ERROR!
java.lang.IllegalStateException: ApplicationContext failure threshold (1) exceeded: skipping repeated attempt to load context for [WebMergedContextConfiguration@2852fb2a testClass = com.app.quantitymeasurement.QuantityMeasurementAppApplicationTests, locations = [], classes = [com.app.quantitymeasurement.QuantityMeasurementAppApplication], contextInitializerClasses = [], activeProfiles = [], propertySourceDescriptors = [], propertySourceProperties = ["org.springframework.boot.test.context.SpringBootTestContextBootstrapper=true", "server.port=0"], contextCustomizers = [org.springframework.boot.test.context.filter.ExcludeFilterContextCustomizer@1d483de4, org.springframework.boot.test.json.DuplicateJsonObjectContextCustomizerFactory$DuplicateJsonObjectContextCustomizer@3b74ac8, org.springframework.boot.test.mock.mockito.MockitoContextCustomizer@0, org.springframework.boot.test.web.client.TestRestTemplateContextCustomizer@5be49b60, org.springframework.boot.test.web.reactor.netty.DisableReactorResourceFactoryGlobalResourcesContextCustomizerFactory$DisableReactorResourceFactoryGlobalResourcesContextCustomizerCustomizer@68f4865, org.springframework.boot.test.autoconfigure.OnFailureConditionReportContextCustomizerFactory$OnFailureConditionReportContextCustomizer@40317ba2, org.springframework.boot.test.autoconfigure.actuate.observability.ObservabilityContextCustomizerFactory$DisableObservabilityContextCustomizer@1f, org.springframework.boot.test.autoconfigure.properties.PropertyMappingContextCustomizer@0, org.springframework.boot.test.autoconfigure.web.servlet.WebDriverContextCustomizer@53251a66, org.springframework.test.context.support.DynamicPropertiesContextCustomizer@0, org.springframework.boot.test.context.SpringBootTestAnnotation@1bd4719a], resourceBasePath = "src/main/webapp", contextLoader = org.springframework.boot.test.context.SpringBootContextLoader, parent = null]
	at org.springframework.test.context.cache.DefaultCacheAwareContextLoaderDelegate.loadContext(DefaultCacheAwareContextLoaderDelegate.java:145)
	at org.springframework.test.context.support.DefaultTestContext.getApplicationContext(DefaultTestContext.java:130)
	at org.springframework.test.context.support.DependencyInjectionTestExecutionListener.injectDependencies(DependencyInjectionTestExecutionListener.java:142)
	at org.springframework.test.context.support.DependencyInjectionTestExecutionListener.prepareTestInstance(DependencyInjectionTestExecutionListener.java:98)
	at org.springframework.test.context.TestContextManager.prepareTestInstance(TestContextManager.java:260)
	at org.springframework.test.context.junit.jupiter.SpringExtension.postProcessTestInstance(SpringExtension.java:160)
	at java.base/java.util.stream.ForEachOps$ForEachOp$OfRef.accept(ForEachOps.java:184)
	at java.base/java.util.stream.ReferencePipeline$3$1.accept(ReferencePipeline.java:197)
	at java.base/java.util.stream.ReferencePipeline$2$1.accept(ReferencePipeline.java:179)
	at java.base/java.util.stream.ReferencePipeline$3$1.accept(ReferencePipeline.java:197)
	at java.base/java.util.ArrayList$ArrayListSpliterator.forEachRemaining(ArrayList.java:1708)
	at java.base/java.util.stream.AbstractPipeline.copyInto(AbstractPipeline.java:509)
	at java.base/java.util.stream.AbstractPipeline.wrapAndCopyInto(AbstractPipeline.java:499)
	at java.base/java.util.stream.ForEachOps$ForEachOp.evaluateSequential(ForEachOps.java:151)
	at java.base/java.util.stream.ForEachOps$ForEachOp$OfRef.evaluateSequential(ForEachOps.java:174)
	at java.base/java.util.stream.AbstractPipeline.evaluate(AbstractPipeline.java:234)
	at java.base/java.util.stream.ReferencePipeline.forEach(ReferencePipeline.java:596)
	at java.base/java.util.Optional.orElseGet(Optional.java:364)
	at java.base/java.util.ArrayList.forEach(ArrayList.java:1596)
	at java.base/java.util.ArrayList.forEach(ArrayList.java:1596)

[ERROR] com.app.quantitymeasurement.QuantityMeasurementAppApplicationTests.testGetErrorHistory -- Time elapsed: 0.001 s <<< ERROR!
java.lang.IllegalStateException: ApplicationContext failure threshold (1) exceeded: skipping repeated attempt to load context for [WebMergedContextConfiguration@2852fb2a testClass = com.app.quantitymeasurement.QuantityMeasurementAppApplicationTests, locations = [], classes = [com.app.quantitymeasurement.QuantityMeasurementAppApplication], contextInitializerClasses = [], activeProfiles = [], propertySourceDescriptors = [], propertySourceProperties = ["org.springframework.boot.test.context.SpringBootTestContextBootstrapper=true", "server.port=0"], contextCustomizers = [org.springframework.boot.test.context.filter.ExcludeFilterContextCustomizer@1d483de4, org.springframework.boot.test.json.DuplicateJsonObjectContextCustomizerFactory$DuplicateJsonObjectContextCustomizer@3b74ac8, org.springframework.boot.test.mock.mockito.MockitoContextCustomizer@0, org.springframework.boot.test.web.client.TestRestTemplateContextCustomizer@5be49b60, org.springframework.boot.test.web.reactor.netty.DisableReactorResourceFactoryGlobalResourcesContextCustomizerFactory$DisableReactorResourceFactoryGlobalResourcesContextCustomizerCustomizer@68f4865, org.springframework.boot.test.autoconfigure.OnFailureConditionReportContextCustomizerFactory$OnFailureConditionReportContextCustomizer@40317ba2, org.springframework.boot.test.autoconfigure.actuate.observability.ObservabilityContextCustomizerFactory$DisableObservabilityContextCustomizer@1f, org.springframework.boot.test.autoconfigure.properties.PropertyMappingContextCustomizer@0, org.springframework.boot.test.autoconfigure.web.servlet.WebDriverContextCustomizer@53251a66, org.springframework.test.context.support.DynamicPropertiesContextCustomizer@0, org.springframework.boot.test.context.SpringBootTestAnnotation@1bd4719a], resourceBasePath = "src/main/webapp", contextLoader = org.springframework.boot.test.context.SpringBootContextLoader, parent = null]
	at org.springframework.test.context.cache.DefaultCacheAwareContextLoaderDelegate.loadContext(DefaultCacheAwareContextLoaderDelegate.java:145)
	at org.springframework.test.context.support.DefaultTestContext.getApplicationContext(DefaultTestContext.java:130)
	at org.springframework.test.context.support.DependencyInjectionTestExecutionListener.injectDependencies(DependencyInjectionTestExecutionListener.java:142)
	at org.springframework.test.context.support.DependencyInjectionTestExecutionListener.prepareTestInstance(DependencyInjectionTestExecutionListener.java:98)
	at org.springframework.test.context.TestContextManager.prepareTestInstance(TestContextManager.java:260)
	at org.springframework.test.context.junit.jupiter.SpringExtension.postProcessTestInstance(SpringExtension.java:160)
	at java.base/java.util.stream.ForEachOps$ForEachOp$OfRef.accept(ForEachOps.java:184)
	at java.base/java.util.stream.ReferencePipeline$3$1.accept(ReferencePipeline.java:197)
	at java.base/java.util.stream.ReferencePipeline$2$1.accept(ReferencePipeline.java:179)
	at java.base/java.util.stream.ReferencePipeline$3$1.accept(ReferencePipeline.java:197)
	at java.base/java.util.ArrayList$ArrayListSpliterator.forEachRemaining(ArrayList.java:1708)
	at java.base/java.util.stream.AbstractPipeline.copyInto(AbstractPipeline.java:509)
	at java.base/java.util.stream.AbstractPipeline.wrapAndCopyInto(AbstractPipeline.java:499)
	at java.base/java.util.stream.ForEachOps$ForEachOp.evaluateSequential(ForEachOps.java:151)
	at java.base/java.util.stream.ForEachOps$ForEachOp$OfRef.evaluateSequential(ForEachOps.java:174)
	at java.base/java.util.stream.AbstractPipeline.evaluate(AbstractPipeline.java:234)
	at java.base/java.util.stream.ReferencePipeline.forEach(ReferencePipeline.java:596)
	at java.base/java.util.Optional.orElseGet(Optional.java:364)
	at java.base/java.util.ArrayList.forEach(ArrayList.java:1596)
	at java.base/java.util.ArrayList.forEach(ArrayList.java:1596)

[ERROR] com.app.quantitymeasurement.QuantityMeasurementAppApplicationTests.testActuatorHealth -- Time elapsed: 0.007 s <<< ERROR!
java.lang.IllegalStateException: ApplicationContext failure threshold (1) exceeded: skipping repeated attempt to load context for [WebMergedContextConfiguration@2852fb2a testClass = com.app.quantitymeasurement.QuantityMeasurementAppApplicationTests, locations = [], classes = [com.app.quantitymeasurement.QuantityMeasurementAppApplication], contextInitializerClasses = [], activeProfiles = [], propertySourceDescriptors = [], propertySourceProperties = ["org.springframework.boot.test.context.SpringBootTestContextBootstrapper=true", "server.port=0"], contextCustomizers = [org.springframework.boot.test.context.filter.ExcludeFilterContextCustomizer@1d483de4, org.springframework.boot.test.json.DuplicateJsonObjectContextCustomizerFactory$DuplicateJsonObjectContextCustomizer@3b74ac8, org.springframework.boot.test.mock.mockito.MockitoContextCustomizer@0, org.springframework.boot.test.web.client.TestRestTemplateContextCustomizer@5be49b60, org.springframework.boot.test.web.reactor.netty.DisableReactorResourceFactoryGlobalResourcesContextCustomizerFactory$DisableReactorResourceFactoryGlobalResourcesContextCustomizerCustomizer@68f4865, org.springframework.boot.test.autoconfigure.OnFailureConditionReportContextCustomizerFactory$OnFailureConditionReportContextCustomizer@40317ba2, org.springframework.boot.test.autoconfigure.actuate.observability.ObservabilityContextCustomizerFactory$DisableObservabilityContextCustomizer@1f, org.springframework.boot.test.autoconfigure.properties.PropertyMappingContextCustomizer@0, org.springframework.boot.test.autoconfigure.web.servlet.WebDriverContextCustomizer@53251a66, org.springframework.test.context.support.DynamicPropertiesContextCustomizer@0, org.springframework.boot.test.context.SpringBootTestAnnotation@1bd4719a], resourceBasePath = "src/main/webapp", contextLoader = org.springframework.boot.test.context.SpringBootContextLoader, parent = null]
	at org.springframework.test.context.cache.DefaultCacheAwareContextLoaderDelegate.loadContext(DefaultCacheAwareContextLoaderDelegate.java:145)
	at org.springframework.test.context.support.DefaultTestContext.getApplicationContext(DefaultTestContext.java:130)
	at org.springframework.test.context.support.DependencyInjectionTestExecutionListener.injectDependencies(DependencyInjectionTestExecutionListener.java:142)
	at org.springframework.test.context.support.DependencyInjectionTestExecutionListener.prepareTestInstance(DependencyInjectionTestExecutionListener.java:98)
	at org.springframework.test.context.TestContextManager.prepareTestInstance(TestContextManager.java:260)
	at org.springframework.test.context.junit.jupiter.SpringExtension.postProcessTestInstance(SpringExtension.java:160)
	at java.base/java.util.stream.ForEachOps$ForEachOp$OfRef.accept(ForEachOps.java:184)
	at java.base/java.util.stream.ReferencePipeline$3$1.accept(ReferencePipeline.java:197)
	at java.base/java.util.stream.ReferencePipeline$2$1.accept(ReferencePipeline.java:179)
	at java.base/java.util.stream.ReferencePipeline$3$1.accept(ReferencePipeline.java:197)
	at java.base/java.util.ArrayList$ArrayListSpliterator.forEachRemaining(ArrayList.java:1708)
	at java.base/java.util.stream.AbstractPipeline.copyInto(AbstractPipeline.java:509)
	at java.base/java.util.stream.AbstractPipeline.wrapAndCopyInto(AbstractPipeline.java:499)
	at java.base/java.util.stream.ForEachOps$ForEachOp.evaluateSequential(ForEachOps.java:151)
	at java.base/java.util.stream.ForEachOps$ForEachOp$OfRef.evaluateSequential(ForEachOps.java:174)
	at java.base/java.util.stream.AbstractPipeline.evaluate(AbstractPipeline.java:234)
	at java.base/java.util.stream.ReferencePipeline.forEach(ReferencePipeline.java:596)
	at java.base/java.util.Optional.orElseGet(Optional.java:364)
	at java.base/java.util.ArrayList.forEach(ArrayList.java:1596)
	at java.base/java.util.ArrayList.forEach(ArrayList.java:1596)

[ERROR] com.app.quantitymeasurement.QuantityMeasurementAppApplicationTests.testCompareWeightQuantities -- Time elapsed: 0.003 s <<< ERROR!
java.lang.IllegalStateException: ApplicationContext failure threshold (1) exceeded: skipping repeated attempt to load context for [WebMergedContextConfiguration@2852fb2a testClass = com.app.quantitymeasurement.QuantityMeasurementAppApplicationTests, locations = [], classes = [com.app.quantitymeasurement.QuantityMeasurementAppApplication], contextInitializerClasses = [], activeProfiles = [], propertySourceDescriptors = [], propertySourceProperties = ["org.springframework.boot.test.context.SpringBootTestContextBootstrapper=true", "server.port=0"], contextCustomizers = [org.springframework.boot.test.context.filter.ExcludeFilterContextCustomizer@1d483de4, org.springframework.boot.test.json.DuplicateJsonObjectContextCustomizerFactory$DuplicateJsonObjectContextCustomizer@3b74ac8, org.springframework.boot.test.mock.mockito.MockitoContextCustomizer@0, org.springframework.boot.test.web.client.TestRestTemplateContextCustomizer@5be49b60, org.springframework.boot.test.web.reactor.netty.DisableReactorResourceFactoryGlobalResourcesContextCustomizerFactory$DisableReactorResourceFactoryGlobalResourcesContextCustomizerCustomizer@68f4865, org.springframework.boot.test.autoconfigure.OnFailureConditionReportContextCustomizerFactory$OnFailureConditionReportContextCustomizer@40317ba2, org.springframework.boot.test.autoconfigure.actuate.observability.ObservabilityContextCustomizerFactory$DisableObservabilityContextCustomizer@1f, org.springframework.boot.test.autoconfigure.properties.PropertyMappingContextCustomizer@0, org.springframework.boot.test.autoconfigure.web.servlet.WebDriverContextCustomizer@53251a66, org.springframework.test.context.support.DynamicPropertiesContextCustomizer@0, org.springframework.boot.test.context.SpringBootTestAnnotation@1bd4719a], resourceBasePath = "src/main/webapp", contextLoader = org.springframework.boot.test.context.SpringBootContextLoader, parent = null]
	at org.springframework.test.context.cache.DefaultCacheAwareContextLoaderDelegate.loadContext(DefaultCacheAwareContextLoaderDelegate.java:145)
	at org.springframework.test.context.support.DefaultTestContext.getApplicationContext(DefaultTestContext.java:130)
	at org.springframework.test.context.support.DependencyInjectionTestExecutionListener.injectDependencies(DependencyInjectionTestExecutionListener.java:142)
	at org.springframework.test.context.support.DependencyInjectionTestExecutionListener.prepareTestInstance(DependencyInjectionTestExecutionListener.java:98)
	at org.springframework.test.context.TestContextManager.prepareTestInstance(TestContextManager.java:260)
	at org.springframework.test.context.junit.jupiter.SpringExtension.postProcessTestInstance(SpringExtension.java:160)
	at java.base/java.util.stream.ForEachOps$ForEachOp$OfRef.accept(ForEachOps.java:184)
	at java.base/java.util.stream.ReferencePipeline$3$1.accept(ReferencePipeline.java:197)
	at java.base/java.util.stream.ReferencePipeline$2$1.accept(ReferencePipeline.java:179)
	at java.base/java.util.stream.ReferencePipeline$3$1.accept(ReferencePipeline.java:197)
	at java.base/java.util.ArrayList$ArrayListSpliterator.forEachRemaining(ArrayList.java:1708)
	at java.base/java.util.stream.AbstractPipeline.copyInto(AbstractPipeline.java:509)
	at java.base/java.util.stream.AbstractPipeline.wrapAndCopyInto(AbstractPipeline.java:499)
	at java.base/java.util.stream.ForEachOps$ForEachOp.evaluateSequential(ForEachOps.java:151)
	at java.base/java.util.stream.ForEachOps$ForEachOp$OfRef.evaluateSequential(ForEachOps.java:174)
	at java.base/java.util.stream.AbstractPipeline.evaluate(AbstractPipeline.java:234)
	at java.base/java.util.stream.ReferencePipeline.forEach(ReferencePipeline.java:596)
	at java.base/java.util.Optional.orElseGet(Optional.java:364)
	at java.base/java.util.ArrayList.forEach(ArrayList.java:1596)
	at java.base/java.util.ArrayList.forEach(ArrayList.java:1596)

[ERROR] com.app.quantitymeasurement.QuantityMeasurementAppApplicationTests.testConvertTemperature -- Time elapsed: 0.002 s <<< ERROR!
java.lang.IllegalStateException: ApplicationContext failure threshold (1) exceeded: skipping repeated attempt to load context for [WebMergedContextConfiguration@2852fb2a testClass = com.app.quantitymeasurement.QuantityMeasurementAppApplicationTests, locations = [], classes = [com.app.quantitymeasurement.QuantityMeasurementAppApplication], contextInitializerClasses = [], activeProfiles = [], propertySourceDescriptors = [], propertySourceProperties = ["org.springframework.boot.test.context.SpringBootTestContextBootstrapper=true", "server.port=0"], contextCustomizers = [org.springframework.boot.test.context.filter.ExcludeFilterContextCustomizer@1d483de4, org.springframework.boot.test.json.DuplicateJsonObjectContextCustomizerFactory$DuplicateJsonObjectContextCustomizer@3b74ac8, org.springframework.boot.test.mock.mockito.MockitoContextCustomizer@0, org.springframework.boot.test.web.client.TestRestTemplateContextCustomizer@5be49b60, org.springframework.boot.test.web.reactor.netty.DisableReactorResourceFactoryGlobalResourcesContextCustomizerFactory$DisableReactorResourceFactoryGlobalResourcesContextCustomizerCustomizer@68f4865, org.springframework.boot.test.autoconfigure.OnFailureConditionReportContextCustomizerFactory$OnFailureConditionReportContextCustomizer@40317ba2, org.springframework.boot.test.autoconfigure.actuate.observability.ObservabilityContextCustomizerFactory$DisableObservabilityContextCustomizer@1f, org.springframework.boot.test.autoconfigure.properties.PropertyMappingContextCustomizer@0, org.springframework.boot.test.autoconfigure.web.servlet.WebDriverContextCustomizer@53251a66, org.springframework.test.context.support.DynamicPropertiesContextCustomizer@0, org.springframework.boot.test.context.SpringBootTestAnnotation@1bd4719a], resourceBasePath = "src/main/webapp", contextLoader = org.springframework.boot.test.context.SpringBootContextLoader, parent = null]
	at org.springframework.test.context.cache.DefaultCacheAwareContextLoaderDelegate.loadContext(DefaultCacheAwareContextLoaderDelegate.java:145)
	at org.springframework.test.context.support.DefaultTestContext.getApplicationContext(DefaultTestContext.java:130)
	at org.springframework.test.context.support.DependencyInjectionTestExecutionListener.injectDependencies(DependencyInjectionTestExecutionListener.java:142)
	at org.springframework.test.context.support.DependencyInjectionTestExecutionListener.prepareTestInstance(DependencyInjectionTestExecutionListener.java:98)
	at org.springframework.test.context.TestContextManager.prepareTestInstance(TestContextManager.java:260)
	at org.springframework.test.context.junit.jupiter.SpringExtension.postProcessTestInstance(SpringExtension.java:160)
	at java.base/java.util.stream.ForEachOps$ForEachOp$OfRef.accept(ForEachOps.java:184)
	at java.base/java.util.stream.ReferencePipeline$3$1.accept(ReferencePipeline.java:197)
	at java.base/java.util.stream.ReferencePipeline$2$1.accept(ReferencePipeline.java:179)
	at java.base/java.util.stream.ReferencePipeline$3$1.accept(ReferencePipeline.java:197)
	at java.base/java.util.ArrayList$ArrayListSpliterator.forEachRemaining(ArrayList.java:1708)
	at java.base/java.util.stream.AbstractPipeline.copyInto(AbstractPipeline.java:509)
	at java.base/java.util.stream.AbstractPipeline.wrapAndCopyInto(AbstractPipeline.java:499)
	at java.base/java.util.stream.ForEachOps$ForEachOp.evaluateSequential(ForEachOps.java:151)
	at java.base/java.util.stream.ForEachOps$ForEachOp$OfRef.evaluateSequential(ForEachOps.java:174)
	at java.base/java.util.stream.AbstractPipeline.evaluate(AbstractPipeline.java:234)
	at java.base/java.util.stream.ReferencePipeline.forEach(ReferencePipeline.java:596)
	at java.base/java.util.Optional.orElseGet(Optional.java:364)
	at java.base/java.util.ArrayList.forEach(ArrayList.java:1596)
	at java.base/java.util.ArrayList.forEach(ArrayList.java:1596)

[INFO] Running com.app.quantitymeasurement.QuantityMeasurementControllerTest
2026-03-31T15:20:04.815+05:30  INFO 2120 --- [quantity-measurement-app] [           main] t.c.s.AnnotationConfigContextLoaderUtils : Could not detect default configuration classes for test class [com.app.quantitymeasurement.QuantityMeasurementControllerTest]: QuantityMeasurementControllerTest does not declare any static, non-private, non-final, nested classes annotated with @Configuration.
2026-03-31T15:20:04.860+05:30  INFO 2120 --- [quantity-measurement-app] [           main] .b.t.c.SpringBootTestContextBootstrapper : Found @SpringBootConfiguration com.app.quantitymeasurement.QuantityMeasurementAppApplication for test class com.app.quantitymeasurement.QuantityMeasurementControllerTest

  .   ____          _            __ _ _
 /\\ / ___'_ __ _ _(_)_ __  __ _ \ \ \ \
( ( )\___ | '_ | '_| | '_ \/ _` | \ \ \ \
 \\/  ___)| |_)| | | | | || (_| |  ) ) ) )
  '  |____| .__|_| |_|_| |_\__, | / / / /
 =========|_|==============|___/=/_/_/_/

 :: Spring Boot ::                (v3.4.1)

2026-03-31T15:20:04.967+05:30  INFO 2120 --- [quantity-measurement-app] [           main] c.a.q.QuantityMeasurementControllerTest  : Starting QuantityMeasurementControllerTest using Java 21.0.10 with PID 2120 (started by Abhinav in E:\QuantityMeasurementApp)
2026-03-31T15:20:04.967+05:30 DEBUG 2120 --- [quantity-measurement-app] [           main] c.a.q.QuantityMeasurementControllerTest  : Running with Spring Boot v3.4.1, Spring v6.2.1
2026-03-31T15:20:04.969+05:30  INFO 2120 --- [quantity-measurement-app] [           main] c.a.q.QuantityMeasurementControllerTest  : No active profile set, falling back to 1 default profile: "default"
2026-03-31T15:20:04.976+05:30 DEBUG 2120 --- [quantity-measurement-app] [           main] o.s.w.c.s.GenericWebApplicationContext   : Refreshing org.springframework.web.context.support.GenericWebApplicationContext@23cd4444
Mockito is currently 
self-attaching to 
enable the 
inline-mock-maker. This 
will no longer work in 
future releases of the 
JDK. Please add Mockito 
as an agent to your 
build what is described 
in Mockito's 
documentation: https://j
avadoc.io/doc/org.mockit
o/mockito-core/latest/or
g/mockito/Mockito.html#0
.3
Java HotSpot(TM) 64-Bit 
Server VM warning: 
Sharing is only 
supported for boot 
loader classes because 
bootstrap classpath has 
been appended
WARNING: A Java agent 
has been loaded 
dynamically (C:\Users\Ab
hinav\.m2\repository\net
\bytebuddy\byte-buddy-ag
ent\1.15.11\byte-buddy-a
gent-1.15.11.jar)
WARNING: If a 
serviceability tool is 
in use, please run with 
-XX:+EnableDynamicAgentL
oading to hide this 
warning
WARNING: If a 
serviceability tool is 
not in use, please run 
with -Djdk.instrument.tr
aceUsage for more 
information
WARNING: Dynamic 
loading of agents will 
be disallowed by 
default in a future 
release
2026-03-31T15:20:08.667+05:30  INFO 2120 --- [quantity-measurement-app] [           main] eAuthenticationProviderManagerConfigurer : Global AuthenticationManager configured with AuthenticationProvider bean with name authenticationProvider
2026-03-31T15:20:08.669+05:30  WARN 2120 --- [quantity-measurement-app] [           main] r$InitializeUserDetailsManagerConfigurer : Global AuthenticationManager configured with an AuthenticationProvider bean. UserDetailsService beans will not be used by Spring Security for automatically configuring username/password login. Consider removing the AuthenticationProvider bean. Alternatively, consider using the UserDetailsService in a manually instantiated DaoAuthenticationProvider. If the current configuration is intentional, to turn off this warning, increase the logging level of 'org.springframework.security.config.annotation.authentication.configuration.InitializeUserDetailsBeanManagerConfigurer' to ERROR
2026-03-31T15:20:09.003+05:30 DEBUG 2120 --- [quantity-measurement-app] [           main] s.w.s.m.m.a.RequestMappingHandlerMapping : 11 mappings in 'requestMappingHandlerMapping'
2026-03-31T15:20:09.700+05:30 DEBUG 2120 --- [quantity-measurement-app] [           main] o.s.w.s.handler.SimpleUrlHandlerMapping  : Patterns [/webjars/**, /**] in 'resourceHandlerMapping'
2026-03-31T15:20:09.781+05:30  WARN 2120 --- [quantity-measurement-app] [           main] o.s.w.c.s.GenericWebApplicationContext   : Exception encountered during context initialization - cancelling refresh attempt: org.springframework.beans.factory.UnsatisfiedDependencyException: Error creating bean with name 'org.springframework.security.config.annotation.web.configuration.WebSecurityConfiguration': Unsatisfied dependency expressed through method 'setFilterChains' parameter 0: Error creating bean with name 'securityFilterChain' defined in class path resource [com/app/quantitymeasurement/config/SecurityConfig.class]: Failed to instantiate [org.springframework.security.web.SecurityFilterChain]: Factory method 'securityFilterChain' threw exception with message: Error creating bean with name 'authenticationJwtTokenFilter': Unsatisfied dependency expressed through field 'jwtUtils': No qualifying bean of type 'com.app.quantitymeasurement.security.JwtUtils' available: expected at least 1 bean which qualifies as autowire candidate. Dependency annotations: {@org.springframework.beans.factory.annotation.Autowired(required=true)}



========================
====
CONDITIONS EVALUATION 
REPORT
========================
====


Positive matches:
-----------------

   ErrorMvcAutoConfigura
tion matched:
      - 
@ConditionalOnClass 
found required classes '
jakarta.servlet.Servlet'
, 'org.springframework.w
eb.servlet.DispatcherSer
vlet' (OnClassCondition)
      - found 'session' 
scope (OnWebApplicationC
ondition)

   ErrorMvcAutoConfigura
tion#basicErrorControlle
r matched:
      - @ConditionalOnMi
ssingBean (types: org.sp
ringframework.boot.web.s
ervlet.error.ErrorContro
ller; SearchStrategy: 
current) did not find 
any beans 
(OnBeanCondition)

   ErrorMvcAutoConfigura
tion#errorAttributes 
matched:
      - @ConditionalOnMi
ssingBean (types: org.sp
ringframework.boot.web.s
ervlet.error.ErrorAttrib
utes; SearchStrategy: 
current) did not find 
any beans 
(OnBeanCondition)

   ErrorMvcAutoConfigura
tion.WhitelabelErrorView
Configuration matched:
      - 
@ConditionalOnProperty (
server.error.whitelabel.
enabled) matched 
(OnPropertyCondition)
      - ErrorTemplate 
Missing did not find 
error template view (Err
orMvcAutoConfiguration.E
rrorTemplateMissingCondi
tion)

   ErrorMvcAutoConfigura
tion.WhitelabelErrorView
Configuration#beanNameVi
ewResolver matched:
      - @ConditionalOnMi
ssingBean (types: org.sp
ringframework.web.servle
t.view.BeanNameViewResol
ver; SearchStrategy: 
all) did not find any 
beans (OnBeanCondition)

   ErrorMvcAutoConfigura
tion.WhitelabelErrorView
Configuration#defaultErr
orView matched:
      - @ConditionalOnMi
ssingBean (names: 
error; SearchStrategy: 
all) did not find any 
beans (OnBeanCondition)

   HttpEncodingAutoConfi
guration matched:
      - 
@ConditionalOnClass 
found required class 'or
g.springframework.web.fi
lter.CharacterEncodingFi
lter' (OnClassCondition)
      - found 'session' 
scope (OnWebApplicationC
ondition)
      - 
@ConditionalOnProperty (
server.servlet.encoding.
enabled) matched 
(OnPropertyCondition)

   HttpEncodingAutoConfi
guration#characterEncodi
ngFilter matched:
      - @ConditionalOnMi
ssingBean (types: org.sp
ringframework.web.filter
.CharacterEncodingFilter
; SearchStrategy: all) 
did not find any beans 
(OnBeanCondition)

   HttpMessageConverters
AutoConfiguration 
matched:
      - 
@ConditionalOnClass 
found required class 'or
g.springframework.http.c
onverter.HttpMessageConv
erter' 
(OnClassCondition)
      - 
NoneNestedConditions 0 
matched 1 did not; 
NestedCondition on HttpM
essageConvertersAutoConf
iguration.NotReactiveWeb
ApplicationCondition.Rea
ctiveWebApplication did 
not find reactive web 
application classes (Htt
pMessageConvertersAutoCo
nfiguration.NotReactiveW
ebApplicationCondition)

   HttpMessageConverters
AutoConfiguration#messag
eConverters matched:
      - @ConditionalOnMi
ssingBean (types: org.sp
ringframework.boot.autoc
onfigure.http.HttpMessag
eConverters; 
SearchStrategy: all) 
did not find any beans 
(OnBeanCondition)

   HttpMessageConverters
AutoConfiguration.String
HttpMessageConverterConf
iguration matched:
      - 
@ConditionalOnClass 
found required class 'or
g.springframework.http.c
onverter.StringHttpMessa
geConverter' 
(OnClassCondition)

   HttpMessageConverters
AutoConfiguration.String
HttpMessageConverterConf
iguration#stringHttpMess
ageConverter matched:
      - @ConditionalOnMi
ssingBean (types: org.sp
ringframework.http.conve
rter.StringHttpMessageCo
nverter; 
SearchStrategy: all) 
did not find any beans 
(OnBeanCondition)

   JacksonAutoConfigurat
ion matched:
      - 
@ConditionalOnClass 
found required class 'co
m.fasterxml.jackson.data
bind.ObjectMapper' 
(OnClassCondition)

   JacksonAutoConfigurat
ion.Jackson2ObjectMapper
BuilderCustomizerConfigu
ration matched:
      - 
@ConditionalOnClass 
found required class 'or
g.springframework.http.c
onverter.json.Jackson2Ob
jectMapperBuilder' 
(OnClassCondition)

   JacksonAutoConfigurat
ion.JacksonObjectMapperB
uilderConfiguration 
matched:
      - 
@ConditionalOnClass 
found required class 'or
g.springframework.http.c
onverter.json.Jackson2Ob
jectMapperBuilder' 
(OnClassCondition)

   JacksonAutoConfigurat
ion.JacksonObjectMapperB
uilderConfiguration#jack
sonObjectMapperBuilder 
matched:
      - @ConditionalOnMi
ssingBean (types: org.sp
ringframework.http.conve
rter.json.Jackson2Object
MapperBuilder; 
SearchStrategy: all) 
did not find any beans 
(OnBeanCondition)

   JacksonAutoConfigurat
ion.JacksonObjectMapperC
onfiguration matched:
      - 
@ConditionalOnClass 
found required class 'or
g.springframework.http.c
onverter.json.Jackson2Ob
jectMapperBuilder' 
(OnClassCondition)

   JacksonAutoConfigurat
ion.JacksonObjectMapperC
onfiguration#jacksonObje
ctMapper matched:
      - @ConditionalOnMi
ssingBean (types: com.fa
sterxml.jackson.databind
.ObjectMapper; 
SearchStrategy: all) 
did not find any beans 
(OnBeanCondition)

   JacksonAutoConfigurat
ion.ParameterNamesModule
Configuration matched:
      - 
@ConditionalOnClass 
found required class 'co
m.fasterxml.jackson.modu
le.paramnames.ParameterN
amesModule' 
(OnClassCondition)

   JacksonAutoConfigurat
ion.ParameterNamesModule
Configuration#parameterN
amesModule matched:
      - @ConditionalOnMi
ssingBean (types: com.fa
sterxml.jackson.module.p
aramnames.ParameterNames
Module; SearchStrategy: 
all) did not find any 
beans (OnBeanCondition)

   JacksonHttpMessageCon
vertersConfiguration.Map
pingJackson2HttpMessageC
onverterConfiguration 
matched:
      - 
@ConditionalOnClass 
found required class 'co
m.fasterxml.jackson.data
bind.ObjectMapper' 
(OnClassCondition)
      - 
@ConditionalOnProperty (
spring.mvc.converters.pr
eferred-json-mapper=jack
son) matched 
(OnPropertyCondition)
      - 
@ConditionalOnBean 
(types: com.fasterxml.ja
ckson.databind.ObjectMap
per; SearchStrategy: 
all) found bean 
'jacksonObjectMapper' 
(OnBeanCondition)

   JacksonHttpMessageCon
vertersConfiguration.Map
pingJackson2HttpMessageC
onverterConfiguration#ma
ppingJackson2HttpMessage
Converter matched:
      - @ConditionalOnMi
ssingBean (types: org.sp
ringframework.http.conve
rter.json.MappingJackson
2HttpMessageConverter 
ignored: org.springframe
work.hateoas.server.mvc.
TypeConstrainedMappingJa
ckson2HttpMessageConvert
er,org.springframework.d
ata.rest.webmvc.alps.Alp
sJsonHttpMessageConverte
r; SearchStrategy: all) 
did not find any beans 
(OnBeanCondition)

   MockMvcAutoConfigurat
ion matched:
      - found 'session' 
scope (OnWebApplicationC
ondition)

   MockMvcAutoConfigurat
ion#dispatcherServlet 
matched:
      - @ConditionalOnMi
ssingBean (types: org.sp
ringframework.web.servle
t.DispatcherServlet; 
SearchStrategy: all) 
did not find any beans 
(OnBeanCondition)

   MockMvcAutoConfigurat
ion#dispatcherServletPat
h matched:
      - @ConditionalOnMi
ssingBean (types: org.sp
ringframework.boot.autoc
onfigure.web.servlet.Dis
patcherServletPath; 
SearchStrategy: all) 
did not find any beans 
(OnBeanCondition)

   MockMvcConfiguration#
mockMvc matched:
      - @ConditionalOnMi
ssingBean (types: org.sp
ringframework.test.web.s
ervlet.MockMvc; 
SearchStrategy: all) 
did not find any beans 
(OnBeanCondition)

   MockMvcConfiguration#
mockMvcBuilder matched:
      - @ConditionalOnMi
ssingBean (types: org.sp
ringframework.test.web.s
ervlet.MockMvcBuilder; 
SearchStrategy: all) 
did not find any beans 
(OnBeanCondition)

   MockMvcSecurityConfig
uration matched:
      - 
@ConditionalOnClass 
found required class 'or
g.springframework.securi
ty.test.web.servlet.requ
est.SecurityMockMvcReque
stPostProcessors' 
(OnClassCondition)

   MockMvcSecurityConfig
uration#securityMockMvcB
uilderCustomizer 
matched:
      - 
@ConditionalOnBean 
(names: springSecurityFi
lterChain; 
SearchStrategy: all) 
found bean 'springSecuri
tyFilterChain' 
(OnBeanCondition)

   MockMvcTesterConfigur
ation matched:
      - 
@ConditionalOnClass 
found required class 'or
g.assertj.core.api.Asser
t' (OnClassCondition)

   MockMvcTesterConfigur
ation#mockMvcTester 
matched:
      - @ConditionalOnMi
ssingBean (types: org.sp
ringframework.test.web.s
ervlet.assertj.MockMvcTe
ster; SearchStrategy: 
all) did not find any 
beans (OnBeanCondition)

   
NoOpCacheConfiguration 
matched:
      - Cache org.spring
framework.boot.autoconfi
gure.cache.NoOpCacheConf
iguration NONE cache 
type (CacheCondition)

   OAuth2ClientAutoConfi
guration matched:
      - 
@ConditionalOnClass 
found required classes '
org.springframework.secu
rity.config.annotation.w
eb.configuration.EnableW
ebSecurity', 'org.spring
framework.security.oauth
2.client.registration.Cl
ientRegistration' 
(OnClassCondition)
      - found 'session' 
scope (OnWebApplicationC
ondition)

   SecurityAutoConfigura
tion matched:
      - 
@ConditionalOnClass 
found required class 'or
g.springframework.securi
ty.authentication.Defaul
tAuthenticationEventPubl
isher' 
(OnClassCondition)

   SecurityAutoConfigura
tion#authenticationEvent
Publisher matched:
      - @ConditionalOnMi
ssingBean (types: org.sp
ringframework.security.a
uthentication.Authentica
tionEventPublisher; 
SearchStrategy: all) 
did not find any beans 
(OnBeanCondition)

   SecurityFilterAutoCon
figuration matched:
      - 
@ConditionalOnClass 
found required classes '
org.springframework.secu
rity.web.context.Abstrac
tSecurityWebApplicationI
nitializer', 'org.spring
framework.security.confi
g.http.SessionCreationPo
licy' (OnClassCondition)
      - found 'session' 
scope (OnWebApplicationC
ondition)

   SecurityFilterAutoCon
figuration#securityFilte
rChainRegistration 
matched:
      - 
@ConditionalOnBean 
(names: springSecurityFi
lterChain; 
SearchStrategy: all) 
found bean 'springSecuri
tyFilterChain' 
(OnBeanCondition)

   SpringBootWebSecurity
Configuration matched:
      - found 'session' 
scope (OnWebApplicationC
ondition)

   SpringDataWebAutoConf
iguration matched:
      - 
@ConditionalOnClass 
found required classes '
org.springframework.data
.web.PageableHandlerMeth
odArgumentResolver', 'or
g.springframework.web.se
rvlet.config.annotation.
WebMvcConfigurer' 
(OnClassCondition)
      - found 'session' 
scope (OnWebApplicationC
ondition)
      - @ConditionalOnMi
ssingBean (types: org.sp
ringframework.data.web.P
ageableHandlerMethodArgu
mentResolver; 
SearchStrategy: all) 
did not find any beans 
(OnBeanCondition)

   SpringDataWebAutoConf
iguration#pageableCustom
izer matched:
      - @ConditionalOnMi
ssingBean (types: org.sp
ringframework.data.web.c
onfig.PageableHandlerMet
hodArgumentResolverCusto
mizer; SearchStrategy: 
all) did not find any 
beans (OnBeanCondition)

   SpringDataWebAutoConf
iguration#sortCustomizer
 matched:
      - @ConditionalOnMi
ssingBean (types: org.sp
ringframework.data.web.c
onfig.SortHandlerMethodA
rgumentResolverCustomize
r; SearchStrategy: all) 
did not find any beans 
(OnBeanCondition)

   SpringDataWebAutoConf
iguration#springDataWebS
ettings matched:
      - @ConditionalOnMi
ssingBean (types: org.sp
ringframework.data.web.c
onfig.SpringDataWebSetti
ngs; SearchStrategy: 
all) did not find any 
beans (OnBeanCondition)

   TaskExecutionAutoConf
iguration matched:
      - 
@ConditionalOnClass 
found required class 'or
g.springframework.schedu
ling.concurrent.ThreadPo
olTaskExecutor' 
(OnClassCondition)

   TaskExecutorConfigura
tions.SimpleAsyncTaskExe
cutorBuilderConfiguratio
n#simpleAsyncTaskExecuto
rBuilder matched:
      - @ConditionalOnMi
ssingBean (types: org.sp
ringframework.boot.task.
SimpleAsyncTaskExecutorB
uilder; SearchStrategy: 
all) did not find any 
beans (OnBeanCondition)
      - 
@ConditionalOnThreading 
found PLATFORM 
(OnThreadingCondition)

   TaskExecutorConfigura
tions.TaskExecutorConfig
uration matched:
      - @ConditionalOnMi
ssingBean (types: java.u
til.concurrent.Executor;
 SearchStrategy: all) 
did not find any beans 
(OnBeanCondition)

   TaskExecutorConfigura
tions.TaskExecutorConfig
uration#applicationTaskE
xecutor matched:
      - 
@ConditionalOnThreading 
found PLATFORM 
(OnThreadingCondition)

   TaskExecutorConfigura
tions.ThreadPoolTaskExec
utorBuilderConfiguration
#threadPoolTaskExecutorB
uilder matched:
      - @ConditionalOnMi
ssingBean (types: org.sp
ringframework.boot.task.
ThreadPoolTaskExecutorBu
ilder; SearchStrategy: 
all) did not find any 
beans (OnBeanCondition)

   ValidationAutoConfigu
ration matched:
      - 
@ConditionalOnClass 
found required class 'ja
karta.validation.executa
ble.ExecutableValidator'
 (OnClassCondition)
      - 
@ConditionalOnResource 
found location classpath
:META-INF/services/jakar
ta.validation.spi.Valida
tionProvider 
(OnResourceCondition)

   ValidationAutoConfigu
ration#defaultValidator 
matched:
      - @ConditionalOnMi
ssingBean (types: jakart
a.validation.Validator; 
SearchStrategy: all) 
did not find any beans 
(OnBeanCondition)

   ValidationAutoConfigu
ration#methodValidationP
ostProcessor matched:
      - @ConditionalOnMi
ssingBean (types: org.sp
ringframework.validation
.beanvalidation.MethodVa
lidationPostProcessor; 
SearchStrategy: 
current) did not find 
any beans 
(OnBeanCondition)

   
WebMvcAutoConfiguration 
matched:
      - 
@ConditionalOnClass 
found required classes '
jakarta.servlet.Servlet'
, 'org.springframework.w
eb.servlet.DispatcherSer
vlet', 'org.springframew
ork.web.servlet.config.a
nnotation.WebMvcConfigur
er' (OnClassCondition)
      - found 'session' 
scope (OnWebApplicationC
ondition)
      - @ConditionalOnMi
ssingBean (types: org.sp
ringframework.web.servle
t.config.annotation.WebM
vcConfigurationSupport; 
SearchStrategy: all) 
did not find any beans 
(OnBeanCondition)

   WebMvcAutoConfigurati
on#formContentFilter 
matched:
      - 
@ConditionalOnProperty (
spring.mvc.formcontent.f
ilter.enabled) matched 
(OnPropertyCondition)
      - @ConditionalOnMi
ssingBean (types: org.sp
ringframework.web.filter
.FormContentFilter; 
SearchStrategy: all) 
did not find any beans 
(OnBeanCondition)

   WebMvcAutoConfigurati
on.EnableWebMvcConfigura
tion#flashMapManager 
matched:
      - @ConditionalOnMi
ssingBean (names: 
flashMapManager; 
SearchStrategy: all) 
did not find any beans 
(OnBeanCondition)

   WebMvcAutoConfigurati
on.EnableWebMvcConfigura
tion#localeResolver 
matched:
      - @ConditionalOnMi
ssingBean (names: 
localeResolver; 
SearchStrategy: all) 
did not find any beans 
(OnBeanCondition)

   WebMvcAutoConfigurati
on.EnableWebMvcConfigura
tion#themeResolver 
matched:
      - @ConditionalOnMi
ssingBean (names: 
themeResolver; 
SearchStrategy: all) 
did not find any beans 
(OnBeanCondition)

   WebMvcAutoConfigurati
on.EnableWebMvcConfigura
tion#viewNameTranslator 
matched:
      - @ConditionalOnMi
ssingBean (names: 
viewNameTranslator; 
SearchStrategy: all) 
did not find any beans 
(OnBeanCondition)

   WebMvcAutoConfigurati
on.ResourceChainCustomiz
erConfiguration matched:
      - @ConditionalOnEn
abledResourceChain 
found class org.webjars.
WebJarVersionLocator (On
EnabledResourceChainCond
ition)

   WebMvcAutoConfigurati
on.WebMvcAutoConfigurati
onAdapter#defaultViewRes
olver matched:
      - @ConditionalOnMi
ssingBean (types: org.sp
ringframework.web.servle
t.view.InternalResourceV
iewResolver; 
SearchStrategy: all) 
did not find any beans 
(OnBeanCondition)

   WebMvcAutoConfigurati
on.WebMvcAutoConfigurati
onAdapter#requestContext
Filter matched:
      - @ConditionalOnMi
ssingBean (types: org.sp
ringframework.web.contex
t.request.RequestContext
Listener,org.springframe
work.web.filter.RequestC
ontextFilter; 
SearchStrategy: all) 
did not find any beans 
(OnBeanCondition)

   WebMvcAutoConfigurati
on.WebMvcAutoConfigurati
onAdapter#viewResolver 
matched:
      - 
@ConditionalOnBean 
(types: org.springframew
ork.web.servlet.ViewReso
lver; SearchStrategy: 
all) found beans 
'defaultViewResolver', 
'beanNameViewResolver', 
'mvcViewResolver'; @Cond
itionalOnMissingBean 
(names: viewResolver 
types: org.springframewo
rk.web.servlet.view.Cont
entNegotiatingViewResolv
er; SearchStrategy: 
all) did not find any 
beans (OnBeanCondition)


Negative matches:
-----------------

   Cache2kCacheConfigura
tion:
      Did not match:
         - 
@ConditionalOnClass did 
not find required class 
'org.cache2k.Cache2kBuil
der' (OnClassCondition)

   
CacheAutoConfiguration:
      Did not match:
         - 
@ConditionalOnBean 
(types: org.springframew
ork.cache.interceptor.Ca
cheAspectSupport; 
SearchStrategy: all) 
did not find any beans 
of type org.springframew
ork.cache.interceptor.Ca
cheAspectSupport 
(OnBeanCondition)
      Matched:
         - 
@ConditionalOnClass 
found required class 'or
g.springframework.cache.
CacheManager' 
(OnClassCondition)

   CacheAutoConfiguratio
n.CacheManagerEntityMana
gerFactoryDependsOnPostP
rocessor:
      Did not match:
         - Ancestor org.
springframework.boot.aut
oconfigure.cache.CacheAu
toConfiguration did not 
match (ConditionEvaluati
onReport.AncestorsMatche
dCondition)
      Matched:
         - 
@ConditionalOnClass 
found required class 'or
g.springframework.orm.jp
a.LocalContainerEntityMa
nagerFactoryBean' 
(OnClassCondition)

   CaffeineCacheConfigur
ation:
      Did not match:
         - 
@ConditionalOnClass did 
not find required class 
'com.github.benmanes.caf
feine.cache.Caffeine' 
(OnClassCondition)

   CouchbaseCacheConfigu
ration:
      Did not match:
         - 
@ConditionalOnClass did 
not find required class 
'com.couchbase.client.ja
va.Cluster' 
(OnClassCondition)

   ErrorMvcAutoConfigura
tion.DefaultErrorViewRes
olverConfiguration#conve
ntionErrorViewResolver:
      Did not match:
         - 
@ConditionalOnBean 
(types: org.springframew
ork.web.servlet.Dispatch
erServlet; 
SearchStrategy: all) 
did not find any beans 
of type org.springframew
ork.web.servlet.Dispatch
erServlet 
(OnBeanCondition)

   FreeMarkerAutoConfigu
ration:
      Did not match:
         - 
@ConditionalOnClass did 
not find required class 
'freemarker.template.Con
figuration' 
(OnClassCondition)

   GenericCacheConfigura
tion:
      Did not match:
         - Cache org.spr
ingframework.boot.autoco
nfigure.cache.GenericCac
heConfiguration unknown 
cache type 
(CacheCondition)

   GroovyTemplateAutoCon
figuration:
      Did not match:
         - 
@ConditionalOnClass did 
not find required class 
'groovy.text.markup.Mark
upTemplateEngine' 
(OnClassCondition)

   
GsonAutoConfiguration:
      Did not match:
         - 
@ConditionalOnClass did 
not find required class 
'com.google.gson.Gson' 
(OnClassCondition)

   GsonHttpMessageConver
tersConfiguration:
      Did not match:
         - 
@ConditionalOnClass did 
not find required class 
'com.google.gson.Gson' 
(OnClassCondition)

   HazelcastCacheConfigu
ration:
      Did not match:
         - 
@ConditionalOnClass did 
not find required class 
'com.hazelcast.core.Haze
lcastInstance' 
(OnClassCondition)

   HypermediaAutoConfigu
ration:
      Did not match:
         - 
@ConditionalOnClass did 
not find required class 
'org.springframework.hat
eoas.EntityModel' 
(OnClassCondition)

   InfinispanCacheConfig
uration:
      Did not match:
         - 
@ConditionalOnClass did 
not find required class 
'org.infinispan.spring.e
mbedded.provider.SpringE
mbeddedCacheManager' 
(OnClassCondition)

   JCacheCacheConfigurat
ion:
      Did not match:
         - 
@ConditionalOnClass did 
not find required class 
'javax.cache.Caching' 
(OnClassCondition)

   JacksonHttpMessageCon
vertersConfiguration.Map
pingJackson2XmlHttpMessa
geConverterConfiguration
:
      Did not match:
         - 
@ConditionalOnClass did 
not find required class 
'com.fasterxml.jackson.d
ataformat.xml.XmlMapper'
 (OnClassCondition)

   
JsonbAutoConfiguration:
      Did not match:
         - 
@ConditionalOnClass did 
not find required class 
'jakarta.json.bind.Jsonb
' (OnClassCondition)

   JsonbHttpMessageConve
rtersConfiguration:
      Did not match:
         - 
@ConditionalOnClass did 
not find required class 
'jakarta.json.bind.Jsonb
' (OnClassCondition)

   MessageSourceAutoConf
iguration:
      Did not match:
         - 
ResourceBundle did not 
find bundle with 
basename messages (Messa
geSourceAutoConfiguratio
n.ResourceBundleConditio
n)

   MockMvcAutoConfigurat
ion.WebTestClientMockMvc
Configuration:
      Did not match:
         - 
@ConditionalOnClass did 
not find required class 
'org.springframework.web
.reactive.function.clien
t.WebClient' 
(OnClassCondition)

   MockMvcWebClientAutoC
onfiguration:
      Did not match:
         - 
@ConditionalOnClass did 
not find required class 
'org.htmlunit.WebClient'
 (OnClassCondition)

   MockMvcWebDriverAutoC
onfiguration:
      Did not match:
         - 
@ConditionalOnClass did 
not find required class 
'org.openqa.selenium.htm
lunit.HtmlUnitDriver' 
(OnClassCondition)

   MustacheAutoConfigura
tion:
      Did not match:
         - 
@ConditionalOnClass did 
not find required class 
'com.samskivert.mustache
.Mustache' 
(OnClassCondition)

   OAuth2ClientRegistrat
ionRepositoryConfigurati
on:
      Did not match:
         - OAuth2 
Clients Configured 
Condition registered 
clients is not 
available (ClientsConfig
uredCondition)

   OAuth2ResourceServerA
utoConfiguration:
      Did not match:
         - 
@ConditionalOnClass did 
not find required class 
'org.springframework.sec
urity.oauth2.server.reso
urce.authentication.Bear
erTokenAuthenticationTok
en' (OnClassCondition)

   OAuth2WebSecurityConf
iguration:
      Did not match:
         - 
@ConditionalOnBean 
(types: org.springframew
ork.security.oauth2.clie
nt.registration.ClientRe
gistrationRepository; 
SearchStrategy: all) 
did not find any beans 
of type org.springframew
ork.security.oauth2.clie
nt.registration.ClientRe
gistrationRepository 
(OnBeanCondition)

   
RedisCacheConfiguration:
      Did not match:
         - 
@ConditionalOnClass did 
not find required class 
'org.springframework.dat
a.redis.connection.Redis
ConnectionFactory' 
(OnClassCondition)

   SecurityDataConfigura
tion:
      Did not match:
         - 
@ConditionalOnClass did 
not find required class 
'org.springframework.sec
urity.data.repository.qu
ery.SecurityEvaluationCo
ntextExtension' 
(OnClassCondition)

   SimpleCacheConfigurat
ion:
      Did not match:
         - Cache org.spr
ingframework.boot.autoco
nfigure.cache.SimpleCach
eConfiguration unknown 
cache type 
(CacheCondition)

   SpringBootWebSecurity
Configuration.SecurityFi
lterChainConfiguration:
      Did not match:
         - 
AllNestedConditions 1 
matched 1 did not; 
NestedCondition on Defau
ltWebSecurityCondition.B
eans @ConditionalOnMissi
ngBean (types: org.sprin
gframework.security.web.
SecurityFilterChain; 
SearchStrategy: all) 
found beans of type 'org
.springframework.securit
y.web.SecurityFilterChai
n' securityFilterChain; 
NestedCondition on Defau
ltWebSecurityCondition.C
lasses 
@ConditionalOnClass 
found required classes '
org.springframework.secu
rity.web.SecurityFilterC
hain', 'org.springframew
ork.security.config.anno
tation.web.builders.Http
Security' (DefaultWebSec
urityCondition)

   SpringBootWebSecurity
Configuration.WebSecurit
yEnablerConfiguration:
      Did not match:
         - @ConditionalO
nMissingBean (names: spr
ingSecurityFilterChain; 
SearchStrategy: all) 
found beans named spring
SecurityFilterChain 
(OnBeanCondition)
      Matched:
         - 
@ConditionalOnClass 
found required class 'or
g.springframework.securi
ty.config.annotation.web
.configuration.EnableWeb
Security' 
(OnClassCondition)

   TaskExecutorConfigura
tions.SimpleAsyncTaskExe
cutorBuilderConfiguratio
n#simpleAsyncTaskExecuto
rBuilderVirtualThreads:
      Did not match:
         - @ConditionalO
nMissingBean (types: org
.springframework.boot.ta
sk.SimpleAsyncTaskExecut
orBuilder; 
SearchStrategy: all) 
found beans of type 'org
.springframework.boot.ta
sk.SimpleAsyncTaskExecut
orBuilder' simpleAsyncTa
skExecutorBuilder 
(OnBeanCondition)

   TaskExecutorConfigura
tions.TaskExecutorConfig
uration#applicationTaskE
xecutorVirtualThreads:
      Did not match:
         - 
@ConditionalOnThreading 
did not find VIRTUAL 
(OnThreadingCondition)

   ThymeleafAutoConfigur
ation:
      Did not match:
         - 
@ConditionalOnClass did 
not find required class 
'org.thymeleaf.spring6.S
pringTemplateEngine' 
(OnClassCondition)

   UserDetailsServiceAut
oConfiguration:
      Did not match:
         - 
AnyNestedCondition 0 
matched 3 did not; 
NestedCondition on UserD
etailsServiceAutoConfigu
ration.MissingAlternativ
eOrUserPropertiesConfigu
red.PasswordConfigured 
@ConditionalOnProperty (
spring.security.user.pas
sword) did not find 
property 'password'; 
NestedCondition on UserD
etailsServiceAutoConfigu
ration.MissingAlternativ
eOrUserPropertiesConfigu
red.NameConfigured 
@ConditionalOnProperty (
spring.security.user.nam
e) did not find 
property 'name'; 
NestedCondition on UserD
etailsServiceAutoConfigu
ration.MissingAlternativ
eOrUserPropertiesConfigu
red.MissingAlternative @
ConditionalOnMissingClas
s found unwanted class '
org.springframework.secu
rity.oauth2.client.regis
tration.ClientRegistrati
onRepository' (UserDetai
lsServiceAutoConfigurati
on.MissingAlternativeOrU
serPropertiesConfigured)
      Matched:
         - 
@ConditionalOnClass 
found required class 'or
g.springframework.securi
ty.authentication.Authen
ticationManager' 
(OnClassCondition)
         - found 
'session' scope (OnWebAp
plicationCondition)

   WebMvcAutoConfigurati
on#hiddenHttpMethodFilte
r:
      Did not match:
         - 
@ConditionalOnProperty (
spring.mvc.hiddenmethod.
filter.enabled) did not 
find property 'enabled' 
(OnPropertyCondition)

   WebMvcAutoConfigurati
on.ProblemDetailsErrorHa
ndlingConfiguration:
      Did not match:
         - 
@ConditionalOnProperty (
spring.mvc.problemdetail
s.enabled=true) did not 
find property 'enabled' 
(OnPropertyCondition)

   WebMvcAutoConfigurati
on.WebMvcAutoConfigurati
onAdapter#beanNameViewRe
solver:
      Did not match:
         - @ConditionalO
nMissingBean (types: org
.springframework.web.ser
vlet.view.BeanNameViewRe
solver; SearchStrategy: 
all) found beans of 
type 'org.springframewor
k.web.servlet.view.BeanN
ameViewResolver' 
beanNameViewResolver 
(OnBeanCondition)

   WebTestClientAutoConf
iguration:
      Did not match:
         - 
@ConditionalOnClass did 
not find required class 
'org.springframework.web
.reactive.function.clien
t.WebClient' 
(OnClassCondition)


Exclusions:
-----------

    None


Unconditional classes:
----------------------

    None



2026-03-31T15:20:09.800+05:30  INFO 2120 --- [quantity-measurement-app] [           main] .s.b.a.l.ConditionEvaluationReportLogger : 

Error starting ApplicationContext. To display the condition evaluation report re-run your application with 'debug' enabled.
2026-03-31T15:20:09.809+05:30 ERROR 2120 --- [quantity-measurement-app] [           main] o.s.b.d.LoggingFailureAnalysisReporter   : 

***************************
APPLICATION FAILED TO START
***************************

Description:

Field jwtUtils in com.app.quantitymeasurement.security.AuthTokenFilter required a bean of type 'com.app.quantitymeasurement.security.JwtUtils' that could not be found.


Action:

Consider defining a bean of type 'com.app.quantitymeasurement.security.JwtUtils' in your configuration.

2026-03-31T15:20:09.811+05:30  WARN 2120 --- [quantity-measurement-app] [           main] o.s.test.context.TestContextManager      : Caught exception while allowing TestExecutionListener [org.springframework.test.context.bean.override.BeanOverrideTestExecutionListener] to prepare test instance [com.app.quantitymeasurement.QuantityMeasurementControllerTest@554bb231]

java.lang.IllegalStateException: Failed to load ApplicationContext for [WebMergedContextConfiguration@581bc85e testClass = com.app.quantitymeasurement.QuantityMeasurementControllerTest, locations = [], classes = [com.app.quantitymeasurement.QuantityMeasurementAppApplication], contextInitializerClasses = [], activeProfiles = [], propertySourceDescriptors = [], propertySourceProperties = ["org.springframework.boot.test.autoconfigure.web.servlet.WebMvcTestContextBootstrapper=true"], contextCustomizers = [[ImportsContextCustomizer@493d8aa7 key = [org.springframework.boot.autoconfigure.task.TaskExecutionAutoConfiguration, org.springframework.boot.autoconfigure.cache.CacheAutoConfiguration, org.springframework.boot.autoconfigure.web.servlet.HttpEncodingAutoConfiguration, org.springframework.boot.autoconfigure.validation.ValidationAutoConfiguration, org.springframework.boot.autoconfigure.context.MessageSourceAutoConfiguration, org.springframework.boot.autoconfigure.hateoas.HypermediaAutoConfiguration, org.springframework.boot.autoconfigure.jackson.JacksonAutoConfiguration, org.springframework.boot.autoconfigure.data.web.SpringDataWebAutoConfiguration, org.springframework.boot.test.autoconfigure.web.reactive.WebTestClientAutoConfiguration, org.springframework.boot.autoconfigure.web.servlet.error.ErrorMvcAutoConfiguration, org.springframework.boot.test.autoconfigure.web.servlet.MockMvcAutoConfiguration, org.springframework.boot.autoconfigure.security.servlet.SecurityAutoConfiguration, org.springframework.boot.autoconfigure.security.servlet.SecurityFilterAutoConfiguration, org.springframework.boot.autoconfigure.http.HttpMessageConvertersAutoConfiguration, com.app.quantitymeasurement.config.SecurityConfig, org.springframework.boot.autoconfigure.security.oauth2.client.servlet.OAuth2ClientAutoConfiguration, org.springframework.boot.test.autoconfigure.web.servlet.MockMvcSecurityConfiguration, org.springframework.boot.test.autoconfigure.web.servlet.MockMvcWebClientAutoConfiguration, org.springframework.boot.test.autoconfigure.web.servlet.MockMvcWebDriverAutoConfiguration, org.springframework.boot.autoconfigure.thymeleaf.ThymeleafAutoConfiguration, org.springframework.boot.autoconfigure.gson.GsonAutoConfiguration, org.springframework.boot.autoconfigure.jsonb.JsonbAutoConfiguration, org.springframework.boot.autoconfigure.freemarker.FreeMarkerAutoConfiguration, org.springframework.boot.autoconfigure.web.servlet.WebMvcAutoConfiguration, org.springframework.boot.autoconfigure.security.servlet.UserDetailsServiceAutoConfiguration, org.springframework.boot.autoconfigure.security.oauth2.resource.servlet.OAuth2ResourceServerAutoConfiguration, org.springframework.boot.autoconfigure.groovy.template.GroovyTemplateAutoConfiguration, org.springframework.boot.autoconfigure.mustache.MustacheAutoConfiguration]], org.springframework.boot.test.context.filter.ExcludeFilterContextCustomizer@1d483de4, org.springframework.boot.test.json.DuplicateJsonObjectContextCustomizerFactory$DuplicateJsonObjectContextCustomizer@3b74ac8, org.springframework.boot.test.mock.mockito.MockitoContextCustomizer@0, org.springframework.boot.test.web.reactor.netty.DisableReactorResourceFactoryGlobalResourcesContextCustomizerFactory$DisableReactorResourceFactoryGlobalResourcesContextCustomizerCustomizer@68f4865, org.springframework.boot.test.autoconfigure.OnFailureConditionReportContextCustomizerFactory$OnFailureConditionReportContextCustomizer@40317ba2, org.springframework.boot.test.autoconfigure.OverrideAutoConfigurationContextCustomizerFactory$DisableAutoConfigurationContextCustomizer@6aa34b05, org.springframework.boot.test.autoconfigure.actuate.observability.ObservabilityContextCustomizerFactory$DisableObservabilityContextCustomizer@1f, org.springframework.boot.test.autoconfigure.filter.TypeExcludeFiltersContextCustomizer@435508ee, org.springframework.boot.test.autoconfigure.properties.PropertyMappingContextCustomizer@d4ab7ac4, org.springframework.boot.test.autoconfigure.web.servlet.WebDriverContextCustomizer@53251a66, org.springframework.test.context.bean.override.BeanOverrideContextCustomizer@39d4feff, org.springframework.test.context.support.DynamicPropertiesContextCustomizer@0, org.springframework.boot.test.context.SpringBootTestAnnotation@3a7645ce], resourceBasePath = "src/main/webapp", contextLoader = org.springframework.boot.test.context.SpringBootContextLoader, parent = null]
	at org.springframework.test.context.cache.DefaultCacheAwareContextLoaderDelegate.loadContext(DefaultCacheAwareContextLoaderDelegate.java:180) ~[spring-test-6.2.1.jar:6.2.1]
	at org.springframework.test.context.support.DefaultTestContext.getApplicationContext(DefaultTestContext.java:130) ~[spring-test-6.2.1.jar:6.2.1]
	at org.springframework.test.context.bean.override.BeanOverrideTestExecutionListener.injectFields(BeanOverrideTestExecutionListener.java:87) ~[spring-test-6.2.1.jar:6.2.1]
	at org.springframework.test.context.bean.override.BeanOverrideTestExecutionListener.prepareTestInstance(BeanOverrideTestExecutionListener.java:58) ~[spring-test-6.2.1.jar:6.2.1]
	at org.springframework.test.context.TestContextManager.prepareTestInstance(TestContextManager.java:260) ~[spring-test-6.2.1.jar:6.2.1]
	at org.springframework.test.context.junit.jupiter.SpringExtension.postProcessTestInstance(SpringExtension.java:160) ~[spring-test-6.2.1.jar:6.2.1]
	at org.junit.jupiter.engine.descriptor.ClassBasedTestDescriptor.lambda$invokeTestInstancePostProcessors$11(ClassBasedTestDescriptor.java:378) ~[junit-jupiter-engine-5.11.4.jar:5.11.4]
	at org.junit.jupiter.engine.descriptor.ClassBasedTestDescriptor.executeAndMaskThrowable(ClassBasedTestDescriptor.java:383) ~[junit-jupiter-engine-5.11.4.jar:5.11.4]
	at org.junit.jupiter.engine.descriptor.ClassBasedTestDescriptor.lambda$invokeTestInstancePostProcessors$12(ClassBasedTestDescriptor.java:378) ~[junit-jupiter-engine-5.11.4.jar:5.11.4]
	at java.base/java.util.stream.ForEachOps$ForEachOp$OfRef.accept(ForEachOps.java:184) ~[na:na]
	at java.base/java.util.stream.ReferencePipeline$3$1.accept(ReferencePipeline.java:197) ~[na:na]
	at java.base/java.util.stream.ReferencePipeline$2$1.accept(ReferencePipeline.java:179) ~[na:na]
	at java.base/java.util.stream.ReferencePipeline$3$1.accept(ReferencePipeline.java:197) ~[na:na]
	at java.base/java.util.ArrayList$ArrayListSpliterator.forEachRemaining(ArrayList.java:1708) ~[na:na]
	at java.base/java.util.stream.AbstractPipeline.copyInto(AbstractPipeline.java:509) ~[na:na]
	at java.base/java.util.stream.AbstractPipeline.wrapAndCopyInto(AbstractPipeline.java:499) ~[na:na]
	at java.base/java.util.stream.ForEachOps$ForEachOp.evaluateSequential(ForEachOps.java:151) ~[na:na]
	at java.base/java.util.stream.ForEachOps$ForEachOp$OfRef.evaluateSequential(ForEachOps.java:174) ~[na:na]
	at java.base/java.util.stream.AbstractPipeline.evaluate(AbstractPipeline.java:234) ~[na:na]
	at java.base/java.util.stream.ReferencePipeline.forEach(ReferencePipeline.java:596) ~[na:na]
	at org.junit.jupiter.engine.descriptor.ClassBasedTestDescriptor.invokeTestInstancePostProcessors(ClassBasedTestDescriptor.java:377) ~[junit-jupiter-engine-5.11.4.jar:5.11.4]
	at org.junit.jupiter.engine.descriptor.ClassBasedTestDescriptor.lambda$instantiateAndPostProcessTestInstance$7(ClassBasedTestDescriptor.java:290) ~[junit-jupiter-engine-5.11.4.jar:5.11.4]
	at org.junit.platform.engine.support.hierarchical.ThrowableCollector.execute(ThrowableCollector.java:73) ~[junit-platform-engine-1.11.4.jar:1.11.4]
	at org.junit.jupiter.engine.descriptor.ClassBasedTestDescriptor.instantiateAndPostProcessTestInstance(ClassBasedTestDescriptor.java:289) ~[junit-jupiter-engine-5.11.4.jar:5.11.4]
	at org.junit.jupiter.engine.descriptor.ClassBasedTestDescriptor.lambda$testInstancesProvider$5(ClassBasedTestDescriptor.java:279) ~[junit-jupiter-engine-5.11.4.jar:5.11.4]
	at java.base/java.util.Optional.orElseGet(Optional.java:364) ~[na:na]
	at org.junit.jupiter.engine.descriptor.ClassBasedTestDescriptor.lambda$testInstancesProvider$6(ClassBasedTestDescriptor.java:278) ~[junit-jupiter-engine-5.11.4.jar:5.11.4]
	at org.junit.jupiter.engine.execution.TestInstancesProvider.getTestInstances(TestInstancesProvider.java:31) ~[junit-jupiter-engine-5.11.4.jar:5.11.4]
	at org.junit.jupiter.engine.descriptor.TestMethodTestDescriptor.lambda$prepare$1(TestMethodTestDescriptor.java:105) ~[junit-jupiter-engine-5.11.4.jar:5.11.4]
	at org.junit.platform.engine.support.hierarchical.ThrowableCollector.execute(ThrowableCollector.java:73) ~[junit-platform-engine-1.11.4.jar:1.11.4]
	at org.junit.jupiter.engine.descriptor.TestMethodTestDescriptor.prepare(TestMethodTestDescriptor.java:104) ~[junit-jupiter-engine-5.11.4.jar:5.11.4]
	at org.junit.jupiter.engine.descriptor.TestMethodTestDescriptor.prepare(TestMethodTestDescriptor.java:68) ~[junit-jupiter-engine-5.11.4.jar:5.11.4]
	at org.junit.platform.engine.support.hierarchical.NodeTestTask.lambda$prepare$2(NodeTestTask.java:128) ~[junit-platform-engine-1.11.4.jar:1.11.4]
	at org.junit.platform.engine.support.hierarchical.ThrowableCollector.execute(ThrowableCollector.java:73) ~[junit-platform-engine-1.11.4.jar:1.11.4]
	at org.junit.platform.engine.support.hierarchical.NodeTestTask.prepare(NodeTestTask.java:128) ~[junit-platform-engine-1.11.4.jar:1.11.4]
	at org.junit.platform.engine.support.hierarchical.NodeTestTask.execute(NodeTestTask.java:95) ~[junit-platform-engine-1.11.4.jar:1.11.4]
	at java.base/java.util.ArrayList.forEach(ArrayList.java:1596) ~[na:na]
	at org.junit.platform.engine.support.hierarchical.SameThreadHierarchicalTestExecutorService.invokeAll(SameThreadHierarchicalTestExecutorService.java:41) ~[junit-platform-engine-1.11.4.jar:1.11.4]
	at org.junit.platform.engine.support.hierarchical.NodeTestTask.lambda$executeRecursively$6(NodeTestTask.java:160) ~[junit-platform-engine-1.11.4.jar:1.11.4]
	at org.junit.platform.engine.support.hierarchical.ThrowableCollector.execute(ThrowableCollector.java:73) ~[junit-platform-engine-1.11.4.jar:1.11.4]
	at org.junit.platform.engine.support.hierarchical.NodeTestTask.lambda$executeRecursively$8(NodeTestTask.java:146) ~[junit-platform-engine-1.11.4.jar:1.11.4]
	at org.junit.platform.engine.support.hierarchical.Node.around(Node.java:137) ~[junit-platform-engine-1.11.4.jar:1.11.4]
	at org.junit.platform.engine.support.hierarchical.NodeTestTask.lambda$executeRecursively$9(NodeTestTask.java:144) ~[junit-platform-engine-1.11.4.jar:1.11.4]
	at org.junit.platform.engine.support.hierarchical.ThrowableCollector.execute(ThrowableCollector.java:73) ~[junit-platform-engine-1.11.4.jar:1.11.4]
	at org.junit.platform.engine.support.hierarchical.NodeTestTask.executeRecursively(NodeTestTask.java:143) ~[junit-platform-engine-1.11.4.jar:1.11.4]
	at org.junit.platform.engine.support.hierarchical.NodeTestTask.execute(NodeTestTask.java:100) ~[junit-platform-engine-1.11.4.jar:1.11.4]
	at java.base/java.util.ArrayList.forEach(ArrayList.java:1596) ~[na:na]
	at org.junit.platform.engine.support.hierarchical.SameThreadHierarchicalTestExecutorService.invokeAll(SameThreadHierarchicalTestExecutorService.java:41) ~[junit-platform-engine-1.11.4.jar:1.11.4]
	at org.junit.platform.engine.support.hierarchical.NodeTestTask.lambda$executeRecursively$6(NodeTestTask.java:160) ~[junit-platform-engine-1.11.4.jar:1.11.4]
	at org.junit.platform.engine.support.hierarchical.ThrowableCollector.execute(ThrowableCollector.java:73) ~[junit-platform-engine-1.11.4.jar:1.11.4]
	at org.junit.platform.engine.support.hierarchical.NodeTestTask.lambda$executeRecursively$8(NodeTestTask.java:146) ~[junit-platform-engine-1.11.4.jar:1.11.4]
	at org.junit.platform.engine.support.hierarchical.Node.around(Node.java:137) ~[junit-platform-engine-1.11.4.jar:1.11.4]
	at org.junit.platform.engine.support.hierarchical.NodeTestTask.lambda$executeRecursively$9(NodeTestTask.java:144) ~[junit-platform-engine-1.11.4.jar:1.11.4]
	at org.junit.platform.engine.support.hierarchical.ThrowableCollector.execute(ThrowableCollector.java:73) ~[junit-platform-engine-1.11.4.jar:1.11.4]
	at org.junit.platform.engine.support.hierarchical.NodeTestTask.executeRecursively(NodeTestTask.java:143) ~[junit-platform-engine-1.11.4.jar:1.11.4]
	at org.junit.platform.engine.support.hierarchical.NodeTestTask.execute(NodeTestTask.java:100) ~[junit-platform-engine-1.11.4.jar:1.11.4]
	at org.junit.platform.engine.support.hierarchical.SameThreadHierarchicalTestExecutorService.submit(SameThreadHierarchicalTestExecutorService.java:35) ~[junit-platform-engine-1.11.4.jar:1.11.4]
	at org.junit.platform.engine.support.hierarchical.HierarchicalTestExecutor.execute(HierarchicalTestExecutor.java:57) ~[junit-platform-engine-1.11.4.jar:1.11.4]
	at org.junit.platform.engine.support.hierarchical.HierarchicalTestEngine.execute(HierarchicalTestEngine.java:54) ~[junit-platform-engine-1.11.4.jar:1.11.4]
	at org.junit.platform.launcher.core.EngineExecutionOrchestrator.execute(EngineExecutionOrchestrator.java:198) ~[junit-platform-launcher-1.11.4.jar:1.11.4]
	at org.junit.platform.launcher.core.EngineExecutionOrchestrator.execute(EngineExecutionOrchestrator.java:169) ~[junit-platform-launcher-1.11.4.jar:1.11.4]
	at org.junit.platform.launcher.core.EngineExecutionOrchestrator.execute(EngineExecutionOrchestrator.java:93) ~[junit-platform-launcher-1.11.4.jar:1.11.4]
	at org.junit.platform.launcher.core.EngineExecutionOrchestrator.lambda$execute$0(EngineExecutionOrchestrator.java:58) ~[junit-platform-launcher-1.11.4.jar:1.11.4]
	at org.junit.platform.launcher.core.EngineExecutionOrchestrator.withInterceptedStreams(EngineExecutionOrchestrator.java:141) ~[junit-platform-launcher-1.11.4.jar:1.11.4]
	at org.junit.platform.launcher.core.EngineExecutionOrchestrator.execute(EngineExecutionOrchestrator.java:57) ~[junit-platform-launcher-1.11.4.jar:1.11.4]
	at org.junit.platform.launcher.core.DefaultLauncher.execute(DefaultLauncher.java:103) ~[junit-platform-launcher-1.11.4.jar:1.11.4]
	at org.junit.platform.launcher.core.DefaultLauncher.execute(DefaultLauncher.java:85) ~[junit-platform-launcher-1.11.4.jar:1.11.4]
	at org.junit.platform.launcher.core.DelegatingLauncher.execute(DelegatingLauncher.java:47) ~[junit-platform-launcher-1.11.4.jar:1.11.4]
	at org.apache.maven.surefire.junitplatform.LazyLauncher.execute(LazyLauncher.java:56) ~[surefire-junit-platform-3.1.2.jar:3.1.2]
	at org.apache.maven.surefire.junitplatform.JUnitPlatformProvider.execute(JUnitPlatformProvider.java:184) ~[surefire-junit-platform-3.1.2.jar:3.1.2]
	at org.apache.maven.surefire.junitplatform.JUnitPlatformProvider.invokeAllTests(JUnitPlatformProvider.java:148) ~[surefire-junit-platform-3.1.2.jar:3.1.2]
	at org.apache.maven.surefire.junitplatform.JUnitPlatformProvider.invoke(JUnitPlatformProvider.java:122) ~[surefire-junit-platform-3.1.2.jar:3.1.2]
	at org.apache.maven.surefire.booter.ForkedBooter.runSuitesInProcess(ForkedBooter.java:385) ~[surefire-booter-3.1.2.jar:3.1.2]
	at org.apache.maven.surefire.booter.ForkedBooter.execute(ForkedBooter.java:162) ~[surefire-booter-3.1.2.jar:3.1.2]
	at org.apache.maven.surefire.booter.ForkedBooter.run(ForkedBooter.java:507) ~[surefire-booter-3.1.2.jar:3.1.2]
	at org.apache.maven.surefire.booter.ForkedBooter.main(ForkedBooter.java:495) ~[surefire-booter-3.1.2.jar:3.1.2]
Caused by: org.springframework.beans.factory.UnsatisfiedDependencyException: Error creating bean with name 'org.springframework.security.config.annotation.web.configuration.WebSecurityConfiguration': Unsatisfied dependency expressed through method 'setFilterChains' parameter 0: Error creating bean with name 'securityFilterChain' defined in class path resource [com/app/quantitymeasurement/config/SecurityConfig.class]: Failed to instantiate [org.springframework.security.web.SecurityFilterChain]: Factory method 'securityFilterChain' threw exception with message: Error creating bean with name 'authenticationJwtTokenFilter': Unsatisfied dependency expressed through field 'jwtUtils': No qualifying bean of type 'com.app.quantitymeasurement.security.JwtUtils' available: expected at least 1 bean which qualifies as autowire candidate. Dependency annotations: {@org.springframework.beans.factory.annotation.Autowired(required=true)}
	at org.springframework.beans.factory.annotation.AutowiredAnnotationBeanPostProcessor$AutowiredMethodElement.resolveMethodArguments(AutowiredAnnotationBeanPostProcessor.java:896) ~[spring-beans-6.2.1.jar:6.2.1]
	at org.springframework.beans.factory.annotation.AutowiredAnnotationBeanPostProcessor$AutowiredMethodElement.inject(AutowiredAnnotationBeanPostProcessor.java:849) ~[spring-beans-6.2.1.jar:6.2.1]
	at org.springframework.beans.factory.annotation.InjectionMetadata.inject(InjectionMetadata.java:146) ~[spring-beans-6.2.1.jar:6.2.1]
	at org.springframework.beans.factory.annotation.AutowiredAnnotationBeanPostProcessor.postProcessProperties(AutowiredAnnotationBeanPostProcessor.java:509) ~[spring-beans-6.2.1.jar:6.2.1]
	at org.springframework.beans.factory.support.AbstractAutowireCapableBeanFactory.populateBean(AbstractAutowireCapableBeanFactory.java:1441) ~[spring-beans-6.2.1.jar:6.2.1]
	at org.springframework.beans.factory.support.AbstractAutowireCapableBeanFactory.doCreateBean(AbstractAutowireCapableBeanFactory.java:600) ~[spring-beans-6.2.1.jar:6.2.1]
	at org.springframework.beans.factory.support.AbstractAutowireCapableBeanFactory.createBean(AbstractAutowireCapableBeanFactory.java:523) ~[spring-beans-6.2.1.jar:6.2.1]
	at org.springframework.beans.factory.support.AbstractBeanFactory.lambda$doGetBean$0(AbstractBeanFactory.java:336) ~[spring-beans-6.2.1.jar:6.2.1]
	at org.springframework.beans.factory.support.DefaultSingletonBeanRegistry.getSingleton(DefaultSingletonBeanRegistry.java:289) ~[spring-beans-6.2.1.jar:6.2.1]
	at org.springframework.beans.factory.support.AbstractBeanFactory.doGetBean(AbstractBeanFactory.java:334) ~[spring-beans-6.2.1.jar:6.2.1]
	at org.springframework.beans.factory.support.AbstractBeanFactory.getBean(AbstractBeanFactory.java:199) ~[spring-beans-6.2.1.jar:6.2.1]
	at org.springframework.beans.factory.support.DefaultListableBeanFactory.instantiateSingleton(DefaultListableBeanFactory.java:1122) ~[spring-beans-6.2.1.jar:6.2.1]
	at org.springframework.beans.factory.support.DefaultListableBeanFactory.preInstantiateSingleton(DefaultListableBeanFactory.java:1093) ~[spring-beans-6.2.1.jar:6.2.1]
	at org.springframework.beans.factory.support.DefaultListableBeanFactory.preInstantiateSingletons(DefaultListableBeanFactory.java:1030) ~[spring-beans-6.2.1.jar:6.2.1]
	at org.springframework.context.support.AbstractApplicationContext.finishBeanFactoryInitialization(AbstractApplicationContext.java:987) ~[spring-context-6.2.1.jar:6.2.1]
	at org.springframework.context.support.AbstractApplicationContext.refresh(AbstractApplicationContext.java:627) ~[spring-context-6.2.1.jar:6.2.1]
	at org.springframework.boot.SpringApplication.refresh(SpringApplication.java:752) ~[spring-boot-3.4.1.jar:3.4.1]
	at org.springframework.boot.SpringApplication.refreshContext(SpringApplication.java:439) ~[spring-boot-3.4.1.jar:3.4.1]
	at org.springframework.boot.SpringApplication.run(SpringApplication.java:318) ~[spring-boot-3.4.1.jar:3.4.1]
	at org.springframework.boot.test.context.SpringBootContextLoader.lambda$loadContext$3(SpringBootContextLoader.java:137) ~[spring-boot-test-3.4.1.jar:3.4.1]
	at org.springframework.util.function.ThrowingSupplier.get(ThrowingSupplier.java:58) ~[spring-core-6.2.1.jar:6.2.1]
	at org.springframework.util.function.ThrowingSupplier.get(ThrowingSupplier.java:46) ~[spring-core-6.2.1.jar:6.2.1]
	at org.springframework.boot.SpringApplication.withHook(SpringApplication.java:1461) ~[spring-boot-3.4.1.jar:3.4.1]
	at org.springframework.boot.test.context.SpringBootContextLoader$ContextLoaderHook.run(SpringBootContextLoader.java:553) ~[spring-boot-test-3.4.1.jar:3.4.1]
	at org.springframework.boot.test.context.SpringBootContextLoader.loadContext(SpringBootContextLoader.java:137) ~[spring-boot-test-3.4.1.jar:3.4.1]
	at org.springframework.boot.test.context.SpringBootContextLoader.loadContext(SpringBootContextLoader.java:108) ~[spring-boot-test-3.4.1.jar:3.4.1]
	at org.springframework.test.context.cache.DefaultCacheAwareContextLoaderDelegate.loadContextInternal(DefaultCacheAwareContextLoaderDelegate.java:225) ~[spring-test-6.2.1.jar:6.2.1]
	at org.springframework.test.context.cache.DefaultCacheAwareContextLoaderDelegate.loadContext(DefaultCacheAwareContextLoaderDelegate.java:152) ~[spring-test-6.2.1.jar:6.2.1]
	... 75 common frames omitted
Caused by: org.springframework.beans.factory.BeanCreationException: Error creating bean with name 'securityFilterChain' defined in class path resource [com/app/quantitymeasurement/config/SecurityConfig.class]: Failed to instantiate [org.springframework.security.web.SecurityFilterChain]: Factory method 'securityFilterChain' threw exception with message: Error creating bean with name 'authenticationJwtTokenFilter': Unsatisfied dependency expressed through field 'jwtUtils': No qualifying bean of type 'com.app.quantitymeasurement.security.JwtUtils' available: expected at least 1 bean which qualifies as autowire candidate. Dependency annotations: {@org.springframework.beans.factory.annotation.Autowired(required=true)}
	at org.springframework.beans.factory.support.ConstructorResolver.instantiate(ConstructorResolver.java:657) ~[spring-beans-6.2.1.jar:6.2.1]
	at org.springframework.beans.factory.support.ConstructorResolver.instantiateUsingFactoryMethod(ConstructorResolver.java:645) ~[spring-beans-6.2.1.jar:6.2.1]
	at org.springframework.beans.factory.support.AbstractAutowireCapableBeanFactory.instantiateUsingFactoryMethod(AbstractAutowireCapableBeanFactory.java:1357) ~[spring-beans-6.2.1.jar:6.2.1]
	at org.springframework.beans.factory.support.AbstractAutowireCapableBeanFactory.createBeanInstance(AbstractAutowireCapableBeanFactory.java:1187) ~[spring-beans-6.2.1.jar:6.2.1]
	at org.springframework.beans.factory.support.AbstractAutowireCapableBeanFactory.doCreateBean(AbstractAutowireCapableBeanFactory.java:563) ~[spring-beans-6.2.1.jar:6.2.1]
	at org.springframework.beans.factory.support.AbstractAutowireCapableBeanFactory.createBean(AbstractAutowireCapableBeanFactory.java:523) ~[spring-beans-6.2.1.jar:6.2.1]
	at org.springframework.beans.factory.support.AbstractBeanFactory.lambda$doGetBean$0(AbstractBeanFactory.java:336) ~[spring-beans-6.2.1.jar:6.2.1]
	at org.springframework.beans.factory.support.DefaultSingletonBeanRegistry.getSingleton(DefaultSingletonBeanRegistry.java:289) ~[spring-beans-6.2.1.jar:6.2.1]
	at org.springframework.beans.factory.support.AbstractBeanFactory.doGetBean(AbstractBeanFactory.java:334) ~[spring-beans-6.2.1.jar:6.2.1]
	at org.springframework.beans.factory.support.AbstractBeanFactory.getBean(AbstractBeanFactory.java:199) ~[spring-beans-6.2.1.jar:6.2.1]
	at org.springframework.beans.factory.config.DependencyDescriptor.resolveCandidate(DependencyDescriptor.java:254) ~[spring-beans-6.2.1.jar:6.2.1]
	at org.springframework.beans.factory.support.DefaultListableBeanFactory.addCandidateEntry(DefaultListableBeanFactory.java:1883) ~[spring-beans-6.2.1.jar:6.2.1]
	at org.springframework.beans.factory.support.DefaultListableBeanFactory.findAutowireCandidates(DefaultListableBeanFactory.java:1847) ~[spring-beans-6.2.1.jar:6.2.1]
	at org.springframework.beans.factory.support.DefaultListableBeanFactory.resolveMultipleBeanCollection(DefaultListableBeanFactory.java:1737) ~[spring-beans-6.2.1.jar:6.2.1]
	at org.springframework.beans.factory.support.DefaultListableBeanFactory.resolveMultipleBeans(DefaultListableBeanFactory.java:1705) ~[spring-beans-6.2.1.jar:6.2.1]
	at org.springframework.beans.factory.support.DefaultListableBeanFactory.doResolveDependency(DefaultListableBeanFactory.java:1580) ~[spring-beans-6.2.1.jar:6.2.1]
	at org.springframework.beans.factory.support.DefaultListableBeanFactory.resolveDependency(DefaultListableBeanFactory.java:1519) ~[spring-beans-6.2.1.jar:6.2.1]
	at org.springframework.beans.factory.annotation.AutowiredAnnotationBeanPostProcessor$AutowiredMethodElement.resolveMethodArguments(AutowiredAnnotationBeanPostProcessor.java:888) ~[spring-beans-6.2.1.jar:6.2.1]
	... 102 common frames omitted
Caused by: org.springframework.beans.BeanInstantiationException: Failed to instantiate [org.springframework.security.web.SecurityFilterChain]: Factory method 'securityFilterChain' threw exception with message: Error creating bean with name 'authenticationJwtTokenFilter': Unsatisfied dependency expressed through field 'jwtUtils': No qualifying bean of type 'com.app.quantitymeasurement.security.JwtUtils' available: expected at least 1 bean which qualifies as autowire candidate. Dependency annotations: {@org.springframework.beans.factory.annotation.Autowired(required=true)}
	at org.springframework.beans.factory.support.SimpleInstantiationStrategy.lambda$instantiate$0(SimpleInstantiationStrategy.java:199) ~[spring-beans-6.2.1.jar:6.2.1]
	at org.springframework.beans.factory.support.SimpleInstantiationStrategy.instantiateWithFactoryMethod(SimpleInstantiationStrategy.java:88) ~[spring-beans-6.2.1.jar:6.2.1]
	at org.springframework.beans.factory.support.SimpleInstantiationStrategy.instantiate(SimpleInstantiationStrategy.java:168) ~[spring-beans-6.2.1.jar:6.2.1]
	at org.springframework.beans.factory.support.ConstructorResolver.instantiate(ConstructorResolver.java:653) ~[spring-beans-6.2.1.jar:6.2.1]
	... 119 common frames omitted
Caused by: org.springframework.beans.factory.UnsatisfiedDependencyException: Error creating bean with name 'authenticationJwtTokenFilter': Unsatisfied dependency expressed through field 'jwtUtils': No qualifying bean of type 'com.app.quantitymeasurement.security.JwtUtils' available: expected at least 1 bean which qualifies as autowire candidate. Dependency annotations: {@org.springframework.beans.factory.annotation.Autowired(required=true)}
	at org.springframework.beans.factory.annotation.AutowiredAnnotationBeanPostProcessor$AutowiredFieldElement.resolveFieldValue(AutowiredAnnotationBeanPostProcessor.java:788) ~[spring-beans-6.2.1.jar:6.2.1]
	at org.springframework.beans.factory.annotation.AutowiredAnnotationBeanPostProcessor$AutowiredFieldElement.inject(AutowiredAnnotationBeanPostProcessor.java:768) ~[spring-beans-6.2.1.jar:6.2.1]
	at org.springframework.beans.factory.annotation.InjectionMetadata.inject(InjectionMetadata.java:146) ~[spring-beans-6.2.1.jar:6.2.1]
	at org.springframework.beans.factory.annotation.AutowiredAnnotationBeanPostProcessor.postProcessProperties(AutowiredAnnotationBeanPostProcessor.java:509) ~[spring-beans-6.2.1.jar:6.2.1]
	at org.springframework.beans.factory.support.AbstractAutowireCapableBeanFactory.populateBean(AbstractAutowireCapableBeanFactory.java:1441) ~[spring-beans-6.2.1.jar:6.2.1]
	at org.springframework.beans.factory.support.AbstractAutowireCapableBeanFactory.doCreateBean(AbstractAutowireCapableBeanFactory.java:600) ~[spring-beans-6.2.1.jar:6.2.1]
	at org.springframework.beans.factory.support.AbstractAutowireCapableBeanFactory.createBean(AbstractAutowireCapableBeanFactory.java:523) ~[spring-beans-6.2.1.jar:6.2.1]
	at org.springframework.beans.factory.support.AbstractBeanFactory.lambda$doGetBean$0(AbstractBeanFactory.java:336) ~[spring-beans-6.2.1.jar:6.2.1]
	at org.springframework.beans.factory.support.DefaultSingletonBeanRegistry.getSingleton(DefaultSingletonBeanRegistry.java:289) ~[spring-beans-6.2.1.jar:6.2.1]
	at org.springframework.beans.factory.support.AbstractBeanFactory.doGetBean(AbstractBeanFactory.java:334) ~[spring-beans-6.2.1.jar:6.2.1]
	at org.springframework.beans.factory.support.AbstractBeanFactory.getBean(AbstractBeanFactory.java:199) ~[spring-beans-6.2.1.jar:6.2.1]
	at org.springframework.context.annotation.ConfigurationClassEnhancer$BeanMethodInterceptor.resolveBeanReference(ConfigurationClassEnhancer.java:380) ~[spring-context-6.2.1.jar:6.2.1]
	at org.springframework.context.annotation.ConfigurationClassEnhancer$BeanMethodInterceptor.intercept(ConfigurationClassEnhancer.java:351) ~[spring-context-6.2.1.jar:6.2.1]
	at com.app.quantitymeasurement.config.SecurityConfig$$SpringCGLIB$$0.authenticationJwtTokenFilter(<generated>) ~[classes/:na]
	at com.app.quantitymeasurement.config.SecurityConfig.securityFilterChain(SecurityConfig.java:80) ~[classes/:na]
	at com.app.quantitymeasurement.config.SecurityConfig$$SpringCGLIB$$0.CGLIB$securityFilterChain$2(<generated>) ~[classes/:na]
	at com.app.quantitymeasurement.config.SecurityConfig$$SpringCGLIB$$FastClass$$1.invoke(<generated>) ~[classes/:na]
	at org.springframework.cglib.proxy.MethodProxy.invokeSuper(MethodProxy.java:258) ~[spring-core-6.2.1.jar:6.2.1]
	at org.springframework.context.annotation.ConfigurationClassEnhancer$BeanMethodInterceptor.intercept(ConfigurationClassEnhancer.java:348) ~[spring-context-6.2.1.jar:6.2.1]
	at com.app.quantitymeasurement.config.SecurityConfig$$SpringCGLIB$$0.securityFilterChain(<generated>) ~[classes/:na]
	at java.base/jdk.internal.reflect.DirectMethodHandleAccessor.invoke(DirectMethodHandleAccessor.java:103) ~[na:na]
	at java.base/java.lang.reflect.Method.invoke(Method.java:580) ~[na:na]
	at org.springframework.beans.factory.support.SimpleInstantiationStrategy.lambda$instantiate$0(SimpleInstantiationStrategy.java:171) ~[spring-beans-6.2.1.jar:6.2.1]
	... 122 common frames omitted
Caused by: org.springframework.beans.factory.NoSuchBeanDefinitionException: No qualifying bean of type 'com.app.quantitymeasurement.security.JwtUtils' available: expected at least 1 bean which qualifies as autowire candidate. Dependency annotations: {@org.springframework.beans.factory.annotation.Autowired(required=true)}
	at org.springframework.beans.factory.support.DefaultListableBeanFactory.raiseNoMatchingBeanFound(DefaultListableBeanFactory.java:2144) ~[spring-beans-6.2.1.jar:6.2.1]
	at org.springframework.beans.factory.support.DefaultListableBeanFactory.doResolveDependency(DefaultListableBeanFactory.java:1594) ~[spring-beans-6.2.1.jar:6.2.1]
	at org.springframework.beans.factory.support.DefaultListableBeanFactory.resolveDependency(DefaultListableBeanFactory.java:1519) ~[spring-beans-6.2.1.jar:6.2.1]
	at org.springframework.beans.factory.annotation.AutowiredAnnotationBeanPostProcessor$AutowiredFieldElement.resolveFieldValue(AutowiredAnnotationBeanPostProcessor.java:785) ~[spring-beans-6.2.1.jar:6.2.1]
	... 144 common frames omitted

2026-03-31T15:20:09.974+05:30  WARN 2120 --- [quantity-measurement-app] [           main] o.s.test.context.TestContextManager      : Caught exception while allowing TestExecutionListener [org.springframework.test.context.bean.override.BeanOverrideTestExecutionListener] to prepare test instance [com.app.quantitymeasurement.QuantityMeasurementControllerTest@1313d0b3]

java.lang.IllegalStateException: ApplicationContext failure threshold (1) exceeded: skipping repeated attempt to load context for [WebMergedContextConfiguration@581bc85e testClass = com.app.quantitymeasurement.QuantityMeasurementControllerTest, locations = [], classes = [com.app.quantitymeasurement.QuantityMeasurementAppApplication], contextInitializerClasses = [], activeProfiles = [], propertySourceDescriptors = [], propertySourceProperties = ["org.springframework.boot.test.autoconfigure.web.servlet.WebMvcTestContextBootstrapper=true"], contextCustomizers = [[ImportsContextCustomizer@493d8aa7 key = [org.springframework.boot.autoconfigure.task.TaskExecutionAutoConfiguration, org.springframework.boot.autoconfigure.cache.CacheAutoConfiguration, org.springframework.boot.autoconfigure.web.servlet.HttpEncodingAutoConfiguration, org.springframework.boot.autoconfigure.validation.ValidationAutoConfiguration, org.springframework.boot.autoconfigure.context.MessageSourceAutoConfiguration, org.springframework.boot.autoconfigure.hateoas.HypermediaAutoConfiguration, org.springframework.boot.autoconfigure.jackson.JacksonAutoConfiguration, org.springframework.boot.autoconfigure.data.web.SpringDataWebAutoConfiguration, org.springframework.boot.test.autoconfigure.web.reactive.WebTestClientAutoConfiguration, org.springframework.boot.autoconfigure.web.servlet.error.ErrorMvcAutoConfiguration, org.springframework.boot.test.autoconfigure.web.servlet.MockMvcAutoConfiguration, org.springframework.boot.autoconfigure.security.servlet.SecurityAutoConfiguration, org.springframework.boot.autoconfigure.security.servlet.SecurityFilterAutoConfiguration, org.springframework.boot.autoconfigure.http.HttpMessageConvertersAutoConfiguration, com.app.quantitymeasurement.config.SecurityConfig, org.springframework.boot.autoconfigure.security.oauth2.client.servlet.OAuth2ClientAutoConfiguration, org.springframework.boot.test.autoconfigure.web.servlet.MockMvcSecurityConfiguration, org.springframework.boot.test.autoconfigure.web.servlet.MockMvcWebClientAutoConfiguration, org.springframework.boot.test.autoconfigure.web.servlet.MockMvcWebDriverAutoConfiguration, org.springframework.boot.autoconfigure.thymeleaf.ThymeleafAutoConfiguration, org.springframework.boot.autoconfigure.gson.GsonAutoConfiguration, org.springframework.boot.autoconfigure.jsonb.JsonbAutoConfiguration, org.springframework.boot.autoconfigure.freemarker.FreeMarkerAutoConfiguration, org.springframework.boot.autoconfigure.web.servlet.WebMvcAutoConfiguration, org.springframework.boot.autoconfigure.security.servlet.UserDetailsServiceAutoConfiguration, org.springframework.boot.autoconfigure.security.oauth2.resource.servlet.OAuth2ResourceServerAutoConfiguration, org.springframework.boot.autoconfigure.groovy.template.GroovyTemplateAutoConfiguration, org.springframework.boot.autoconfigure.mustache.MustacheAutoConfiguration]], org.springframework.boot.test.context.filter.ExcludeFilterContextCustomizer@1d483de4, org.springframework.boot.test.json.DuplicateJsonObjectContextCustomizerFactory$DuplicateJsonObjectContextCustomizer@3b74ac8, org.springframework.boot.test.mock.mockito.MockitoContextCustomizer@0, org.springframework.boot.test.web.reactor.netty.DisableReactorResourceFactoryGlobalResourcesContextCustomizerFactory$DisableReactorResourceFactoryGlobalResourcesContextCustomizerCustomizer@68f4865, org.springframework.boot.test.autoconfigure.OnFailureConditionReportContextCustomizerFactory$OnFailureConditionReportContextCustomizer@40317ba2, org.springframework.boot.test.autoconfigure.OverrideAutoConfigurationContextCustomizerFactory$DisableAutoConfigurationContextCustomizer@6aa34b05, org.springframework.boot.test.autoconfigure.actuate.observability.ObservabilityContextCustomizerFactory$DisableObservabilityContextCustomizer@1f, org.springframework.boot.test.autoconfigure.filter.TypeExcludeFiltersContextCustomizer@435508ee, org.springframework.boot.test.autoconfigure.properties.PropertyMappingContextCustomizer@d4ab7ac4, org.springframework.boot.test.autoconfigure.web.servlet.WebDriverContextCustomizer@53251a66, org.springframework.test.context.bean.override.BeanOverrideContextCustomizer@39d4feff, org.springframework.test.context.support.DynamicPropertiesContextCustomizer@0, org.springframework.boot.test.context.SpringBootTestAnnotation@3a7645ce], resourceBasePath = "src/main/webapp", contextLoader = org.springframework.boot.test.context.SpringBootContextLoader, parent = null]
	at org.springframework.test.context.cache.DefaultCacheAwareContextLoaderDelegate.loadContext(DefaultCacheAwareContextLoaderDelegate.java:145) ~[spring-test-6.2.1.jar:6.2.1]
	at org.springframework.test.context.support.DefaultTestContext.getApplicationContext(DefaultTestContext.java:130) ~[spring-test-6.2.1.jar:6.2.1]
	at org.springframework.test.context.bean.override.BeanOverrideTestExecutionListener.injectFields(BeanOverrideTestExecutionListener.java:87) ~[spring-test-6.2.1.jar:6.2.1]
	at org.springframework.test.context.bean.override.BeanOverrideTestExecutionListener.prepareTestInstance(BeanOverrideTestExecutionListener.java:58) ~[spring-test-6.2.1.jar:6.2.1]
	at org.springframework.test.context.TestContextManager.prepareTestInstance(TestContextManager.java:260) ~[spring-test-6.2.1.jar:6.2.1]
	at org.springframework.test.context.junit.jupiter.SpringExtension.postProcessTestInstance(SpringExtension.java:160) ~[spring-test-6.2.1.jar:6.2.1]
	at org.junit.jupiter.engine.descriptor.ClassBasedTestDescriptor.lambda$invokeTestInstancePostProcessors$11(ClassBasedTestDescriptor.java:378) ~[junit-jupiter-engine-5.11.4.jar:5.11.4]
	at org.junit.jupiter.engine.descriptor.ClassBasedTestDescriptor.executeAndMaskThrowable(ClassBasedTestDescriptor.java:383) ~[junit-jupiter-engine-5.11.4.jar:5.11.4]
	at org.junit.jupiter.engine.descriptor.ClassBasedTestDescriptor.lambda$invokeTestInstancePostProcessors$12(ClassBasedTestDescriptor.java:378) ~[junit-jupiter-engine-5.11.4.jar:5.11.4]
	at java.base/java.util.stream.ForEachOps$ForEachOp$OfRef.accept(ForEachOps.java:184) ~[na:na]
	at java.base/java.util.stream.ReferencePipeline$3$1.accept(ReferencePipeline.java:197) ~[na:na]
	at java.base/java.util.stream.ReferencePipeline$2$1.accept(ReferencePipeline.java:179) ~[na:na]
	at java.base/java.util.stream.ReferencePipeline$3$1.accept(ReferencePipeline.java:197) ~[na:na]
	at java.base/java.util.ArrayList$ArrayListSpliterator.forEachRemaining(ArrayList.java:1708) ~[na:na]
	at java.base/java.util.stream.AbstractPipeline.copyInto(AbstractPipeline.java:509) ~[na:na]
	at java.base/java.util.stream.AbstractPipeline.wrapAndCopyInto(AbstractPipeline.java:499) ~[na:na]
	at java.base/java.util.stream.ForEachOps$ForEachOp.evaluateSequential(ForEachOps.java:151) ~[na:na]
	at java.base/java.util.stream.ForEachOps$ForEachOp$OfRef.evaluateSequential(ForEachOps.java:174) ~[na:na]
	at java.base/java.util.stream.AbstractPipeline.evaluate(AbstractPipeline.java:234) ~[na:na]
	at java.base/java.util.stream.ReferencePipeline.forEach(ReferencePipeline.java:596) ~[na:na]
	at org.junit.jupiter.engine.descriptor.ClassBasedTestDescriptor.invokeTestInstancePostProcessors(ClassBasedTestDescriptor.java:377) ~[junit-jupiter-engine-5.11.4.jar:5.11.4]
	at org.junit.jupiter.engine.descriptor.ClassBasedTestDescriptor.lambda$instantiateAndPostProcessTestInstance$7(ClassBasedTestDescriptor.java:290) ~[junit-jupiter-engine-5.11.4.jar:5.11.4]
	at org.junit.platform.engine.support.hierarchical.ThrowableCollector.execute(ThrowableCollector.java:73) ~[junit-platform-engine-1.11.4.jar:1.11.4]
	at org.junit.jupiter.engine.descriptor.ClassBasedTestDescriptor.instantiateAndPostProcessTestInstance(ClassBasedTestDescriptor.java:289) ~[junit-jupiter-engine-5.11.4.jar:5.11.4]
	at org.junit.jupiter.engine.descriptor.ClassBasedTestDescriptor.lambda$testInstancesProvider$5(ClassBasedTestDescriptor.java:279) ~[junit-jupiter-engine-5.11.4.jar:5.11.4]
	at java.base/java.util.Optional.orElseGet(Optional.java:364) ~[na:na]
	at org.junit.jupiter.engine.descriptor.ClassBasedTestDescriptor.lambda$testInstancesProvider$6(ClassBasedTestDescriptor.java:278) ~[junit-jupiter-engine-5.11.4.jar:5.11.4]
	at org.junit.jupiter.engine.execution.TestInstancesProvider.getTestInstances(TestInstancesProvider.java:31) ~[junit-jupiter-engine-5.11.4.jar:5.11.4]
	at org.junit.jupiter.engine.descriptor.TestMethodTestDescriptor.lambda$prepare$1(TestMethodTestDescriptor.java:105) ~[junit-jupiter-engine-5.11.4.jar:5.11.4]
	at org.junit.platform.engine.support.hierarchical.ThrowableCollector.execute(ThrowableCollector.java:73) ~[junit-platform-engine-1.11.4.jar:1.11.4]
	at org.junit.jupiter.engine.descriptor.TestMethodTestDescriptor.prepare(TestMethodTestDescriptor.java:104) ~[junit-jupiter-engine-5.11.4.jar:5.11.4]
	at org.junit.jupiter.engine.descriptor.TestMethodTestDescriptor.prepare(TestMethodTestDescriptor.java:68) ~[junit-jupiter-engine-5.11.4.jar:5.11.4]
	at org.junit.platform.engine.support.hierarchical.NodeTestTask.lambda$prepare$2(NodeTestTask.java:128) ~[junit-platform-engine-1.11.4.jar:1.11.4]
	at org.junit.platform.engine.support.hierarchical.ThrowableCollector.execute(ThrowableCollector.java:73) ~[junit-platform-engine-1.11.4.jar:1.11.4]
	at org.junit.platform.engine.support.hierarchical.NodeTestTask.prepare(NodeTestTask.java:128) ~[junit-platform-engine-1.11.4.jar:1.11.4]
	at org.junit.platform.engine.support.hierarchical.NodeTestTask.execute(NodeTestTask.java:95) ~[junit-platform-engine-1.11.4.jar:1.11.4]
	at java.base/java.util.ArrayList.forEach(ArrayList.java:1596) ~[na:na]
	at org.junit.platform.engine.support.hierarchical.SameThreadHierarchicalTestExecutorService.invokeAll(SameThreadHierarchicalTestExecutorService.java:41) ~[junit-platform-engine-1.11.4.jar:1.11.4]
	at org.junit.platform.engine.support.hierarchical.NodeTestTask.lambda$executeRecursively$6(NodeTestTask.java:160) ~[junit-platform-engine-1.11.4.jar:1.11.4]
	at org.junit.platform.engine.support.hierarchical.ThrowableCollector.execute(ThrowableCollector.java:73) ~[junit-platform-engine-1.11.4.jar:1.11.4]
	at org.junit.platform.engine.support.hierarchical.NodeTestTask.lambda$executeRecursively$8(NodeTestTask.java:146) ~[junit-platform-engine-1.11.4.jar:1.11.4]
	at org.junit.platform.engine.support.hierarchical.Node.around(Node.java:137) ~[junit-platform-engine-1.11.4.jar:1.11.4]
	at org.junit.platform.engine.support.hierarchical.NodeTestTask.lambda$executeRecursively$9(NodeTestTask.java:144) ~[junit-platform-engine-1.11.4.jar:1.11.4]
	at org.junit.platform.engine.support.hierarchical.ThrowableCollector.execute(ThrowableCollector.java:73) ~[junit-platform-engine-1.11.4.jar:1.11.4]
	at org.junit.platform.engine.support.hierarchical.NodeTestTask.executeRecursively(NodeTestTask.java:143) ~[junit-platform-engine-1.11.4.jar:1.11.4]
	at org.junit.platform.engine.support.hierarchical.NodeTestTask.execute(NodeTestTask.java:100) ~[junit-platform-engine-1.11.4.jar:1.11.4]
	at java.base/java.util.ArrayList.forEach(ArrayList.java:1596) ~[na:na]
	at org.junit.platform.engine.support.hierarchical.SameThreadHierarchicalTestExecutorService.invokeAll(SameThreadHierarchicalTestExecutorService.java:41) ~[junit-platform-engine-1.11.4.jar:1.11.4]
	at org.junit.platform.engine.support.hierarchical.NodeTestTask.lambda$executeRecursively$6(NodeTestTask.java:160) ~[junit-platform-engine-1.11.4.jar:1.11.4]
	at org.junit.platform.engine.support.hierarchical.ThrowableCollector.execute(ThrowableCollector.java:73) ~[junit-platform-engine-1.11.4.jar:1.11.4]
	at org.junit.platform.engine.support.hierarchical.NodeTestTask.lambda$executeRecursively$8(NodeTestTask.java:146) ~[junit-platform-engine-1.11.4.jar:1.11.4]
	at org.junit.platform.engine.support.hierarchical.Node.around(Node.java:137) ~[junit-platform-engine-1.11.4.jar:1.11.4]
	at org.junit.platform.engine.support.hierarchical.NodeTestTask.lambda$executeRecursively$9(NodeTestTask.java:144) ~[junit-platform-engine-1.11.4.jar:1.11.4]
	at org.junit.platform.engine.support.hierarchical.ThrowableCollector.execute(ThrowableCollector.java:73) ~[junit-platform-engine-1.11.4.jar:1.11.4]
	at org.junit.platform.engine.support.hierarchical.NodeTestTask.executeRecursively(NodeTestTask.java:143) ~[junit-platform-engine-1.11.4.jar:1.11.4]
	at org.junit.platform.engine.support.hierarchical.NodeTestTask.execute(NodeTestTask.java:100) ~[junit-platform-engine-1.11.4.jar:1.11.4]
	at org.junit.platform.engine.support.hierarchical.SameThreadHierarchicalTestExecutorService.submit(SameThreadHierarchicalTestExecutorService.java:35) ~[junit-platform-engine-1.11.4.jar:1.11.4]
	at org.junit.platform.engine.support.hierarchical.HierarchicalTestExecutor.execute(HierarchicalTestExecutor.java:57) ~[junit-platform-engine-1.11.4.jar:1.11.4]
	at org.junit.platform.engine.support.hierarchical.HierarchicalTestEngine.execute(HierarchicalTestEngine.java:54) ~[junit-platform-engine-1.11.4.jar:1.11.4]
	at org.junit.platform.launcher.core.EngineExecutionOrchestrator.execute(EngineExecutionOrchestrator.java:198) ~[junit-platform-launcher-1.11.4.jar:1.11.4]
	at org.junit.platform.launcher.core.EngineExecutionOrchestrator.execute(EngineExecutionOrchestrator.java:169) ~[junit-platform-launcher-1.11.4.jar:1.11.4]
	at org.junit.platform.launcher.core.EngineExecutionOrchestrator.execute(EngineExecutionOrchestrator.java:93) ~[junit-platform-launcher-1.11.4.jar:1.11.4]
	at org.junit.platform.launcher.core.EngineExecutionOrchestrator.lambda$execute$0(EngineExecutionOrchestrator.java:58) ~[junit-platform-launcher-1.11.4.jar:1.11.4]
	at org.junit.platform.launcher.core.EngineExecutionOrchestrator.withInterceptedStreams(EngineExecutionOrchestrator.java:141) ~[junit-platform-launcher-1.11.4.jar:1.11.4]
	at org.junit.platform.launcher.core.EngineExecutionOrchestrator.execute(EngineExecutionOrchestrator.java:57) ~[junit-platform-launcher-1.11.4.jar:1.11.4]
	at org.junit.platform.launcher.core.DefaultLauncher.execute(DefaultLauncher.java:103) ~[junit-platform-launcher-1.11.4.jar:1.11.4]
	at org.junit.platform.launcher.core.DefaultLauncher.execute(DefaultLauncher.java:85) ~[junit-platform-launcher-1.11.4.jar:1.11.4]
	at org.junit.platform.launcher.core.DelegatingLauncher.execute(DelegatingLauncher.java:47) ~[junit-platform-launcher-1.11.4.jar:1.11.4]
	at org.apache.maven.surefire.junitplatform.LazyLauncher.execute(LazyLauncher.java:56) ~[surefire-junit-platform-3.1.2.jar:3.1.2]
	at org.apache.maven.surefire.junitplatform.JUnitPlatformProvider.execute(JUnitPlatformProvider.java:184) ~[surefire-junit-platform-3.1.2.jar:3.1.2]
	at org.apache.maven.surefire.junitplatform.JUnitPlatformProvider.invokeAllTests(JUnitPlatformProvider.java:148) ~[surefire-junit-platform-3.1.2.jar:3.1.2]
	at org.apache.maven.surefire.junitplatform.JUnitPlatformProvider.invoke(JUnitPlatformProvider.java:122) ~[surefire-junit-platform-3.1.2.jar:3.1.2]
	at org.apache.maven.surefire.booter.ForkedBooter.runSuitesInProcess(ForkedBooter.java:385) ~[surefire-booter-3.1.2.jar:3.1.2]
	at org.apache.maven.surefire.booter.ForkedBooter.execute(ForkedBooter.java:162) ~[surefire-booter-3.1.2.jar:3.1.2]
	at org.apache.maven.surefire.booter.ForkedBooter.run(ForkedBooter.java:507) ~[surefire-booter-3.1.2.jar:3.1.2]
	at org.apache.maven.surefire.booter.ForkedBooter.main(ForkedBooter.java:495) ~[surefire-booter-3.1.2.jar:3.1.2]

2026-03-31T15:20:09.983+05:30  WARN 2120 --- [quantity-measurement-app] [           main] o.s.test.context.TestContextManager      : Caught exception while allowing TestExecutionListener [org.springframework.test.context.bean.override.BeanOverrideTestExecutionListener] to prepare test instance [com.app.quantitymeasurement.QuantityMeasurementControllerTest@78a3023f]

java.lang.IllegalStateException: ApplicationContext failure threshold (1) exceeded: skipping repeated attempt to load context for [WebMergedContextConfiguration@581bc85e testClass = com.app.quantitymeasurement.QuantityMeasurementControllerTest, locations = [], classes = [com.app.quantitymeasurement.QuantityMeasurementAppApplication], contextInitializerClasses = [], activeProfiles = [], propertySourceDescriptors = [], propertySourceProperties = ["org.springframework.boot.test.autoconfigure.web.servlet.WebMvcTestContextBootstrapper=true"], contextCustomizers = [[ImportsContextCustomizer@493d8aa7 key = [org.springframework.boot.autoconfigure.task.TaskExecutionAutoConfiguration, org.springframework.boot.autoconfigure.cache.CacheAutoConfiguration, org.springframework.boot.autoconfigure.web.servlet.HttpEncodingAutoConfiguration, org.springframework.boot.autoconfigure.validation.ValidationAutoConfiguration, org.springframework.boot.autoconfigure.context.MessageSourceAutoConfiguration, org.springframework.boot.autoconfigure.hateoas.HypermediaAutoConfiguration, org.springframework.boot.autoconfigure.jackson.JacksonAutoConfiguration, org.springframework.boot.autoconfigure.data.web.SpringDataWebAutoConfiguration, org.springframework.boot.test.autoconfigure.web.reactive.WebTestClientAutoConfiguration, org.springframework.boot.autoconfigure.web.servlet.error.ErrorMvcAutoConfiguration, org.springframework.boot.test.autoconfigure.web.servlet.MockMvcAutoConfiguration, org.springframework.boot.autoconfigure.security.servlet.SecurityAutoConfiguration, org.springframework.boot.autoconfigure.security.servlet.SecurityFilterAutoConfiguration, org.springframework.boot.autoconfigure.http.HttpMessageConvertersAutoConfiguration, com.app.quantitymeasurement.config.SecurityConfig, org.springframework.boot.autoconfigure.security.oauth2.client.servlet.OAuth2ClientAutoConfiguration, org.springframework.boot.test.autoconfigure.web.servlet.MockMvcSecurityConfiguration, org.springframework.boot.test.autoconfigure.web.servlet.MockMvcWebClientAutoConfiguration, org.springframework.boot.test.autoconfigure.web.servlet.MockMvcWebDriverAutoConfiguration, org.springframework.boot.autoconfigure.thymeleaf.ThymeleafAutoConfiguration, org.springframework.boot.autoconfigure.gson.GsonAutoConfiguration, org.springframework.boot.autoconfigure.jsonb.JsonbAutoConfiguration, org.springframework.boot.autoconfigure.freemarker.FreeMarkerAutoConfiguration, org.springframework.boot.autoconfigure.web.servlet.WebMvcAutoConfiguration, org.springframework.boot.autoconfigure.security.servlet.UserDetailsServiceAutoConfiguration, org.springframework.boot.autoconfigure.security.oauth2.resource.servlet.OAuth2ResourceServerAutoConfiguration, org.springframework.boot.autoconfigure.groovy.template.GroovyTemplateAutoConfiguration, org.springframework.boot.autoconfigure.mustache.MustacheAutoConfiguration]], org.springframework.boot.test.context.filter.ExcludeFilterContextCustomizer@1d483de4, org.springframework.boot.test.json.DuplicateJsonObjectContextCustomizerFactory$DuplicateJsonObjectContextCustomizer@3b74ac8, org.springframework.boot.test.mock.mockito.MockitoContextCustomizer@0, org.springframework.boot.test.web.reactor.netty.DisableReactorResourceFactoryGlobalResourcesContextCustomizerFactory$DisableReactorResourceFactoryGlobalResourcesContextCustomizerCustomizer@68f4865, org.springframework.boot.test.autoconfigure.OnFailureConditionReportContextCustomizerFactory$OnFailureConditionReportContextCustomizer@40317ba2, org.springframework.boot.test.autoconfigure.OverrideAutoConfigurationContextCustomizerFactory$DisableAutoConfigurationContextCustomizer@6aa34b05, org.springframework.boot.test.autoconfigure.actuate.observability.ObservabilityContextCustomizerFactory$DisableObservabilityContextCustomizer@1f, org.springframework.boot.test.autoconfigure.filter.TypeExcludeFiltersContextCustomizer@435508ee, org.springframework.boot.test.autoconfigure.properties.PropertyMappingContextCustomizer@d4ab7ac4, org.springframework.boot.test.autoconfigure.web.servlet.WebDriverContextCustomizer@53251a66, org.springframework.test.context.bean.override.BeanOverrideContextCustomizer@39d4feff, org.springframework.test.context.support.DynamicPropertiesContextCustomizer@0, org.springframework.boot.test.context.SpringBootTestAnnotation@3a7645ce], resourceBasePath = "src/main/webapp", contextLoader = org.springframework.boot.test.context.SpringBootContextLoader, parent = null]
	at org.springframework.test.context.cache.DefaultCacheAwareContextLoaderDelegate.loadContext(DefaultCacheAwareContextLoaderDelegate.java:145) ~[spring-test-6.2.1.jar:6.2.1]
	at org.springframework.test.context.support.DefaultTestContext.getApplicationContext(DefaultTestContext.java:130) ~[spring-test-6.2.1.jar:6.2.1]
	at org.springframework.test.context.bean.override.BeanOverrideTestExecutionListener.injectFields(BeanOverrideTestExecutionListener.java:87) ~[spring-test-6.2.1.jar:6.2.1]
	at org.springframework.test.context.bean.override.BeanOverrideTestExecutionListener.prepareTestInstance(BeanOverrideTestExecutionListener.java:58) ~[spring-test-6.2.1.jar:6.2.1]
	at org.springframework.test.context.TestContextManager.prepareTestInstance(TestContextManager.java:260) ~[spring-test-6.2.1.jar:6.2.1]
	at org.springframework.test.context.junit.jupiter.SpringExtension.postProcessTestInstance(SpringExtension.java:160) ~[spring-test-6.2.1.jar:6.2.1]
	at org.junit.jupiter.engine.descriptor.ClassBasedTestDescriptor.lambda$invokeTestInstancePostProcessors$11(ClassBasedTestDescriptor.java:378) ~[junit-jupiter-engine-5.11.4.jar:5.11.4]
	at org.junit.jupiter.engine.descriptor.ClassBasedTestDescriptor.executeAndMaskThrowable(ClassBasedTestDescriptor.java:383) ~[junit-jupiter-engine-5.11.4.jar:5.11.4]
	at org.junit.jupiter.engine.descriptor.ClassBasedTestDescriptor.lambda$invokeTestInstancePostProcessors$12(ClassBasedTestDescriptor.java:378) ~[junit-jupiter-engine-5.11.4.jar:5.11.4]
	at java.base/java.util.stream.ForEachOps$ForEachOp$OfRef.accept(ForEachOps.java:184) ~[na:na]
	at java.base/java.util.stream.ReferencePipeline$3$1.accept(ReferencePipeline.java:197) ~[na:na]
	at java.base/java.util.stream.ReferencePipeline$2$1.accept(ReferencePipeline.java:179) ~[na:na]
	at java.base/java.util.stream.ReferencePipeline$3$1.accept(ReferencePipeline.java:197) ~[na:na]
	at java.base/java.util.ArrayList$ArrayListSpliterator.forEachRemaining(ArrayList.java:1708) ~[na:na]
	at java.base/java.util.stream.AbstractPipeline.copyInto(AbstractPipeline.java:509) ~[na:na]
	at java.base/java.util.stream.AbstractPipeline.wrapAndCopyInto(AbstractPipeline.java:499) ~[na:na]
	at java.base/java.util.stream.ForEachOps$ForEachOp.evaluateSequential(ForEachOps.java:151) ~[na:na]
	at java.base/java.util.stream.ForEachOps$ForEachOp$OfRef.evaluateSequential(ForEachOps.java:174) ~[na:na]
	at java.base/java.util.stream.AbstractPipeline.evaluate(AbstractPipeline.java:234) ~[na:na]
	at java.base/java.util.stream.ReferencePipeline.forEach(ReferencePipeline.java:596) ~[na:na]
	at org.junit.jupiter.engine.descriptor.ClassBasedTestDescriptor.invokeTestInstancePostProcessors(ClassBasedTestDescriptor.java:377) ~[junit-jupiter-engine-5.11.4.jar:5.11.4]
	at org.junit.jupiter.engine.descriptor.ClassBasedTestDescriptor.lambda$instantiateAndPostProcessTestInstance$7(ClassBasedTestDescriptor.java:290) ~[junit-jupiter-engine-5.11.4.jar:5.11.4]
	at org.junit.platform.engine.support.hierarchical.ThrowableCollector.execute(ThrowableCollector.java:73) ~[junit-platform-engine-1.11.4.jar:1.11.4]
	at org.junit.jupiter.engine.descriptor.ClassBasedTestDescriptor.instantiateAndPostProcessTestInstance(ClassBasedTestDescriptor.java:289) ~[junit-jupiter-engine-5.11.4.jar:5.11.4]
	at org.junit.jupiter.engine.descriptor.ClassBasedTestDescriptor.lambda$testInstancesProvider$5(ClassBasedTestDescriptor.java:279) ~[junit-jupiter-engine-5.11.4.jar:5.11.4]
	at java.base/java.util.Optional.orElseGet(Optional.java:364) ~[na:na]
	at org.junit.jupiter.engine.descriptor.ClassBasedTestDescriptor.lambda$testInstancesProvider$6(ClassBasedTestDescriptor.java:278) ~[junit-jupiter-engine-5.11.4.jar:5.11.4]
	at org.junit.jupiter.engine.execution.TestInstancesProvider.getTestInstances(TestInstancesProvider.java:31) ~[junit-jupiter-engine-5.11.4.jar:5.11.4]
	at org.junit.jupiter.engine.descriptor.TestMethodTestDescriptor.lambda$prepare$1(TestMethodTestDescriptor.java:105) ~[junit-jupiter-engine-5.11.4.jar:5.11.4]
	at org.junit.platform.engine.support.hierarchical.ThrowableCollector.execute(ThrowableCollector.java:73) ~[junit-platform-engine-1.11.4.jar:1.11.4]
	at org.junit.jupiter.engine.descriptor.TestMethodTestDescriptor.prepare(TestMethodTestDescriptor.java:104) ~[junit-jupiter-engine-5.11.4.jar:5.11.4]
	at org.junit.jupiter.engine.descriptor.TestMethodTestDescriptor.prepare(TestMethodTestDescriptor.java:68) ~[junit-jupiter-engine-5.11.4.jar:5.11.4]
	at org.junit.platform.engine.support.hierarchical.NodeTestTask.lambda$prepare$2(NodeTestTask.java:128) ~[junit-platform-engine-1.11.4.jar:1.11.4]
	at org.junit.platform.engine.support.hierarchical.ThrowableCollector.execute(ThrowableCollector.java:73) ~[junit-platform-engine-1.11.4.jar:1.11.4]
	at org.junit.platform.engine.support.hierarchical.NodeTestTask.prepare(NodeTestTask.java:128) ~[junit-platform-engine-1.11.4.jar:1.11.4]
	at org.junit.platform.engine.support.hierarchical.NodeTestTask.execute(NodeTestTask.java:95) ~[junit-platform-engine-1.11.4.jar:1.11.4]
	at java.base/java.util.ArrayList.forEach(ArrayList.java:1596) ~[na:na]
	at org.junit.platform.engine.support.hierarchical.SameThreadHierarchicalTestExecutorService.invokeAll(SameThreadHierarchicalTestExecutorService.java:41) ~[junit-platform-engine-1.11.4.jar:1.11.4]
	at org.junit.platform.engine.support.hierarchical.NodeTestTask.lambda$executeRecursively$6(NodeTestTask.java:160) ~[junit-platform-engine-1.11.4.jar:1.11.4]
	at org.junit.platform.engine.support.hierarchical.ThrowableCollector.execute(ThrowableCollector.java:73) ~[junit-platform-engine-1.11.4.jar:1.11.4]
	at org.junit.platform.engine.support.hierarchical.NodeTestTask.lambda$executeRecursively$8(NodeTestTask.java:146) ~[junit-platform-engine-1.11.4.jar:1.11.4]
	at org.junit.platform.engine.support.hierarchical.Node.around(Node.java:137) ~[junit-platform-engine-1.11.4.jar:1.11.4]
	at org.junit.platform.engine.support.hierarchical.NodeTestTask.lambda$executeRecursively$9(NodeTestTask.java:144) ~[junit-platform-engine-1.11.4.jar:1.11.4]
	at org.junit.platform.engine.support.hierarchical.ThrowableCollector.execute(ThrowableCollector.java:73) ~[junit-platform-engine-1.11.4.jar:1.11.4]
	at org.junit.platform.engine.support.hierarchical.NodeTestTask.executeRecursively(NodeTestTask.java:143) ~[junit-platform-engine-1.11.4.jar:1.11.4]
	at org.junit.platform.engine.support.hierarchical.NodeTestTask.execute(NodeTestTask.java:100) ~[junit-platform-engine-1.11.4.jar:1.11.4]
	at java.base/java.util.ArrayList.forEach(ArrayList.java:1596) ~[na:na]
	at org.junit.platform.engine.support.hierarchical.SameThreadHierarchicalTestExecutorService.invokeAll(SameThreadHierarchicalTestExecutorService.java:41) ~[junit-platform-engine-1.11.4.jar:1.11.4]
	at org.junit.platform.engine.support.hierarchical.NodeTestTask.lambda$executeRecursively$6(NodeTestTask.java:160) ~[junit-platform-engine-1.11.4.jar:1.11.4]
	at org.junit.platform.engine.support.hierarchical.ThrowableCollector.execute(ThrowableCollector.java:73) ~[junit-platform-engine-1.11.4.jar:1.11.4]
	at org.junit.platform.engine.support.hierarchical.NodeTestTask.lambda$executeRecursively$8(NodeTestTask.java:146) ~[junit-platform-engine-1.11.4.jar:1.11.4]
	at org.junit.platform.engine.support.hierarchical.Node.around(Node.java:137) ~[junit-platform-engine-1.11.4.jar:1.11.4]
	at org.junit.platform.engine.support.hierarchical.NodeTestTask.lambda$executeRecursively$9(NodeTestTask.java:144) ~[junit-platform-engine-1.11.4.jar:1.11.4]
	at org.junit.platform.engine.support.hierarchical.ThrowableCollector.execute(ThrowableCollector.java:73) ~[junit-platform-engine-1.11.4.jar:1.11.4]
	at org.junit.platform.engine.support.hierarchical.NodeTestTask.executeRecursively(NodeTestTask.java:143) ~[junit-platform-engine-1.11.4.jar:1.11.4]
	at org.junit.platform.engine.support.hierarchical.NodeTestTask.execute(NodeTestTask.java:100) ~[junit-platform-engine-1.11.4.jar:1.11.4]
	at org.junit.platform.engine.support.hierarchical.SameThreadHierarchicalTestExecutorService.submit(SameThreadHierarchicalTestExecutorService.java:35) ~[junit-platform-engine-1.11.4.jar:1.11.4]
	at org.junit.platform.engine.support.hierarchical.HierarchicalTestExecutor.execute(HierarchicalTestExecutor.java:57) ~[junit-platform-engine-1.11.4.jar:1.11.4]
	at org.junit.platform.engine.support.hierarchical.HierarchicalTestEngine.execute(HierarchicalTestEngine.java:54) ~[junit-platform-engine-1.11.4.jar:1.11.4]
	at org.junit.platform.launcher.core.EngineExecutionOrchestrator.execute(EngineExecutionOrchestrator.java:198) ~[junit-platform-launcher-1.11.4.jar:1.11.4]
	at org.junit.platform.launcher.core.EngineExecutionOrchestrator.execute(EngineExecutionOrchestrator.java:169) ~[junit-platform-launcher-1.11.4.jar:1.11.4]
	at org.junit.platform.launcher.core.EngineExecutionOrchestrator.execute(EngineExecutionOrchestrator.java:93) ~[junit-platform-launcher-1.11.4.jar:1.11.4]
	at org.junit.platform.launcher.core.EngineExecutionOrchestrator.lambda$execute$0(EngineExecutionOrchestrator.java:58) ~[junit-platform-launcher-1.11.4.jar:1.11.4]
	at org.junit.platform.launcher.core.EngineExecutionOrchestrator.withInterceptedStreams(EngineExecutionOrchestrator.java:141) ~[junit-platform-launcher-1.11.4.jar:1.11.4]
	at org.junit.platform.launcher.core.EngineExecutionOrchestrator.execute(EngineExecutionOrchestrator.java:57) ~[junit-platform-launcher-1.11.4.jar:1.11.4]
	at org.junit.platform.launcher.core.DefaultLauncher.execute(DefaultLauncher.java:103) ~[junit-platform-launcher-1.11.4.jar:1.11.4]
	at org.junit.platform.launcher.core.DefaultLauncher.execute(DefaultLauncher.java:85) ~[junit-platform-launcher-1.11.4.jar:1.11.4]
	at org.junit.platform.launcher.core.DelegatingLauncher.execute(DelegatingLauncher.java:47) ~[junit-platform-launcher-1.11.4.jar:1.11.4]
	at org.apache.maven.surefire.junitplatform.LazyLauncher.execute(LazyLauncher.java:56) ~[surefire-junit-platform-3.1.2.jar:3.1.2]
	at org.apache.maven.surefire.junitplatform.JUnitPlatformProvider.execute(JUnitPlatformProvider.java:184) ~[surefire-junit-platform-3.1.2.jar:3.1.2]
	at org.apache.maven.surefire.junitplatform.JUnitPlatformProvider.invokeAllTests(JUnitPlatformProvider.java:148) ~[surefire-junit-platform-3.1.2.jar:3.1.2]
	at org.apache.maven.surefire.junitplatform.JUnitPlatformProvider.invoke(JUnitPlatformProvider.java:122) ~[surefire-junit-platform-3.1.2.jar:3.1.2]
	at org.apache.maven.surefire.booter.ForkedBooter.runSuitesInProcess(ForkedBooter.java:385) ~[surefire-booter-3.1.2.jar:3.1.2]
	at org.apache.maven.surefire.booter.ForkedBooter.execute(ForkedBooter.java:162) ~[surefire-booter-3.1.2.jar:3.1.2]
	at org.apache.maven.surefire.booter.ForkedBooter.run(ForkedBooter.java:507) ~[surefire-booter-3.1.2.jar:3.1.2]
	at org.apache.maven.surefire.booter.ForkedBooter.main(ForkedBooter.java:495) ~[surefire-booter-3.1.2.jar:3.1.2]

2026-03-31T15:20:10.005+05:30  WARN 2120 --- [quantity-measurement-app] [           main] o.s.test.context.TestContextManager      : Caught exception while allowing TestExecutionListener [org.springframework.test.context.bean.override.BeanOverrideTestExecutionListener] to prepare test instance [com.app.quantitymeasurement.QuantityMeasurementControllerTest@20eee47c]

java.lang.IllegalStateException: ApplicationContext failure threshold (1) exceeded: skipping repeated attempt to load context for [WebMergedContextConfiguration@581bc85e testClass = com.app.quantitymeasurement.QuantityMeasurementControllerTest, locations = [], classes = [com.app.quantitymeasurement.QuantityMeasurementAppApplication], contextInitializerClasses = [], activeProfiles = [], propertySourceDescriptors = [], propertySourceProperties = ["org.springframework.boot.test.autoconfigure.web.servlet.WebMvcTestContextBootstrapper=true"], contextCustomizers = [[ImportsContextCustomizer@493d8aa7 key = [org.springframework.boot.autoconfigure.task.TaskExecutionAutoConfiguration, org.springframework.boot.autoconfigure.cache.CacheAutoConfiguration, org.springframework.boot.autoconfigure.web.servlet.HttpEncodingAutoConfiguration, org.springframework.boot.autoconfigure.validation.ValidationAutoConfiguration, org.springframework.boot.autoconfigure.context.MessageSourceAutoConfiguration, org.springframework.boot.autoconfigure.hateoas.HypermediaAutoConfiguration, org.springframework.boot.autoconfigure.jackson.JacksonAutoConfiguration, org.springframework.boot.autoconfigure.data.web.SpringDataWebAutoConfiguration, org.springframework.boot.test.autoconfigure.web.reactive.WebTestClientAutoConfiguration, org.springframework.boot.autoconfigure.web.servlet.error.ErrorMvcAutoConfiguration, org.springframework.boot.test.autoconfigure.web.servlet.MockMvcAutoConfiguration, org.springframework.boot.autoconfigure.security.servlet.SecurityAutoConfiguration, org.springframework.boot.autoconfigure.security.servlet.SecurityFilterAutoConfiguration, org.springframework.boot.autoconfigure.http.HttpMessageConvertersAutoConfiguration, com.app.quantitymeasurement.config.SecurityConfig, org.springframework.boot.autoconfigure.security.oauth2.client.servlet.OAuth2ClientAutoConfiguration, org.springframework.boot.test.autoconfigure.web.servlet.MockMvcSecurityConfiguration, org.springframework.boot.test.autoconfigure.web.servlet.MockMvcWebClientAutoConfiguration, org.springframework.boot.test.autoconfigure.web.servlet.MockMvcWebDriverAutoConfiguration, org.springframework.boot.autoconfigure.thymeleaf.ThymeleafAutoConfiguration, org.springframework.boot.autoconfigure.gson.GsonAutoConfiguration, org.springframework.boot.autoconfigure.jsonb.JsonbAutoConfiguration, org.springframework.boot.autoconfigure.freemarker.FreeMarkerAutoConfiguration, org.springframework.boot.autoconfigure.web.servlet.WebMvcAutoConfiguration, org.springframework.boot.autoconfigure.security.servlet.UserDetailsServiceAutoConfiguration, org.springframework.boot.autoconfigure.security.oauth2.resource.servlet.OAuth2ResourceServerAutoConfiguration, org.springframework.boot.autoconfigure.groovy.template.GroovyTemplateAutoConfiguration, org.springframework.boot.autoconfigure.mustache.MustacheAutoConfiguration]], org.springframework.boot.test.context.filter.ExcludeFilterContextCustomizer@1d483de4, org.springframework.boot.test.json.DuplicateJsonObjectContextCustomizerFactory$DuplicateJsonObjectContextCustomizer@3b74ac8, org.springframework.boot.test.mock.mockito.MockitoContextCustomizer@0, org.springframework.boot.test.web.reactor.netty.DisableReactorResourceFactoryGlobalResourcesContextCustomizerFactory$DisableReactorResourceFactoryGlobalResourcesContextCustomizerCustomizer@68f4865, org.springframework.boot.test.autoconfigure.OnFailureConditionReportContextCustomizerFactory$OnFailureConditionReportContextCustomizer@40317ba2, org.springframework.boot.test.autoconfigure.OverrideAutoConfigurationContextCustomizerFactory$DisableAutoConfigurationContextCustomizer@6aa34b05, org.springframework.boot.test.autoconfigure.actuate.observability.ObservabilityContextCustomizerFactory$DisableObservabilityContextCustomizer@1f, org.springframework.boot.test.autoconfigure.filter.TypeExcludeFiltersContextCustomizer@435508ee, org.springframework.boot.test.autoconfigure.properties.PropertyMappingContextCustomizer@d4ab7ac4, org.springframework.boot.test.autoconfigure.web.servlet.WebDriverContextCustomizer@53251a66, org.springframework.test.context.bean.override.BeanOverrideContextCustomizer@39d4feff, org.springframework.test.context.support.DynamicPropertiesContextCustomizer@0, org.springframework.boot.test.context.SpringBootTestAnnotation@3a7645ce], resourceBasePath = "src/main/webapp", contextLoader = org.springframework.boot.test.context.SpringBootContextLoader, parent = null]
	at org.springframework.test.context.cache.DefaultCacheAwareContextLoaderDelegate.loadContext(DefaultCacheAwareContextLoaderDelegate.java:145) ~[spring-test-6.2.1.jar:6.2.1]
	at org.springframework.test.context.support.DefaultTestContext.getApplicationContext(DefaultTestContext.java:130) ~[spring-test-6.2.1.jar:6.2.1]
	at org.springframework.test.context.bean.override.BeanOverrideTestExecutionListener.injectFields(BeanOverrideTestExecutionListener.java:87) ~[spring-test-6.2.1.jar:6.2.1]
	at org.springframework.test.context.bean.override.BeanOverrideTestExecutionListener.prepareTestInstance(BeanOverrideTestExecutionListener.java:58) ~[spring-test-6.2.1.jar:6.2.1]
	at org.springframework.test.context.TestContextManager.prepareTestInstance(TestContextManager.java:260) ~[spring-test-6.2.1.jar:6.2.1]
	at org.springframework.test.context.junit.jupiter.SpringExtension.postProcessTestInstance(SpringExtension.java:160) ~[spring-test-6.2.1.jar:6.2.1]
	at org.junit.jupiter.engine.descriptor.ClassBasedTestDescriptor.lambda$invokeTestInstancePostProcessors$11(ClassBasedTestDescriptor.java:378) ~[junit-jupiter-engine-5.11.4.jar:5.11.4]
	at org.junit.jupiter.engine.descriptor.ClassBasedTestDescriptor.executeAndMaskThrowable(ClassBasedTestDescriptor.java:383) ~[junit-jupiter-engine-5.11.4.jar:5.11.4]
	at org.junit.jupiter.engine.descriptor.ClassBasedTestDescriptor.lambda$invokeTestInstancePostProcessors$12(ClassBasedTestDescriptor.java:378) ~[junit-jupiter-engine-5.11.4.jar:5.11.4]
	at java.base/java.util.stream.ForEachOps$ForEachOp$OfRef.accept(ForEachOps.java:184) ~[na:na]
	at java.base/java.util.stream.ReferencePipeline$3$1.accept(ReferencePipeline.java:197) ~[na:na]
	at java.base/java.util.stream.ReferencePipeline$2$1.accept(ReferencePipeline.java:179) ~[na:na]
	at java.base/java.util.stream.ReferencePipeline$3$1.accept(ReferencePipeline.java:197) ~[na:na]
	at java.base/java.util.ArrayList$ArrayListSpliterator.forEachRemaining(ArrayList.java:1708) ~[na:na]
	at java.base/java.util.stream.AbstractPipeline.copyInto(AbstractPipeline.java:509) ~[na:na]
	at java.base/java.util.stream.AbstractPipeline.wrapAndCopyInto(AbstractPipeline.java:499) ~[na:na]
	at java.base/java.util.stream.ForEachOps$ForEachOp.evaluateSequential(ForEachOps.java:151) ~[na:na]
	at java.base/java.util.stream.ForEachOps$ForEachOp$OfRef.evaluateSequential(ForEachOps.java:174) ~[na:na]
	at java.base/java.util.stream.AbstractPipeline.evaluate(AbstractPipeline.java:234) ~[na:na]
	at java.base/java.util.stream.ReferencePipeline.forEach(ReferencePipeline.java:596) ~[na:na]
	at org.junit.jupiter.engine.descriptor.ClassBasedTestDescriptor.invokeTestInstancePostProcessors(ClassBasedTestDescriptor.java:377) ~[junit-jupiter-engine-5.11.4.jar:5.11.4]
	at org.junit.jupiter.engine.descriptor.ClassBasedTestDescriptor.lambda$instantiateAndPostProcessTestInstance$7(ClassBasedTestDescriptor.java:290) ~[junit-jupiter-engine-5.11.4.jar:5.11.4]
	at org.junit.platform.engine.support.hierarchical.ThrowableCollector.execute(ThrowableCollector.java:73) ~[junit-platform-engine-1.11.4.jar:1.11.4]
	at org.junit.jupiter.engine.descriptor.ClassBasedTestDescriptor.instantiateAndPostProcessTestInstance(ClassBasedTestDescriptor.java:289) ~[junit-jupiter-engine-5.11.4.jar:5.11.4]
	at org.junit.jupiter.engine.descriptor.ClassBasedTestDescriptor.lambda$testInstancesProvider$5(ClassBasedTestDescriptor.java:279) ~[junit-jupiter-engine-5.11.4.jar:5.11.4]
	at java.base/java.util.Optional.orElseGet(Optional.java:364) ~[na:na]
	at org.junit.jupiter.engine.descriptor.ClassBasedTestDescriptor.lambda$testInstancesProvider$6(ClassBasedTestDescriptor.java:278) ~[junit-jupiter-engine-5.11.4.jar:5.11.4]
	at org.junit.jupiter.engine.execution.TestInstancesProvider.getTestInstances(TestInstancesProvider.java:31) ~[junit-jupiter-engine-5.11.4.jar:5.11.4]
	at org.junit.jupiter.engine.descriptor.TestMethodTestDescriptor.lambda$prepare$1(TestMethodTestDescriptor.java:105) ~[junit-jupiter-engine-5.11.4.jar:5.11.4]
	at org.junit.platform.engine.support.hierarchical.ThrowableCollector.execute(ThrowableCollector.java:73) ~[junit-platform-engine-1.11.4.jar:1.11.4]
	at org.junit.jupiter.engine.descriptor.TestMethodTestDescriptor.prepare(TestMethodTestDescriptor.java:104) ~[junit-jupiter-engine-5.11.4.jar:5.11.4]
	at org.junit.jupiter.engine.descriptor.TestMethodTestDescriptor.prepare(TestMethodTestDescriptor.java:68) ~[junit-jupiter-engine-5.11.4.jar:5.11.4]
	at org.junit.platform.engine.support.hierarchical.NodeTestTask.lambda$prepare$2(NodeTestTask.java:128) ~[junit-platform-engine-1.11.4.jar:1.11.4]
	at org.junit.platform.engine.support.hierarchical.ThrowableCollector.execute(ThrowableCollector.java:73) ~[junit-platform-engine-1.11.4.jar:1.11.4]
	at org.junit.platform.engine.support.hierarchical.NodeTestTask.prepare(NodeTestTask.java:128) ~[junit-platform-engine-1.11.4.jar:1.11.4]
	at org.junit.platform.engine.support.hierarchical.NodeTestTask.execute(NodeTestTask.java:95) ~[junit-platform-engine-1.11.4.jar:1.11.4]
	at java.base/java.util.ArrayList.forEach(ArrayList.java:1596) ~[na:na]
	at org.junit.platform.engine.support.hierarchical.SameThreadHierarchicalTestExecutorService.invokeAll(SameThreadHierarchicalTestExecutorService.java:41) ~[junit-platform-engine-1.11.4.jar:1.11.4]
	at org.junit.platform.engine.support.hierarchical.NodeTestTask.lambda$executeRecursively$6(NodeTestTask.java:160) ~[junit-platform-engine-1.11.4.jar:1.11.4]
	at org.junit.platform.engine.support.hierarchical.ThrowableCollector.execute(ThrowableCollector.java:73) ~[junit-platform-engine-1.11.4.jar:1.11.4]
	at org.junit.platform.engine.support.hierarchical.NodeTestTask.lambda$executeRecursively$8(NodeTestTask.java:146) ~[junit-platform-engine-1.11.4.jar:1.11.4]
	at org.junit.platform.engine.support.hierarchical.Node.around(Node.java:137) ~[junit-platform-engine-1.11.4.jar:1.11.4]
	at org.junit.platform.engine.support.hierarchical.NodeTestTask.lambda$executeRecursively$9(NodeTestTask.java:144) ~[junit-platform-engine-1.11.4.jar:1.11.4]
	at org.junit.platform.engine.support.hierarchical.ThrowableCollector.execute(ThrowableCollector.java:73) ~[junit-platform-engine-1.11.4.jar:1.11.4]
	at org.junit.platform.engine.support.hierarchical.NodeTestTask.executeRecursively(NodeTestTask.java:143) ~[junit-platform-engine-1.11.4.jar:1.11.4]
	at org.junit.platform.engine.support.hierarchical.NodeTestTask.execute(NodeTestTask.java:100) ~[junit-platform-engine-1.11.4.jar:1.11.4]
	at java.base/java.util.ArrayList.forEach(ArrayList.java:1596) ~[na:na]
	at org.junit.platform.engine.support.hierarchical.SameThreadHierarchicalTestExecutorService.invokeAll(SameThreadHierarchicalTestExecutorService.java:41) ~[junit-platform-engine-1.11.4.jar:1.11.4]
	at org.junit.platform.engine.support.hierarchical.NodeTestTask.lambda$executeRecursively$6(NodeTestTask.java:160) ~[junit-platform-engine-1.11.4.jar:1.11.4]
	at org.junit.platform.engine.support.hierarchical.ThrowableCollector.execute(ThrowableCollector.java:73) ~[junit-platform-engine-1.11.4.jar:1.11.4]
	at org.junit.platform.engine.support.hierarchical.NodeTestTask.lambda$executeRecursively$8(NodeTestTask.java:146) ~[junit-platform-engine-1.11.4.jar:1.11.4]
	at org.junit.platform.engine.support.hierarchical.Node.around(Node.java:137) ~[junit-platform-engine-1.11.4.jar:1.11.4]
	at org.junit.platform.engine.support.hierarchical.NodeTestTask.lambda$executeRecursively$9(NodeTestTask.java:144) ~[junit-platform-engine-1.11.4.jar:1.11.4]
	at org.junit.platform.engine.support.hierarchical.ThrowableCollector.execute(ThrowableCollector.java:73) ~[junit-platform-engine-1.11.4.jar:1.11.4]
	at org.junit.platform.engine.support.hierarchical.NodeTestTask.executeRecursively(NodeTestTask.java:143) ~[junit-platform-engine-1.11.4.jar:1.11.4]
	at org.junit.platform.engine.support.hierarchical.NodeTestTask.execute(NodeTestTask.java:100) ~[junit-platform-engine-1.11.4.jar:1.11.4]
	at org.junit.platform.engine.support.hierarchical.SameThreadHierarchicalTestExecutorService.submit(SameThreadHierarchicalTestExecutorService.java:35) ~[junit-platform-engine-1.11.4.jar:1.11.4]
	at org.junit.platform.engine.support.hierarchical.HierarchicalTestExecutor.execute(HierarchicalTestExecutor.java:57) ~[junit-platform-engine-1.11.4.jar:1.11.4]
	at org.junit.platform.engine.support.hierarchical.HierarchicalTestEngine.execute(HierarchicalTestEngine.java:54) ~[junit-platform-engine-1.11.4.jar:1.11.4]
	at org.junit.platform.launcher.core.EngineExecutionOrchestrator.execute(EngineExecutionOrchestrator.java:198) ~[junit-platform-launcher-1.11.4.jar:1.11.4]
	at org.junit.platform.launcher.core.EngineExecutionOrchestrator.execute(EngineExecutionOrchestrator.java:169) ~[junit-platform-launcher-1.11.4.jar:1.11.4]
	at org.junit.platform.launcher.core.EngineExecutionOrchestrator.execute(EngineExecutionOrchestrator.java:93) ~[junit-platform-launcher-1.11.4.jar:1.11.4]
	at org.junit.platform.launcher.core.EngineExecutionOrchestrator.lambda$execute$0(EngineExecutionOrchestrator.java:58) ~[junit-platform-launcher-1.11.4.jar:1.11.4]
	at org.junit.platform.launcher.core.EngineExecutionOrchestrator.withInterceptedStreams(EngineExecutionOrchestrator.java:141) ~[junit-platform-launcher-1.11.4.jar:1.11.4]
	at org.junit.platform.launcher.core.EngineExecutionOrchestrator.execute(EngineExecutionOrchestrator.java:57) ~[junit-platform-launcher-1.11.4.jar:1.11.4]
	at org.junit.platform.launcher.core.DefaultLauncher.execute(DefaultLauncher.java:103) ~[junit-platform-launcher-1.11.4.jar:1.11.4]
	at org.junit.platform.launcher.core.DefaultLauncher.execute(DefaultLauncher.java:85) ~[junit-platform-launcher-1.11.4.jar:1.11.4]
	at org.junit.platform.launcher.core.DelegatingLauncher.execute(DelegatingLauncher.java:47) ~[junit-platform-launcher-1.11.4.jar:1.11.4]
	at org.apache.maven.surefire.junitplatform.LazyLauncher.execute(LazyLauncher.java:56) ~[surefire-junit-platform-3.1.2.jar:3.1.2]
	at org.apache.maven.surefire.junitplatform.JUnitPlatformProvider.execute(JUnitPlatformProvider.java:184) ~[surefire-junit-platform-3.1.2.jar:3.1.2]
	at org.apache.maven.surefire.junitplatform.JUnitPlatformProvider.invokeAllTests(JUnitPlatformProvider.java:148) ~[surefire-junit-platform-3.1.2.jar:3.1.2]
	at org.apache.maven.surefire.junitplatform.JUnitPlatformProvider.invoke(JUnitPlatformProvider.java:122) ~[surefire-junit-platform-3.1.2.jar:3.1.2]
	at org.apache.maven.surefire.booter.ForkedBooter.runSuitesInProcess(ForkedBooter.java:385) ~[surefire-booter-3.1.2.jar:3.1.2]
	at org.apache.maven.surefire.booter.ForkedBooter.execute(ForkedBooter.java:162) ~[surefire-booter-3.1.2.jar:3.1.2]
	at org.apache.maven.surefire.booter.ForkedBooter.run(ForkedBooter.java:507) ~[surefire-booter-3.1.2.jar:3.1.2]
	at org.apache.maven.surefire.booter.ForkedBooter.main(ForkedBooter.java:495) ~[surefire-booter-3.1.2.jar:3.1.2]

2026-03-31T15:20:10.086+05:30  WARN 2120 --- [quantity-measurement-app] [           main] o.s.test.context.TestContextManager      : Caught exception while allowing TestExecutionListener [org.springframework.test.context.bean.override.BeanOverrideTestExecutionListener] to prepare test instance [com.app.quantitymeasurement.QuantityMeasurementControllerTest@6d88a3f4]

java.lang.IllegalStateException: ApplicationContext failure threshold (1) exceeded: skipping repeated attempt to load context for [WebMergedContextConfiguration@581bc85e testClass = com.app.quantitymeasurement.QuantityMeasurementControllerTest, locations = [], classes = [com.app.quantitymeasurement.QuantityMeasurementAppApplication], contextInitializerClasses = [], activeProfiles = [], propertySourceDescriptors = [], propertySourceProperties = ["org.springframework.boot.test.autoconfigure.web.servlet.WebMvcTestContextBootstrapper=true"], contextCustomizers = [[ImportsContextCustomizer@493d8aa7 key = [org.springframework.boot.autoconfigure.task.TaskExecutionAutoConfiguration, org.springframework.boot.autoconfigure.cache.CacheAutoConfiguration, org.springframework.boot.autoconfigure.web.servlet.HttpEncodingAutoConfiguration, org.springframework.boot.autoconfigure.validation.ValidationAutoConfiguration, org.springframework.boot.autoconfigure.context.MessageSourceAutoConfiguration, org.springframework.boot.autoconfigure.hateoas.HypermediaAutoConfiguration, org.springframework.boot.autoconfigure.jackson.JacksonAutoConfiguration, org.springframework.boot.autoconfigure.data.web.SpringDataWebAutoConfiguration, org.springframework.boot.test.autoconfigure.web.reactive.WebTestClientAutoConfiguration, org.springframework.boot.autoconfigure.web.servlet.error.ErrorMvcAutoConfiguration, org.springframework.boot.test.autoconfigure.web.servlet.MockMvcAutoConfiguration, org.springframework.boot.autoconfigure.security.servlet.SecurityAutoConfiguration, org.springframework.boot.autoconfigure.security.servlet.SecurityFilterAutoConfiguration, org.springframework.boot.autoconfigure.http.HttpMessageConvertersAutoConfiguration, com.app.quantitymeasurement.config.SecurityConfig, org.springframework.boot.autoconfigure.security.oauth2.client.servlet.OAuth2ClientAutoConfiguration, org.springframework.boot.test.autoconfigure.web.servlet.MockMvcSecurityConfiguration, org.springframework.boot.test.autoconfigure.web.servlet.MockMvcWebClientAutoConfiguration, org.springframework.boot.test.autoconfigure.web.servlet.MockMvcWebDriverAutoConfiguration, org.springframework.boot.autoconfigure.thymeleaf.ThymeleafAutoConfiguration, org.springframework.boot.autoconfigure.gson.GsonAutoConfiguration, org.springframework.boot.autoconfigure.jsonb.JsonbAutoConfiguration, org.springframework.boot.autoconfigure.freemarker.FreeMarkerAutoConfiguration, org.springframework.boot.autoconfigure.web.servlet.WebMvcAutoConfiguration, org.springframework.boot.autoconfigure.security.servlet.UserDetailsServiceAutoConfiguration, org.springframework.boot.autoconfigure.security.oauth2.resource.servlet.OAuth2ResourceServerAutoConfiguration, org.springframework.boot.autoconfigure.groovy.template.GroovyTemplateAutoConfiguration, org.springframework.boot.autoconfigure.mustache.MustacheAutoConfiguration]], org.springframework.boot.test.context.filter.ExcludeFilterContextCustomizer@1d483de4, org.springframework.boot.test.json.DuplicateJsonObjectContextCustomizerFactory$DuplicateJsonObjectContextCustomizer@3b74ac8, org.springframework.boot.test.mock.mockito.MockitoContextCustomizer@0, org.springframework.boot.test.web.reactor.netty.DisableReactorResourceFactoryGlobalResourcesContextCustomizerFactory$DisableReactorResourceFactoryGlobalResourcesContextCustomizerCustomizer@68f4865, org.springframework.boot.test.autoconfigure.OnFailureConditionReportContextCustomizerFactory$OnFailureConditionReportContextCustomizer@40317ba2, org.springframework.boot.test.autoconfigure.OverrideAutoConfigurationContextCustomizerFactory$DisableAutoConfigurationContextCustomizer@6aa34b05, org.springframework.boot.test.autoconfigure.actuate.observability.ObservabilityContextCustomizerFactory$DisableObservabilityContextCustomizer@1f, org.springframework.boot.test.autoconfigure.filter.TypeExcludeFiltersContextCustomizer@435508ee, org.springframework.boot.test.autoconfigure.properties.PropertyMappingContextCustomizer@d4ab7ac4, org.springframework.boot.test.autoconfigure.web.servlet.WebDriverContextCustomizer@53251a66, org.springframework.test.context.bean.override.BeanOverrideContextCustomizer@39d4feff, org.springframework.test.context.support.DynamicPropertiesContextCustomizer@0, org.springframework.boot.test.context.SpringBootTestAnnotation@3a7645ce], resourceBasePath = "src/main/webapp", contextLoader = org.springframework.boot.test.context.SpringBootContextLoader, parent = null]
	at org.springframework.test.context.cache.DefaultCacheAwareContextLoaderDelegate.loadContext(DefaultCacheAwareContextLoaderDelegate.java:145) ~[spring-test-6.2.1.jar:6.2.1]
	at org.springframework.test.context.support.DefaultTestContext.getApplicationContext(DefaultTestContext.java:130) ~[spring-test-6.2.1.jar:6.2.1]
	at org.springframework.test.context.bean.override.BeanOverrideTestExecutionListener.injectFields(BeanOverrideTestExecutionListener.java:87) ~[spring-test-6.2.1.jar:6.2.1]
	at org.springframework.test.context.bean.override.BeanOverrideTestExecutionListener.prepareTestInstance(BeanOverrideTestExecutionListener.java:58) ~[spring-test-6.2.1.jar:6.2.1]
	at org.springframework.test.context.TestContextManager.prepareTestInstance(TestContextManager.java:260) ~[spring-test-6.2.1.jar:6.2.1]
	at org.springframework.test.context.junit.jupiter.SpringExtension.postProcessTestInstance(SpringExtension.java:160) ~[spring-test-6.2.1.jar:6.2.1]
	at org.junit.jupiter.engine.descriptor.ClassBasedTestDescriptor.lambda$invokeTestInstancePostProcessors$11(ClassBasedTestDescriptor.java:378) ~[junit-jupiter-engine-5.11.4.jar:5.11.4]
	at org.junit.jupiter.engine.descriptor.ClassBasedTestDescriptor.executeAndMaskThrowable(ClassBasedTestDescriptor.java:383) ~[junit-jupiter-engine-5.11.4.jar:5.11.4]
	at org.junit.jupiter.engine.descriptor.ClassBasedTestDescriptor.lambda$invokeTestInstancePostProcessors$12(ClassBasedTestDescriptor.java:378) ~[junit-jupiter-engine-5.11.4.jar:5.11.4]
	at java.base/java.util.stream.ForEachOps$ForEachOp$OfRef.accept(ForEachOps.java:184) ~[na:na]
	at java.base/java.util.stream.ReferencePipeline$3$1.accept(ReferencePipeline.java:197) ~[na:na]
	at java.base/java.util.stream.ReferencePipeline$2$1.accept(ReferencePipeline.java:179) ~[na:na]
	at java.base/java.util.stream.ReferencePipeline$3$1.accept(ReferencePipeline.java:197) ~[na:na]
	at java.base/java.util.ArrayList$ArrayListSpliterator.forEachRemaining(ArrayList.java:1708) ~[na:na]
	at java.base/java.util.stream.AbstractPipeline.copyInto(AbstractPipeline.java:509) ~[na:na]
	at java.base/java.util.stream.AbstractPipeline.wrapAndCopyInto(AbstractPipeline.java:499) ~[na:na]
	at java.base/java.util.stream.ForEachOps$ForEachOp.evaluateSequential(ForEachOps.java:151) ~[na:na]
	at java.base/java.util.stream.ForEachOps$ForEachOp$OfRef.evaluateSequential(ForEachOps.java:174) ~[na:na]
	at java.base/java.util.stream.AbstractPipeline.evaluate(AbstractPipeline.java:234) ~[na:na]
	at java.base/java.util.stream.ReferencePipeline.forEach(ReferencePipeline.java:596) ~[na:na]
	at org.junit.jupiter.engine.descriptor.ClassBasedTestDescriptor.invokeTestInstancePostProcessors(ClassBasedTestDescriptor.java:377) ~[junit-jupiter-engine-5.11.4.jar:5.11.4]
	at org.junit.jupiter.engine.descriptor.ClassBasedTestDescriptor.lambda$instantiateAndPostProcessTestInstance$7(ClassBasedTestDescriptor.java:290) ~[junit-jupiter-engine-5.11.4.jar:5.11.4]
	at org.junit.platform.engine.support.hierarchical.ThrowableCollector.execute(ThrowableCollector.java:73) ~[junit-platform-engine-1.11.4.jar:1.11.4]
	at org.junit.jupiter.engine.descriptor.ClassBasedTestDescriptor.instantiateAndPostProcessTestInstance(ClassBasedTestDescriptor.java:289) ~[junit-jupiter-engine-5.11.4.jar:5.11.4]
	at org.junit.jupiter.engine.descriptor.ClassBasedTestDescriptor.lambda$testInstancesProvider$5(ClassBasedTestDescriptor.java:279) ~[junit-jupiter-engine-5.11.4.jar:5.11.4]
	at java.base/java.util.Optional.orElseGet(Optional.java:364) ~[na:na]
	at org.junit.jupiter.engine.descriptor.ClassBasedTestDescriptor.lambda$testInstancesProvider$6(ClassBasedTestDescriptor.java:278) ~[junit-jupiter-engine-5.11.4.jar:5.11.4]
	at org.junit.jupiter.engine.execution.TestInstancesProvider.getTestInstances(TestInstancesProvider.java:31) ~[junit-jupiter-engine-5.11.4.jar:5.11.4]
	at org.junit.jupiter.engine.descriptor.TestMethodTestDescriptor.lambda$prepare$1(TestMethodTestDescriptor.java:105) ~[junit-jupiter-engine-5.11.4.jar:5.11.4]
	at org.junit.platform.engine.support.hierarchical.ThrowableCollector.execute(ThrowableCollector.java:73) ~[junit-platform-engine-1.11.4.jar:1.11.4]
	at org.junit.jupiter.engine.descriptor.TestMethodTestDescriptor.prepare(TestMethodTestDescriptor.java:104) ~[junit-jupiter-engine-5.11.4.jar:5.11.4]
	at org.junit.jupiter.engine.descriptor.TestMethodTestDescriptor.prepare(TestMethodTestDescriptor.java:68) ~[junit-jupiter-engine-5.11.4.jar:5.11.4]
	at org.junit.platform.engine.support.hierarchical.NodeTestTask.lambda$prepare$2(NodeTestTask.java:128) ~[junit-platform-engine-1.11.4.jar:1.11.4]
	at org.junit.platform.engine.support.hierarchical.ThrowableCollector.execute(ThrowableCollector.java:73) ~[junit-platform-engine-1.11.4.jar:1.11.4]
	at org.junit.platform.engine.support.hierarchical.NodeTestTask.prepare(NodeTestTask.java:128) ~[junit-platform-engine-1.11.4.jar:1.11.4]
	at org.junit.platform.engine.support.hierarchical.NodeTestTask.execute(NodeTestTask.java:95) ~[junit-platform-engine-1.11.4.jar:1.11.4]
	at java.base/java.util.ArrayList.forEach(ArrayList.java:1596) ~[na:na]
	at org.junit.platform.engine.support.hierarchical.SameThreadHierarchicalTestExecutorService.invokeAll(SameThreadHierarchicalTestExecutorService.java:41) ~[junit-platform-engine-1.11.4.jar:1.11.4]
	at org.junit.platform.engine.support.hierarchical.NodeTestTask.lambda$executeRecursively$6(NodeTestTask.java:160) ~[junit-platform-engine-1.11.4.jar:1.11.4]
	at org.junit.platform.engine.support.hierarchical.ThrowableCollector.execute(ThrowableCollector.java:73) ~[junit-platform-engine-1.11.4.jar:1.11.4]
	at org.junit.platform.engine.support.hierarchical.NodeTestTask.lambda$executeRecursively$8(NodeTestTask.java:146) ~[junit-platform-engine-1.11.4.jar:1.11.4]
	at org.junit.platform.engine.support.hierarchical.Node.around(Node.java:137) ~[junit-platform-engine-1.11.4.jar:1.11.4]
	at org.junit.platform.engine.support.hierarchical.NodeTestTask.lambda$executeRecursively$9(NodeTestTask.java:144) ~[junit-platform-engine-1.11.4.jar:1.11.4]
	at org.junit.platform.engine.support.hierarchical.ThrowableCollector.execute(ThrowableCollector.java:73) ~[junit-platform-engine-1.11.4.jar:1.11.4]
	at org.junit.platform.engine.support.hierarchical.NodeTestTask.executeRecursively(NodeTestTask.java:143) ~[junit-platform-engine-1.11.4.jar:1.11.4]
	at org.junit.platform.engine.support.hierarchical.NodeTestTask.execute(NodeTestTask.java:100) ~[junit-platform-engine-1.11.4.jar:1.11.4]
	at java.base/java.util.ArrayList.forEach(ArrayList.java:1596) ~[na:na]
	at org.junit.platform.engine.support.hierarchical.SameThreadHierarchicalTestExecutorService.invokeAll(SameThreadHierarchicalTestExecutorService.java:41) ~[junit-platform-engine-1.11.4.jar:1.11.4]
	at org.junit.platform.engine.support.hierarchical.NodeTestTask.lambda$executeRecursively$6(NodeTestTask.java:160) ~[junit-platform-engine-1.11.4.jar:1.11.4]
	at org.junit.platform.engine.support.hierarchical.ThrowableCollector.execute(ThrowableCollector.java:73) ~[junit-platform-engine-1.11.4.jar:1.11.4]
	at org.junit.platform.engine.support.hierarchical.NodeTestTask.lambda$executeRecursively$8(NodeTestTask.java:146) ~[junit-platform-engine-1.11.4.jar:1.11.4]
	at org.junit.platform.engine.support.hierarchical.Node.around(Node.java:137) ~[junit-platform-engine-1.11.4.jar:1.11.4]
	at org.junit.platform.engine.support.hierarchical.NodeTestTask.lambda$executeRecursively$9(NodeTestTask.java:144) ~[junit-platform-engine-1.11.4.jar:1.11.4]
	at org.junit.platform.engine.support.hierarchical.ThrowableCollector.execute(ThrowableCollector.java:73) ~[junit-platform-engine-1.11.4.jar:1.11.4]
	at org.junit.platform.engine.support.hierarchical.NodeTestTask.executeRecursively(NodeTestTask.java:143) ~[junit-platform-engine-1.11.4.jar:1.11.4]
	at org.junit.platform.engine.support.hierarchical.NodeTestTask.execute(NodeTestTask.java:100) ~[junit-platform-engine-1.11.4.jar:1.11.4]
	at org.junit.platform.engine.support.hierarchical.SameThreadHierarchicalTestExecutorService.submit(SameThreadHierarchicalTestExecutorService.java:35) ~[junit-platform-engine-1.11.4.jar:1.11.4]
	at org.junit.platform.engine.support.hierarchical.HierarchicalTestExecutor.execute(HierarchicalTestExecutor.java:57) ~[junit-platform-engine-1.11.4.jar:1.11.4]
	at org.junit.platform.engine.support.hierarchical.HierarchicalTestEngine.execute(HierarchicalTestEngine.java:54) ~[junit-platform-engine-1.11.4.jar:1.11.4]
	at org.junit.platform.launcher.core.EngineExecutionOrchestrator.execute(EngineExecutionOrchestrator.java:198) ~[junit-platform-launcher-1.11.4.jar:1.11.4]
	at org.junit.platform.launcher.core.EngineExecutionOrchestrator.execute(EngineExecutionOrchestrator.java:169) ~[junit-platform-launcher-1.11.4.jar:1.11.4]
	at org.junit.platform.launcher.core.EngineExecutionOrchestrator.execute(EngineExecutionOrchestrator.java:93) ~[junit-platform-launcher-1.11.4.jar:1.11.4]
	at org.junit.platform.launcher.core.EngineExecutionOrchestrator.lambda$execute$0(EngineExecutionOrchestrator.java:58) ~[junit-platform-launcher-1.11.4.jar:1.11.4]
	at org.junit.platform.launcher.core.EngineExecutionOrchestrator.withInterceptedStreams(EngineExecutionOrchestrator.java:141) ~[junit-platform-launcher-1.11.4.jar:1.11.4]
	at org.junit.platform.launcher.core.EngineExecutionOrchestrator.execute(EngineExecutionOrchestrator.java:57) ~[junit-platform-launcher-1.11.4.jar:1.11.4]
	at org.junit.platform.launcher.core.DefaultLauncher.execute(DefaultLauncher.java:103) ~[junit-platform-launcher-1.11.4.jar:1.11.4]
	at org.junit.platform.launcher.core.DefaultLauncher.execute(DefaultLauncher.java:85) ~[junit-platform-launcher-1.11.4.jar:1.11.4]
	at org.junit.platform.launcher.core.DelegatingLauncher.execute(DelegatingLauncher.java:47) ~[junit-platform-launcher-1.11.4.jar:1.11.4]
	at org.apache.maven.surefire.junitplatform.LazyLauncher.execute(LazyLauncher.java:56) ~[surefire-junit-platform-3.1.2.jar:3.1.2]
	at org.apache.maven.surefire.junitplatform.JUnitPlatformProvider.execute(JUnitPlatformProvider.java:184) ~[surefire-junit-platform-3.1.2.jar:3.1.2]
	at org.apache.maven.surefire.junitplatform.JUnitPlatformProvider.invokeAllTests(JUnitPlatformProvider.java:148) ~[surefire-junit-platform-3.1.2.jar:3.1.2]
	at org.apache.maven.surefire.junitplatform.JUnitPlatformProvider.invoke(JUnitPlatformProvider.java:122) ~[surefire-junit-platform-3.1.2.jar:3.1.2]
	at org.apache.maven.surefire.booter.ForkedBooter.runSuitesInProcess(ForkedBooter.java:385) ~[surefire-booter-3.1.2.jar:3.1.2]
	at org.apache.maven.surefire.booter.ForkedBooter.execute(ForkedBooter.java:162) ~[surefire-booter-3.1.2.jar:3.1.2]
	at org.apache.maven.surefire.booter.ForkedBooter.run(ForkedBooter.java:507) ~[surefire-booter-3.1.2.jar:3.1.2]
	at org.apache.maven.surefire.booter.ForkedBooter.main(ForkedBooter.java:495) ~[surefire-booter-3.1.2.jar:3.1.2]

2026-03-31T15:20:10.096+05:30  WARN 2120 --- [quantity-measurement-app] [           main] o.s.test.context.TestContextManager      : Caught exception while allowing TestExecutionListener [org.springframework.test.context.bean.override.BeanOverrideTestExecutionListener] to prepare test instance [com.app.quantitymeasurement.QuantityMeasurementControllerTest@3e9a0143]

java.lang.IllegalStateException: ApplicationContext failure threshold (1) exceeded: skipping repeated attempt to load context for [WebMergedContextConfiguration@581bc85e testClass = com.app.quantitymeasurement.QuantityMeasurementControllerTest, locations = [], classes = [com.app.quantitymeasurement.QuantityMeasurementAppApplication], contextInitializerClasses = [], activeProfiles = [], propertySourceDescriptors = [], propertySourceProperties = ["org.springframework.boot.test.autoconfigure.web.servlet.WebMvcTestContextBootstrapper=true"], contextCustomizers = [[ImportsContextCustomizer@493d8aa7 key = [org.springframework.boot.autoconfigure.task.TaskExecutionAutoConfiguration, org.springframework.boot.autoconfigure.cache.CacheAutoConfiguration, org.springframework.boot.autoconfigure.web.servlet.HttpEncodingAutoConfiguration, org.springframework.boot.autoconfigure.validation.ValidationAutoConfiguration, org.springframework.boot.autoconfigure.context.MessageSourceAutoConfiguration, org.springframework.boot.autoconfigure.hateoas.HypermediaAutoConfiguration, org.springframework.boot.autoconfigure.jackson.JacksonAutoConfiguration, org.springframework.boot.autoconfigure.data.web.SpringDataWebAutoConfiguration, org.springframework.boot.test.autoconfigure.web.reactive.WebTestClientAutoConfiguration, org.springframework.boot.autoconfigure.web.servlet.error.ErrorMvcAutoConfiguration, org.springframework.boot.test.autoconfigure.web.servlet.MockMvcAutoConfiguration, org.springframework.boot.autoconfigure.security.servlet.SecurityAutoConfiguration, org.springframework.boot.autoconfigure.security.servlet.SecurityFilterAutoConfiguration, org.springframework.boot.autoconfigure.http.HttpMessageConvertersAutoConfiguration, com.app.quantitymeasurement.config.SecurityConfig, org.springframework.boot.autoconfigure.security.oauth2.client.servlet.OAuth2ClientAutoConfiguration, org.springframework.boot.test.autoconfigure.web.servlet.MockMvcSecurityConfiguration, org.springframework.boot.test.autoconfigure.web.servlet.MockMvcWebClientAutoConfiguration, org.springframework.boot.test.autoconfigure.web.servlet.MockMvcWebDriverAutoConfiguration, org.springframework.boot.autoconfigure.thymeleaf.ThymeleafAutoConfiguration, org.springframework.boot.autoconfigure.gson.GsonAutoConfiguration, org.springframework.boot.autoconfigure.jsonb.JsonbAutoConfiguration, org.springframework.boot.autoconfigure.freemarker.FreeMarkerAutoConfiguration, org.springframework.boot.autoconfigure.web.servlet.WebMvcAutoConfiguration, org.springframework.boot.autoconfigure.security.servlet.UserDetailsServiceAutoConfiguration, org.springframework.boot.autoconfigure.security.oauth2.resource.servlet.OAuth2ResourceServerAutoConfiguration, org.springframework.boot.autoconfigure.groovy.template.GroovyTemplateAutoConfiguration, org.springframework.boot.autoconfigure.mustache.MustacheAutoConfiguration]], org.springframework.boot.test.context.filter.ExcludeFilterContextCustomizer@1d483de4, org.springframework.boot.test.json.DuplicateJsonObjectContextCustomizerFactory$DuplicateJsonObjectContextCustomizer@3b74ac8, org.springframework.boot.test.mock.mockito.MockitoContextCustomizer@0, org.springframework.boot.test.web.reactor.netty.DisableReactorResourceFactoryGlobalResourcesContextCustomizerFactory$DisableReactorResourceFactoryGlobalResourcesContextCustomizerCustomizer@68f4865, org.springframework.boot.test.autoconfigure.OnFailureConditionReportContextCustomizerFactory$OnFailureConditionReportContextCustomizer@40317ba2, org.springframework.boot.test.autoconfigure.OverrideAutoConfigurationContextCustomizerFactory$DisableAutoConfigurationContextCustomizer@6aa34b05, org.springframework.boot.test.autoconfigure.actuate.observability.ObservabilityContextCustomizerFactory$DisableObservabilityContextCustomizer@1f, org.springframework.boot.test.autoconfigure.filter.TypeExcludeFiltersContextCustomizer@435508ee, org.springframework.boot.test.autoconfigure.properties.PropertyMappingContextCustomizer@d4ab7ac4, org.springframework.boot.test.autoconfigure.web.servlet.WebDriverContextCustomizer@53251a66, org.springframework.test.context.bean.override.BeanOverrideContextCustomizer@39d4feff, org.springframework.test.context.support.DynamicPropertiesContextCustomizer@0, org.springframework.boot.test.context.SpringBootTestAnnotation@3a7645ce], resourceBasePath = "src/main/webapp", contextLoader = org.springframework.boot.test.context.SpringBootContextLoader, parent = null]
	at org.springframework.test.context.cache.DefaultCacheAwareContextLoaderDelegate.loadContext(DefaultCacheAwareContextLoaderDelegate.java:145) ~[spring-test-6.2.1.jar:6.2.1]
	at org.springframework.test.context.support.DefaultTestContext.getApplicationContext(DefaultTestContext.java:130) ~[spring-test-6.2.1.jar:6.2.1]
	at org.springframework.test.context.bean.override.BeanOverrideTestExecutionListener.injectFields(BeanOverrideTestExecutionListener.java:87) ~[spring-test-6.2.1.jar:6.2.1]
	at org.springframework.test.context.bean.override.BeanOverrideTestExecutionListener.prepareTestInstance(BeanOverrideTestExecutionListener.java:58) ~[spring-test-6.2.1.jar:6.2.1]
	at org.springframework.test.context.TestContextManager.prepareTestInstance(TestContextManager.java:260) ~[spring-test-6.2.1.jar:6.2.1]
	at org.springframework.test.context.junit.jupiter.SpringExtension.postProcessTestInstance(SpringExtension.java:160) ~[spring-test-6.2.1.jar:6.2.1]
	at org.junit.jupiter.engine.descriptor.ClassBasedTestDescriptor.lambda$invokeTestInstancePostProcessors$11(ClassBasedTestDescriptor.java:378) ~[junit-jupiter-engine-5.11.4.jar:5.11.4]
	at org.junit.jupiter.engine.descriptor.ClassBasedTestDescriptor.executeAndMaskThrowable(ClassBasedTestDescriptor.java:383) ~[junit-jupiter-engine-5.11.4.jar:5.11.4]
	at org.junit.jupiter.engine.descriptor.ClassBasedTestDescriptor.lambda$invokeTestInstancePostProcessors$12(ClassBasedTestDescriptor.java:378) ~[junit-jupiter-engine-5.11.4.jar:5.11.4]
	at java.base/java.util.stream.ForEachOps$ForEachOp$OfRef.accept(ForEachOps.java:184) ~[na:na]
	at java.base/java.util.stream.ReferencePipeline$3$1.accept(ReferencePipeline.java:197) ~[na:na]
	at java.base/java.util.stream.ReferencePipeline$2$1.accept(ReferencePipeline.java:179) ~[na:na]
	at java.base/java.util.stream.ReferencePipeline$3$1.accept(ReferencePipeline.java:197) ~[na:na]
	at java.base/java.util.ArrayList$ArrayListSpliterator.forEachRemaining(ArrayList.java:1708) ~[na:na]
	at java.base/java.util.stream.AbstractPipeline.copyInto(AbstractPipeline.java:509) ~[na:na]
	at java.base/java.util.stream.AbstractPipeline.wrapAndCopyInto(AbstractPipeline.java:499) ~[na:na]
	at java.base/java.util.stream.ForEachOps$ForEachOp.evaluateSequential(ForEachOps.java:151) ~[na:na]
	at java.base/java.util.stream.ForEachOps$ForEachOp$OfRef.evaluateSequential(ForEachOps.java:174) ~[na:na]
	at java.base/java.util.stream.AbstractPipeline.evaluate(AbstractPipeline.java:234) ~[na:na]
	at java.base/java.util.stream.ReferencePipeline.forEach(ReferencePipeline.java:596) ~[na:na]
	at org.junit.jupiter.engine.descriptor.ClassBasedTestDescriptor.invokeTestInstancePostProcessors(ClassBasedTestDescriptor.java:377) ~[junit-jupiter-engine-5.11.4.jar:5.11.4]
	at org.junit.jupiter.engine.descriptor.ClassBasedTestDescriptor.lambda$instantiateAndPostProcessTestInstance$7(ClassBasedTestDescriptor.java:290) ~[junit-jupiter-engine-5.11.4.jar:5.11.4]
	at org.junit.platform.engine.support.hierarchical.ThrowableCollector.execute(ThrowableCollector.java:73) ~[junit-platform-engine-1.11.4.jar:1.11.4]
	at org.junit.jupiter.engine.descriptor.ClassBasedTestDescriptor.instantiateAndPostProcessTestInstance(ClassBasedTestDescriptor.java:289) ~[junit-jupiter-engine-5.11.4.jar:5.11.4]
	at org.junit.jupiter.engine.descriptor.ClassBasedTestDescriptor.lambda$testInstancesProvider$5(ClassBasedTestDescriptor.java:279) ~[junit-jupiter-engine-5.11.4.jar:5.11.4]
	at java.base/java.util.Optional.orElseGet(Optional.java:364) ~[na:na]
	at org.junit.jupiter.engine.descriptor.ClassBasedTestDescriptor.lambda$testInstancesProvider$6(ClassBasedTestDescriptor.java:278) ~[junit-jupiter-engine-5.11.4.jar:5.11.4]
	at org.junit.jupiter.engine.execution.TestInstancesProvider.getTestInstances(TestInstancesProvider.java:31) ~[junit-jupiter-engine-5.11.4.jar:5.11.4]
	at org.junit.jupiter.engine.descriptor.TestMethodTestDescriptor.lambda$prepare$1(TestMethodTestDescriptor.java:105) ~[junit-jupiter-engine-5.11.4.jar:5.11.4]
	at org.junit.platform.engine.support.hierarchical.ThrowableCollector.execute(ThrowableCollector.java:73) ~[junit-platform-engine-1.11.4.jar:1.11.4]
	at org.junit.jupiter.engine.descriptor.TestMethodTestDescriptor.prepare(TestMethodTestDescriptor.java:104) ~[junit-jupiter-engine-5.11.4.jar:5.11.4]
	at org.junit.jupiter.engine.descriptor.TestMethodTestDescriptor.prepare(TestMethodTestDescriptor.java:68) ~[junit-jupiter-engine-5.11.4.jar:5.11.4]
	at org.junit.platform.engine.support.hierarchical.NodeTestTask.lambda$prepare$2(NodeTestTask.java:128) ~[junit-platform-engine-1.11.4.jar:1.11.4]
	at org.junit.platform.engine.support.hierarchical.ThrowableCollector.execute(ThrowableCollector.java:73) ~[junit-platform-engine-1.11.4.jar:1.11.4]
	at org.junit.platform.engine.support.hierarchical.NodeTestTask.prepare(NodeTestTask.java:128) ~[junit-platform-engine-1.11.4.jar:1.11.4]
	at org.junit.platform.engine.support.hierarchical.NodeTestTask.execute(NodeTestTask.java:95) ~[junit-platform-engine-1.11.4.jar:1.11.4]
	at java.base/java.util.ArrayList.forEach(ArrayList.java:1596) ~[na:na]
	at org.junit.platform.engine.support.hierarchical.SameThreadHierarchicalTestExecutorService.invokeAll(SameThreadHierarchicalTestExecutorService.java:41) ~[junit-platform-engine-1.11.4.jar:1.11.4]
	at org.junit.platform.engine.support.hierarchical.NodeTestTask.lambda$executeRecursively$6(NodeTestTask.java:160) ~[junit-platform-engine-1.11.4.jar:1.11.4]
	at org.junit.platform.engine.support.hierarchical.ThrowableCollector.execute(ThrowableCollector.java:73) ~[junit-platform-engine-1.11.4.jar:1.11.4]
	at org.junit.platform.engine.support.hierarchical.NodeTestTask.lambda$executeRecursively$8(NodeTestTask.java:146) ~[junit-platform-engine-1.11.4.jar:1.11.4]
	at org.junit.platform.engine.support.hierarchical.Node.around(Node.java:137) ~[junit-platform-engine-1.11.4.jar:1.11.4]
	at org.junit.platform.engine.support.hierarchical.NodeTestTask.lambda$executeRecursively$9(NodeTestTask.java:144) ~[junit-platform-engine-1.11.4.jar:1.11.4]
	at org.junit.platform.engine.support.hierarchical.ThrowableCollector.execute(ThrowableCollector.java:73) ~[junit-platform-engine-1.11.4.jar:1.11.4]
	at org.junit.platform.engine.support.hierarchical.NodeTestTask.executeRecursively(NodeTestTask.java:143) ~[junit-platform-engine-1.11.4.jar:1.11.4]
	at org.junit.platform.engine.support.hierarchical.NodeTestTask.execute(NodeTestTask.java:100) ~[junit-platform-engine-1.11.4.jar:1.11.4]
	at java.base/java.util.ArrayList.forEach(ArrayList.java:1596) ~[na:na]
	at org.junit.platform.engine.support.hierarchical.SameThreadHierarchicalTestExecutorService.invokeAll(SameThreadHierarchicalTestExecutorService.java:41) ~[junit-platform-engine-1.11.4.jar:1.11.4]
	at org.junit.platform.engine.support.hierarchical.NodeTestTask.lambda$executeRecursively$6(NodeTestTask.java:160) ~[junit-platform-engine-1.11.4.jar:1.11.4]
	at org.junit.platform.engine.support.hierarchical.ThrowableCollector.execute(ThrowableCollector.java:73) ~[junit-platform-engine-1.11.4.jar:1.11.4]
	at org.junit.platform.engine.support.hierarchical.NodeTestTask.lambda$executeRecursively$8(NodeTestTask.java:146) ~[junit-platform-engine-1.11.4.jar:1.11.4]
	at org.junit.platform.engine.support.hierarchical.Node.around(Node.java:137) ~[junit-platform-engine-1.11.4.jar:1.11.4]
	at org.junit.platform.engine.support.hierarchical.NodeTestTask.lambda$executeRecursively$9(NodeTestTask.java:144) ~[junit-platform-engine-1.11.4.jar:1.11.4]
	at org.junit.platform.engine.support.hierarchical.ThrowableCollector.execute(ThrowableCollector.java:73) ~[junit-platform-engine-1.11.4.jar:1.11.4]
	at org.junit.platform.engine.support.hierarchical.NodeTestTask.executeRecursively(NodeTestTask.java:143) ~[junit-platform-engine-1.11.4.jar:1.11.4]
	at org.junit.platform.engine.support.hierarchical.NodeTestTask.execute(NodeTestTask.java:100) ~[junit-platform-engine-1.11.4.jar:1.11.4]
	at org.junit.platform.engine.support.hierarchical.SameThreadHierarchicalTestExecutorService.submit(SameThreadHierarchicalTestExecutorService.java:35) ~[junit-platform-engine-1.11.4.jar:1.11.4]
	at org.junit.platform.engine.support.hierarchical.HierarchicalTestExecutor.execute(HierarchicalTestExecutor.java:57) ~[junit-platform-engine-1.11.4.jar:1.11.4]
	at org.junit.platform.engine.support.hierarchical.HierarchicalTestEngine.execute(HierarchicalTestEngine.java:54) ~[junit-platform-engine-1.11.4.jar:1.11.4]
	at org.junit.platform.launcher.core.EngineExecutionOrchestrator.execute(EngineExecutionOrchestrator.java:198) ~[junit-platform-launcher-1.11.4.jar:1.11.4]
	at org.junit.platform.launcher.core.EngineExecutionOrchestrator.execute(EngineExecutionOrchestrator.java:169) ~[junit-platform-launcher-1.11.4.jar:1.11.4]
	at org.junit.platform.launcher.core.EngineExecutionOrchestrator.execute(EngineExecutionOrchestrator.java:93) ~[junit-platform-launcher-1.11.4.jar:1.11.4]
	at org.junit.platform.launcher.core.EngineExecutionOrchestrator.lambda$execute$0(EngineExecutionOrchestrator.java:58) ~[junit-platform-launcher-1.11.4.jar:1.11.4]
	at org.junit.platform.launcher.core.EngineExecutionOrchestrator.withInterceptedStreams(EngineExecutionOrchestrator.java:141) ~[junit-platform-launcher-1.11.4.jar:1.11.4]
	at org.junit.platform.launcher.core.EngineExecutionOrchestrator.execute(EngineExecutionOrchestrator.java:57) ~[junit-platform-launcher-1.11.4.jar:1.11.4]
	at org.junit.platform.launcher.core.DefaultLauncher.execute(DefaultLauncher.java:103) ~[junit-platform-launcher-1.11.4.jar:1.11.4]
	at org.junit.platform.launcher.core.DefaultLauncher.execute(DefaultLauncher.java:85) ~[junit-platform-launcher-1.11.4.jar:1.11.4]
	at org.junit.platform.launcher.core.DelegatingLauncher.execute(DelegatingLauncher.java:47) ~[junit-platform-launcher-1.11.4.jar:1.11.4]
	at org.apache.maven.surefire.junitplatform.LazyLauncher.execute(LazyLauncher.java:56) ~[surefire-junit-platform-3.1.2.jar:3.1.2]
	at org.apache.maven.surefire.junitplatform.JUnitPlatformProvider.execute(JUnitPlatformProvider.java:184) ~[surefire-junit-platform-3.1.2.jar:3.1.2]
	at org.apache.maven.surefire.junitplatform.JUnitPlatformProvider.invokeAllTests(JUnitPlatformProvider.java:148) ~[surefire-junit-platform-3.1.2.jar:3.1.2]
	at org.apache.maven.surefire.junitplatform.JUnitPlatformProvider.invoke(JUnitPlatformProvider.java:122) ~[surefire-junit-platform-3.1.2.jar:3.1.2]
	at org.apache.maven.surefire.booter.ForkedBooter.runSuitesInProcess(ForkedBooter.java:385) ~[surefire-booter-3.1.2.jar:3.1.2]
	at org.apache.maven.surefire.booter.ForkedBooter.execute(ForkedBooter.java:162) ~[surefire-booter-3.1.2.jar:3.1.2]
	at org.apache.maven.surefire.booter.ForkedBooter.run(ForkedBooter.java:507) ~[surefire-booter-3.1.2.jar:3.1.2]
	at org.apache.maven.surefire.booter.ForkedBooter.main(ForkedBooter.java:495) ~[surefire-booter-3.1.2.jar:3.1.2]

2026-03-31T15:20:10.103+05:30  WARN 2120 --- [quantity-measurement-app] [           main] o.s.test.context.TestContextManager      : Caught exception while allowing TestExecutionListener [org.springframework.test.context.bean.override.BeanOverrideTestExecutionListener] to prepare test instance [com.app.quantitymeasurement.QuantityMeasurementControllerTest@4cf1ba4e]

java.lang.IllegalStateException: ApplicationContext failure threshold (1) exceeded: skipping repeated attempt to load context for [WebMergedContextConfiguration@581bc85e testClass = com.app.quantitymeasurement.QuantityMeasurementControllerTest, locations = [], classes = [com.app.quantitymeasurement.QuantityMeasurementAppApplication], contextInitializerClasses = [], activeProfiles = [], propertySourceDescriptors = [], propertySourceProperties = ["org.springframework.boot.test.autoconfigure.web.servlet.WebMvcTestContextBootstrapper=true"], contextCustomizers = [[ImportsContextCustomizer@493d8aa7 key = [org.springframework.boot.autoconfigure.task.TaskExecutionAutoConfiguration, org.springframework.boot.autoconfigure.cache.CacheAutoConfiguration, org.springframework.boot.autoconfigure.web.servlet.HttpEncodingAutoConfiguration, org.springframework.boot.autoconfigure.validation.ValidationAutoConfiguration, org.springframework.boot.autoconfigure.context.MessageSourceAutoConfiguration, org.springframework.boot.autoconfigure.hateoas.HypermediaAutoConfiguration, org.springframework.boot.autoconfigure.jackson.JacksonAutoConfiguration, org.springframework.boot.autoconfigure.data.web.SpringDataWebAutoConfiguration, org.springframework.boot.test.autoconfigure.web.reactive.WebTestClientAutoConfiguration, org.springframework.boot.autoconfigure.web.servlet.error.ErrorMvcAutoConfiguration, org.springframework.boot.test.autoconfigure.web.servlet.MockMvcAutoConfiguration, org.springframework.boot.autoconfigure.security.servlet.SecurityAutoConfiguration, org.springframework.boot.autoconfigure.security.servlet.SecurityFilterAutoConfiguration, org.springframework.boot.autoconfigure.http.HttpMessageConvertersAutoConfiguration, com.app.quantitymeasurement.config.SecurityConfig, org.springframework.boot.autoconfigure.security.oauth2.client.servlet.OAuth2ClientAutoConfiguration, org.springframework.boot.test.autoconfigure.web.servlet.MockMvcSecurityConfiguration, org.springframework.boot.test.autoconfigure.web.servlet.MockMvcWebClientAutoConfiguration, org.springframework.boot.test.autoconfigure.web.servlet.MockMvcWebDriverAutoConfiguration, org.springframework.boot.autoconfigure.thymeleaf.ThymeleafAutoConfiguration, org.springframework.boot.autoconfigure.gson.GsonAutoConfiguration, org.springframework.boot.autoconfigure.jsonb.JsonbAutoConfiguration, org.springframework.boot.autoconfigure.freemarker.FreeMarkerAutoConfiguration, org.springframework.boot.autoconfigure.web.servlet.WebMvcAutoConfiguration, org.springframework.boot.autoconfigure.security.servlet.UserDetailsServiceAutoConfiguration, org.springframework.boot.autoconfigure.security.oauth2.resource.servlet.OAuth2ResourceServerAutoConfiguration, org.springframework.boot.autoconfigure.groovy.template.GroovyTemplateAutoConfiguration, org.springframework.boot.autoconfigure.mustache.MustacheAutoConfiguration]], org.springframework.boot.test.context.filter.ExcludeFilterContextCustomizer@1d483de4, org.springframework.boot.test.json.DuplicateJsonObjectContextCustomizerFactory$DuplicateJsonObjectContextCustomizer@3b74ac8, org.springframework.boot.test.mock.mockito.MockitoContextCustomizer@0, org.springframework.boot.test.web.reactor.netty.DisableReactorResourceFactoryGlobalResourcesContextCustomizerFactory$DisableReactorResourceFactoryGlobalResourcesContextCustomizerCustomizer@68f4865, org.springframework.boot.test.autoconfigure.OnFailureConditionReportContextCustomizerFactory$OnFailureConditionReportContextCustomizer@40317ba2, org.springframework.boot.test.autoconfigure.OverrideAutoConfigurationContextCustomizerFactory$DisableAutoConfigurationContextCustomizer@6aa34b05, org.springframework.boot.test.autoconfigure.actuate.observability.ObservabilityContextCustomizerFactory$DisableObservabilityContextCustomizer@1f, org.springframework.boot.test.autoconfigure.filter.TypeExcludeFiltersContextCustomizer@435508ee, org.springframework.boot.test.autoconfigure.properties.PropertyMappingContextCustomizer@d4ab7ac4, org.springframework.boot.test.autoconfigure.web.servlet.WebDriverContextCustomizer@53251a66, org.springframework.test.context.bean.override.BeanOverrideContextCustomizer@39d4feff, org.springframework.test.context.support.DynamicPropertiesContextCustomizer@0, org.springframework.boot.test.context.SpringBootTestAnnotation@3a7645ce], resourceBasePath = "src/main/webapp", contextLoader = org.springframework.boot.test.context.SpringBootContextLoader, parent = null]
	at org.springframework.test.context.cache.DefaultCacheAwareContextLoaderDelegate.loadContext(DefaultCacheAwareContextLoaderDelegate.java:145) ~[spring-test-6.2.1.jar:6.2.1]
	at org.springframework.test.context.support.DefaultTestContext.getApplicationContext(DefaultTestContext.java:130) ~[spring-test-6.2.1.jar:6.2.1]
	at org.springframework.test.context.bean.override.BeanOverrideTestExecutionListener.injectFields(BeanOverrideTestExecutionListener.java:87) ~[spring-test-6.2.1.jar:6.2.1]
	at org.springframework.test.context.bean.override.BeanOverrideTestExecutionListener.prepareTestInstance(BeanOverrideTestExecutionListener.java:58) ~[spring-test-6.2.1.jar:6.2.1]
	at org.springframework.test.context.TestContextManager.prepareTestInstance(TestContextManager.java:260) ~[spring-test-6.2.1.jar:6.2.1]
	at org.springframework.test.context.junit.jupiter.SpringExtension.postProcessTestInstance(SpringExtension.java:160) ~[spring-test-6.2.1.jar:6.2.1]
	at org.junit.jupiter.engine.descriptor.ClassBasedTestDescriptor.lambda$invokeTestInstancePostProcessors$11(ClassBasedTestDescriptor.java:378) ~[junit-jupiter-engine-5.11.4.jar:5.11.4]
	at org.junit.jupiter.engine.descriptor.ClassBasedTestDescriptor.executeAndMaskThrowable(ClassBasedTestDescriptor.java:383) ~[junit-jupiter-engine-5.11.4.jar:5.11.4]
	at org.junit.jupiter.engine.descriptor.ClassBasedTestDescriptor.lambda$invokeTestInstancePostProcessors$12(ClassBasedTestDescriptor.java:378) ~[junit-jupiter-engine-5.11.4.jar:5.11.4]
	at java.base/java.util.stream.ForEachOps$ForEachOp$OfRef.accept(ForEachOps.java:184) ~[na:na]
	at java.base/java.util.stream.ReferencePipeline$3$1.accept(ReferencePipeline.java:197) ~[na:na]
	at java.base/java.util.stream.ReferencePipeline$2$1.accept(ReferencePipeline.java:179) ~[na:na]
	at java.base/java.util.stream.ReferencePipeline$3$1.accept(ReferencePipeline.java:197) ~[na:na]
	at java.base/java.util.ArrayList$ArrayListSpliterator.forEachRemaining(ArrayList.java:1708) ~[na:na]
	at java.base/java.util.stream.AbstractPipeline.copyInto(AbstractPipeline.java:509) ~[na:na]
	at java.base/java.util.stream.AbstractPipeline.wrapAndCopyInto(AbstractPipeline.java:499) ~[na:na]
	at java.base/java.util.stream.ForEachOps$ForEachOp.evaluateSequential(ForEachOps.java:151) ~[na:na]
	at java.base/java.util.stream.ForEachOps$ForEachOp$OfRef.evaluateSequential(ForEachOps.java:174) ~[na:na]
	at java.base/java.util.stream.AbstractPipeline.evaluate(AbstractPipeline.java:234) ~[na:na]
	at java.base/java.util.stream.ReferencePipeline.forEach(ReferencePipeline.java:596) ~[na:na]
	at org.junit.jupiter.engine.descriptor.ClassBasedTestDescriptor.invokeTestInstancePostProcessors(ClassBasedTestDescriptor.java:377) ~[junit-jupiter-engine-5.11.4.jar:5.11.4]
	at org.junit.jupiter.engine.descriptor.ClassBasedTestDescriptor.lambda$instantiateAndPostProcessTestInstance$7(ClassBasedTestDescriptor.java:290) ~[junit-jupiter-engine-5.11.4.jar:5.11.4]
	at org.junit.platform.engine.support.hierarchical.ThrowableCollector.execute(ThrowableCollector.java:73) ~[junit-platform-engine-1.11.4.jar:1.11.4]
	at org.junit.jupiter.engine.descriptor.ClassBasedTestDescriptor.instantiateAndPostProcessTestInstance(ClassBasedTestDescriptor.java:289) ~[junit-jupiter-engine-5.11.4.jar:5.11.4]
	at org.junit.jupiter.engine.descriptor.ClassBasedTestDescriptor.lambda$testInstancesProvider$5(ClassBasedTestDescriptor.java:279) ~[junit-jupiter-engine-5.11.4.jar:5.11.4]
	at java.base/java.util.Optional.orElseGet(Optional.java:364) ~[na:na]
	at org.junit.jupiter.engine.descriptor.ClassBasedTestDescriptor.lambda$testInstancesProvider$6(ClassBasedTestDescriptor.java:278) ~[junit-jupiter-engine-5.11.4.jar:5.11.4]
	at org.junit.jupiter.engine.execution.TestInstancesProvider.getTestInstances(TestInstancesProvider.java:31) ~[junit-jupiter-engine-5.11.4.jar:5.11.4]
	at org.junit.jupiter.engine.descriptor.TestMethodTestDescriptor.lambda$prepare$1(TestMethodTestDescriptor.java:105) ~[junit-jupiter-engine-5.11.4.jar:5.11.4]
	at org.junit.platform.engine.support.hierarchical.ThrowableCollector.execute(ThrowableCollector.java:73) ~[junit-platform-engine-1.11.4.jar:1.11.4]
	at org.junit.jupiter.engine.descriptor.TestMethodTestDescriptor.prepare(TestMethodTestDescriptor.java:104) ~[junit-jupiter-engine-5.11.4.jar:5.11.4]
	at org.junit.jupiter.engine.descriptor.TestMethodTestDescriptor.prepare(TestMethodTestDescriptor.java:68) ~[junit-jupiter-engine-5.11.4.jar:5.11.4]
	at org.junit.platform.engine.support.hierarchical.NodeTestTask.lambda$prepare$2(NodeTestTask.java:128) ~[junit-platform-engine-1.11.4.jar:1.11.4]
	at org.junit.platform.engine.support.hierarchical.ThrowableCollector.execute(ThrowableCollector.java:73) ~[junit-platform-engine-1.11.4.jar:1.11.4]
	at org.junit.platform.engine.support.hierarchical.NodeTestTask.prepare(NodeTestTask.java:128) ~[junit-platform-engine-1.11.4.jar:1.11.4]
	at org.junit.platform.engine.support.hierarchical.NodeTestTask.execute(NodeTestTask.java:95) ~[junit-platform-engine-1.11.4.jar:1.11.4]
	at java.base/java.util.ArrayList.forEach(ArrayList.java:1596) ~[na:na]
	at org.junit.platform.engine.support.hierarchical.SameThreadHierarchicalTestExecutorService.invokeAll(SameThreadHierarchicalTestExecutorService.java:41) ~[junit-platform-engine-1.11.4.jar:1.11.4]
	at org.junit.platform.engine.support.hierarchical.NodeTestTask.lambda$executeRecursively$6(NodeTestTask.java:160) ~[junit-platform-engine-1.11.4.jar:1.11.4]
	at org.junit.platform.engine.support.hierarchical.ThrowableCollector.execute(ThrowableCollector.java:73) ~[junit-platform-engine-1.11.4.jar:1.11.4]
	at org.junit.platform.engine.support.hierarchical.NodeTestTask.lambda$executeRecursively$8(NodeTestTask.java:146) ~[junit-platform-engine-1.11.4.jar:1.11.4]
	at org.junit.platform.engine.support.hierarchical.Node.around(Node.java:137) ~[junit-platform-engine-1.11.4.jar:1.11.4]
	at org.junit.platform.engine.support.hierarchical.NodeTestTask.lambda$executeRecursively$9(NodeTestTask.java:144) ~[junit-platform-engine-1.11.4.jar:1.11.4]
	at org.junit.platform.engine.support.hierarchical.ThrowableCollector.execute(ThrowableCollector.java:73) ~[junit-platform-engine-1.11.4.jar:1.11.4]
	at org.junit.platform.engine.support.hierarchical.NodeTestTask.executeRecursively(NodeTestTask.java:143) ~[junit-platform-engine-1.11.4.jar:1.11.4]
	at org.junit.platform.engine.support.hierarchical.NodeTestTask.execute(NodeTestTask.java:100) ~[junit-platform-engine-1.11.4.jar:1.11.4]
	at java.base/java.util.ArrayList.forEach(ArrayList.java:1596) ~[na:na]
	at org.junit.platform.engine.support.hierarchical.SameThreadHierarchicalTestExecutorService.invokeAll(SameThreadHierarchicalTestExecutorService.java:41) ~[junit-platform-engine-1.11.4.jar:1.11.4]
	at org.junit.platform.engine.support.hierarchical.NodeTestTask.lambda$executeRecursively$6(NodeTestTask.java:160) ~[junit-platform-engine-1.11.4.jar:1.11.4]
	at org.junit.platform.engine.support.hierarchical.ThrowableCollector.execute(ThrowableCollector.java:73) ~[junit-platform-engine-1.11.4.jar:1.11.4]
	at org.junit.platform.engine.support.hierarchical.NodeTestTask.lambda$executeRecursively$8(NodeTestTask.java:146) ~[junit-platform-engine-1.11.4.jar:1.11.4]
	at org.junit.platform.engine.support.hierarchical.Node.around(Node.java:137) ~[junit-platform-engine-1.11.4.jar:1.11.4]
	at org.junit.platform.engine.support.hierarchical.NodeTestTask.lambda$executeRecursively$9(NodeTestTask.java:144) ~[junit-platform-engine-1.11.4.jar:1.11.4]
	at org.junit.platform.engine.support.hierarchical.ThrowableCollector.execute(ThrowableCollector.java:73) ~[junit-platform-engine-1.11.4.jar:1.11.4]
	at org.junit.platform.engine.support.hierarchical.NodeTestTask.executeRecursively(NodeTestTask.java:143) ~[junit-platform-engine-1.11.4.jar:1.11.4]
	at org.junit.platform.engine.support.hierarchical.NodeTestTask.execute(NodeTestTask.java:100) ~[junit-platform-engine-1.11.4.jar:1.11.4]
	at org.junit.platform.engine.support.hierarchical.SameThreadHierarchicalTestExecutorService.submit(SameThreadHierarchicalTestExecutorService.java:35) ~[junit-platform-engine-1.11.4.jar:1.11.4]
	at org.junit.platform.engine.support.hierarchical.HierarchicalTestExecutor.execute(HierarchicalTestExecutor.java:57) ~[junit-platform-engine-1.11.4.jar:1.11.4]
	at org.junit.platform.engine.support.hierarchical.HierarchicalTestEngine.execute(HierarchicalTestEngine.java:54) ~[junit-platform-engine-1.11.4.jar:1.11.4]
	at org.junit.platform.launcher.core.EngineExecutionOrchestrator.execute(EngineExecutionOrchestrator.java:198) ~[junit-platform-launcher-1.11.4.jar:1.11.4]
	at org.junit.platform.launcher.core.EngineExecutionOrchestrator.execute(EngineExecutionOrchestrator.java:169) ~[junit-platform-launcher-1.11.4.jar:1.11.4]
	at org.junit.platform.launcher.core.EngineExecutionOrchestrator.execute(EngineExecutionOrchestrator.java:93) ~[junit-platform-launcher-1.11.4.jar:1.11.4]
	at org.junit.platform.launcher.core.EngineExecutionOrchestrator.lambda$execute$0(EngineExecutionOrchestrator.java:58) ~[junit-platform-launcher-1.11.4.jar:1.11.4]
	at org.junit.platform.launcher.core.EngineExecutionOrchestrator.withInterceptedStreams(EngineExecutionOrchestrator.java:141) ~[junit-platform-launcher-1.11.4.jar:1.11.4]
	at org.junit.platform.launcher.core.EngineExecutionOrchestrator.execute(EngineExecutionOrchestrator.java:57) ~[junit-platform-launcher-1.11.4.jar:1.11.4]
	at org.junit.platform.launcher.core.DefaultLauncher.execute(DefaultLauncher.java:103) ~[junit-platform-launcher-1.11.4.jar:1.11.4]
	at org.junit.platform.launcher.core.DefaultLauncher.execute(DefaultLauncher.java:85) ~[junit-platform-launcher-1.11.4.jar:1.11.4]
	at org.junit.platform.launcher.core.DelegatingLauncher.execute(DelegatingLauncher.java:47) ~[junit-platform-launcher-1.11.4.jar:1.11.4]
	at org.apache.maven.surefire.junitplatform.LazyLauncher.execute(LazyLauncher.java:56) ~[surefire-junit-platform-3.1.2.jar:3.1.2]
	at org.apache.maven.surefire.junitplatform.JUnitPlatformProvider.execute(JUnitPlatformProvider.java:184) ~[surefire-junit-platform-3.1.2.jar:3.1.2]
	at org.apache.maven.surefire.junitplatform.JUnitPlatformProvider.invokeAllTests(JUnitPlatformProvider.java:148) ~[surefire-junit-platform-3.1.2.jar:3.1.2]
	at org.apache.maven.surefire.junitplatform.JUnitPlatformProvider.invoke(JUnitPlatformProvider.java:122) ~[surefire-junit-platform-3.1.2.jar:3.1.2]
	at org.apache.maven.surefire.booter.ForkedBooter.runSuitesInProcess(ForkedBooter.java:385) ~[surefire-booter-3.1.2.jar:3.1.2]
	at org.apache.maven.surefire.booter.ForkedBooter.execute(ForkedBooter.java:162) ~[surefire-booter-3.1.2.jar:3.1.2]
	at org.apache.maven.surefire.booter.ForkedBooter.run(ForkedBooter.java:507) ~[surefire-booter-3.1.2.jar:3.1.2]
	at org.apache.maven.surefire.booter.ForkedBooter.main(ForkedBooter.java:495) ~[surefire-booter-3.1.2.jar:3.1.2]

[ERROR] Tests run: 7, Failures: 0, Errors: 7, Skipped: 0, Time elapsed: 5.303 s <<< FAILURE! -- in com.app.quantitymeasurement.QuantityMeasurementControllerTest
[ERROR] com.app.quantitymeasurement.QuantityMeasurementControllerTest.testGetErrorHistory -- Time elapsed: 0.020 s <<< ERROR!
java.lang.IllegalStateException: Failed to load ApplicationContext for [WebMergedContextConfiguration@581bc85e testClass = com.app.quantitymeasurement.QuantityMeasurementControllerTest, locations = [], classes = [com.app.quantitymeasurement.QuantityMeasurementAppApplication], contextInitializerClasses = [], activeProfiles = [], propertySourceDescriptors = [], propertySourceProperties = ["org.springframework.boot.test.autoconfigure.web.servlet.WebMvcTestContextBootstrapper=true"], contextCustomizers = [[ImportsContextCustomizer@493d8aa7 key = [org.springframework.boot.autoconfigure.task.TaskExecutionAutoConfiguration, org.springframework.boot.autoconfigure.cache.CacheAutoConfiguration, org.springframework.boot.autoconfigure.web.servlet.HttpEncodingAutoConfiguration, org.springframework.boot.autoconfigure.validation.ValidationAutoConfiguration, org.springframework.boot.autoconfigure.context.MessageSourceAutoConfiguration, org.springframework.boot.autoconfigure.hateoas.HypermediaAutoConfiguration, org.springframework.boot.autoconfigure.jackson.JacksonAutoConfiguration, org.springframework.boot.autoconfigure.data.web.SpringDataWebAutoConfiguration, org.springframework.boot.test.autoconfigure.web.reactive.WebTestClientAutoConfiguration, org.springframework.boot.autoconfigure.web.servlet.error.ErrorMvcAutoConfiguration, org.springframework.boot.test.autoconfigure.web.servlet.MockMvcAutoConfiguration, org.springframework.boot.autoconfigure.security.servlet.SecurityAutoConfiguration, org.springframework.boot.autoconfigure.security.servlet.SecurityFilterAutoConfiguration, org.springframework.boot.autoconfigure.http.HttpMessageConvertersAutoConfiguration, com.app.quantitymeasurement.config.SecurityConfig, org.springframework.boot.autoconfigure.security.oauth2.client.servlet.OAuth2ClientAutoConfiguration, org.springframework.boot.test.autoconfigure.web.servlet.MockMvcSecurityConfiguration, org.springframework.boot.test.autoconfigure.web.servlet.MockMvcWebClientAutoConfiguration, org.springframework.boot.test.autoconfigure.web.servlet.MockMvcWebDriverAutoConfiguration, org.springframework.boot.autoconfigure.thymeleaf.ThymeleafAutoConfiguration, org.springframework.boot.autoconfigure.gson.GsonAutoConfiguration, org.springframework.boot.autoconfigure.jsonb.JsonbAutoConfiguration, org.springframework.boot.autoconfigure.freemarker.FreeMarkerAutoConfiguration, org.springframework.boot.autoconfigure.web.servlet.WebMvcAutoConfiguration, org.springframework.boot.autoconfigure.security.servlet.UserDetailsServiceAutoConfiguration, org.springframework.boot.autoconfigure.security.oauth2.resource.servlet.OAuth2ResourceServerAutoConfiguration, org.springframework.boot.autoconfigure.groovy.template.GroovyTemplateAutoConfiguration, org.springframework.boot.autoconfigure.mustache.MustacheAutoConfiguration]], org.springframework.boot.test.context.filter.ExcludeFilterContextCustomizer@1d483de4, org.springframework.boot.test.json.DuplicateJsonObjectContextCustomizerFactory$DuplicateJsonObjectContextCustomizer@3b74ac8, org.springframework.boot.test.mock.mockito.MockitoContextCustomizer@0, org.springframework.boot.test.web.reactor.netty.DisableReactorResourceFactoryGlobalResourcesContextCustomizerFactory$DisableReactorResourceFactoryGlobalResourcesContextCustomizerCustomizer@68f4865, org.springframework.boot.test.autoconfigure.OnFailureConditionReportContextCustomizerFactory$OnFailureConditionReportContextCustomizer@40317ba2, org.springframework.boot.test.autoconfigure.OverrideAutoConfigurationContextCustomizerFactory$DisableAutoConfigurationContextCustomizer@6aa34b05, org.springframework.boot.test.autoconfigure.actuate.observability.ObservabilityContextCustomizerFactory$DisableObservabilityContextCustomizer@1f, org.springframework.boot.test.autoconfigure.filter.TypeExcludeFiltersContextCustomizer@435508ee, org.springframework.boot.test.autoconfigure.properties.PropertyMappingContextCustomizer@d4ab7ac4, org.springframework.boot.test.autoconfigure.web.servlet.WebDriverContextCustomizer@53251a66, org.springframework.test.context.bean.override.BeanOverrideContextCustomizer@39d4feff, org.springframework.test.context.support.DynamicPropertiesContextCustomizer@0, org.springframework.boot.test.context.SpringBootTestAnnotation@3a7645ce], resourceBasePath = "src/main/webapp", contextLoader = org.springframework.boot.test.context.SpringBootContextLoader, parent = null]
	at org.springframework.test.context.cache.DefaultCacheAwareContextLoaderDelegate.loadContext(DefaultCacheAwareContextLoaderDelegate.java:180)
	at org.springframework.test.context.support.DefaultTestContext.getApplicationContext(DefaultTestContext.java:130)
	at org.springframework.test.context.bean.override.BeanOverrideTestExecutionListener.injectFields(BeanOverrideTestExecutionListener.java:87)
	at org.springframework.test.context.bean.override.BeanOverrideTestExecutionListener.prepareTestInstance(BeanOverrideTestExecutionListener.java:58)
	at org.springframework.test.context.TestContextManager.prepareTestInstance(TestContextManager.java:260)
	at org.springframework.test.context.junit.jupiter.SpringExtension.postProcessTestInstance(SpringExtension.java:160)
	at java.base/java.util.stream.ForEachOps$ForEachOp$OfRef.accept(ForEachOps.java:184)
	at java.base/java.util.stream.ReferencePipeline$3$1.accept(ReferencePipeline.java:197)
	at java.base/java.util.stream.ReferencePipeline$2$1.accept(ReferencePipeline.java:179)
	at java.base/java.util.stream.ReferencePipeline$3$1.accept(ReferencePipeline.java:197)
	at java.base/java.util.ArrayList$ArrayListSpliterator.forEachRemaining(ArrayList.java:1708)
	at java.base/java.util.stream.AbstractPipeline.copyInto(AbstractPipeline.java:509)
	at java.base/java.util.stream.AbstractPipeline.wrapAndCopyInto(AbstractPipeline.java:499)
	at java.base/java.util.stream.ForEachOps$ForEachOp.evaluateSequential(ForEachOps.java:151)
	at java.base/java.util.stream.ForEachOps$ForEachOp$OfRef.evaluateSequential(ForEachOps.java:174)
	at java.base/java.util.stream.AbstractPipeline.evaluate(AbstractPipeline.java:234)
	at java.base/java.util.stream.ReferencePipeline.forEach(ReferencePipeline.java:596)
	at java.base/java.util.Optional.orElseGet(Optional.java:364)
	at java.base/java.util.ArrayList.forEach(ArrayList.java:1596)
	at java.base/java.util.ArrayList.forEach(ArrayList.java:1596)
Caused by: org.springframework.beans.factory.UnsatisfiedDependencyException: Error creating bean with name 'org.springframework.security.config.annotation.web.configuration.WebSecurityConfiguration': Unsatisfied dependency expressed through method 'setFilterChains' parameter 0: Error creating bean with name 'securityFilterChain' defined in class path resource [com/app/quantitymeasurement/config/SecurityConfig.class]: Failed to instantiate [org.springframework.security.web.SecurityFilterChain]: Factory method 'securityFilterChain' threw exception with message: Error creating bean with name 'authenticationJwtTokenFilter': Unsatisfied dependency expressed through field 'jwtUtils': No qualifying bean of type 'com.app.quantitymeasurement.security.JwtUtils' available: expected at least 1 bean which qualifies as autowire candidate. Dependency annotations: {@org.springframework.beans.factory.annotation.Autowired(required=true)}
	at org.springframework.beans.factory.annotation.AutowiredAnnotationBeanPostProcessor$AutowiredMethodElement.resolveMethodArguments(AutowiredAnnotationBeanPostProcessor.java:896)
	at org.springframework.beans.factory.annotation.AutowiredAnnotationBeanPostProcessor$AutowiredMethodElement.inject(AutowiredAnnotationBeanPostProcessor.java:849)
	at org.springframework.beans.factory.annotation.InjectionMetadata.inject(InjectionMetadata.java:146)
	at org.springframework.beans.factory.annotation.AutowiredAnnotationBeanPostProcessor.postProcessProperties(AutowiredAnnotationBeanPostProcessor.java:509)
	at org.springframework.beans.factory.support.AbstractAutowireCapableBeanFactory.populateBean(AbstractAutowireCapableBeanFactory.java:1441)
	at org.springframework.beans.factory.support.AbstractAutowireCapableBeanFactory.doCreateBean(AbstractAutowireCapableBeanFactory.java:600)
	at org.springframework.beans.factory.support.AbstractAutowireCapableBeanFactory.createBean(AbstractAutowireCapableBeanFactory.java:523)
	at org.springframework.beans.factory.support.AbstractBeanFactory.lambda$doGetBean$0(AbstractBeanFactory.java:336)
	at org.springframework.beans.factory.support.DefaultSingletonBeanRegistry.getSingleton(DefaultSingletonBeanRegistry.java:289)
	at org.springframework.beans.factory.support.AbstractBeanFactory.doGetBean(AbstractBeanFactory.java:334)
	at org.springframework.beans.factory.support.AbstractBeanFactory.getBean(AbstractBeanFactory.java:199)
	at org.springframework.beans.factory.support.DefaultListableBeanFactory.instantiateSingleton(DefaultListableBeanFactory.java:1122)
	at org.springframework.beans.factory.support.DefaultListableBeanFactory.preInstantiateSingleton(DefaultListableBeanFactory.java:1093)
	at org.springframework.beans.factory.support.DefaultListableBeanFactory.preInstantiateSingletons(DefaultListableBeanFactory.java:1030)
	at org.springframework.context.support.AbstractApplicationContext.finishBeanFactoryInitialization(AbstractApplicationContext.java:987)
	at org.springframework.context.support.AbstractApplicationContext.refresh(AbstractApplicationContext.java:627)
	at org.springframework.boot.SpringApplication.refresh(SpringApplication.java:752)
	at org.springframework.boot.SpringApplication.refreshContext(SpringApplication.java:439)
	at org.springframework.boot.SpringApplication.run(SpringApplication.java:318)
	at org.springframework.boot.test.context.SpringBootContextLoader.lambda$loadContext$3(SpringBootContextLoader.java:137)
	at org.springframework.util.function.ThrowingSupplier.get(ThrowingSupplier.java:58)
	at org.springframework.util.function.ThrowingSupplier.get(ThrowingSupplier.java:46)
	at org.springframework.boot.SpringApplication.withHook(SpringApplication.java:1461)
	at org.springframework.boot.test.context.SpringBootContextLoader$ContextLoaderHook.run(SpringBootContextLoader.java:553)
	at org.springframework.boot.test.context.SpringBootContextLoader.loadContext(SpringBootContextLoader.java:137)
	at org.springframework.boot.test.context.SpringBootContextLoader.loadContext(SpringBootContextLoader.java:108)
	at org.springframework.test.context.cache.DefaultCacheAwareContextLoaderDelegate.loadContextInternal(DefaultCacheAwareContextLoaderDelegate.java:225)
	at org.springframework.test.context.cache.DefaultCacheAwareContextLoaderDelegate.loadContext(DefaultCacheAwareContextLoaderDelegate.java:152)
	... 19 more
Caused by: org.springframework.beans.factory.BeanCreationException: Error creating bean with name 'securityFilterChain' defined in class path resource [com/app/quantitymeasurement/config/SecurityConfig.class]: Failed to instantiate [org.springframework.security.web.SecurityFilterChain]: Factory method 'securityFilterChain' threw exception with message: Error creating bean with name 'authenticationJwtTokenFilter': Unsatisfied dependency expressed through field 'jwtUtils': No qualifying bean of type 'com.app.quantitymeasurement.security.JwtUtils' available: expected at least 1 bean which qualifies as autowire candidate. Dependency annotations: {@org.springframework.beans.factory.annotation.Autowired(required=true)}
	at org.springframework.beans.factory.support.ConstructorResolver.instantiate(ConstructorResolver.java:657)
	at org.springframework.beans.factory.support.ConstructorResolver.instantiateUsingFactoryMethod(ConstructorResolver.java:645)
	at org.springframework.beans.factory.support.AbstractAutowireCapableBeanFactory.instantiateUsingFactoryMethod(AbstractAutowireCapableBeanFactory.java:1357)
	at org.springframework.beans.factory.support.AbstractAutowireCapableBeanFactory.createBeanInstance(AbstractAutowireCapableBeanFactory.java:1187)
	at org.springframework.beans.factory.support.AbstractAutowireCapableBeanFactory.doCreateBean(AbstractAutowireCapableBeanFactory.java:563)
	at org.springframework.beans.factory.support.AbstractAutowireCapableBeanFactory.createBean(AbstractAutowireCapableBeanFactory.java:523)
	at org.springframework.beans.factory.support.AbstractBeanFactory.lambda$doGetBean$0(AbstractBeanFactory.java:336)
	at org.springframework.beans.factory.support.DefaultSingletonBeanRegistry.getSingleton(DefaultSingletonBeanRegistry.java:289)
	at org.springframework.beans.factory.support.AbstractBeanFactory.doGetBean(AbstractBeanFactory.java:334)
	at org.springframework.beans.factory.support.AbstractBeanFactory.getBean(AbstractBeanFactory.java:199)
	at org.springframework.beans.factory.config.DependencyDescriptor.resolveCandidate(DependencyDescriptor.java:254)
	at org.springframework.beans.factory.support.DefaultListableBeanFactory.addCandidateEntry(DefaultListableBeanFactory.java:1883)
	at org.springframework.beans.factory.support.DefaultListableBeanFactory.findAutowireCandidates(DefaultListableBeanFactory.java:1847)
	at org.springframework.beans.factory.support.DefaultListableBeanFactory.resolveMultipleBeanCollection(DefaultListableBeanFactory.java:1737)
	at org.springframework.beans.factory.support.DefaultListableBeanFactory.resolveMultipleBeans(DefaultListableBeanFactory.java:1705)
	at org.springframework.beans.factory.support.DefaultListableBeanFactory.doResolveDependency(DefaultListableBeanFactory.java:1580)
	at org.springframework.beans.factory.support.DefaultListableBeanFactory.resolveDependency(DefaultListableBeanFactory.java:1519)
	at org.springframework.beans.factory.annotation.AutowiredAnnotationBeanPostProcessor$AutowiredMethodElement.resolveMethodArguments(AutowiredAnnotationBeanPostProcessor.java:888)
	... 46 more
Caused by: org.springframework.beans.BeanInstantiationException: Failed to instantiate [org.springframework.security.web.SecurityFilterChain]: Factory method 'securityFilterChain' threw exception with message: Error creating bean with name 'authenticationJwtTokenFilter': Unsatisfied dependency expressed through field 'jwtUtils': No qualifying bean of type 'com.app.quantitymeasurement.security.JwtUtils' available: expected at least 1 bean which qualifies as autowire candidate. Dependency annotations: {@org.springframework.beans.factory.annotation.Autowired(required=true)}
	at org.springframework.beans.factory.support.SimpleInstantiationStrategy.lambda$instantiate$0(SimpleInstantiationStrategy.java:199)
	at org.springframework.beans.factory.support.SimpleInstantiationStrategy.instantiateWithFactoryMethod(SimpleInstantiationStrategy.java:88)
	at org.springframework.beans.factory.support.SimpleInstantiationStrategy.instantiate(SimpleInstantiationStrategy.java:168)
	at org.springframework.beans.factory.support.ConstructorResolver.instantiate(ConstructorResolver.java:653)
	... 63 more
Caused by: org.springframework.beans.factory.UnsatisfiedDependencyException: Error creating bean with name 'authenticationJwtTokenFilter': Unsatisfied dependency expressed through field 'jwtUtils': No qualifying bean of type 'com.app.quantitymeasurement.security.JwtUtils' available: expected at least 1 bean which qualifies as autowire candidate. Dependency annotations: {@org.springframework.beans.factory.annotation.Autowired(required=true)}
	at org.springframework.beans.factory.annotation.AutowiredAnnotationBeanPostProcessor$AutowiredFieldElement.resolveFieldValue(AutowiredAnnotationBeanPostProcessor.java:788)
	at org.springframework.beans.factory.annotation.AutowiredAnnotationBeanPostProcessor$AutowiredFieldElement.inject(AutowiredAnnotationBeanPostProcessor.java:768)
	at org.springframework.beans.factory.annotation.InjectionMetadata.inject(InjectionMetadata.java:146)
	at org.springframework.beans.factory.annotation.AutowiredAnnotationBeanPostProcessor.postProcessProperties(AutowiredAnnotationBeanPostProcessor.java:509)
	at org.springframework.beans.factory.support.AbstractAutowireCapableBeanFactory.populateBean(AbstractAutowireCapableBeanFactory.java:1441)
	at org.springframework.beans.factory.support.AbstractAutowireCapableBeanFactory.doCreateBean(AbstractAutowireCapableBeanFactory.java:600)
	at org.springframework.beans.factory.support.AbstractAutowireCapableBeanFactory.createBean(AbstractAutowireCapableBeanFactory.java:523)
	at org.springframework.beans.factory.support.AbstractBeanFactory.lambda$doGetBean$0(AbstractBeanFactory.java:336)
	at org.springframework.beans.factory.support.DefaultSingletonBeanRegistry.getSingleton(DefaultSingletonBeanRegistry.java:289)
	at org.springframework.beans.factory.support.AbstractBeanFactory.doGetBean(AbstractBeanFactory.java:334)
	at org.springframework.beans.factory.support.AbstractBeanFactory.getBean(AbstractBeanFactory.java:199)
	at org.springframework.context.annotation.ConfigurationClassEnhancer$BeanMethodInterceptor.resolveBeanReference(ConfigurationClassEnhancer.java:380)
	at org.springframework.context.annotation.ConfigurationClassEnhancer$BeanMethodInterceptor.intercept(ConfigurationClassEnhancer.java:351)
	at com.app.quantitymeasurement.config.SecurityConfig$$SpringCGLIB$$0.authenticationJwtTokenFilter(<generated>)
	at com.app.quantitymeasurement.config.SecurityConfig.securityFilterChain(SecurityConfig.java:80)
	at com.app.quantitymeasurement.config.SecurityConfig$$SpringCGLIB$$0.CGLIB$securityFilterChain$2(<generated>)
	at com.app.quantitymeasurement.config.SecurityConfig$$SpringCGLIB$$FastClass$$1.invoke(<generated>)
	at org.springframework.cglib.proxy.MethodProxy.invokeSuper(MethodProxy.java:258)
	at org.springframework.context.annotation.ConfigurationClassEnhancer$BeanMethodInterceptor.intercept(ConfigurationClassEnhancer.java:348)
	at com.app.quantitymeasurement.config.SecurityConfig$$SpringCGLIB$$0.securityFilterChain(<generated>)
	at java.base/java.lang.reflect.Method.invoke(Method.java:580)
	at org.springframework.beans.factory.support.SimpleInstantiationStrategy.lambda$instantiate$0(SimpleInstantiationStrategy.java:171)
	... 66 more
Caused by: org.springframework.beans.factory.NoSuchBeanDefinitionException: No qualifying bean of type 'com.app.quantitymeasurement.security.JwtUtils' available: expected at least 1 bean which qualifies as autowire candidate. Dependency annotations: {@org.springframework.beans.factory.annotation.Autowired(required=true)}
	at org.springframework.beans.factory.support.DefaultListableBeanFactory.raiseNoMatchingBeanFound(DefaultListableBeanFactory.java:2144)
	at org.springframework.beans.factory.support.DefaultListableBeanFactory.doResolveDependency(DefaultListableBeanFactory.java:1594)
	at org.springframework.beans.factory.support.DefaultListableBeanFactory.resolveDependency(DefaultListableBeanFactory.java:1519)
	at org.springframework.beans.factory.annotation.AutowiredAnnotationBeanPostProcessor$AutowiredFieldElement.resolveFieldValue(AutowiredAnnotationBeanPostProcessor.java:785)
	... 87 more

[ERROR] com.app.quantitymeasurement.QuantityMeasurementControllerTest.testConvertQuantity_Success -- Time elapsed: 0.002 s <<< ERROR!
java.lang.IllegalStateException: ApplicationContext failure threshold (1) exceeded: skipping repeated attempt to load context for [WebMergedContextConfiguration@581bc85e testClass = com.app.quantitymeasurement.QuantityMeasurementControllerTest, locations = [], classes = [com.app.quantitymeasurement.QuantityMeasurementAppApplication], contextInitializerClasses = [], activeProfiles = [], propertySourceDescriptors = [], propertySourceProperties = ["org.springframework.boot.test.autoconfigure.web.servlet.WebMvcTestContextBootstrapper=true"], contextCustomizers = [[ImportsContextCustomizer@493d8aa7 key = [org.springframework.boot.autoconfigure.task.TaskExecutionAutoConfiguration, org.springframework.boot.autoconfigure.cache.CacheAutoConfiguration, org.springframework.boot.autoconfigure.web.servlet.HttpEncodingAutoConfiguration, org.springframework.boot.autoconfigure.validation.ValidationAutoConfiguration, org.springframework.boot.autoconfigure.context.MessageSourceAutoConfiguration, org.springframework.boot.autoconfigure.hateoas.HypermediaAutoConfiguration, org.springframework.boot.autoconfigure.jackson.JacksonAutoConfiguration, org.springframework.boot.autoconfigure.data.web.SpringDataWebAutoConfiguration, org.springframework.boot.test.autoconfigure.web.reactive.WebTestClientAutoConfiguration, org.springframework.boot.autoconfigure.web.servlet.error.ErrorMvcAutoConfiguration, org.springframework.boot.test.autoconfigure.web.servlet.MockMvcAutoConfiguration, org.springframework.boot.autoconfigure.security.servlet.SecurityAutoConfiguration, org.springframework.boot.autoconfigure.security.servlet.SecurityFilterAutoConfiguration, org.springframework.boot.autoconfigure.http.HttpMessageConvertersAutoConfiguration, com.app.quantitymeasurement.config.SecurityConfig, org.springframework.boot.autoconfigure.security.oauth2.client.servlet.OAuth2ClientAutoConfiguration, org.springframework.boot.test.autoconfigure.web.servlet.MockMvcSecurityConfiguration, org.springframework.boot.test.autoconfigure.web.servlet.MockMvcWebClientAutoConfiguration, org.springframework.boot.test.autoconfigure.web.servlet.MockMvcWebDriverAutoConfiguration, org.springframework.boot.autoconfigure.thymeleaf.ThymeleafAutoConfiguration, org.springframework.boot.autoconfigure.gson.GsonAutoConfiguration, org.springframework.boot.autoconfigure.jsonb.JsonbAutoConfiguration, org.springframework.boot.autoconfigure.freemarker.FreeMarkerAutoConfiguration, org.springframework.boot.autoconfigure.web.servlet.WebMvcAutoConfiguration, org.springframework.boot.autoconfigure.security.servlet.UserDetailsServiceAutoConfiguration, org.springframework.boot.autoconfigure.security.oauth2.resource.servlet.OAuth2ResourceServerAutoConfiguration, org.springframework.boot.autoconfigure.groovy.template.GroovyTemplateAutoConfiguration, org.springframework.boot.autoconfigure.mustache.MustacheAutoConfiguration]], org.springframework.boot.test.context.filter.ExcludeFilterContextCustomizer@1d483de4, org.springframework.boot.test.json.DuplicateJsonObjectContextCustomizerFactory$DuplicateJsonObjectContextCustomizer@3b74ac8, org.springframework.boot.test.mock.mockito.MockitoContextCustomizer@0, org.springframework.boot.test.web.reactor.netty.DisableReactorResourceFactoryGlobalResourcesContextCustomizerFactory$DisableReactorResourceFactoryGlobalResourcesContextCustomizerCustomizer@68f4865, org.springframework.boot.test.autoconfigure.OnFailureConditionReportContextCustomizerFactory$OnFailureConditionReportContextCustomizer@40317ba2, org.springframework.boot.test.autoconfigure.OverrideAutoConfigurationContextCustomizerFactory$DisableAutoConfigurationContextCustomizer@6aa34b05, org.springframework.boot.test.autoconfigure.actuate.observability.ObservabilityContextCustomizerFactory$DisableObservabilityContextCustomizer@1f, org.springframework.boot.test.autoconfigure.filter.TypeExcludeFiltersContextCustomizer@435508ee, org.springframework.boot.test.autoconfigure.properties.PropertyMappingContextCustomizer@d4ab7ac4, org.springframework.boot.test.autoconfigure.web.servlet.WebDriverContextCustomizer@53251a66, org.springframework.test.context.bean.override.BeanOverrideContextCustomizer@39d4feff, org.springframework.test.context.support.DynamicPropertiesContextCustomizer@0, org.springframework.boot.test.context.SpringBootTestAnnotation@3a7645ce], resourceBasePath = "src/main/webapp", contextLoader = org.springframework.boot.test.context.SpringBootContextLoader, parent = null]
	at org.springframework.test.context.cache.DefaultCacheAwareContextLoaderDelegate.loadContext(DefaultCacheAwareContextLoaderDelegate.java:145)
	at org.springframework.test.context.support.DefaultTestContext.getApplicationContext(DefaultTestContext.java:130)
	at org.springframework.test.context.bean.override.BeanOverrideTestExecutionListener.injectFields(BeanOverrideTestExecutionListener.java:87)
	at org.springframework.test.context.bean.override.BeanOverrideTestExecutionListener.prepareTestInstance(BeanOverrideTestExecutionListener.java:58)
	at org.springframework.test.context.TestContextManager.prepareTestInstance(TestContextManager.java:260)
	at org.springframework.test.context.junit.jupiter.SpringExtension.postProcessTestInstance(SpringExtension.java:160)
	at java.base/java.util.stream.ForEachOps$ForEachOp$OfRef.accept(ForEachOps.java:184)
	at java.base/java.util.stream.ReferencePipeline$3$1.accept(ReferencePipeline.java:197)
	at java.base/java.util.stream.ReferencePipeline$2$1.accept(ReferencePipeline.java:179)
	at java.base/java.util.stream.ReferencePipeline$3$1.accept(ReferencePipeline.java:197)
	at java.base/java.util.ArrayList$ArrayListSpliterator.forEachRemaining(ArrayList.java:1708)
	at java.base/java.util.stream.AbstractPipeline.copyInto(AbstractPipeline.java:509)
	at java.base/java.util.stream.AbstractPipeline.wrapAndCopyInto(AbstractPipeline.java:499)
	at java.base/java.util.stream.ForEachOps$ForEachOp.evaluateSequential(ForEachOps.java:151)
	at java.base/java.util.stream.ForEachOps$ForEachOp$OfRef.evaluateSequential(ForEachOps.java:174)
	at java.base/java.util.stream.AbstractPipeline.evaluate(AbstractPipeline.java:234)
	at java.base/java.util.stream.ReferencePipeline.forEach(ReferencePipeline.java:596)
	at java.base/java.util.Optional.orElseGet(Optional.java:364)
	at java.base/java.util.ArrayList.forEach(ArrayList.java:1596)
	at java.base/java.util.ArrayList.forEach(ArrayList.java:1596)

[ERROR] com.app.quantitymeasurement.QuantityMeasurementControllerTest.testGetOperationHistory -- Time elapsed: 0.006 s <<< ERROR!
java.lang.IllegalStateException: ApplicationContext failure threshold (1) exceeded: skipping repeated attempt to load context for [WebMergedContextConfiguration@581bc85e testClass = com.app.quantitymeasurement.QuantityMeasurementControllerTest, locations = [], classes = [com.app.quantitymeasurement.QuantityMeasurementAppApplication], contextInitializerClasses = [], activeProfiles = [], propertySourceDescriptors = [], propertySourceProperties = ["org.springframework.boot.test.autoconfigure.web.servlet.WebMvcTestContextBootstrapper=true"], contextCustomizers = [[ImportsContextCustomizer@493d8aa7 key = [org.springframework.boot.autoconfigure.task.TaskExecutionAutoConfiguration, org.springframework.boot.autoconfigure.cache.CacheAutoConfiguration, org.springframework.boot.autoconfigure.web.servlet.HttpEncodingAutoConfiguration, org.springframework.boot.autoconfigure.validation.ValidationAutoConfiguration, org.springframework.boot.autoconfigure.context.MessageSourceAutoConfiguration, org.springframework.boot.autoconfigure.hateoas.HypermediaAutoConfiguration, org.springframework.boot.autoconfigure.jackson.JacksonAutoConfiguration, org.springframework.boot.autoconfigure.data.web.SpringDataWebAutoConfiguration, org.springframework.boot.test.autoconfigure.web.reactive.WebTestClientAutoConfiguration, org.springframework.boot.autoconfigure.web.servlet.error.ErrorMvcAutoConfiguration, org.springframework.boot.test.autoconfigure.web.servlet.MockMvcAutoConfiguration, org.springframework.boot.autoconfigure.security.servlet.SecurityAutoConfiguration, org.springframework.boot.autoconfigure.security.servlet.SecurityFilterAutoConfiguration, org.springframework.boot.autoconfigure.http.HttpMessageConvertersAutoConfiguration, com.app.quantitymeasurement.config.SecurityConfig, org.springframework.boot.autoconfigure.security.oauth2.client.servlet.OAuth2ClientAutoConfiguration, org.springframework.boot.test.autoconfigure.web.servlet.MockMvcSecurityConfiguration, org.springframework.boot.test.autoconfigure.web.servlet.MockMvcWebClientAutoConfiguration, org.springframework.boot.test.autoconfigure.web.servlet.MockMvcWebDriverAutoConfiguration, org.springframework.boot.autoconfigure.thymeleaf.ThymeleafAutoConfiguration, org.springframework.boot.autoconfigure.gson.GsonAutoConfiguration, org.springframework.boot.autoconfigure.jsonb.JsonbAutoConfiguration, org.springframework.boot.autoconfigure.freemarker.FreeMarkerAutoConfiguration, org.springframework.boot.autoconfigure.web.servlet.WebMvcAutoConfiguration, org.springframework.boot.autoconfigure.security.servlet.UserDetailsServiceAutoConfiguration, org.springframework.boot.autoconfigure.security.oauth2.resource.servlet.OAuth2ResourceServerAutoConfiguration, org.springframework.boot.autoconfigure.groovy.template.GroovyTemplateAutoConfiguration, org.springframework.boot.autoconfigure.mustache.MustacheAutoConfiguration]], org.springframework.boot.test.context.filter.ExcludeFilterContextCustomizer@1d483de4, org.springframework.boot.test.json.DuplicateJsonObjectContextCustomizerFactory$DuplicateJsonObjectContextCustomizer@3b74ac8, org.springframework.boot.test.mock.mockito.MockitoContextCustomizer@0, org.springframework.boot.test.web.reactor.netty.DisableReactorResourceFactoryGlobalResourcesContextCustomizerFactory$DisableReactorResourceFactoryGlobalResourcesContextCustomizerCustomizer@68f4865, org.springframework.boot.test.autoconfigure.OnFailureConditionReportContextCustomizerFactory$OnFailureConditionReportContextCustomizer@40317ba2, org.springframework.boot.test.autoconfigure.OverrideAutoConfigurationContextCustomizerFactory$DisableAutoConfigurationContextCustomizer@6aa34b05, org.springframework.boot.test.autoconfigure.actuate.observability.ObservabilityContextCustomizerFactory$DisableObservabilityContextCustomizer@1f, org.springframework.boot.test.autoconfigure.filter.TypeExcludeFiltersContextCustomizer@435508ee, org.springframework.boot.test.autoconfigure.properties.PropertyMappingContextCustomizer@d4ab7ac4, org.springframework.boot.test.autoconfigure.web.servlet.WebDriverContextCustomizer@53251a66, org.springframework.test.context.bean.override.BeanOverrideContextCustomizer@39d4feff, org.springframework.test.context.support.DynamicPropertiesContextCustomizer@0, org.springframework.boot.test.context.SpringBootTestAnnotation@3a7645ce], resourceBasePath = "src/main/webapp", contextLoader = org.springframework.boot.test.context.SpringBootContextLoader, parent = null]
	at org.springframework.test.context.cache.DefaultCacheAwareContextLoaderDelegate.loadContext(DefaultCacheAwareContextLoaderDelegate.java:145)
	at org.springframework.test.context.support.DefaultTestContext.getApplicationContext(DefaultTestContext.java:130)
	at org.springframework.test.context.bean.override.BeanOverrideTestExecutionListener.injectFields(BeanOverrideTestExecutionListener.java:87)
	at org.springframework.test.context.bean.override.BeanOverrideTestExecutionListener.prepareTestInstance(BeanOverrideTestExecutionListener.java:58)
	at org.springframework.test.context.TestContextManager.prepareTestInstance(TestContextManager.java:260)
	at org.springframework.test.context.junit.jupiter.SpringExtension.postProcessTestInstance(SpringExtension.java:160)
	at java.base/java.util.stream.ForEachOps$ForEachOp$OfRef.accept(ForEachOps.java:184)
	at java.base/java.util.stream.ReferencePipeline$3$1.accept(ReferencePipeline.java:197)
	at java.base/java.util.stream.ReferencePipeline$2$1.accept(ReferencePipeline.java:179)
	at java.base/java.util.stream.ReferencePipeline$3$1.accept(ReferencePipeline.java:197)
	at java.base/java.util.ArrayList$ArrayListSpliterator.forEachRemaining(ArrayList.java:1708)
	at java.base/java.util.stream.AbstractPipeline.copyInto(AbstractPipeline.java:509)
	at java.base/java.util.stream.AbstractPipeline.wrapAndCopyInto(AbstractPipeline.java:499)
	at java.base/java.util.stream.ForEachOps$ForEachOp.evaluateSequential(ForEachOps.java:151)
	at java.base/java.util.stream.ForEachOps$ForEachOp$OfRef.evaluateSequential(ForEachOps.java:174)
	at java.base/java.util.stream.AbstractPipeline.evaluate(AbstractPipeline.java:234)
	at java.base/java.util.stream.ReferencePipeline.forEach(ReferencePipeline.java:596)
	at java.base/java.util.Optional.orElseGet(Optional.java:364)
	at java.base/java.util.ArrayList.forEach(ArrayList.java:1596)
	at java.base/java.util.ArrayList.forEach(ArrayList.java:1596)

[ERROR] com.app.quantitymeasurement.QuantityMeasurementControllerTest.testInvalidInput_Returns400 -- Time elapsed: 0.003 s <<< ERROR!
java.lang.IllegalStateException: ApplicationContext failure threshold (1) exceeded: skipping repeated attempt to load context for [WebMergedContextConfiguration@581bc85e testClass = com.app.quantitymeasurement.QuantityMeasurementControllerTest, locations = [], classes = [com.app.quantitymeasurement.QuantityMeasurementAppApplication], contextInitializerClasses = [], activeProfiles = [], propertySourceDescriptors = [], propertySourceProperties = ["org.springframework.boot.test.autoconfigure.web.servlet.WebMvcTestContextBootstrapper=true"], contextCustomizers = [[ImportsContextCustomizer@493d8aa7 key = [org.springframework.boot.autoconfigure.task.TaskExecutionAutoConfiguration, org.springframework.boot.autoconfigure.cache.CacheAutoConfiguration, org.springframework.boot.autoconfigure.web.servlet.HttpEncodingAutoConfiguration, org.springframework.boot.autoconfigure.validation.ValidationAutoConfiguration, org.springframework.boot.autoconfigure.context.MessageSourceAutoConfiguration, org.springframework.boot.autoconfigure.hateoas.HypermediaAutoConfiguration, org.springframework.boot.autoconfigure.jackson.JacksonAutoConfiguration, org.springframework.boot.autoconfigure.data.web.SpringDataWebAutoConfiguration, org.springframework.boot.test.autoconfigure.web.reactive.WebTestClientAutoConfiguration, org.springframework.boot.autoconfigure.web.servlet.error.ErrorMvcAutoConfiguration, org.springframework.boot.test.autoconfigure.web.servlet.MockMvcAutoConfiguration, org.springframework.boot.autoconfigure.security.servlet.SecurityAutoConfiguration, org.springframework.boot.autoconfigure.security.servlet.SecurityFilterAutoConfiguration, org.springframework.boot.autoconfigure.http.HttpMessageConvertersAutoConfiguration, com.app.quantitymeasurement.config.SecurityConfig, org.springframework.boot.autoconfigure.security.oauth2.client.servlet.OAuth2ClientAutoConfiguration, org.springframework.boot.test.autoconfigure.web.servlet.MockMvcSecurityConfiguration, org.springframework.boot.test.autoconfigure.web.servlet.MockMvcWebClientAutoConfiguration, org.springframework.boot.test.autoconfigure.web.servlet.MockMvcWebDriverAutoConfiguration, org.springframework.boot.autoconfigure.thymeleaf.ThymeleafAutoConfiguration, org.springframework.boot.autoconfigure.gson.GsonAutoConfiguration, org.springframework.boot.autoconfigure.jsonb.JsonbAutoConfiguration, org.springframework.boot.autoconfigure.freemarker.FreeMarkerAutoConfiguration, org.springframework.boot.autoconfigure.web.servlet.WebMvcAutoConfiguration, org.springframework.boot.autoconfigure.security.servlet.UserDetailsServiceAutoConfiguration, org.springframework.boot.autoconfigure.security.oauth2.resource.servlet.OAuth2ResourceServerAutoConfiguration, org.springframework.boot.autoconfigure.groovy.template.GroovyTemplateAutoConfiguration, org.springframework.boot.autoconfigure.mustache.MustacheAutoConfiguration]], org.springframework.boot.test.context.filter.ExcludeFilterContextCustomizer@1d483de4, org.springframework.boot.test.json.DuplicateJsonObjectContextCustomizerFactory$DuplicateJsonObjectContextCustomizer@3b74ac8, org.springframework.boot.test.mock.mockito.MockitoContextCustomizer@0, org.springframework.boot.test.web.reactor.netty.DisableReactorResourceFactoryGlobalResourcesContextCustomizerFactory$DisableReactorResourceFactoryGlobalResourcesContextCustomizerCustomizer@68f4865, org.springframework.boot.test.autoconfigure.OnFailureConditionReportContextCustomizerFactory$OnFailureConditionReportContextCustomizer@40317ba2, org.springframework.boot.test.autoconfigure.OverrideAutoConfigurationContextCustomizerFactory$DisableAutoConfigurationContextCustomizer@6aa34b05, org.springframework.boot.test.autoconfigure.actuate.observability.ObservabilityContextCustomizerFactory$DisableObservabilityContextCustomizer@1f, org.springframework.boot.test.autoconfigure.filter.TypeExcludeFiltersContextCustomizer@435508ee, org.springframework.boot.test.autoconfigure.properties.PropertyMappingContextCustomizer@d4ab7ac4, org.springframework.boot.test.autoconfigure.web.servlet.WebDriverContextCustomizer@53251a66, org.springframework.test.context.bean.override.BeanOverrideContextCustomizer@39d4feff, org.springframework.test.context.support.DynamicPropertiesContextCustomizer@0, org.springframework.boot.test.context.SpringBootTestAnnotation@3a7645ce], resourceBasePath = "src/main/webapp", contextLoader = org.springframework.boot.test.context.SpringBootContextLoader, parent = null]
	at org.springframework.test.context.cache.DefaultCacheAwareContextLoaderDelegate.loadContext(DefaultCacheAwareContextLoaderDelegate.java:145)
	at org.springframework.test.context.support.DefaultTestContext.getApplicationContext(DefaultTestContext.java:130)
	at org.springframework.test.context.bean.override.BeanOverrideTestExecutionListener.injectFields(BeanOverrideTestExecutionListener.java:87)
	at org.springframework.test.context.bean.override.BeanOverrideTestExecutionListener.prepareTestInstance(BeanOverrideTestExecutionListener.java:58)
	at org.springframework.test.context.TestContextManager.prepareTestInstance(TestContextManager.java:260)
	at org.springframework.test.context.junit.jupiter.SpringExtension.postProcessTestInstance(SpringExtension.java:160)
	at java.base/java.util.stream.ForEachOps$ForEachOp$OfRef.accept(ForEachOps.java:184)
	at java.base/java.util.stream.ReferencePipeline$3$1.accept(ReferencePipeline.java:197)
	at java.base/java.util.stream.ReferencePipeline$2$1.accept(ReferencePipeline.java:179)
	at java.base/java.util.stream.ReferencePipeline$3$1.accept(ReferencePipeline.java:197)
	at java.base/java.util.ArrayList$ArrayListSpliterator.forEachRemaining(ArrayList.java:1708)
	at java.base/java.util.stream.AbstractPipeline.copyInto(AbstractPipeline.java:509)
	at java.base/java.util.stream.AbstractPipeline.wrapAndCopyInto(AbstractPipeline.java:499)
	at java.base/java.util.stream.ForEachOps$ForEachOp.evaluateSequential(ForEachOps.java:151)
	at java.base/java.util.stream.ForEachOps$ForEachOp$OfRef.evaluateSequential(ForEachOps.java:174)
	at java.base/java.util.stream.AbstractPipeline.evaluate(AbstractPipeline.java:234)
	at java.base/java.util.stream.ReferencePipeline.forEach(ReferencePipeline.java:596)
	at java.base/java.util.Optional.orElseGet(Optional.java:364)
	at java.base/java.util.ArrayList.forEach(ArrayList.java:1596)
	at java.base/java.util.ArrayList.forEach(ArrayList.java:1596)

[ERROR] com.app.quantitymeasurement.QuantityMeasurementControllerTest.testAddQuantities_Success -- Time elapsed: 0.004 s <<< ERROR!
java.lang.IllegalStateException: ApplicationContext failure threshold (1) exceeded: skipping repeated attempt to load context for [WebMergedContextConfiguration@581bc85e testClass = com.app.quantitymeasurement.QuantityMeasurementControllerTest, locations = [], classes = [com.app.quantitymeasurement.QuantityMeasurementAppApplication], contextInitializerClasses = [], activeProfiles = [], propertySourceDescriptors = [], propertySourceProperties = ["org.springframework.boot.test.autoconfigure.web.servlet.WebMvcTestContextBootstrapper=true"], contextCustomizers = [[ImportsContextCustomizer@493d8aa7 key = [org.springframework.boot.autoconfigure.task.TaskExecutionAutoConfiguration, org.springframework.boot.autoconfigure.cache.CacheAutoConfiguration, org.springframework.boot.autoconfigure.web.servlet.HttpEncodingAutoConfiguration, org.springframework.boot.autoconfigure.validation.ValidationAutoConfiguration, org.springframework.boot.autoconfigure.context.MessageSourceAutoConfiguration, org.springframework.boot.autoconfigure.hateoas.HypermediaAutoConfiguration, org.springframework.boot.autoconfigure.jackson.JacksonAutoConfiguration, org.springframework.boot.autoconfigure.data.web.SpringDataWebAutoConfiguration, org.springframework.boot.test.autoconfigure.web.reactive.WebTestClientAutoConfiguration, org.springframework.boot.autoconfigure.web.servlet.error.ErrorMvcAutoConfiguration, org.springframework.boot.test.autoconfigure.web.servlet.MockMvcAutoConfiguration, org.springframework.boot.autoconfigure.security.servlet.SecurityAutoConfiguration, org.springframework.boot.autoconfigure.security.servlet.SecurityFilterAutoConfiguration, org.springframework.boot.autoconfigure.http.HttpMessageConvertersAutoConfiguration, com.app.quantitymeasurement.config.SecurityConfig, org.springframework.boot.autoconfigure.security.oauth2.client.servlet.OAuth2ClientAutoConfiguration, org.springframework.boot.test.autoconfigure.web.servlet.MockMvcSecurityConfiguration, org.springframework.boot.test.autoconfigure.web.servlet.MockMvcWebClientAutoConfiguration, org.springframework.boot.test.autoconfigure.web.servlet.MockMvcWebDriverAutoConfiguration, org.springframework.boot.autoconfigure.thymeleaf.ThymeleafAutoConfiguration, org.springframework.boot.autoconfigure.gson.GsonAutoConfiguration, org.springframework.boot.autoconfigure.jsonb.JsonbAutoConfiguration, org.springframework.boot.autoconfigure.freemarker.FreeMarkerAutoConfiguration, org.springframework.boot.autoconfigure.web.servlet.WebMvcAutoConfiguration, org.springframework.boot.autoconfigure.security.servlet.UserDetailsServiceAutoConfiguration, org.springframework.boot.autoconfigure.security.oauth2.resource.servlet.OAuth2ResourceServerAutoConfiguration, org.springframework.boot.autoconfigure.groovy.template.GroovyTemplateAutoConfiguration, org.springframework.boot.autoconfigure.mustache.MustacheAutoConfiguration]], org.springframework.boot.test.context.filter.ExcludeFilterContextCustomizer@1d483de4, org.springframework.boot.test.json.DuplicateJsonObjectContextCustomizerFactory$DuplicateJsonObjectContextCustomizer@3b74ac8, org.springframework.boot.test.mock.mockito.MockitoContextCustomizer@0, org.springframework.boot.test.web.reactor.netty.DisableReactorResourceFactoryGlobalResourcesContextCustomizerFactory$DisableReactorResourceFactoryGlobalResourcesContextCustomizerCustomizer@68f4865, org.springframework.boot.test.autoconfigure.OnFailureConditionReportContextCustomizerFactory$OnFailureConditionReportContextCustomizer@40317ba2, org.springframework.boot.test.autoconfigure.OverrideAutoConfigurationContextCustomizerFactory$DisableAutoConfigurationContextCustomizer@6aa34b05, org.springframework.boot.test.autoconfigure.actuate.observability.ObservabilityContextCustomizerFactory$DisableObservabilityContextCustomizer@1f, org.springframework.boot.test.autoconfigure.filter.TypeExcludeFiltersContextCustomizer@435508ee, org.springframework.boot.test.autoconfigure.properties.PropertyMappingContextCustomizer@d4ab7ac4, org.springframework.boot.test.autoconfigure.web.servlet.WebDriverContextCustomizer@53251a66, org.springframework.test.context.bean.override.BeanOverrideContextCustomizer@39d4feff, org.springframework.test.context.support.DynamicPropertiesContextCustomizer@0, org.springframework.boot.test.context.SpringBootTestAnnotation@3a7645ce], resourceBasePath = "src/main/webapp", contextLoader = org.springframework.boot.test.context.SpringBootContextLoader, parent = null]
	at org.springframework.test.context.cache.DefaultCacheAwareContextLoaderDelegate.loadContext(DefaultCacheAwareContextLoaderDelegate.java:145)
	at org.springframework.test.context.support.DefaultTestContext.getApplicationContext(DefaultTestContext.java:130)
	at org.springframework.test.context.bean.override.BeanOverrideTestExecutionListener.injectFields(BeanOverrideTestExecutionListener.java:87)
	at org.springframework.test.context.bean.override.BeanOverrideTestExecutionListener.prepareTestInstance(BeanOverrideTestExecutionListener.java:58)
	at org.springframework.test.context.TestContextManager.prepareTestInstance(TestContextManager.java:260)
	at org.springframework.test.context.junit.jupiter.SpringExtension.postProcessTestInstance(SpringExtension.java:160)
	at java.base/java.util.stream.ForEachOps$ForEachOp$OfRef.accept(ForEachOps.java:184)
	at java.base/java.util.stream.ReferencePipeline$3$1.accept(ReferencePipeline.java:197)
	at java.base/java.util.stream.ReferencePipeline$2$1.accept(ReferencePipeline.java:179)
	at java.base/java.util.stream.ReferencePipeline$3$1.accept(ReferencePipeline.java:197)
	at java.base/java.util.ArrayList$ArrayListSpliterator.forEachRemaining(ArrayList.java:1708)
	at java.base/java.util.stream.AbstractPipeline.copyInto(AbstractPipeline.java:509)
	at java.base/java.util.stream.AbstractPipeline.wrapAndCopyInto(AbstractPipeline.java:499)
	at java.base/java.util.stream.ForEachOps$ForEachOp.evaluateSequential(ForEachOps.java:151)
	at java.base/java.util.stream.ForEachOps$ForEachOp$OfRef.evaluateSequential(ForEachOps.java:174)
	at java.base/java.util.stream.AbstractPipeline.evaluate(AbstractPipeline.java:234)
	at java.base/java.util.stream.ReferencePipeline.forEach(ReferencePipeline.java:596)
	at java.base/java.util.Optional.orElseGet(Optional.java:364)
	at java.base/java.util.ArrayList.forEach(ArrayList.java:1596)
	at java.base/java.util.ArrayList.forEach(ArrayList.java:1596)

[ERROR] com.app.quantitymeasurement.QuantityMeasurementControllerTest.testCompareQuantities_Success -- Time elapsed: 0.002 s <<< ERROR!
java.lang.IllegalStateException: ApplicationContext failure threshold (1) exceeded: skipping repeated attempt to load context for [WebMergedContextConfiguration@581bc85e testClass = com.app.quantitymeasurement.QuantityMeasurementControllerTest, locations = [], classes = [com.app.quantitymeasurement.QuantityMeasurementAppApplication], contextInitializerClasses = [], activeProfiles = [], propertySourceDescriptors = [], propertySourceProperties = ["org.springframework.boot.test.autoconfigure.web.servlet.WebMvcTestContextBootstrapper=true"], contextCustomizers = [[ImportsContextCustomizer@493d8aa7 key = [org.springframework.boot.autoconfigure.task.TaskExecutionAutoConfiguration, org.springframework.boot.autoconfigure.cache.CacheAutoConfiguration, org.springframework.boot.autoconfigure.web.servlet.HttpEncodingAutoConfiguration, org.springframework.boot.autoconfigure.validation.ValidationAutoConfiguration, org.springframework.boot.autoconfigure.context.MessageSourceAutoConfiguration, org.springframework.boot.autoconfigure.hateoas.HypermediaAutoConfiguration, org.springframework.boot.autoconfigure.jackson.JacksonAutoConfiguration, org.springframework.boot.autoconfigure.data.web.SpringDataWebAutoConfiguration, org.springframework.boot.test.autoconfigure.web.reactive.WebTestClientAutoConfiguration, org.springframework.boot.autoconfigure.web.servlet.error.ErrorMvcAutoConfiguration, org.springframework.boot.test.autoconfigure.web.servlet.MockMvcAutoConfiguration, org.springframework.boot.autoconfigure.security.servlet.SecurityAutoConfiguration, org.springframework.boot.autoconfigure.security.servlet.SecurityFilterAutoConfiguration, org.springframework.boot.autoconfigure.http.HttpMessageConvertersAutoConfiguration, com.app.quantitymeasurement.config.SecurityConfig, org.springframework.boot.autoconfigure.security.oauth2.client.servlet.OAuth2ClientAutoConfiguration, org.springframework.boot.test.autoconfigure.web.servlet.MockMvcSecurityConfiguration, org.springframework.boot.test.autoconfigure.web.servlet.MockMvcWebClientAutoConfiguration, org.springframework.boot.test.autoconfigure.web.servlet.MockMvcWebDriverAutoConfiguration, org.springframework.boot.autoconfigure.thymeleaf.ThymeleafAutoConfiguration, org.springframework.boot.autoconfigure.gson.GsonAutoConfiguration, org.springframework.boot.autoconfigure.jsonb.JsonbAutoConfiguration, org.springframework.boot.autoconfigure.freemarker.FreeMarkerAutoConfiguration, org.springframework.boot.autoconfigure.web.servlet.WebMvcAutoConfiguration, org.springframework.boot.autoconfigure.security.servlet.UserDetailsServiceAutoConfiguration, org.springframework.boot.autoconfigure.security.oauth2.resource.servlet.OAuth2ResourceServerAutoConfiguration, org.springframework.boot.autoconfigure.groovy.template.GroovyTemplateAutoConfiguration, org.springframework.boot.autoconfigure.mustache.MustacheAutoConfiguration]], org.springframework.boot.test.context.filter.ExcludeFilterContextCustomizer@1d483de4, org.springframework.boot.test.json.DuplicateJsonObjectContextCustomizerFactory$DuplicateJsonObjectContextCustomizer@3b74ac8, org.springframework.boot.test.mock.mockito.MockitoContextCustomizer@0, org.springframework.boot.test.web.reactor.netty.DisableReactorResourceFactoryGlobalResourcesContextCustomizerFactory$DisableReactorResourceFactoryGlobalResourcesContextCustomizerCustomizer@68f4865, org.springframework.boot.test.autoconfigure.OnFailureConditionReportContextCustomizerFactory$OnFailureConditionReportContextCustomizer@40317ba2, org.springframework.boot.test.autoconfigure.OverrideAutoConfigurationContextCustomizerFactory$DisableAutoConfigurationContextCustomizer@6aa34b05, org.springframework.boot.test.autoconfigure.actuate.observability.ObservabilityContextCustomizerFactory$DisableObservabilityContextCustomizer@1f, org.springframework.boot.test.autoconfigure.filter.TypeExcludeFiltersContextCustomizer@435508ee, org.springframework.boot.test.autoconfigure.properties.PropertyMappingContextCustomizer@d4ab7ac4, org.springframework.boot.test.autoconfigure.web.servlet.WebDriverContextCustomizer@53251a66, org.springframework.test.context.bean.override.BeanOverrideContextCustomizer@39d4feff, org.springframework.test.context.support.DynamicPropertiesContextCustomizer@0, org.springframework.boot.test.context.SpringBootTestAnnotation@3a7645ce], resourceBasePath = "src/main/webapp", contextLoader = org.springframework.boot.test.context.SpringBootContextLoader, parent = null]
	at org.springframework.test.context.cache.DefaultCacheAwareContextLoaderDelegate.loadContext(DefaultCacheAwareContextLoaderDelegate.java:145)
	at org.springframework.test.context.support.DefaultTestContext.getApplicationContext(DefaultTestContext.java:130)
	at org.springframework.test.context.bean.override.BeanOverrideTestExecutionListener.injectFields(BeanOverrideTestExecutionListener.java:87)
	at org.springframework.test.context.bean.override.BeanOverrideTestExecutionListener.prepareTestInstance(BeanOverrideTestExecutionListener.java:58)
	at org.springframework.test.context.TestContextManager.prepareTestInstance(TestContextManager.java:260)
	at org.springframework.test.context.junit.jupiter.SpringExtension.postProcessTestInstance(SpringExtension.java:160)
	at java.base/java.util.stream.ForEachOps$ForEachOp$OfRef.accept(ForEachOps.java:184)
	at java.base/java.util.stream.ReferencePipeline$3$1.accept(ReferencePipeline.java:197)
	at java.base/java.util.stream.ReferencePipeline$2$1.accept(ReferencePipeline.java:179)
	at java.base/java.util.stream.ReferencePipeline$3$1.accept(ReferencePipeline.java:197)
	at java.base/java.util.ArrayList$ArrayListSpliterator.forEachRemaining(ArrayList.java:1708)
	at java.base/java.util.stream.AbstractPipeline.copyInto(AbstractPipeline.java:509)
	at java.base/java.util.stream.AbstractPipeline.wrapAndCopyInto(AbstractPipeline.java:499)
	at java.base/java.util.stream.ForEachOps$ForEachOp.evaluateSequential(ForEachOps.java:151)
	at java.base/java.util.stream.ForEachOps$ForEachOp$OfRef.evaluateSequential(ForEachOps.java:174)
	at java.base/java.util.stream.AbstractPipeline.evaluate(AbstractPipeline.java:234)
	at java.base/java.util.stream.ReferencePipeline.forEach(ReferencePipeline.java:596)
	at java.base/java.util.Optional.orElseGet(Optional.java:364)
	at java.base/java.util.ArrayList.forEach(ArrayList.java:1596)
	at java.base/java.util.ArrayList.forEach(ArrayList.java:1596)

[ERROR] com.app.quantitymeasurement.QuantityMeasurementControllerTest.testGetOperationCount -- Time elapsed: 0.001 s <<< ERROR!
java.lang.IllegalStateException: ApplicationContext failure threshold (1) exceeded: skipping repeated attempt to load context for [WebMergedContextConfiguration@581bc85e testClass = com.app.quantitymeasurement.QuantityMeasurementControllerTest, locations = [], classes = [com.app.quantitymeasurement.QuantityMeasurementAppApplication], contextInitializerClasses = [], activeProfiles = [], propertySourceDescriptors = [], propertySourceProperties = ["org.springframework.boot.test.autoconfigure.web.servlet.WebMvcTestContextBootstrapper=true"], contextCustomizers = [[ImportsContextCustomizer@493d8aa7 key = [org.springframework.boot.autoconfigure.task.TaskExecutionAutoConfiguration, org.springframework.boot.autoconfigure.cache.CacheAutoConfiguration, org.springframework.boot.autoconfigure.web.servlet.HttpEncodingAutoConfiguration, org.springframework.boot.autoconfigure.validation.ValidationAutoConfiguration, org.springframework.boot.autoconfigure.context.MessageSourceAutoConfiguration, org.springframework.boot.autoconfigure.hateoas.HypermediaAutoConfiguration, org.springframework.boot.autoconfigure.jackson.JacksonAutoConfiguration, org.springframework.boot.autoconfigure.data.web.SpringDataWebAutoConfiguration, org.springframework.boot.test.autoconfigure.web.reactive.WebTestClientAutoConfiguration, org.springframework.boot.autoconfigure.web.servlet.error.ErrorMvcAutoConfiguration, org.springframework.boot.test.autoconfigure.web.servlet.MockMvcAutoConfiguration, org.springframework.boot.autoconfigure.security.servlet.SecurityAutoConfiguration, org.springframework.boot.autoconfigure.security.servlet.SecurityFilterAutoConfiguration, org.springframework.boot.autoconfigure.http.HttpMessageConvertersAutoConfiguration, com.app.quantitymeasurement.config.SecurityConfig, org.springframework.boot.autoconfigure.security.oauth2.client.servlet.OAuth2ClientAutoConfiguration, org.springframework.boot.test.autoconfigure.web.servlet.MockMvcSecurityConfiguration, org.springframework.boot.test.autoconfigure.web.servlet.MockMvcWebClientAutoConfiguration, org.springframework.boot.test.autoconfigure.web.servlet.MockMvcWebDriverAutoConfiguration, org.springframework.boot.autoconfigure.thymeleaf.ThymeleafAutoConfiguration, org.springframework.boot.autoconfigure.gson.GsonAutoConfiguration, org.springframework.boot.autoconfigure.jsonb.JsonbAutoConfiguration, org.springframework.boot.autoconfigure.freemarker.FreeMarkerAutoConfiguration, org.springframework.boot.autoconfigure.web.servlet.WebMvcAutoConfiguration, org.springframework.boot.autoconfigure.security.servlet.UserDetailsServiceAutoConfiguration, org.springframework.boot.autoconfigure.security.oauth2.resource.servlet.OAuth2ResourceServerAutoConfiguration, org.springframework.boot.autoconfigure.groovy.template.GroovyTemplateAutoConfiguration, org.springframework.boot.autoconfigure.mustache.MustacheAutoConfiguration]], org.springframework.boot.test.context.filter.ExcludeFilterContextCustomizer@1d483de4, org.springframework.boot.test.json.DuplicateJsonObjectContextCustomizerFactory$DuplicateJsonObjectContextCustomizer@3b74ac8, org.springframework.boot.test.mock.mockito.MockitoContextCustomizer@0, org.springframework.boot.test.web.reactor.netty.DisableReactorResourceFactoryGlobalResourcesContextCustomizerFactory$DisableReactorResourceFactoryGlobalResourcesContextCustomizerCustomizer@68f4865, org.springframework.boot.test.autoconfigure.OnFailureConditionReportContextCustomizerFactory$OnFailureConditionReportContextCustomizer@40317ba2, org.springframework.boot.test.autoconfigure.OverrideAutoConfigurationContextCustomizerFactory$DisableAutoConfigurationContextCustomizer@6aa34b05, org.springframework.boot.test.autoconfigure.actuate.observability.ObservabilityContextCustomizerFactory$DisableObservabilityContextCustomizer@1f, org.springframework.boot.test.autoconfigure.filter.TypeExcludeFiltersContextCustomizer@435508ee, org.springframework.boot.test.autoconfigure.properties.PropertyMappingContextCustomizer@d4ab7ac4, org.springframework.boot.test.autoconfigure.web.servlet.WebDriverContextCustomizer@53251a66, org.springframework.test.context.bean.override.BeanOverrideContextCustomizer@39d4feff, org.springframework.test.context.support.DynamicPropertiesContextCustomizer@0, org.springframework.boot.test.context.SpringBootTestAnnotation@3a7645ce], resourceBasePath = "src/main/webapp", contextLoader = org.springframework.boot.test.context.SpringBootContextLoader, parent = null]
	at org.springframework.test.context.cache.DefaultCacheAwareContextLoaderDelegate.loadContext(DefaultCacheAwareContextLoaderDelegate.java:145)
	at org.springframework.test.context.support.DefaultTestContext.getApplicationContext(DefaultTestContext.java:130)
	at org.springframework.test.context.bean.override.BeanOverrideTestExecutionListener.injectFields(BeanOverrideTestExecutionListener.java:87)
	at org.springframework.test.context.bean.override.BeanOverrideTestExecutionListener.prepareTestInstance(BeanOverrideTestExecutionListener.java:58)
	at org.springframework.test.context.TestContextManager.prepareTestInstance(TestContextManager.java:260)
	at org.springframework.test.context.junit.jupiter.SpringExtension.postProcessTestInstance(SpringExtension.java:160)
	at java.base/java.util.stream.ForEachOps$ForEachOp$OfRef.accept(ForEachOps.java:184)
	at java.base/java.util.stream.ReferencePipeline$3$1.accept(ReferencePipeline.java:197)
	at java.base/java.util.stream.ReferencePipeline$2$1.accept(ReferencePipeline.java:179)
	at java.base/java.util.stream.ReferencePipeline$3$1.accept(ReferencePipeline.java:197)
	at java.base/java.util.ArrayList$ArrayListSpliterator.forEachRemaining(ArrayList.java:1708)
	at java.base/java.util.stream.AbstractPipeline.copyInto(AbstractPipeline.java:509)
	at java.base/java.util.stream.AbstractPipeline.wrapAndCopyInto(AbstractPipeline.java:499)
	at java.base/java.util.stream.ForEachOps$ForEachOp.evaluateSequential(ForEachOps.java:151)
	at java.base/java.util.stream.ForEachOps$ForEachOp$OfRef.evaluateSequential(ForEachOps.java:174)
	at java.base/java.util.stream.AbstractPipeline.evaluate(AbstractPipeline.java:234)
	at java.base/java.util.stream.ReferencePipeline.forEach(ReferencePipeline.java:596)
	at java.base/java.util.Optional.orElseGet(Optional.java:364)
	at java.base/java.util.ArrayList.forEach(ArrayList.java:1596)
	at java.base/java.util.ArrayList.forEach(ArrayList.java:1596)

[INFO] Running com.app.quantitymeasurement.QuantityTest
[INFO] Tests run: 31, Failures: 0, Errors: 0, Skipped: 0, Time elapsed: 0.827 s -- in com.app.quantitymeasurement.QuantityTest
[INFO] 
[INFO] Results:
[INFO] 
[ERROR] Errors: 
[ERROR]   QuantityMeasurementAppApplicationTests.contextLoads ╗ IllegalState Failed to load ApplicationContext for [WebMergedContextConfiguration@2852fb2a testClass = com.app.quantitymeasurement.QuantityMeasurementAppApplicationTests, locations = [], classes = [com.app.quantitymeasurement.QuantityMeasurementAppApplication], contextInitializerClasses = [], activeProfiles = [], propertySourceDescriptors = [], propertySourceProperties = ["org.springframework.boot.test.context.SpringBootTestContextBootstrapper=true", "server.port=0"], contextCustomizers = [org.springframework.boot.test.context.filter.ExcludeFilterContextCustomizer@1d483de4, org.springframework.boot.test.json.DuplicateJsonObjectContextCustomizerFactory$DuplicateJsonObjectContextCustomizer@3b74ac8, org.springframework.boot.test.mock.mockito.MockitoContextCustomizer@0, org.springframework.boot.test.web.client.TestRestTemplateContextCustomizer@5be49b60, org.springframework.boot.test.web.reactor.netty.DisableReactorResourceFactoryGlobalResourcesContextCustomizerFactory$DisableReactorResourceFactoryGlobalResourcesContextCustomizerCustomizer@68f4865, org.springframework.boot.test.autoconfigure.OnFailureConditionReportContextCustomizerFactory$OnFailureConditionReportContextCustomizer@40317ba2, org.springframework.boot.test.autoconfigure.actuate.observability.ObservabilityContextCustomizerFactory$DisableObservabilityContextCustomizer@1f, org.springframework.boot.test.autoconfigure.properties.PropertyMappingContextCustomizer@0, org.springframework.boot.test.autoconfigure.web.servlet.WebDriverContextCustomizer@53251a66, org.springframework.test.context.support.DynamicPropertiesContextCustomizer@0, org.springframework.boot.test.context.SpringBootTestAnnotation@1bd4719a], resourceBasePath = "src/main/webapp", contextLoader = org.springframework.boot.test.context.SpringBootContextLoader, parent = null]
[ERROR]   QuantityMeasurementAppApplicationTests.testActuatorHealth ╗ IllegalState ApplicationContext failure threshold (1) exceeded: skipping repeated attempt to load context for [WebMergedContextConfiguration@2852fb2a testClass = com.app.quantitymeasurement.QuantityMeasurementAppApplicationTests, locations = [], classes = [com.app.quantitymeasurement.QuantityMeasurementAppApplication], contextInitializerClasses = [], activeProfiles = [], propertySourceDescriptors = [], propertySourceProperties = ["org.springframework.boot.test.context.SpringBootTestContextBootstrapper=true", "server.port=0"], contextCustomizers = [org.springframework.boot.test.context.filter.ExcludeFilterContextCustomizer@1d483de4, org.springframework.boot.test.json.DuplicateJsonObjectContextCustomizerFactory$DuplicateJsonObjectContextCustomizer@3b74ac8, org.springframework.boot.test.mock.mockito.MockitoContextCustomizer@0, org.springframework.boot.test.web.client.TestRestTemplateContextCustomizer@5be49b60, org.springframework.boot.test.web.reactor.netty.DisableReactorResourceFactoryGlobalResourcesContextCustomizerFactory$DisableReactorResourceFactoryGlobalResourcesContextCustomizerCustomizer@68f4865, org.springframework.boot.test.autoconfigure.OnFailureConditionReportContextCustomizerFactory$OnFailureConditionReportContextCustomizer@40317ba2, org.springframework.boot.test.autoconfigure.actuate.observability.ObservabilityContextCustomizerFactory$DisableObservabilityContextCustomizer@1f, org.springframework.boot.test.autoconfigure.properties.PropertyMappingContextCustomizer@0, org.springframework.boot.test.autoconfigure.web.servlet.WebDriverContextCustomizer@53251a66, org.springframework.test.context.support.DynamicPropertiesContextCustomizer@0, org.springframework.boot.test.context.SpringBootTestAnnotation@1bd4719a], resourceBasePath = "src/main/webapp", contextLoader = org.springframework.boot.test.context.SpringBootContextLoader, parent = null]
[ERROR]   QuantityMeasurementAppApplicationTests.testAddIncompatibleTypes_Returns400 ╗ IllegalState ApplicationContext failure threshold (1) exceeded: skipping repeated attempt to load context for [WebMergedContextConfiguration@2852fb2a testClass = com.app.quantitymeasurement.QuantityMeasurementAppApplicationTests, locations = [], classes = [com.app.quantitymeasurement.QuantityMeasurementAppApplication], contextInitializerClasses = [], activeProfiles = [], propertySourceDescriptors = [], propertySourceProperties = ["org.springframework.boot.test.context.SpringBootTestContextBootstrapper=true", "server.port=0"], contextCustomizers = [org.springframework.boot.test.context.filter.ExcludeFilterContextCustomizer@1d483de4, org.springframework.boot.test.json.DuplicateJsonObjectContextCustomizerFactory$DuplicateJsonObjectContextCustomizer@3b74ac8, org.springframework.boot.test.mock.mockito.MockitoContextCustomizer@0, org.springframework.boot.test.web.client.TestRestTemplateContextCustomizer@5be49b60, org.springframework.boot.test.web.reactor.netty.DisableReactorResourceFactoryGlobalResourcesContextCustomizerFactory$DisableReactorResourceFactoryGlobalResourcesContextCustomizerCustomizer@68f4865, org.springframework.boot.test.autoconfigure.OnFailureConditionReportContextCustomizerFactory$OnFailureConditionReportContextCustomizer@40317ba2, org.springframework.boot.test.autoconfigure.actuate.observability.ObservabilityContextCustomizerFactory$DisableObservabilityContextCustomizer@1f, org.springframework.boot.test.autoconfigure.properties.PropertyMappingContextCustomizer@0, org.springframework.boot.test.autoconfigure.web.servlet.WebDriverContextCustomizer@53251a66, org.springframework.test.context.support.DynamicPropertiesContextCustomizer@0, org.springframework.boot.test.context.SpringBootTestAnnotation@1bd4719a], resourceBasePath = "src/main/webapp", contextLoader = org.springframework.boot.test.context.SpringBootContextLoader, parent = null]
[ERROR]   QuantityMeasurementAppApplicationTests.testAddQuantities ╗ IllegalState ApplicationContext failure threshold (1) exceeded: skipping repeated attempt to load context for [WebMergedContextConfiguration@2852fb2a testClass = com.app.quantitymeasurement.QuantityMeasurementAppApplicationTests, locations = [], classes = [com.app.quantitymeasurement.QuantityMeasurementAppApplication], contextInitializerClasses = [], activeProfiles = [], propertySourceDescriptors = [], propertySourceProperties = ["org.springframework.boot.test.context.SpringBootTestContextBootstrapper=true", "server.port=0"], contextCustomizers = [org.springframework.boot.test.context.filter.ExcludeFilterContextCustomizer@1d483de4, org.springframework.boot.test.json.DuplicateJsonObjectContextCustomizerFactory$DuplicateJsonObjectContextCustomizer@3b74ac8, org.springframework.boot.test.mock.mockito.MockitoContextCustomizer@0, org.springframework.boot.test.web.client.TestRestTemplateContextCustomizer@5be49b60, org.springframework.boot.test.web.reactor.netty.DisableReactorResourceFactoryGlobalResourcesContextCustomizerFactory$DisableReactorResourceFactoryGlobalResourcesContextCustomizerCustomizer@68f4865, org.springframework.boot.test.autoconfigure.OnFailureConditionReportContextCustomizerFactory$OnFailureConditionReportContextCustomizer@40317ba2, org.springframework.boot.test.autoconfigure.actuate.observability.ObservabilityContextCustomizerFactory$DisableObservabilityContextCustomizer@1f, org.springframework.boot.test.autoconfigure.properties.PropertyMappingContextCustomizer@0, org.springframework.boot.test.autoconfigure.web.servlet.WebDriverContextCustomizer@53251a66, org.springframework.test.context.support.DynamicPropertiesContextCustomizer@0, org.springframework.boot.test.context.SpringBootTestAnnotation@1bd4719a], resourceBasePath = "src/main/webapp", contextLoader = org.springframework.boot.test.context.SpringBootContextLoader, parent = null]
[ERROR]   QuantityMeasurementAppApplicationTests.testCompareQuantities ╗ IllegalState ApplicationContext failure threshold (1) exceeded: skipping repeated attempt to load context for [WebMergedContextConfiguration@2852fb2a testClass = com.app.quantitymeasurement.QuantityMeasurementAppApplicationTests, locations = [], classes = [com.app.quantitymeasurement.QuantityMeasurementAppApplication], contextInitializerClasses = [], activeProfiles = [], propertySourceDescriptors = [], propertySourceProperties = ["org.springframework.boot.test.context.SpringBootTestContextBootstrapper=true", "server.port=0"], contextCustomizers = [org.springframework.boot.test.context.filter.ExcludeFilterContextCustomizer@1d483de4, org.springframework.boot.test.json.DuplicateJsonObjectContextCustomizerFactory$DuplicateJsonObjectContextCustomizer@3b74ac8, org.springframework.boot.test.mock.mockito.MockitoContextCustomizer@0, org.springframework.boot.test.web.client.TestRestTemplateContextCustomizer@5be49b60, org.springframework.boot.test.web.reactor.netty.DisableReactorResourceFactoryGlobalResourcesContextCustomizerFactory$DisableReactorResourceFactoryGlobalResourcesContextCustomizerCustomizer@68f4865, org.springframework.boot.test.autoconfigure.OnFailureConditionReportContextCustomizerFactory$OnFailureConditionReportContextCustomizer@40317ba2, org.springframework.boot.test.autoconfigure.actuate.observability.ObservabilityContextCustomizerFactory$DisableObservabilityContextCustomizer@1f, org.springframework.boot.test.autoconfigure.properties.PropertyMappingContextCustomizer@0, org.springframework.boot.test.autoconfigure.web.servlet.WebDriverContextCustomizer@53251a66, org.springframework.test.context.support.DynamicPropertiesContextCustomizer@0, org.springframework.boot.test.context.SpringBootTestAnnotation@1bd4719a], resourceBasePath = "src/main/webapp", contextLoader = org.springframework.boot.test.context.SpringBootContextLoader, parent = null]
[ERROR]   QuantityMeasurementAppApplicationTests.testCompareWeightQuantities ╗ IllegalState ApplicationContext failure threshold (1) exceeded: skipping repeated attempt to load context for [WebMergedContextConfiguration@2852fb2a testClass = com.app.quantitymeasurement.QuantityMeasurementAppApplicationTests, locations = [], classes = [com.app.quantitymeasurement.QuantityMeasurementAppApplication], contextInitializerClasses = [], activeProfiles = [], propertySourceDescriptors = [], propertySourceProperties = ["org.springframework.boot.test.context.SpringBootTestContextBootstrapper=true", "server.port=0"], contextCustomizers = [org.springframework.boot.test.context.filter.ExcludeFilterContextCustomizer@1d483de4, org.springframework.boot.test.json.DuplicateJsonObjectContextCustomizerFactory$DuplicateJsonObjectContextCustomizer@3b74ac8, org.springframework.boot.test.mock.mockito.MockitoContextCustomizer@0, org.springframework.boot.test.web.client.TestRestTemplateContextCustomizer@5be49b60, org.springframework.boot.test.web.reactor.netty.DisableReactorResourceFactoryGlobalResourcesContextCustomizerFactory$DisableReactorResourceFactoryGlobalResourcesContextCustomizerCustomizer@68f4865, org.springframework.boot.test.autoconfigure.OnFailureConditionReportContextCustomizerFactory$OnFailureConditionReportContextCustomizer@40317ba2, org.springframework.boot.test.autoconfigure.actuate.observability.ObservabilityContextCustomizerFactory$DisableObservabilityContextCustomizer@1f, org.springframework.boot.test.autoconfigure.properties.PropertyMappingContextCustomizer@0, org.springframework.boot.test.autoconfigure.web.servlet.WebDriverContextCustomizer@53251a66, org.springframework.test.context.support.DynamicPropertiesContextCustomizer@0, org.springframework.boot.test.context.SpringBootTestAnnotation@1bd4719a], resourceBasePath = "src/main/webapp", contextLoader = org.springframework.boot.test.context.SpringBootContextLoader, parent = null]
[ERROR]   QuantityMeasurementAppApplicationTests.testConvertQuantity ╗ IllegalState ApplicationContext failure threshold (1) exceeded: skipping repeated attempt to load context for [WebMergedContextConfiguration@2852fb2a testClass = com.app.quantitymeasurement.QuantityMeasurementAppApplicationTests, locations = [], classes = [com.app.quantitymeasurement.QuantityMeasurementAppApplication], contextInitializerClasses = [], activeProfiles = [], propertySourceDescriptors = [], propertySourceProperties = ["org.springframework.boot.test.context.SpringBootTestContextBootstrapper=true", "server.port=0"], contextCustomizers = [org.springframework.boot.test.context.filter.ExcludeFilterContextCustomizer@1d483de4, org.springframework.boot.test.json.DuplicateJsonObjectContextCustomizerFactory$DuplicateJsonObjectContextCustomizer@3b74ac8, org.springframework.boot.test.mock.mockito.MockitoContextCustomizer@0, org.springframework.boot.test.web.client.TestRestTemplateContextCustomizer@5be49b60, org.springframework.boot.test.web.reactor.netty.DisableReactorResourceFactoryGlobalResourcesContextCustomizerFactory$DisableReactorResourceFactoryGlobalResourcesContextCustomizerCustomizer@68f4865, org.springframework.boot.test.autoconfigure.OnFailureConditionReportContextCustomizerFactory$OnFailureConditionReportContextCustomizer@40317ba2, org.springframework.boot.test.autoconfigure.actuate.observability.ObservabilityContextCustomizerFactory$DisableObservabilityContextCustomizer@1f, org.springframework.boot.test.autoconfigure.properties.PropertyMappingContextCustomizer@0, org.springframework.boot.test.autoconfigure.web.servlet.WebDriverContextCustomizer@53251a66, org.springframework.test.context.support.DynamicPropertiesContextCustomizer@0, org.springframework.boot.test.context.SpringBootTestAnnotation@1bd4719a], resourceBasePath = "src/main/webapp", contextLoader = org.springframework.boot.test.context.SpringBootContextLoader, parent = null]
[ERROR]   QuantityMeasurementAppApplicationTests.testConvertTemperature ╗ IllegalState ApplicationContext failure threshold (1) exceeded: skipping repeated attempt to load context for [WebMergedContextConfiguration@2852fb2a testClass = com.app.quantitymeasurement.QuantityMeasurementAppApplicationTests, locations = [], classes = [com.app.quantitymeasurement.QuantityMeasurementAppApplication], contextInitializerClasses = [], activeProfiles = [], propertySourceDescriptors = [], propertySourceProperties = ["org.springframework.boot.test.context.SpringBootTestContextBootstrapper=true", "server.port=0"], contextCustomizers = [org.springframework.boot.test.context.filter.ExcludeFilterContextCustomizer@1d483de4, org.springframework.boot.test.json.DuplicateJsonObjectContextCustomizerFactory$DuplicateJsonObjectContextCustomizer@3b74ac8, org.springframework.boot.test.mock.mockito.MockitoContextCustomizer@0, org.springframework.boot.test.web.client.TestRestTemplateContextCustomizer@5be49b60, org.springframework.boot.test.web.reactor.netty.DisableReactorResourceFactoryGlobalResourcesContextCustomizerFactory$DisableReactorResourceFactoryGlobalResourcesContextCustomizerCustomizer@68f4865, org.springframework.boot.test.autoconfigure.OnFailureConditionReportContextCustomizerFactory$OnFailureConditionReportContextCustomizer@40317ba2, org.springframework.boot.test.autoconfigure.actuate.observability.ObservabilityContextCustomizerFactory$DisableObservabilityContextCustomizer@1f, org.springframework.boot.test.autoconfigure.properties.PropertyMappingContextCustomizer@0, org.springframework.boot.test.autoconfigure.web.servlet.WebDriverContextCustomizer@53251a66, org.springframework.test.context.support.DynamicPropertiesContextCustomizer@0, org.springframework.boot.test.context.SpringBootTestAnnotation@1bd4719a], resourceBasePath = "src/main/webapp", contextLoader = org.springframework.boot.test.context.SpringBootContextLoader, parent = null]
[ERROR]   QuantityMeasurementAppApplicationTests.testDivideQuantities ╗ IllegalState ApplicationContext failure threshold (1) exceeded: skipping repeated attempt to load context for [WebMergedContextConfiguration@2852fb2a testClass = com.app.quantitymeasurement.QuantityMeasurementAppApplicationTests, locations = [], classes = [com.app.quantitymeasurement.QuantityMeasurementAppApplication], contextInitializerClasses = [], activeProfiles = [], propertySourceDescriptors = [], propertySourceProperties = ["org.springframework.boot.test.context.SpringBootTestContextBootstrapper=true", "server.port=0"], contextCustomizers = [org.springframework.boot.test.context.filter.ExcludeFilterContextCustomizer@1d483de4, org.springframework.boot.test.json.DuplicateJsonObjectContextCustomizerFactory$DuplicateJsonObjectContextCustomizer@3b74ac8, org.springframework.boot.test.mock.mockito.MockitoContextCustomizer@0, org.springframework.boot.test.web.client.TestRestTemplateContextCustomizer@5be49b60, org.springframework.boot.test.web.reactor.netty.DisableReactorResourceFactoryGlobalResourcesContextCustomizerFactory$DisableReactorResourceFactoryGlobalResourcesContextCustomizerCustomizer@68f4865, org.springframework.boot.test.autoconfigure.OnFailureConditionReportContextCustomizerFactory$OnFailureConditionReportContextCustomizer@40317ba2, org.springframework.boot.test.autoconfigure.actuate.observability.ObservabilityContextCustomizerFactory$DisableObservabilityContextCustomizer@1f, org.springframework.boot.test.autoconfigure.properties.PropertyMappingContextCustomizer@0, org.springframework.boot.test.autoconfigure.web.servlet.WebDriverContextCustomizer@53251a66, org.springframework.test.context.support.DynamicPropertiesContextCustomizer@0, org.springframework.boot.test.context.SpringBootTestAnnotation@1bd4719a], resourceBasePath = "src/main/webapp", contextLoader = org.springframework.boot.test.context.SpringBootContextLoader, parent = null]
[ERROR]   QuantityMeasurementAppApplicationTests.testGetErrorHistory ╗ IllegalState ApplicationContext failure threshold (1) exceeded: skipping repeated attempt to load context for [WebMergedContextConfiguration@2852fb2a testClass = com.app.quantitymeasurement.QuantityMeasurementAppApplicationTests, locations = [], classes = [com.app.quantitymeasurement.QuantityMeasurementAppApplication], contextInitializerClasses = [], activeProfiles = [], propertySourceDescriptors = [], propertySourceProperties = ["org.springframework.boot.test.context.SpringBootTestContextBootstrapper=true", "server.port=0"], contextCustomizers = [org.springframework.boot.test.context.filter.ExcludeFilterContextCustomizer@1d483de4, org.springframework.boot.test.json.DuplicateJsonObjectContextCustomizerFactory$DuplicateJsonObjectContextCustomizer@3b74ac8, org.springframework.boot.test.mock.mockito.MockitoContextCustomizer@0, org.springframework.boot.test.web.client.TestRestTemplateContextCustomizer@5be49b60, org.springframework.boot.test.web.reactor.netty.DisableReactorResourceFactoryGlobalResourcesContextCustomizerFactory$DisableReactorResourceFactoryGlobalResourcesContextCustomizerCustomizer@68f4865, org.springframework.boot.test.autoconfigure.OnFailureConditionReportContextCustomizerFactory$OnFailureConditionReportContextCustomizer@40317ba2, org.springframework.boot.test.autoconfigure.actuate.observability.ObservabilityContextCustomizerFactory$DisableObservabilityContextCustomizer@1f, org.springframework.boot.test.autoconfigure.properties.PropertyMappingContextCustomizer@0, org.springframework.boot.test.autoconfigure.web.servlet.WebDriverContextCustomizer@53251a66, org.springframework.test.context.support.DynamicPropertiesContextCustomizer@0, org.springframework.boot.test.context.SpringBootTestAnnotation@1bd4719a], resourceBasePath = "src/main/webapp", contextLoader = org.springframework.boot.test.context.SpringBootContextLoader, parent = null]
[ERROR]   QuantityMeasurementAppApplicationTests.testGetMeasurementsByType ╗ IllegalState ApplicationContext failure threshold (1) exceeded: skipping repeated attempt to load context for [WebMergedContextConfiguration@2852fb2a testClass = com.app.quantitymeasurement.QuantityMeasurementAppApplicationTests, locations = [], classes = [com.app.quantitymeasurement.QuantityMeasurementAppApplication], contextInitializerClasses = [], activeProfiles = [], propertySourceDescriptors = [], propertySourceProperties = ["org.springframework.boot.test.context.SpringBootTestContextBootstrapper=true", "server.port=0"], contextCustomizers = [org.springframework.boot.test.context.filter.ExcludeFilterContextCustomizer@1d483de4, org.springframework.boot.test.json.DuplicateJsonObjectContextCustomizerFactory$DuplicateJsonObjectContextCustomizer@3b74ac8, org.springframework.boot.test.mock.mockito.MockitoContextCustomizer@0, org.springframework.boot.test.web.client.TestRestTemplateContextCustomizer@5be49b60, org.springframework.boot.test.web.reactor.netty.DisableReactorResourceFactoryGlobalResourcesContextCustomizerFactory$DisableReactorResourceFactoryGlobalResourcesContextCustomizerCustomizer@68f4865, org.springframework.boot.test.autoconfigure.OnFailureConditionReportContextCustomizerFactory$OnFailureConditionReportContextCustomizer@40317ba2, org.springframework.boot.test.autoconfigure.actuate.observability.ObservabilityContextCustomizerFactory$DisableObservabilityContextCustomizer@1f, org.springframework.boot.test.autoconfigure.properties.PropertyMappingContextCustomizer@0, org.springframework.boot.test.autoconfigure.web.servlet.WebDriverContextCustomizer@53251a66, org.springframework.test.context.support.DynamicPropertiesContextCustomizer@0, org.springframework.boot.test.context.SpringBootTestAnnotation@1bd4719a], resourceBasePath = "src/main/webapp", contextLoader = org.springframework.boot.test.context.SpringBootContextLoader, parent = null]
[ERROR]   QuantityMeasurementAppApplicationTests.testGetOperationCount ╗ IllegalState ApplicationContext failure threshold (1) exceeded: skipping repeated attempt to load context for [WebMergedContextConfiguration@2852fb2a testClass = com.app.quantitymeasurement.QuantityMeasurementAppApplicationTests, locations = [], classes = [com.app.quantitymeasurement.QuantityMeasurementAppApplication], contextInitializerClasses = [], activeProfiles = [], propertySourceDescriptors = [], propertySourceProperties = ["org.springframework.boot.test.context.SpringBootTestContextBootstrapper=true", "server.port=0"], contextCustomizers = [org.springframework.boot.test.context.filter.ExcludeFilterContextCustomizer@1d483de4, org.springframework.boot.test.json.DuplicateJsonObjectContextCustomizerFactory$DuplicateJsonObjectContextCustomizer@3b74ac8, org.springframework.boot.test.mock.mockito.MockitoContextCustomizer@0, org.springframework.boot.test.web.client.TestRestTemplateContextCustomizer@5be49b60, org.springframework.boot.test.web.reactor.netty.DisableReactorResourceFactoryGlobalResourcesContextCustomizerFactory$DisableReactorResourceFactoryGlobalResourcesContextCustomizerCustomizer@68f4865, org.springframework.boot.test.autoconfigure.OnFailureConditionReportContextCustomizerFactory$OnFailureConditionReportContextCustomizer@40317ba2, org.springframework.boot.test.autoconfigure.actuate.observability.ObservabilityContextCustomizerFactory$DisableObservabilityContextCustomizer@1f, org.springframework.boot.test.autoconfigure.properties.PropertyMappingContextCustomizer@0, org.springframework.boot.test.autoconfigure.web.servlet.WebDriverContextCustomizer@53251a66, org.springframework.test.context.support.DynamicPropertiesContextCustomizer@0, org.springframework.boot.test.context.SpringBootTestAnnotation@1bd4719a], resourceBasePath = "src/main/webapp", contextLoader = org.springframework.boot.test.context.SpringBootContextLoader, parent = null]
[ERROR]   QuantityMeasurementAppApplicationTests.testGetOperationHistory ╗ IllegalState ApplicationContext failure threshold (1) exceeded: skipping repeated attempt to load context for [WebMergedContextConfiguration@2852fb2a testClass = com.app.quantitymeasurement.QuantityMeasurementAppApplicationTests, locations = [], classes = [com.app.quantitymeasurement.QuantityMeasurementAppApplication], contextInitializerClasses = [], activeProfiles = [], propertySourceDescriptors = [], propertySourceProperties = ["org.springframework.boot.test.context.SpringBootTestContextBootstrapper=true", "server.port=0"], contextCustomizers = [org.springframework.boot.test.context.filter.ExcludeFilterContextCustomizer@1d483de4, org.springframework.boot.test.json.DuplicateJsonObjectContextCustomizerFactory$DuplicateJsonObjectContextCustomizer@3b74ac8, org.springframework.boot.test.mock.mockito.MockitoContextCustomizer@0, org.springframework.boot.test.web.client.TestRestTemplateContextCustomizer@5be49b60, org.springframework.boot.test.web.reactor.netty.DisableReactorResourceFactoryGlobalResourcesContextCustomizerFactory$DisableReactorResourceFactoryGlobalResourcesContextCustomizerCustomizer@68f4865, org.springframework.boot.test.autoconfigure.OnFailureConditionReportContextCustomizerFactory$OnFailureConditionReportContextCustomizer@40317ba2, org.springframework.boot.test.autoconfigure.actuate.observability.ObservabilityContextCustomizerFactory$DisableObservabilityContextCustomizer@1f, org.springframework.boot.test.autoconfigure.properties.PropertyMappingContextCustomizer@0, org.springframework.boot.test.autoconfigure.web.servlet.WebDriverContextCustomizer@53251a66, org.springframework.test.context.support.DynamicPropertiesContextCustomizer@0, org.springframework.boot.test.context.SpringBootTestAnnotation@1bd4719a], resourceBasePath = "src/main/webapp", contextLoader = org.springframework.boot.test.context.SpringBootContextLoader, parent = null]
[ERROR]   QuantityMeasurementAppApplicationTests.testSubtractQuantities ╗ IllegalState ApplicationContext failure threshold (1) exceeded: skipping repeated attempt to load context for [WebMergedContextConfiguration@2852fb2a testClass = com.app.quantitymeasurement.QuantityMeasurementAppApplicationTests, locations = [], classes = [com.app.quantitymeasurement.QuantityMeasurementAppApplication], contextInitializerClasses = [], activeProfiles = [], propertySourceDescriptors = [], propertySourceProperties = ["org.springframework.boot.test.context.SpringBootTestContextBootstrapper=true", "server.port=0"], contextCustomizers = [org.springframework.boot.test.context.filter.ExcludeFilterContextCustomizer@1d483de4, org.springframework.boot.test.json.DuplicateJsonObjectContextCustomizerFactory$DuplicateJsonObjectContextCustomizer@3b74ac8, org.springframework.boot.test.mock.mockito.MockitoContextCustomizer@0, org.springframework.boot.test.web.client.TestRestTemplateContextCustomizer@5be49b60, org.springframework.boot.test.web.reactor.netty.DisableReactorResourceFactoryGlobalResourcesContextCustomizerFactory$DisableReactorResourceFactoryGlobalResourcesContextCustomizerCustomizer@68f4865, org.springframework.boot.test.autoconfigure.OnFailureConditionReportContextCustomizerFactory$OnFailureConditionReportContextCustomizer@40317ba2, org.springframework.boot.test.autoconfigure.actuate.observability.ObservabilityContextCustomizerFactory$DisableObservabilityContextCustomizer@1f, org.springframework.boot.test.autoconfigure.properties.PropertyMappingContextCustomizer@0, org.springframework.boot.test.autoconfigure.web.servlet.WebDriverContextCustomizer@53251a66, org.springframework.test.context.support.DynamicPropertiesContextCustomizer@0, org.springframework.boot.test.context.SpringBootTestAnnotation@1bd4719a], resourceBasePath = "src/main/webapp", contextLoader = org.springframework.boot.test.context.SpringBootContextLoader, parent = null]
[ERROR]   QuantityMeasurementControllerTest.testAddQuantities_Success ╗ IllegalState ApplicationContext failure threshold (1) exceeded: skipping repeated attempt to load context for [WebMergedContextConfiguration@581bc85e testClass = com.app.quantitymeasurement.QuantityMeasurementControllerTest, locations = [], classes = [com.app.quantitymeasurement.QuantityMeasurementAppApplication], contextInitializerClasses = [], activeProfiles = [], propertySourceDescriptors = [], propertySourceProperties = ["org.springframework.boot.test.autoconfigure.web.servlet.WebMvcTestContextBootstrapper=true"], contextCustomizers = [[ImportsContextCustomizer@493d8aa7 key = [org.springframework.boot.autoconfigure.task.TaskExecutionAutoConfiguration, org.springframework.boot.autoconfigure.cache.CacheAutoConfiguration, org.springframework.boot.autoconfigure.web.servlet.HttpEncodingAutoConfiguration, org.springframework.boot.autoconfigure.validation.ValidationAutoConfiguration, org.springframework.boot.autoconfigure.context.MessageSourceAutoConfiguration, org.springframework.boot.autoconfigure.hateoas.HypermediaAutoConfiguration, org.springframework.boot.autoconfigure.jackson.JacksonAutoConfiguration, org.springframework.boot.autoconfigure.data.web.SpringDataWebAutoConfiguration, org.springframework.boot.test.autoconfigure.web.reactive.WebTestClientAutoConfiguration, org.springframework.boot.autoconfigure.web.servlet.error.ErrorMvcAutoConfiguration, org.springframework.boot.test.autoconfigure.web.servlet.MockMvcAutoConfiguration, org.springframework.boot.autoconfigure.security.servlet.SecurityAutoConfiguration, org.springframework.boot.autoconfigure.security.servlet.SecurityFilterAutoConfiguration, org.springframework.boot.autoconfigure.http.HttpMessageConvertersAutoConfiguration, com.app.quantitymeasurement.config.SecurityConfig, org.springframework.boot.autoconfigure.security.oauth2.client.servlet.OAuth2ClientAutoConfiguration, org.springframework.boot.test.autoconfigure.web.servlet.MockMvcSecurityConfiguration, org.springframework.boot.test.autoconfigure.web.servlet.MockMvcWebClientAutoConfiguration, org.springframework.boot.test.autoconfigure.web.servlet.MockMvcWebDriverAutoConfiguration, org.springframework.boot.autoconfigure.thymeleaf.ThymeleafAutoConfiguration, org.springframework.boot.autoconfigure.gson.GsonAutoConfiguration, org.springframework.boot.autoconfigure.jsonb.JsonbAutoConfiguration, org.springframework.boot.autoconfigure.freemarker.FreeMarkerAutoConfiguration, org.springframework.boot.autoconfigure.web.servlet.WebMvcAutoConfiguration, org.springframework.boot.autoconfigure.security.servlet.UserDetailsServiceAutoConfiguration, org.springframework.boot.autoconfigure.security.oauth2.resource.servlet.OAuth2ResourceServerAutoConfiguration, org.springframework.boot.autoconfigure.groovy.template.GroovyTemplateAutoConfiguration, org.springframework.boot.autoconfigure.mustache.MustacheAutoConfiguration]], org.springframework.boot.test.context.filter.ExcludeFilterContextCustomizer@1d483de4, org.springframework.boot.test.json.DuplicateJsonObjectContextCustomizerFactory$DuplicateJsonObjectContextCustomizer@3b74ac8, org.springframework.boot.test.mock.mockito.MockitoContextCustomizer@0, org.springframework.boot.test.web.reactor.netty.DisableReactorResourceFactoryGlobalResourcesContextCustomizerFactory$DisableReactorResourceFactoryGlobalResourcesContextCustomizerCustomizer@68f4865, org.springframework.boot.test.autoconfigure.OnFailureConditionReportContextCustomizerFactory$OnFailureConditionReportContextCustomizer@40317ba2, org.springframework.boot.test.autoconfigure.OverrideAutoConfigurationContextCustomizerFactory$DisableAutoConfigurationContextCustomizer@6aa34b05, org.springframework.boot.test.autoconfigure.actuate.observability.ObservabilityContextCustomizerFactory$DisableObservabilityContextCustomizer@1f, org.springframework.boot.test.autoconfigure.filter.TypeExcludeFiltersContextCustomizer@435508ee, org.springframework.boot.test.autoconfigure.properties.PropertyMappingContextCustomizer@d4ab7ac4, org.springframework.boot.test.autoconfigure.web.servlet.WebDriverContextCustomizer@53251a66, org.springframework.test.context.bean.override.BeanOverrideContextCustomizer@39d4feff, org.springframework.test.context.support.DynamicPropertiesContextCustomizer@0, org.springframework.boot.test.context.SpringBootTestAnnotation@3a7645ce], resourceBasePath = "src/main/webapp", contextLoader = org.springframework.boot.test.context.SpringBootContextLoader, parent = null]
[ERROR]   QuantityMeasurementControllerTest.testCompareQuantities_Success ╗ IllegalState ApplicationContext failure threshold (1) exceeded: skipping repeated attempt to load context for [WebMergedContextConfiguration@581bc85e testClass = com.app.quantitymeasurement.QuantityMeasurementControllerTest, locations = [], classes = [com.app.quantitymeasurement.QuantityMeasurementAppApplication], contextInitializerClasses = [], activeProfiles = [], propertySourceDescriptors = [], propertySourceProperties = ["org.springframework.boot.test.autoconfigure.web.servlet.WebMvcTestContextBootstrapper=true"], contextCustomizers = [[ImportsContextCustomizer@493d8aa7 key = [org.springframework.boot.autoconfigure.task.TaskExecutionAutoConfiguration, org.springframework.boot.autoconfigure.cache.CacheAutoConfiguration, org.springframework.boot.autoconfigure.web.servlet.HttpEncodingAutoConfiguration, org.springframework.boot.autoconfigure.validation.ValidationAutoConfiguration, org.springframework.boot.autoconfigure.context.MessageSourceAutoConfiguration, org.springframework.boot.autoconfigure.hateoas.HypermediaAutoConfiguration, org.springframework.boot.autoconfigure.jackson.JacksonAutoConfiguration, org.springframework.boot.autoconfigure.data.web.SpringDataWebAutoConfiguration, org.springframework.boot.test.autoconfigure.web.reactive.WebTestClientAutoConfiguration, org.springframework.boot.autoconfigure.web.servlet.error.ErrorMvcAutoConfiguration, org.springframework.boot.test.autoconfigure.web.servlet.MockMvcAutoConfiguration, org.springframework.boot.autoconfigure.security.servlet.SecurityAutoConfiguration, org.springframework.boot.autoconfigure.security.servlet.SecurityFilterAutoConfiguration, org.springframework.boot.autoconfigure.http.HttpMessageConvertersAutoConfiguration, com.app.quantitymeasurement.config.SecurityConfig, org.springframework.boot.autoconfigure.security.oauth2.client.servlet.OAuth2ClientAutoConfiguration, org.springframework.boot.test.autoconfigure.web.servlet.MockMvcSecurityConfiguration, org.springframework.boot.test.autoconfigure.web.servlet.MockMvcWebClientAutoConfiguration, org.springframework.boot.test.autoconfigure.web.servlet.MockMvcWebDriverAutoConfiguration, org.springframework.boot.autoconfigure.thymeleaf.ThymeleafAutoConfiguration, org.springframework.boot.autoconfigure.gson.GsonAutoConfiguration, org.springframework.boot.autoconfigure.jsonb.JsonbAutoConfiguration, org.springframework.boot.autoconfigure.freemarker.FreeMarkerAutoConfiguration, org.springframework.boot.autoconfigure.web.servlet.WebMvcAutoConfiguration, org.springframework.boot.autoconfigure.security.servlet.UserDetailsServiceAutoConfiguration, org.springframework.boot.autoconfigure.security.oauth2.resource.servlet.OAuth2ResourceServerAutoConfiguration, org.springframework.boot.autoconfigure.groovy.template.GroovyTemplateAutoConfiguration, org.springframework.boot.autoconfigure.mustache.MustacheAutoConfiguration]], org.springframework.boot.test.context.filter.ExcludeFilterContextCustomizer@1d483de4, org.springframework.boot.test.json.DuplicateJsonObjectContextCustomizerFactory$DuplicateJsonObjectContextCustomizer@3b74ac8, org.springframework.boot.test.mock.mockito.MockitoContextCustomizer@0, org.springframework.boot.test.web.reactor.netty.DisableReactorResourceFactoryGlobalResourcesContextCustomizerFactory$DisableReactorResourceFactoryGlobalResourcesContextCustomizerCustomizer@68f4865, org.springframework.boot.test.autoconfigure.OnFailureConditionReportContextCustomizerFactory$OnFailureConditionReportContextCustomizer@40317ba2, org.springframework.boot.test.autoconfigure.OverrideAutoConfigurationContextCustomizerFactory$DisableAutoConfigurationContextCustomizer@6aa34b05, org.springframework.boot.test.autoconfigure.actuate.observability.ObservabilityContextCustomizerFactory$DisableObservabilityContextCustomizer@1f, org.springframework.boot.test.autoconfigure.filter.TypeExcludeFiltersContextCustomizer@435508ee, org.springframework.boot.test.autoconfigure.properties.PropertyMappingContextCustomizer@d4ab7ac4, org.springframework.boot.test.autoconfigure.web.servlet.WebDriverContextCustomizer@53251a66, org.springframework.test.context.bean.override.BeanOverrideContextCustomizer@39d4feff, org.springframework.test.context.support.DynamicPropertiesContextCustomizer@0, org.springframework.boot.test.context.SpringBootTestAnnotation@3a7645ce], resourceBasePath = "src/main/webapp", contextLoader = org.springframework.boot.test.context.SpringBootContextLoader, parent = null]
[ERROR]   QuantityMeasurementControllerTest.testConvertQuantity_Success ╗ IllegalState ApplicationContext failure threshold (1) exceeded: skipping repeated attempt to load context for [WebMergedContextConfiguration@581bc85e testClass = com.app.quantitymeasurement.QuantityMeasurementControllerTest, locations = [], classes = [com.app.quantitymeasurement.QuantityMeasurementAppApplication], contextInitializerClasses = [], activeProfiles = [], propertySourceDescriptors = [], propertySourceProperties = ["org.springframework.boot.test.autoconfigure.web.servlet.WebMvcTestContextBootstrapper=true"], contextCustomizers = [[ImportsContextCustomizer@493d8aa7 key = [org.springframework.boot.autoconfigure.task.TaskExecutionAutoConfiguration, org.springframework.boot.autoconfigure.cache.CacheAutoConfiguration, org.springframework.boot.autoconfigure.web.servlet.HttpEncodingAutoConfiguration, org.springframework.boot.autoconfigure.validation.ValidationAutoConfiguration, org.springframework.boot.autoconfigure.context.MessageSourceAutoConfiguration, org.springframework.boot.autoconfigure.hateoas.HypermediaAutoConfiguration, org.springframework.boot.autoconfigure.jackson.JacksonAutoConfiguration, org.springframework.boot.autoconfigure.data.web.SpringDataWebAutoConfiguration, org.springframework.boot.test.autoconfigure.web.reactive.WebTestClientAutoConfiguration, org.springframework.boot.autoconfigure.web.servlet.error.ErrorMvcAutoConfiguration, org.springframework.boot.test.autoconfigure.web.servlet.MockMvcAutoConfiguration, org.springframework.boot.autoconfigure.security.servlet.SecurityAutoConfiguration, org.springframework.boot.autoconfigure.security.servlet.SecurityFilterAutoConfiguration, org.springframework.boot.autoconfigure.http.HttpMessageConvertersAutoConfiguration, com.app.quantitymeasurement.config.SecurityConfig, org.springframework.boot.autoconfigure.security.oauth2.client.servlet.OAuth2ClientAutoConfiguration, org.springframework.boot.test.autoconfigure.web.servlet.MockMvcSecurityConfiguration, org.springframework.boot.test.autoconfigure.web.servlet.MockMvcWebClientAutoConfiguration, org.springframework.boot.test.autoconfigure.web.servlet.MockMvcWebDriverAutoConfiguration, org.springframework.boot.autoconfigure.thymeleaf.ThymeleafAutoConfiguration, org.springframework.boot.autoconfigure.gson.GsonAutoConfiguration, org.springframework.boot.autoconfigure.jsonb.JsonbAutoConfiguration, org.springframework.boot.autoconfigure.freemarker.FreeMarkerAutoConfiguration, org.springframework.boot.autoconfigure.web.servlet.WebMvcAutoConfiguration, org.springframework.boot.autoconfigure.security.servlet.UserDetailsServiceAutoConfiguration, org.springframework.boot.autoconfigure.security.oauth2.resource.servlet.OAuth2ResourceServerAutoConfiguration, org.springframework.boot.autoconfigure.groovy.template.GroovyTemplateAutoConfiguration, org.springframework.boot.autoconfigure.mustache.MustacheAutoConfiguration]], org.springframework.boot.test.context.filter.ExcludeFilterContextCustomizer@1d483de4, org.springframework.boot.test.json.DuplicateJsonObjectContextCustomizerFactory$DuplicateJsonObjectContextCustomizer@3b74ac8, org.springframework.boot.test.mock.mockito.MockitoContextCustomizer@0, org.springframework.boot.test.web.reactor.netty.DisableReactorResourceFactoryGlobalResourcesContextCustomizerFactory$DisableReactorResourceFactoryGlobalResourcesContextCustomizerCustomizer@68f4865, org.springframework.boot.test.autoconfigure.OnFailureConditionReportContextCustomizerFactory$OnFailureConditionReportContextCustomizer@40317ba2, org.springframework.boot.test.autoconfigure.OverrideAutoConfigurationContextCustomizerFactory$DisableAutoConfigurationContextCustomizer@6aa34b05, org.springframework.boot.test.autoconfigure.actuate.observability.ObservabilityContextCustomizerFactory$DisableObservabilityContextCustomizer@1f, org.springframework.boot.test.autoconfigure.filter.TypeExcludeFiltersContextCustomizer@435508ee, org.springframework.boot.test.autoconfigure.properties.PropertyMappingContextCustomizer@d4ab7ac4, org.springframework.boot.test.autoconfigure.web.servlet.WebDriverContextCustomizer@53251a66, org.springframework.test.context.bean.override.BeanOverrideContextCustomizer@39d4feff, org.springframework.test.context.support.DynamicPropertiesContextCustomizer@0, org.springframework.boot.test.context.SpringBootTestAnnotation@3a7645ce], resourceBasePath = "src/main/webapp", contextLoader = org.springframework.boot.test.context.SpringBootContextLoader, parent = null]
[ERROR]   QuantityMeasurementControllerTest.testGetErrorHistory ╗ IllegalState Failed to load ApplicationContext for [WebMergedContextConfiguration@581bc85e testClass = com.app.quantitymeasurement.QuantityMeasurementControllerTest, locations = [], classes = [com.app.quantitymeasurement.QuantityMeasurementAppApplication], contextInitializerClasses = [], activeProfiles = [], propertySourceDescriptors = [], propertySourceProperties = ["org.springframework.boot.test.autoconfigure.web.servlet.WebMvcTestContextBootstrapper=true"], contextCustomizers = [[ImportsContextCustomizer@493d8aa7 key = [org.springframework.boot.autoconfigure.task.TaskExecutionAutoConfiguration, org.springframework.boot.autoconfigure.cache.CacheAutoConfiguration, org.springframework.boot.autoconfigure.web.servlet.HttpEncodingAutoConfiguration, org.springframework.boot.autoconfigure.validation.ValidationAutoConfiguration, org.springframework.boot.autoconfigure.context.MessageSourceAutoConfiguration, org.springframework.boot.autoconfigure.hateoas.HypermediaAutoConfiguration, org.springframework.boot.autoconfigure.jackson.JacksonAutoConfiguration, org.springframework.boot.autoconfigure.data.web.SpringDataWebAutoConfiguration, org.springframework.boot.test.autoconfigure.web.reactive.WebTestClientAutoConfiguration, org.springframework.boot.autoconfigure.web.servlet.error.ErrorMvcAutoConfiguration, org.springframework.boot.test.autoconfigure.web.servlet.MockMvcAutoConfiguration, org.springframework.boot.autoconfigure.security.servlet.SecurityAutoConfiguration, org.springframework.boot.autoconfigure.security.servlet.SecurityFilterAutoConfiguration, org.springframework.boot.autoconfigure.http.HttpMessageConvertersAutoConfiguration, com.app.quantitymeasurement.config.SecurityConfig, org.springframework.boot.autoconfigure.security.oauth2.client.servlet.OAuth2ClientAutoConfiguration, org.springframework.boot.test.autoconfigure.web.servlet.MockMvcSecurityConfiguration, org.springframework.boot.test.autoconfigure.web.servlet.MockMvcWebClientAutoConfiguration, org.springframework.boot.test.autoconfigure.web.servlet.MockMvcWebDriverAutoConfiguration, org.springframework.boot.autoconfigure.thymeleaf.ThymeleafAutoConfiguration, org.springframework.boot.autoconfigure.gson.GsonAutoConfiguration, org.springframework.boot.autoconfigure.jsonb.JsonbAutoConfiguration, org.springframework.boot.autoconfigure.freemarker.FreeMarkerAutoConfiguration, org.springframework.boot.autoconfigure.web.servlet.WebMvcAutoConfiguration, org.springframework.boot.autoconfigure.security.servlet.UserDetailsServiceAutoConfiguration, org.springframework.boot.autoconfigure.security.oauth2.resource.servlet.OAuth2ResourceServerAutoConfiguration, org.springframework.boot.autoconfigure.groovy.template.GroovyTemplateAutoConfiguration, org.springframework.boot.autoconfigure.mustache.MustacheAutoConfiguration]], org.springframework.boot.test.context.filter.ExcludeFilterContextCustomizer@1d483de4, org.springframework.boot.test.json.DuplicateJsonObjectContextCustomizerFactory$DuplicateJsonObjectContextCustomizer@3b74ac8, org.springframework.boot.test.mock.mockito.MockitoContextCustomizer@0, org.springframework.boot.test.web.reactor.netty.DisableReactorResourceFactoryGlobalResourcesContextCustomizerFactory$DisableReactorResourceFactoryGlobalResourcesContextCustomizerCustomizer@68f4865, org.springframework.boot.test.autoconfigure.OnFailureConditionReportContextCustomizerFactory$OnFailureConditionReportContextCustomizer@40317ba2, org.springframework.boot.test.autoconfigure.OverrideAutoConfigurationContextCustomizerFactory$DisableAutoConfigurationContextCustomizer@6aa34b05, org.springframework.boot.test.autoconfigure.actuate.observability.ObservabilityContextCustomizerFactory$DisableObservabilityContextCustomizer@1f, org.springframework.boot.test.autoconfigure.filter.TypeExcludeFiltersContextCustomizer@435508ee, org.springframework.boot.test.autoconfigure.properties.PropertyMappingContextCustomizer@d4ab7ac4, org.springframework.boot.test.autoconfigure.web.servlet.WebDriverContextCustomizer@53251a66, org.springframework.test.context.bean.override.BeanOverrideContextCustomizer@39d4feff, org.springframework.test.context.support.DynamicPropertiesContextCustomizer@0, org.springframework.boot.test.context.SpringBootTestAnnotation@3a7645ce], resourceBasePath = "src/main/webapp", contextLoader = org.springframework.boot.test.context.SpringBootContextLoader, parent = null]
[ERROR]   QuantityMeasurementControllerTest.testGetOperationCount ╗ IllegalState ApplicationContext failure threshold (1) exceeded: skipping repeated attempt to load context for [WebMergedContextConfiguration@581bc85e testClass = com.app.quantitymeasurement.QuantityMeasurementControllerTest, locations = [], classes = [com.app.quantitymeasurement.QuantityMeasurementAppApplication], contextInitializerClasses = [], activeProfiles = [], propertySourceDescriptors = [], propertySourceProperties = ["org.springframework.boot.test.autoconfigure.web.servlet.WebMvcTestContextBootstrapper=true"], contextCustomizers = [[ImportsContextCustomizer@493d8aa7 key = [org.springframework.boot.autoconfigure.task.TaskExecutionAutoConfiguration, org.springframework.boot.autoconfigure.cache.CacheAutoConfiguration, org.springframework.boot.autoconfigure.web.servlet.HttpEncodingAutoConfiguration, org.springframework.boot.autoconfigure.validation.ValidationAutoConfiguration, org.springframework.boot.autoconfigure.context.MessageSourceAutoConfiguration, org.springframework.boot.autoconfigure.hateoas.HypermediaAutoConfiguration, org.springframework.boot.autoconfigure.jackson.JacksonAutoConfiguration, org.springframework.boot.autoconfigure.data.web.SpringDataWebAutoConfiguration, org.springframework.boot.test.autoconfigure.web.reactive.WebTestClientAutoConfiguration, org.springframework.boot.autoconfigure.web.servlet.error.ErrorMvcAutoConfiguration, org.springframework.boot.test.autoconfigure.web.servlet.MockMvcAutoConfiguration, org.springframework.boot.autoconfigure.security.servlet.SecurityAutoConfiguration, org.springframework.boot.autoconfigure.security.servlet.SecurityFilterAutoConfiguration, org.springframework.boot.autoconfigure.http.HttpMessageConvertersAutoConfiguration, com.app.quantitymeasurement.config.SecurityConfig, org.springframework.boot.autoconfigure.security.oauth2.client.servlet.OAuth2ClientAutoConfiguration, org.springframework.boot.test.autoconfigure.web.servlet.MockMvcSecurityConfiguration, org.springframework.boot.test.autoconfigure.web.servlet.MockMvcWebClientAutoConfiguration, org.springframework.boot.test.autoconfigure.web.servlet.MockMvcWebDriverAutoConfiguration, org.springframework.boot.autoconfigure.thymeleaf.ThymeleafAutoConfiguration, org.springframework.boot.autoconfigure.gson.GsonAutoConfiguration, org.springframework.boot.autoconfigure.jsonb.JsonbAutoConfiguration, org.springframework.boot.autoconfigure.freemarker.FreeMarkerAutoConfiguration, org.springframework.boot.autoconfigure.web.servlet.WebMvcAutoConfiguration, org.springframework.boot.autoconfigure.security.servlet.UserDetailsServiceAutoConfiguration, org.springframework.boot.autoconfigure.security.oauth2.resource.servlet.OAuth2ResourceServerAutoConfiguration, org.springframework.boot.autoconfigure.groovy.template.GroovyTemplateAutoConfiguration, org.springframework.boot.autoconfigure.mustache.MustacheAutoConfiguration]], org.springframework.boot.test.context.filter.ExcludeFilterContextCustomizer@1d483de4, org.springframework.boot.test.json.DuplicateJsonObjectContextCustomizerFactory$DuplicateJsonObjectContextCustomizer@3b74ac8, org.springframework.boot.test.mock.mockito.MockitoContextCustomizer@0, org.springframework.boot.test.web.reactor.netty.DisableReactorResourceFactoryGlobalResourcesContextCustomizerFactory$DisableReactorResourceFactoryGlobalResourcesContextCustomizerCustomizer@68f4865, org.springframework.boot.test.autoconfigure.OnFailureConditionReportContextCustomizerFactory$OnFailureConditionReportContextCustomizer@40317ba2, org.springframework.boot.test.autoconfigure.OverrideAutoConfigurationContextCustomizerFactory$DisableAutoConfigurationContextCustomizer@6aa34b05, org.springframework.boot.test.autoconfigure.actuate.observability.ObservabilityContextCustomizerFactory$DisableObservabilityContextCustomizer@1f, org.springframework.boot.test.autoconfigure.filter.TypeExcludeFiltersContextCustomizer@435508ee, org.springframework.boot.test.autoconfigure.properties.PropertyMappingContextCustomizer@d4ab7ac4, org.springframework.boot.test.autoconfigure.web.servlet.WebDriverContextCustomizer@53251a66, org.springframework.test.context.bean.override.BeanOverrideContextCustomizer@39d4feff, org.springframework.test.context.support.DynamicPropertiesContextCustomizer@0, org.springframework.boot.test.context.SpringBootTestAnnotation@3a7645ce], resourceBasePath = "src/main/webapp", contextLoader = org.springframework.boot.test.context.SpringBootContextLoader, parent = null]
[ERROR]   QuantityMeasurementControllerTest.testGetOperationHistory ╗ IllegalState ApplicationContext failure threshold (1) exceeded: skipping repeated attempt to load context for [WebMergedContextConfiguration@581bc85e testClass = com.app.quantitymeasurement.QuantityMeasurementControllerTest, locations = [], classes = [com.app.quantitymeasurement.QuantityMeasurementAppApplication], contextInitializerClasses = [], activeProfiles = [], propertySourceDescriptors = [], propertySourceProperties = ["org.springframework.boot.test.autoconfigure.web.servlet.WebMvcTestContextBootstrapper=true"], contextCustomizers = [[ImportsContextCustomizer@493d8aa7 key = [org.springframework.boot.autoconfigure.task.TaskExecutionAutoConfiguration, org.springframework.boot.autoconfigure.cache.CacheAutoConfiguration, org.springframework.boot.autoconfigure.web.servlet.HttpEncodingAutoConfiguration, org.springframework.boot.autoconfigure.validation.ValidationAutoConfiguration, org.springframework.boot.autoconfigure.context.MessageSourceAutoConfiguration, org.springframework.boot.autoconfigure.hateoas.HypermediaAutoConfiguration, org.springframework.boot.autoconfigure.jackson.JacksonAutoConfiguration, org.springframework.boot.autoconfigure.data.web.SpringDataWebAutoConfiguration, org.springframework.boot.test.autoconfigure.web.reactive.WebTestClientAutoConfiguration, org.springframework.boot.autoconfigure.web.servlet.error.ErrorMvcAutoConfiguration, org.springframework.boot.test.autoconfigure.web.servlet.MockMvcAutoConfiguration, org.springframework.boot.autoconfigure.security.servlet.SecurityAutoConfiguration, org.springframework.boot.autoconfigure.security.servlet.SecurityFilterAutoConfiguration, org.springframework.boot.autoconfigure.http.HttpMessageConvertersAutoConfiguration, com.app.quantitymeasurement.config.SecurityConfig, org.springframework.boot.autoconfigure.security.oauth2.client.servlet.OAuth2ClientAutoConfiguration, org.springframework.boot.test.autoconfigure.web.servlet.MockMvcSecurityConfiguration, org.springframework.boot.test.autoconfigure.web.servlet.MockMvcWebClientAutoConfiguration, org.springframework.boot.test.autoconfigure.web.servlet.MockMvcWebDriverAutoConfiguration, org.springframework.boot.autoconfigure.thymeleaf.ThymeleafAutoConfiguration, org.springframework.boot.autoconfigure.gson.GsonAutoConfiguration, org.springframework.boot.autoconfigure.jsonb.JsonbAutoConfiguration, org.springframework.boot.autoconfigure.freemarker.FreeMarkerAutoConfiguration, org.springframework.boot.autoconfigure.web.servlet.WebMvcAutoConfiguration, org.springframework.boot.autoconfigure.security.servlet.UserDetailsServiceAutoConfiguration, org.springframework.boot.autoconfigure.security.oauth2.resource.servlet.OAuth2ResourceServerAutoConfiguration, org.springframework.boot.autoconfigure.groovy.template.GroovyTemplateAutoConfiguration, org.springframework.boot.autoconfigure.mustache.MustacheAutoConfiguration]], org.springframework.boot.test.context.filter.ExcludeFilterContextCustomizer@1d483de4, org.springframework.boot.test.json.DuplicateJsonObjectContextCustomizerFactory$DuplicateJsonObjectContextCustomizer@3b74ac8, org.springframework.boot.test.mock.mockito.MockitoContextCustomizer@0, org.springframework.boot.test.web.reactor.netty.DisableReactorResourceFactoryGlobalResourcesContextCustomizerFactory$DisableReactorResourceFactoryGlobalResourcesContextCustomizerCustomizer@68f4865, org.springframework.boot.test.autoconfigure.OnFailureConditionReportContextCustomizerFactory$OnFailureConditionReportContextCustomizer@40317ba2, org.springframework.boot.test.autoconfigure.OverrideAutoConfigurationContextCustomizerFactory$DisableAutoConfigurationContextCustomizer@6aa34b05, org.springframework.boot.test.autoconfigure.actuate.observability.ObservabilityContextCustomizerFactory$DisableObservabilityContextCustomizer@1f, org.springframework.boot.test.autoconfigure.filter.TypeExcludeFiltersContextCustomizer@435508ee, org.springframework.boot.test.autoconfigure.properties.PropertyMappingContextCustomizer@d4ab7ac4, org.springframework.boot.test.autoconfigure.web.servlet.WebDriverContextCustomizer@53251a66, org.springframework.test.context.bean.override.BeanOverrideContextCustomizer@39d4feff, org.springframework.test.context.support.DynamicPropertiesContextCustomizer@0, org.springframework.boot.test.context.SpringBootTestAnnotation@3a7645ce], resourceBasePath = "src/main/webapp", contextLoader = org.springframework.boot.test.context.SpringBootContextLoader, parent = null]
[ERROR]   QuantityMeasurementControllerTest.testInvalidInput_Returns400 ╗ IllegalState ApplicationContext failure threshold (1) exceeded: skipping repeated attempt to load context for [WebMergedContextConfiguration@581bc85e testClass = com.app.quantitymeasurement.QuantityMeasurementControllerTest, locations = [], classes = [com.app.quantitymeasurement.QuantityMeasurementAppApplication], contextInitializerClasses = [], activeProfiles = [], propertySourceDescriptors = [], propertySourceProperties = ["org.springframework.boot.test.autoconfigure.web.servlet.WebMvcTestContextBootstrapper=true"], contextCustomizers = [[ImportsContextCustomizer@493d8aa7 key = [org.springframework.boot.autoconfigure.task.TaskExecutionAutoConfiguration, org.springframework.boot.autoconfigure.cache.CacheAutoConfiguration, org.springframework.boot.autoconfigure.web.servlet.HttpEncodingAutoConfiguration, org.springframework.boot.autoconfigure.validation.ValidationAutoConfiguration, org.springframework.boot.autoconfigure.context.MessageSourceAutoConfiguration, org.springframework.boot.autoconfigure.hateoas.HypermediaAutoConfiguration, org.springframework.boot.autoconfigure.jackson.JacksonAutoConfiguration, org.springframework.boot.autoconfigure.data.web.SpringDataWebAutoConfiguration, org.springframework.boot.test.autoconfigure.web.reactive.WebTestClientAutoConfiguration, org.springframework.boot.autoconfigure.web.servlet.error.ErrorMvcAutoConfiguration, org.springframework.boot.test.autoconfigure.web.servlet.MockMvcAutoConfiguration, org.springframework.boot.autoconfigure.security.servlet.SecurityAutoConfiguration, org.springframework.boot.autoconfigure.security.servlet.SecurityFilterAutoConfiguration, org.springframework.boot.autoconfigure.http.HttpMessageConvertersAutoConfiguration, com.app.quantitymeasurement.config.SecurityConfig, org.springframework.boot.autoconfigure.security.oauth2.client.servlet.OAuth2ClientAutoConfiguration, org.springframework.boot.test.autoconfigure.web.servlet.MockMvcSecurityConfiguration, org.springframework.boot.test.autoconfigure.web.servlet.MockMvcWebClientAutoConfiguration, org.springframework.boot.test.autoconfigure.web.servlet.MockMvcWebDriverAutoConfiguration, org.springframework.boot.autoconfigure.thymeleaf.ThymeleafAutoConfiguration, org.springframework.boot.autoconfigure.gson.GsonAutoConfiguration, org.springframework.boot.autoconfigure.jsonb.JsonbAutoConfiguration, org.springframework.boot.autoconfigure.freemarker.FreeMarkerAutoConfiguration, org.springframework.boot.autoconfigure.web.servlet.WebMvcAutoConfiguration, org.springframework.boot.autoconfigure.security.servlet.UserDetailsServiceAutoConfiguration, org.springframework.boot.autoconfigure.security.oauth2.resource.servlet.OAuth2ResourceServerAutoConfiguration, org.springframework.boot.autoconfigure.groovy.template.GroovyTemplateAutoConfiguration, org.springframework.boot.autoconfigure.mustache.MustacheAutoConfiguration]], org.springframework.boot.test.context.filter.ExcludeFilterContextCustomizer@1d483de4, org.springframework.boot.test.json.DuplicateJsonObjectContextCustomizerFactory$DuplicateJsonObjectContextCustomizer@3b74ac8, org.springframework.boot.test.mock.mockito.MockitoContextCustomizer@0, org.springframework.boot.test.web.reactor.netty.DisableReactorResourceFactoryGlobalResourcesContextCustomizerFactory$DisableReactorResourceFactoryGlobalResourcesContextCustomizerCustomizer@68f4865, org.springframework.boot.test.autoconfigure.OnFailureConditionReportContextCustomizerFactory$OnFailureConditionReportContextCustomizer@40317ba2, org.springframework.boot.test.autoconfigure.OverrideAutoConfigurationContextCustomizerFactory$DisableAutoConfigurationContextCustomizer@6aa34b05, org.springframework.boot.test.autoconfigure.actuate.observability.ObservabilityContextCustomizerFactory$DisableObservabilityContextCustomizer@1f, org.springframework.boot.test.autoconfigure.filter.TypeExcludeFiltersContextCustomizer@435508ee, org.springframework.boot.test.autoconfigure.properties.PropertyMappingContextCustomizer@d4ab7ac4, org.springframework.boot.test.autoconfigure.web.servlet.WebDriverContextCustomizer@53251a66, org.springframework.test.context.bean.override.BeanOverrideContextCustomizer@39d4feff, org.springframework.test.context.support.DynamicPropertiesContextCustomizer@0, org.springframework.boot.test.context.SpringBootTestAnnotation@3a7645ce], resourceBasePath = "src/main/webapp", contextLoader = org.springframework.boot.test.context.SpringBootContextLoader, parent = null]
[INFO] 
[ERROR] Tests run: 52, Failures: 0, Errors: 21, Skipped: 0
[INFO] 
[INFO] ------------------------------------------------------------------------
[INFO] BUILD FAILURE
[INFO] ------------------------------------------------------------------------
[INFO] Total time:  44.658 s
[INFO] Finished at: 2026-03-31T15:20:11+05:30
[INFO] ------------------------------------------------------------------------
[ERROR] Failed to execute goal org.apache.maven.plugins:maven-surefire-plugin:3.1.2:test (default-test) on project quantity-measurement-app: 
[ERROR] 
[ERROR] Please refer to E:\QuantityMeasurementApp\target\surefire-reports for the individual test results.
[ERROR] Please refer to dump files (if any exist) [date].dump, [date]-jvmRun[N].dump and [date].dumpstream.
[ERROR] -> [Help 1]
[ERROR] 
[ERROR] To see the full stack trace of the errors, re-run Maven with the -e switch.
[ERROR] Re-run Maven using the -X switch to enable full debug logging.
[ERROR] 
[ERROR] For more information about the errors and possible solutions, please read the following articles:
[ERROR] [Help 1] http://cwiki.apache.org/confluence/display/MAVEN/MojoFailureException
